
> ecommerce-boilerplate@0.1.0 build
> next build

info  - Loaded env from C:\Users\marti\Desktop\DESARROLLOSW\BOILERPLATTE E-COMMERCE\.env.local
info  - Loaded env from C:\Users\marti\Desktop\DESARROLLOSW\BOILERPLATTE E-COMMERCE\.env
warn  - You have enabled experimental features (appDir, serverComponentsExternalPackages) in next.config.js.
warn  - Experimental features are not covered by semver, and may cause unexpected or broken application behavior. Use at your own risk.
info  - Thank you for testing `appDir` please leave your feedback at https://nextjs.link/app-feedback

info  - Creating an optimized production build...
2025-09-20T01:42:34.492Z next:jsconfig-paths-plugin tsconfig.json or jsconfig.json paths: {
  '@/*': [ './src/*' ],
  '@/components/*': [ './src/components/*' ],
  '@/hooks/*': [ './src/hooks/*' ],
  '@/lib/*': [ './src/lib/*' ],
  '@/types/*': [ './src/types/*' ],
  '@/utils/*': [ './src/utils/*' ]
}
2025-09-20T01:42:34.493Z next:jsconfig-paths-plugin resolved baseUrl: C:\Users\marti\Desktop\DESARROLLOSW\BOILERPLATTE E-COMMERCE
2025-09-20T01:42:34.524Z next:jsconfig-paths-plugin tsconfig.json or jsconfig.json paths: {
  '@/*': [ './src/*' ],
  '@/components/*': [ './src/components/*' ],
  '@/hooks/*': [ './src/hooks/*' ],
  '@/lib/*': [ './src/lib/*' ],
  '@/types/*': [ './src/types/*' ],
  '@/utils/*': [ './src/utils/*' ]
}
2025-09-20T01:42:34.524Z next:jsconfig-paths-plugin resolved baseUrl: C:\Users\marti\Desktop\DESARROLLOSW\BOILERPLATTE E-COMMERCE
2025-09-20T01:42:34.638Z next:jsconfig-paths-plugin tsconfig.json or jsconfig.json paths: {
  '@/*': [ './src/*' ],
  '@/components/*': [ './src/components/*' ],
  '@/hooks/*': [ './src/hooks/*' ],
  '@/lib/*': [ './src/lib/*' ],
  '@/types/*': [ './src/types/*' ],
  '@/utils/*': [ './src/utils/*' ]
}
2025-09-20T01:42:34.638Z next:jsconfig-paths-plugin resolved baseUrl: C:\Users\marti\Desktop\DESARROLLOSW\BOILERPLATTE E-COMMERCE
2025-09-20T01:42:36.019Z next:jsconfig-paths-plugin moduleName did not match any paths pattern next-app-loader
2025-09-20T01:42:36.020Z next:jsconfig-paths-plugin moduleName did not match any paths pattern next-app-loader
2025-09-20T01:42:36.020Z next:jsconfig-paths-plugin moduleName did not match any paths pattern next-app-loader
2025-09-20T01:42:36.021Z next:jsconfig-paths-plugin moduleName did not match any paths pattern next-app-loader
2025-09-20T01:42:36.021Z next:jsconfig-paths-plugin moduleName did not match any paths pattern next-app-loader
2025-09-20T01:42:36.021Z next:jsconfig-paths-plugin moduleName did not match any paths pattern next-app-loader
2025-09-20T01:42:36.021Z next:jsconfig-paths-plugin moduleName did not match any paths pattern next-app-loader
2025-09-20T01:42:36.021Z next:jsconfig-paths-plugin moduleName did not match any paths pattern next-app-loader
2025-09-20T01:42:36.021Z next:jsconfig-paths-plugin moduleName did not match any paths pattern next-app-loader
2025-09-20T01:42:36.021Z next:jsconfig-paths-plugin moduleName did not match any paths pattern next-app-loader
2025-09-20T01:42:36.022Z next:jsconfig-paths-plugin moduleName did not match any paths pattern next-app-loader
2025-09-20T01:42:36.022Z next:jsconfig-paths-plugin moduleName did not match any paths pattern next-app-loader
2025-09-20T01:42:36.022Z next:jsconfig-paths-plugin moduleName did not match any paths pattern next-app-loader
2025-09-20T01:42:36.022Z next:jsconfig-paths-plugin moduleName did not match any paths pattern next-app-loader
2025-09-20T01:42:36.023Z next:jsconfig-paths-plugin moduleName did not match any paths pattern next-app-loader
2025-09-20T01:42:36.023Z next:jsconfig-paths-plugin moduleName did not match any paths pattern next-app-loader
2025-09-20T01:42:36.023Z next:jsconfig-paths-plugin moduleName did not match any paths pattern next-app-loader
2025-09-20T01:42:36.023Z next:jsconfig-paths-plugin moduleName did not match any paths pattern next-app-loader
2025-09-20T01:42:36.023Z next:jsconfig-paths-plugin moduleName did not match any paths pattern next-app-loader
2025-09-20T01:42:36.023Z next:jsconfig-paths-plugin moduleName did not match any paths pattern next-app-loader
2025-09-20T01:42:36.023Z next:jsconfig-paths-plugin moduleName did not match any paths pattern next-app-loader
2025-09-20T01:42:36.023Z next:jsconfig-paths-plugin moduleName did not match any paths pattern next-app-loader
2025-09-20T01:42:36.023Z next:jsconfig-paths-plugin moduleName did not match any paths pattern next-app-loader
2025-09-20T01:42:36.024Z next:jsconfig-paths-plugin moduleName did not match any paths pattern next-app-loader
2025-09-20T01:42:36.024Z next:jsconfig-paths-plugin moduleName did not match any paths pattern next-app-loader
2025-09-20T01:42:36.024Z next:jsconfig-paths-plugin moduleName did not match any paths pattern next-app-loader
2025-09-20T01:42:36.024Z next:jsconfig-paths-plugin moduleName did not match any paths pattern next-app-loader
2025-09-20T01:42:36.025Z next:jsconfig-paths-plugin moduleName did not match any paths pattern next-app-loader
2025-09-20T01:42:36.025Z next:jsconfig-paths-plugin moduleName did not match any paths pattern next-app-loader
2025-09-20T01:42:36.025Z next:jsconfig-paths-plugin moduleName did not match any paths pattern next-app-loader
2025-09-20T01:42:36.025Z next:jsconfig-paths-plugin moduleName did not match any paths pattern next-app-loader
2025-09-20T01:42:36.026Z next:jsconfig-paths-plugin moduleName did not match any paths pattern next-app-loader
2025-09-20T01:42:36.026Z next:jsconfig-paths-plugin moduleName did not match any paths pattern next-app-loader
2025-09-20T01:42:36.026Z next:jsconfig-paths-plugin moduleName did not match any paths pattern next-app-loader
2025-09-20T01:42:36.026Z next:jsconfig-paths-plugin moduleName did not match any paths pattern next-app-loader
2025-09-20T01:42:36.027Z next:jsconfig-paths-plugin moduleName did not match any paths pattern next-app-loader
2025-09-20T01:42:36.027Z next:jsconfig-paths-plugin moduleName did not match any paths pattern next-app-loader
2025-09-20T01:42:36.027Z next:jsconfig-paths-plugin moduleName did not match any paths pattern next-app-loader
2025-09-20T01:42:36.027Z next:jsconfig-paths-plugin moduleName did not match any paths pattern next-app-loader
2025-09-20T01:42:36.027Z next:jsconfig-paths-plugin moduleName did not match any paths pattern next-app-loader
2025-09-20T01:42:36.027Z next:jsconfig-paths-plugin moduleName did not match any paths pattern next-app-loader
2025-09-20T01:42:36.027Z next:jsconfig-paths-plugin moduleName did not match any paths pattern next-app-loader
2025-09-20T01:42:36.028Z next:jsconfig-paths-plugin moduleName did not match any paths pattern next-app-loader
2025-09-20T01:42:36.028Z next:jsconfig-paths-plugin moduleName did not match any paths pattern next-app-loader
2025-09-20T01:42:36.028Z next:jsconfig-paths-plugin moduleName did not match any paths pattern next-app-loader
2025-09-20T01:42:36.028Z next:jsconfig-paths-plugin moduleName did not match any paths pattern next-app-loader
2025-09-20T01:42:36.028Z next:jsconfig-paths-plugin moduleName did not match any paths pattern next-app-loader
2025-09-20T01:42:36.028Z next:jsconfig-paths-plugin moduleName did not match any paths pattern next-app-loader
2025-09-20T01:42:36.028Z next:jsconfig-paths-plugin moduleName did not match any paths pattern next-app-loader
2025-09-20T01:42:36.028Z next:jsconfig-paths-plugin moduleName did not match any paths pattern next-app-loader
2025-09-20T01:42:36.029Z next:jsconfig-paths-plugin moduleName did not match any paths pattern next-app-loader
2025-09-20T01:42:36.029Z next:jsconfig-paths-plugin moduleName did not match any paths pattern next-app-loader
2025-09-20T01:42:36.029Z next:jsconfig-paths-plugin moduleName did not match any paths pattern next-app-loader
2025-09-20T01:42:36.029Z next:jsconfig-paths-plugin moduleName did not match any paths pattern next-app-loader
2025-09-20T01:42:36.029Z next:jsconfig-paths-plugin moduleName did not match any paths pattern next-app-loader
2025-09-20T01:42:36.029Z next:jsconfig-paths-plugin moduleName did not match any paths pattern next-app-loader
2025-09-20T01:42:36.029Z next:jsconfig-paths-plugin moduleName did not match any paths pattern next-app-loader
2025-09-20T01:42:36.029Z next:jsconfig-paths-plugin moduleName did not match any paths pattern next-app-loader
2025-09-20T01:42:36.029Z next:jsconfig-paths-plugin moduleName did not match any paths pattern next-app-loader
2025-09-20T01:42:36.029Z next:jsconfig-paths-plugin moduleName did not match any paths pattern next-app-loader
2025-09-20T01:42:36.030Z next:jsconfig-paths-plugin moduleName did not match any paths pattern next-app-loader
2025-09-20T01:42:36.030Z next:jsconfig-paths-plugin moduleName did not match any paths pattern next-app-loader
2025-09-20T01:42:36.030Z next:jsconfig-paths-plugin moduleName did not match any paths pattern next-app-loader
2025-09-20T01:42:36.030Z next:jsconfig-paths-plugin moduleName did not match any paths pattern next-app-loader
2025-09-20T01:42:36.030Z next:jsconfig-paths-plugin moduleName did not match any paths pattern next-app-loader
2025-09-20T01:42:36.030Z next:jsconfig-paths-plugin moduleName did not match any paths pattern next-app-loader
2025-09-20T01:42:36.030Z next:jsconfig-paths-plugin moduleName did not match any paths pattern next-app-loader
2025-09-20T01:42:36.030Z next:jsconfig-paths-plugin moduleName did not match any paths pattern next-app-loader
2025-09-20T01:42:36.031Z next:jsconfig-paths-plugin moduleName did not match any paths pattern next-app-loader
2025-09-20T01:42:36.031Z next:jsconfig-paths-plugin moduleName did not match any paths pattern next-app-loader
2025-09-20T01:42:36.031Z next:jsconfig-paths-plugin moduleName did not match any paths pattern next-app-loader
2025-09-20T01:42:36.031Z next:jsconfig-paths-plugin moduleName did not match any paths pattern next-app-loader
2025-09-20T01:42:36.031Z next:jsconfig-paths-plugin moduleName did not match any paths pattern next-app-loader
2025-09-20T01:42:36.031Z next:jsconfig-paths-plugin moduleName did not match any paths pattern next-app-loader
2025-09-20T01:42:36.031Z next:jsconfig-paths-plugin moduleName did not match any paths pattern next-app-loader
2025-09-20T01:42:36.031Z next:jsconfig-paths-plugin moduleName did not match any paths pattern next-app-loader
2025-09-20T01:42:36.032Z next:jsconfig-paths-plugin moduleName did not match any paths pattern next-app-loader
2025-09-20T01:42:36.032Z next:jsconfig-paths-plugin moduleName did not match any paths pattern next-app-loader
2025-09-20T01:42:36.032Z next:jsconfig-paths-plugin moduleName did not match any paths pattern next-app-loader
2025-09-20T01:42:36.032Z next:jsconfig-paths-plugin moduleName did not match any paths pattern next-app-loader
2025-09-20T01:42:36.032Z next:jsconfig-paths-plugin moduleName did not match any paths pattern next-app-loader
2025-09-20T01:42:36.032Z next:jsconfig-paths-plugin moduleName did not match any paths pattern next-app-loader
2025-09-20T01:42:36.032Z next:jsconfig-paths-plugin moduleName did not match any paths pattern next-app-loader
2025-09-20T01:42:36.032Z next:jsconfig-paths-plugin moduleName did not match any paths pattern next-app-loader
2025-09-20T01:42:36.032Z next:jsconfig-paths-plugin moduleName did not match any paths pattern next-app-loader
2025-09-20T01:42:36.032Z next:jsconfig-paths-plugin moduleName did not match any paths pattern next-app-loader
2025-09-20T01:42:36.033Z next:jsconfig-paths-plugin moduleName did not match any paths pattern next-app-loader
2025-09-20T01:42:36.033Z next:jsconfig-paths-plugin moduleName did not match any paths pattern next-app-loader
2025-09-20T01:42:36.033Z next:jsconfig-paths-plugin moduleName did not match any paths pattern next-app-loader
2025-09-20T01:42:36.033Z next:jsconfig-paths-plugin moduleName did not match any paths pattern next-app-loader
2025-09-20T01:42:36.033Z next:jsconfig-paths-plugin moduleName did not match any paths pattern next-app-loader
2025-09-20T01:42:36.033Z next:jsconfig-paths-plugin moduleName did not match any paths pattern next-app-loader
2025-09-20T01:42:36.033Z next:jsconfig-paths-plugin moduleName did not match any paths pattern next-app-loader
2025-09-20T01:42:36.033Z next:jsconfig-paths-plugin moduleName did not match any paths pattern next-app-loader
2025-09-20T01:42:36.034Z next:jsconfig-paths-plugin moduleName did not match any paths pattern next-app-loader
2025-09-20T01:42:36.034Z next:jsconfig-paths-plugin moduleName did not match any paths pattern next-app-loader
2025-09-20T01:42:36.034Z next:jsconfig-paths-plugin moduleName did not match any paths pattern next-app-loader
2025-09-20T01:42:36.034Z next:jsconfig-paths-plugin moduleName did not match any paths pattern next-app-loader
2025-09-20T01:42:36.034Z next:jsconfig-paths-plugin moduleName did not match any paths pattern next-app-loader
2025-09-20T01:42:36.034Z next:jsconfig-paths-plugin moduleName did not match any paths pattern next-app-loader
2025-09-20T01:42:36.066Z next:jsconfig-paths-plugin moduleName did not match any paths pattern next-app-loader
2025-09-20T01:42:36.066Z next:jsconfig-paths-plugin moduleName did not match any paths pattern next-app-loader
2025-09-20T01:42:36.066Z next:jsconfig-paths-plugin moduleName did not match any paths pattern next-app-loader
2025-09-20T01:42:36.067Z next:jsconfig-paths-plugin moduleName did not match any paths pattern next-app-loader
2025-09-20T01:42:36.067Z next:jsconfig-paths-plugin moduleName did not match any paths pattern next-app-loader
2025-09-20T01:42:36.067Z next:jsconfig-paths-plugin moduleName did not match any paths pattern next-app-loader
2025-09-20T01:42:36.067Z next:jsconfig-paths-plugin moduleName did not match any paths pattern next-app-loader
2025-09-20T01:42:36.067Z next:jsconfig-paths-plugin moduleName did not match any paths pattern next-app-loader
2025-09-20T01:42:36.067Z next:jsconfig-paths-plugin moduleName did not match any paths pattern next-app-loader
2025-09-20T01:42:36.067Z next:jsconfig-paths-plugin moduleName did not match any paths pattern next-app-loader
2025-09-20T01:42:36.067Z next:jsconfig-paths-plugin moduleName did not match any paths pattern next-app-loader
2025-09-20T01:42:36.067Z next:jsconfig-paths-plugin moduleName did not match any paths pattern next-app-loader
2025-09-20T01:42:36.067Z next:jsconfig-paths-plugin moduleName did not match any paths pattern next-app-loader
2025-09-20T01:42:36.067Z next:jsconfig-paths-plugin moduleName did not match any paths pattern next-app-loader
2025-09-20T01:42:36.067Z next:jsconfig-paths-plugin moduleName did not match any paths pattern next-app-loader
2025-09-20T01:42:36.067Z next:jsconfig-paths-plugin moduleName did not match any paths pattern next-app-loader
2025-09-20T01:42:36.067Z next:jsconfig-paths-plugin moduleName did not match any paths pattern next-app-loader
2025-09-20T01:42:36.068Z next:jsconfig-paths-plugin moduleName did not match any paths pattern next-app-loader
2025-09-20T01:42:36.068Z next:jsconfig-paths-plugin moduleName did not match any paths pattern next-app-loader
2025-09-20T01:42:36.068Z next:jsconfig-paths-plugin moduleName did not match any paths pattern next-app-loader
2025-09-20T01:42:36.068Z next:jsconfig-paths-plugin moduleName did not match any paths pattern next-app-loader
2025-09-20T01:42:36.068Z next:jsconfig-paths-plugin moduleName did not match any paths pattern next-app-loader
2025-09-20T01:42:36.068Z next:jsconfig-paths-plugin moduleName did not match any paths pattern next-app-loader
2025-09-20T01:42:36.068Z next:jsconfig-paths-plugin moduleName did not match any paths pattern next-app-loader
2025-09-20T01:42:36.068Z next:jsconfig-paths-plugin moduleName did not match any paths pattern next-app-loader
2025-09-20T01:42:36.069Z next:jsconfig-paths-plugin moduleName did not match any paths pattern next-app-loader
2025-09-20T01:42:36.069Z next:jsconfig-paths-plugin moduleName did not match any paths pattern next-app-loader
2025-09-20T01:42:36.069Z next:jsconfig-paths-plugin moduleName did not match any paths pattern next-app-loader
2025-09-20T01:42:36.069Z next:jsconfig-paths-plugin moduleName did not match any paths pattern next-app-loader
2025-09-20T01:42:36.069Z next:jsconfig-paths-plugin moduleName did not match any paths pattern next-app-loader
2025-09-20T01:42:36.069Z next:jsconfig-paths-plugin moduleName did not match any paths pattern next-app-loader
2025-09-20T01:42:36.069Z next:jsconfig-paths-plugin moduleName did not match any paths pattern next-app-loader
2025-09-20T01:42:36.069Z next:jsconfig-paths-plugin moduleName did not match any paths pattern next-app-loader
2025-09-20T01:42:36.069Z next:jsconfig-paths-plugin moduleName did not match any paths pattern next-app-loader
2025-09-20T01:42:36.069Z next:jsconfig-paths-plugin moduleName did not match any paths pattern next-app-loader
2025-09-20T01:42:36.069Z next:jsconfig-paths-plugin moduleName did not match any paths pattern next-app-loader
2025-09-20T01:42:36.069Z next:jsconfig-paths-plugin moduleName did not match any paths pattern next-app-loader
2025-09-20T01:42:36.070Z next:jsconfig-paths-plugin moduleName did not match any paths pattern next-app-loader
2025-09-20T01:42:36.070Z next:jsconfig-paths-plugin moduleName did not match any paths pattern next-app-loader
2025-09-20T01:42:36.070Z next:jsconfig-paths-plugin moduleName did not match any paths pattern next-app-loader
2025-09-20T01:42:36.070Z next:jsconfig-paths-plugin moduleName did not match any paths pattern next-app-loader
2025-09-20T01:42:36.070Z next:jsconfig-paths-plugin moduleName did not match any paths pattern next-app-loader
2025-09-20T01:42:36.070Z next:jsconfig-paths-plugin moduleName did not match any paths pattern next-app-loader
2025-09-20T01:42:36.070Z next:jsconfig-paths-plugin moduleName did not match any paths pattern next-app-loader
2025-09-20T01:42:36.070Z next:jsconfig-paths-plugin moduleName did not match any paths pattern next-app-loader
2025-09-20T01:42:36.071Z next:jsconfig-paths-plugin moduleName did not match any paths pattern next-app-loader
2025-09-20T01:42:36.071Z next:jsconfig-paths-plugin moduleName did not match any paths pattern next-app-loader
2025-09-20T01:42:36.071Z next:jsconfig-paths-plugin moduleName did not match any paths pattern next-app-loader
2025-09-20T01:42:36.071Z next:jsconfig-paths-plugin moduleName did not match any paths pattern next-app-loader
2025-09-20T01:42:36.071Z next:jsconfig-paths-plugin moduleName did not match any paths pattern next-app-loader
2025-09-20T01:42:36.071Z next:jsconfig-paths-plugin moduleName did not match any paths pattern next-app-loader
2025-09-20T01:42:36.071Z next:jsconfig-paths-plugin moduleName did not match any paths pattern next-app-loader
2025-09-20T01:42:36.071Z next:jsconfig-paths-plugin moduleName did not match any paths pattern next-app-loader
2025-09-20T01:42:36.071Z next:jsconfig-paths-plugin moduleName did not match any paths pattern next-app-loader
2025-09-20T01:42:36.072Z next:jsconfig-paths-plugin moduleName did not match any paths pattern next-app-loader
2025-09-20T01:42:36.072Z next:jsconfig-paths-plugin moduleName did not match any paths pattern next-app-loader
2025-09-20T01:42:36.072Z next:jsconfig-paths-plugin moduleName did not match any paths pattern next-app-loader
2025-09-20T01:42:36.072Z next:jsconfig-paths-plugin moduleName did not match any paths pattern next-app-loader
2025-09-20T01:42:36.072Z next:jsconfig-paths-plugin moduleName did not match any paths pattern next-app-loader
2025-09-20T01:42:36.072Z next:jsconfig-paths-plugin moduleName did not match any paths pattern next-app-loader
2025-09-20T01:42:36.072Z next:jsconfig-paths-plugin moduleName did not match any paths pattern next-app-loader
2025-09-20T01:42:36.072Z next:jsconfig-paths-plugin moduleName did not match any paths pattern next-app-loader
2025-09-20T01:42:36.072Z next:jsconfig-paths-plugin moduleName did not match any paths pattern next-app-loader
2025-09-20T01:42:36.072Z next:jsconfig-paths-plugin moduleName did not match any paths pattern next-app-loader
2025-09-20T01:42:36.073Z next:jsconfig-paths-plugin moduleName did not match any paths pattern next-app-loader
2025-09-20T01:42:36.073Z next:jsconfig-paths-plugin moduleName did not match any paths pattern next-app-loader
2025-09-20T01:42:36.073Z next:jsconfig-paths-plugin moduleName did not match any paths pattern next-app-loader
2025-09-20T01:42:36.073Z next:jsconfig-paths-plugin moduleName did not match any paths pattern next-app-loader
2025-09-20T01:42:36.073Z next:jsconfig-paths-plugin moduleName did not match any paths pattern next-app-loader
2025-09-20T01:42:36.073Z next:jsconfig-paths-plugin moduleName did not match any paths pattern next-app-loader
2025-09-20T01:42:36.073Z next:jsconfig-paths-plugin moduleName did not match any paths pattern next-app-loader
2025-09-20T01:42:36.073Z next:jsconfig-paths-plugin moduleName did not match any paths pattern next-app-loader
2025-09-20T01:42:36.073Z next:jsconfig-paths-plugin moduleName did not match any paths pattern next-app-loader
2025-09-20T01:42:36.074Z next:jsconfig-paths-plugin moduleName did not match any paths pattern next-app-loader
2025-09-20T01:42:36.074Z next:jsconfig-paths-plugin moduleName did not match any paths pattern next-app-loader
2025-09-20T01:42:36.074Z next:jsconfig-paths-plugin moduleName did not match any paths pattern next-app-loader
2025-09-20T01:42:36.074Z next:jsconfig-paths-plugin moduleName did not match any paths pattern next-app-loader
2025-09-20T01:42:36.074Z next:jsconfig-paths-plugin moduleName did not match any paths pattern next-app-loader
2025-09-20T01:42:36.074Z next:jsconfig-paths-plugin moduleName did not match any paths pattern next-app-loader
2025-09-20T01:42:36.074Z next:jsconfig-paths-plugin moduleName did not match any paths pattern next-app-loader
2025-09-20T01:42:36.074Z next:jsconfig-paths-plugin moduleName did not match any paths pattern next-app-loader
2025-09-20T01:42:36.074Z next:jsconfig-paths-plugin moduleName did not match any paths pattern next-app-loader
2025-09-20T01:42:36.074Z next:jsconfig-paths-plugin moduleName did not match any paths pattern next-app-loader
2025-09-20T01:42:36.074Z next:jsconfig-paths-plugin moduleName did not match any paths pattern next-app-loader
2025-09-20T01:42:36.074Z next:jsconfig-paths-plugin moduleName did not match any paths pattern next-app-loader
2025-09-20T01:42:36.074Z next:jsconfig-paths-plugin moduleName did not match any paths pattern next-app-loader
2025-09-20T01:42:36.075Z next:jsconfig-paths-plugin moduleName did not match any paths pattern next-app-loader
2025-09-20T01:42:36.075Z next:jsconfig-paths-plugin moduleName did not match any paths pattern next-app-loader
2025-09-20T01:42:36.075Z next:jsconfig-paths-plugin moduleName did not match any paths pattern next-app-loader
2025-09-20T01:42:36.075Z next:jsconfig-paths-plugin moduleName did not match any paths pattern next-app-loader
2025-09-20T01:42:36.075Z next:jsconfig-paths-plugin moduleName did not match any paths pattern next-app-loader
2025-09-20T01:42:36.075Z next:jsconfig-paths-plugin moduleName did not match any paths pattern next-app-loader
2025-09-20T01:42:36.075Z next:jsconfig-paths-plugin moduleName did not match any paths pattern next-app-loader
2025-09-20T01:42:36.075Z next:jsconfig-paths-plugin moduleName did not match any paths pattern next-app-loader
2025-09-20T01:42:36.075Z next:jsconfig-paths-plugin moduleName did not match any paths pattern next-app-loader
2025-09-20T01:42:36.075Z next:jsconfig-paths-plugin moduleName did not match any paths pattern next-app-loader
2025-09-20T01:42:36.075Z next:jsconfig-paths-plugin moduleName did not match any paths pattern next-app-loader
2025-09-20T01:42:36.075Z next:jsconfig-paths-plugin moduleName did not match any paths pattern next-app-loader
2025-09-20T01:42:36.075Z next:jsconfig-paths-plugin moduleName did not match any paths pattern next-app-loader
2025-09-20T01:42:36.075Z next:jsconfig-paths-plugin moduleName did not match any paths pattern next-app-loader
2025-09-20T01:42:36.134Z next:jsconfig-paths-plugin moduleName did not match any paths pattern next-app-loader
2025-09-20T01:42:36.134Z next:jsconfig-paths-plugin moduleName did not match any paths pattern next-app-loader
2025-09-20T01:42:36.134Z next:jsconfig-paths-plugin moduleName did not match any paths pattern next-app-loader
2025-09-20T01:42:36.134Z next:jsconfig-paths-plugin moduleName did not match any paths pattern next-app-loader
2025-09-20T01:42:36.134Z next:jsconfig-paths-plugin moduleName did not match any paths pattern next-app-loader
2025-09-20T01:42:36.134Z next:jsconfig-paths-plugin moduleName did not match any paths pattern next-app-loader
2025-09-20T01:42:36.134Z next:jsconfig-paths-plugin moduleName did not match any paths pattern next-app-loader
2025-09-20T01:42:36.134Z next:jsconfig-paths-plugin moduleName did not match any paths pattern next-app-loader
2025-09-20T01:42:36.135Z next:jsconfig-paths-plugin moduleName did not match any paths pattern next-app-loader
2025-09-20T01:42:36.136Z next:jsconfig-paths-plugin moduleName did not match any paths pattern next-app-loader
2025-09-20T01:42:36.136Z next:jsconfig-paths-plugin moduleName did not match any paths pattern next-app-loader
2025-09-20T01:42:36.136Z next:jsconfig-paths-plugin moduleName did not match any paths pattern next-app-loader
2025-09-20T01:42:36.136Z next:jsconfig-paths-plugin moduleName did not match any paths pattern next-app-loader
2025-09-20T01:42:36.136Z next:jsconfig-paths-plugin moduleName did not match any paths pattern next-app-loader
2025-09-20T01:42:36.136Z next:jsconfig-paths-plugin moduleName did not match any paths pattern next-app-loader
2025-09-20T01:42:36.136Z next:jsconfig-paths-plugin moduleName did not match any paths pattern next-app-loader
2025-09-20T01:42:36.431Z next:jsconfig-paths-plugin skipping request as it is a relative path ./providers
2025-09-20T01:42:36.431Z next:jsconfig-paths-plugin skipping request as it is a relative path ./metadata
2025-09-20T01:42:36.433Z next:jsconfig-paths-plugin skipping request as it is a relative path ./providers
2025-09-20T01:42:36.433Z next:jsconfig-paths-plugin skipping request as it is a relative path ./metadata
2025-09-20T01:42:36.433Z next:jsconfig-paths-plugin skipping request as it is an absolute path C:\Users\marti\Desktop\DESARROLLOSW\BOILERPLATTE E-COMMERCE\src\components\SEO\StructuredData
2025-09-20T01:42:36.433Z next:jsconfig-paths-plugin skipping request as it is an absolute path C:\Users\marti\Desktop\DESARROLLOSW\BOILERPLATTE E-COMMERCE\src\components\Analytics\GoogleAnalytics
2025-09-20T01:42:36.433Z next:jsconfig-paths-plugin skipping request as it is an absolute path C:\Users\marti\Desktop\DESARROLLOSW\BOILERPLATTE E-COMMERCE\src\lib\structured-data
2025-09-20T01:42:36.436Z next:jsconfig-paths-plugin skipping request as it is an absolute path C:\Users\marti\Desktop\DESARROLLOSW\BOILERPLATTE E-COMMERCE\src\lib\structured-data
2025-09-20T01:42:36.437Z next:jsconfig-paths-plugin skipping request as it is an absolute path C:\Users\marti\Desktop\DESARROLLOSW\BOILERPLATTE E-COMMERCE\src\components\Checkout\CheckoutExpress
2025-09-20T01:42:36.437Z next:jsconfig-paths-plugin skipping request as it is an absolute path C:\Users\marti\Desktop\DESARROLLOSW\BOILERPLATTE E-COMMERCE\src\components\Contact
2025-09-20T01:42:36.437Z next:jsconfig-paths-plugin skipping request as it is an absolute path C:\Users\marti\Desktop\DESARROLLOSW\BOILERPLATTE E-COMMERCE\src\components\Error
2025-09-20T01:42:36.437Z next:jsconfig-paths-plugin skipping request as it is an absolute path C:\Users\marti\Desktop\DESARROLLOSW\BOILERPLATTE E-COMMERCE\src\components\MailSuccess
2025-09-20T01:42:36.441Z next:jsconfig-paths-plugin skipping request as it is an absolute path C:\Users\marti\Desktop\DESARROLLOSW\BOILERPLATTE E-COMMERCE\src\components\ShopDetails
2025-09-20T01:42:36.442Z next:jsconfig-paths-plugin skipping request as it is an absolute path C:\Users\marti\Desktop\DESARROLLOSW\BOILERPLATTE E-COMMERCE\src\components\SEO\StructuredData
2025-09-20T01:42:36.442Z next:jsconfig-paths-plugin skipping request as it is an absolute path C:\Users\marti\Desktop\DESARROLLOSW\BOILERPLATTE E-COMMERCE\src\components\Analytics\GoogleAnalytics
2025-09-20T01:42:36.443Z next:jsconfig-paths-plugin skipping request as it is an absolute path C:\Users\marti\Desktop\DESARROLLOSW\BOILERPLATTE E-COMMERCE\src\components\Checkout\CheckoutExpress
2025-09-20T01:42:36.444Z next:jsconfig-paths-plugin skipping request as it is an absolute path C:\Users\marti\Desktop\DESARROLLOSW\BOILERPLATTE E-COMMERCE\src\components\Contact
2025-09-20T01:42:36.444Z next:jsconfig-paths-plugin skipping request as it is an absolute path C:\Users\marti\Desktop\DESARROLLOSW\BOILERPLATTE E-COMMERCE\src\components\Error
2025-09-20T01:42:36.445Z next:jsconfig-paths-plugin skipping request as it is an absolute path C:\Users\marti\Desktop\DESARROLLOSW\BOILERPLATTE E-COMMERCE\src\components\MailSuccess
2025-09-20T01:42:36.446Z next:jsconfig-paths-plugin skipping request as it is an absolute path C:\Users\marti\Desktop\DESARROLLOSW\BOILERPLATTE E-COMMERCE\src\components\ShopDetails\ShopDetailsById
2025-09-20T01:42:36.446Z next:jsconfig-paths-plugin skipping request as it is an absolute path C:\Users\marti\Desktop\DESARROLLOSW\BOILERPLATTE E-COMMERCE\src\components\ShopWithoutSidebar
2025-09-20T01:42:36.447Z next:jsconfig-paths-plugin skipping request as it is an absolute path C:\Users\marti\Desktop\DESARROLLOSW\BOILERPLATTE E-COMMERCE\src\components\ShopWithoutSidebar
2025-09-20T01:42:36.447Z next:jsconfig-paths-plugin skipping request as it is an absolute path C:\Users\marti\Desktop\DESARROLLOSW\BOILERPLATTE E-COMMERCE\src\components\ShopWithSidebar
2025-09-20T01:42:36.447Z next:jsconfig-paths-plugin skipping request as it is an absolute path C:\Users\marti\Desktop\DESARROLLOSW\BOILERPLATTE E-COMMERCE\src\components\ShopWithoutSidebar
2025-09-20T01:42:36.448Z next:jsconfig-paths-plugin skipping request as it is an absolute path C:\Users\marti\Desktop\DESARROLLOSW\BOILERPLATTE E-COMMERCE\src\components\ShopDetails
2025-09-20T01:42:36.448Z next:jsconfig-paths-plugin skipping request as it is an absolute path C:\Users\marti\Desktop\DESARROLLOSW\BOILERPLATTE E-COMMERCE\src\components\ShopDetails\ShopDetailsById
2025-09-20T01:42:36.450Z next:jsconfig-paths-plugin skipping request as it is an absolute path C:\Users\marti\Desktop\DESARROLLOSW\BOILERPLATTE E-COMMERCE\src\components\ShopWithoutSidebar
2025-09-20T01:42:36.450Z next:jsconfig-paths-plugin skipping request as it is an absolute path C:\Users\marti\Desktop\DESARROLLOSW\BOILERPLATTE E-COMMERCE\src\components\ShopWithoutSidebar
2025-09-20T01:42:36.450Z next:jsconfig-paths-plugin skipping request as it is an absolute path C:\Users\marti\Desktop\DESARROLLOSW\BOILERPLATTE E-COMMERCE\src\components\ShopWithoutSidebar
2025-09-20T01:42:36.452Z next:jsconfig-paths-plugin skipping request as it is an absolute path C:\Users\marti\Desktop\DESARROLLOSW\BOILERPLATTE E-COMMERCE\src\components\ShopWithSidebar
2025-09-20T01:42:36.454Z next:jsconfig-paths-plugin skipping request as it is an absolute path C:\Users\marti\Desktop\DESARROLLOSW\BOILERPLATTE E-COMMERCE\src\components\Wishlist
2025-09-20T01:42:36.455Z next:jsconfig-paths-plugin skipping request as it is an absolute path C:\Users\marti\Desktop\DESARROLLOSW\BOILERPLATTE E-COMMERCE\src\components\BlogDetailsWithSidebar
2025-09-20T01:42:36.455Z next:jsconfig-paths-plugin skipping request as it is an absolute path C:\Users\marti\Desktop\DESARROLLOSW\BOILERPLATTE E-COMMERCE\src\components\BlogDetails
2025-09-20T01:42:36.456Z next:jsconfig-paths-plugin skipping request as it is an absolute path C:\Users\marti\Desktop\DESARROLLOSW\BOILERPLATTE E-COMMERCE\src\components\Wishlist
2025-09-20T01:42:36.457Z next:jsconfig-paths-plugin skipping request as it is an absolute path C:\Users\marti\Desktop\DESARROLLOSW\BOILERPLATTE E-COMMERCE\src\components\BlogGridWithSidebar
2025-09-20T01:42:36.462Z next:jsconfig-paths-plugin skipping request as it is an absolute path C:\Users\marti\Desktop\DESARROLLOSW\BOILERPLATTE E-COMMERCE\src\components\Home
2025-09-20T01:42:36.463Z next:jsconfig-paths-plugin skipping request as it is an absolute path C:\Users\marti\Desktop\DESARROLLOSW\BOILERPLATTE E-COMMERCE\src\components\BlogGrid
2025-09-20T01:42:36.463Z next:jsconfig-paths-plugin skipping request as it is an absolute path C:\Users\marti\Desktop\DESARROLLOSW\BOILERPLATTE E-COMMERCE\src\components\BlogDetailsWithSidebar
2025-09-20T01:42:36.464Z next:jsconfig-paths-plugin skipping request as it is an absolute path C:\Users\marti\Desktop\DESARROLLOSW\BOILERPLATTE E-COMMERCE\src\components\BlogDetails
2025-09-20T01:42:36.465Z next:jsconfig-paths-plugin skipping request as it is an absolute path C:\Users\marti\Desktop\DESARROLLOSW\BOILERPLATTE E-COMMERCE\src\components\BlogGridWithSidebar
2025-09-20T01:42:36.466Z next:jsconfig-paths-plugin skipping request as it is an absolute path C:\Users\marti\Desktop\DESARROLLOSW\BOILERPLATTE E-COMMERCE\src\components\Common\Breadcrumb
2025-09-20T01:42:36.467Z next:jsconfig-paths-plugin skipping request as it is an absolute path C:\Users\marti\Desktop\DESARROLLOSW\BOILERPLATTE E-COMMERCE\src\components\ui\card
2025-09-20T01:42:36.467Z next:jsconfig-paths-plugin skipping request as it is an absolute path C:\Users\marti\Desktop\DESARROLLOSW\BOILERPLATTE E-COMMERCE\src\components\ui\button
2025-09-20T01:42:36.467Z next:jsconfig-paths-plugin skipping request as it is an absolute path C:\Users\marti\Desktop\DESARROLLOSW\BOILERPLATTE E-COMMERCE\src\components\ui\input
2025-09-20T01:42:36.467Z next:jsconfig-paths-plugin skipping request as it is an absolute path C:\Users\marti\Desktop\DESARROLLOSW\BOILERPLATTE E-COMMERCE\src\components\Common\Breadcrumb
2025-09-20T01:42:36.467Z next:jsconfig-paths-plugin skipping request as it is an absolute path C:\Users\marti\Desktop\DESARROLLOSW\BOILERPLATTE E-COMMERCE\src\components\ui\card
2025-09-20T01:42:36.467Z next:jsconfig-paths-plugin skipping request as it is an absolute path C:\Users\marti\Desktop\DESARROLLOSW\BOILERPLATTE E-COMMERCE\src\components\ui\button
2025-09-20T01:42:36.469Z next:jsconfig-paths-plugin skipping request as it is an absolute path C:\Users\marti\Desktop\DESARROLLOSW\BOILERPLATTE E-COMMERCE\src\components\Home
2025-09-20T01:42:36.470Z next:jsconfig-paths-plugin skipping request as it is an absolute path C:\Users\marti\Desktop\DESARROLLOSW\BOILERPLATTE E-COMMERCE\src\components\BlogGrid
2025-09-20T01:42:36.471Z next:jsconfig-paths-plugin skipping request as it is an absolute path C:\Users\marti\Desktop\DESARROLLOSW\BOILERPLATTE E-COMMERCE\src\components\Common\Breadcrumb
2025-09-20T01:42:36.471Z next:jsconfig-paths-plugin skipping request as it is an absolute path C:\Users\marti\Desktop\DESARROLLOSW\BOILERPLATTE E-COMMERCE\src\components\Common\Breadcrumb
2025-09-20T01:42:36.472Z next:jsconfig-paths-plugin skipping request as it is an absolute path C:\Users\marti\Desktop\DESARROLLOSW\BOILERPLATTE E-COMMERCE\src\components\ui\card
2025-09-20T01:42:36.472Z next:jsconfig-paths-plugin skipping request as it is an absolute path C:\Users\marti\Desktop\DESARROLLOSW\BOILERPLATTE E-COMMERCE\src\components\ui\button
2025-09-20T01:42:36.473Z next:jsconfig-paths-plugin skipping request as it is an absolute path C:\Users\marti\Desktop\DESARROLLOSW\BOILERPLATTE E-COMMERCE\src\components\ui\input
2025-09-20T01:42:36.473Z next:jsconfig-paths-plugin skipping request as it is an absolute path C:\Users\marti\Desktop\DESARROLLOSW\BOILERPLATTE E-COMMERCE\src\components\ui\card
2025-09-20T01:42:36.473Z next:jsconfig-paths-plugin skipping request as it is an absolute path C:\Users\marti\Desktop\DESARROLLOSW\BOILERPLATTE E-COMMERCE\src\components\ui\button
2025-09-20T01:42:36.476Z next:jsconfig-paths-plugin skipping request as it is an absolute path C:\Users\marti\Desktop\DESARROLLOSW\BOILERPLATTE E-COMMERCE\src\lib\auth\config
2025-09-20T01:42:36.476Z next:jsconfig-paths-plugin skipping request as it is a relative path ../../../components/admin/EmailTester
2025-09-20T01:42:36.476Z next:jsconfig-paths-plugin skipping request as it is a relative path ./MonitoringClientPage
2025-09-20T01:42:36.477Z next:jsconfig-paths-plugin skipping request as it is a relative path ./MonitoringClientPage
2025-09-20T01:42:36.477Z next:jsconfig-paths-plugin skipping request as it is an absolute path C:\Users\marti\Desktop\DESARROLLOSW\BOILERPLATTE E-COMMERCE\src\lib\auth\config
2025-09-20T01:42:36.477Z next:jsconfig-paths-plugin skipping request as it is an absolute path C:\Users\marti\Desktop\DESARROLLOSW\BOILERPLATTE E-COMMERCE\src\components\admin\orders\OrderListSimple
2025-09-20T01:42:36.478Z next:jsconfig-paths-plugin skipping request as it is an absolute path C:\Users\marti\Desktop\DESARROLLOSW\BOILERPLATTE E-COMMERCE\src\components\ui\card
2025-09-20T01:42:36.478Z next:jsconfig-paths-plugin skipping request as it is an absolute path C:\Users\marti\Desktop\DESARROLLOSW\BOILERPLATTE E-COMMERCE\src\components\ui\button
2025-09-20T01:42:36.478Z next:jsconfig-paths-plugin skipping request as it is an absolute path C:\Users\marti\Desktop\DESARROLLOSW\BOILERPLATTE E-COMMERCE\src\components\ui\badge
2025-09-20T01:42:36.478Z next:jsconfig-paths-plugin skipping request as it is an absolute path C:\Users\marti\Desktop\DESARROLLOSW\BOILERPLATTE E-COMMERCE\src\components\Analytics\AnalyticsDemo
2025-09-20T01:42:36.479Z next:jsconfig-paths-plugin skipping request as it is an absolute path C:\Users\marti\Desktop\DESARROLLOSW\BOILERPLATTE E-COMMERCE\src\components\ui\card
2025-09-20T01:42:36.479Z next:jsconfig-paths-plugin skipping request as it is an absolute path C:\Users\marti\Desktop\DESARROLLOSW\BOILERPLATTE E-COMMERCE\src\components\ui\button
2025-09-20T01:42:36.479Z next:jsconfig-paths-plugin skipping request as it is an absolute path C:\Users\marti\Desktop\DESARROLLOSW\BOILERPLATTE E-COMMERCE\src\components\ui\badge
2025-09-20T01:42:36.479Z next:jsconfig-paths-plugin skipping request as it is an absolute path C:\Users\marti\Desktop\DESARROLLOSW\BOILERPLATTE E-COMMERCE\src\components\Analytics\AnalyticsDemo
2025-09-20T01:42:36.480Z next:jsconfig-paths-plugin skipping request as it is an absolute path C:\Users\marti\Desktop\DESARROLLOSW\BOILERPLATTE E-COMMERCE\src\contexts\DriverContext
2025-09-20T01:42:36.480Z next:jsconfig-paths-plugin skipping request as it is an absolute path C:\Users\marti\Desktop\DESARROLLOSW\BOILERPLATTE E-COMMERCE\src\contexts\ModalContext
2025-09-20T01:42:36.481Z next:jsconfig-paths-plugin skipping request as it is an absolute path C:\Users\marti\Desktop\DESARROLLOSW\BOILERPLATTE E-COMMERCE\src\components\driver\DriverNavigation
2025-09-20T01:42:36.497Z next:jsconfig-paths-plugin skipping request as it is an absolute path C:\Users\marti\Desktop\DESARROLLOSW\BOILERPLATTE E-COMMERCE\src\lib\auth\config
2025-09-20T01:42:36.497Z next:jsconfig-paths-plugin skipping request as it is an absolute path C:\Users\marti\Desktop\DESARROLLOSW\BOILERPLATTE E-COMMERCE\src\lib\auth\config
2025-09-20T01:42:36.498Z next:jsconfig-paths-plugin skipping request as it is a relative path ../../../components/admin/EmailTester
2025-09-20T01:42:36.499Z next:jsconfig-paths-plugin skipping request as it is an absolute path C:\Users\marti\Desktop\DESARROLLOSW\BOILERPLATTE E-COMMERCE\src\components\admin\orders\OrderListSimple
2025-09-20T01:42:36.499Z next:jsconfig-paths-plugin skipping request as it is an absolute path C:\Users\marti\Desktop\DESARROLLOSW\BOILERPLATTE E-COMMERCE\src\components\Auth\SignInForm
2025-09-20T01:42:36.500Z next:jsconfig-paths-plugin skipping request as it is an absolute path C:\Users\marti\Desktop\DESARROLLOSW\BOILERPLATTE E-COMMERCE\src\components\driver\DriverNavigation
2025-09-20T01:42:36.505Z next:jsconfig-paths-plugin skipping request as it is an absolute path C:\Users\marti\Desktop\DESARROLLOSW\BOILERPLATTE E-COMMERCE\src\components\Auth\SignInForm
2025-09-20T01:42:36.505Z next:jsconfig-paths-plugin skipping request as it is an absolute path C:\Users\marti\Desktop\DESARROLLOSW\BOILERPLATTE E-COMMERCE\src\contexts\DriverContext
2025-09-20T01:42:36.505Z next:jsconfig-paths-plugin skipping request as it is an absolute path C:\Users\marti\Desktop\DESARROLLOSW\BOILERPLATTE E-COMMERCE\src\contexts\ModalContext
2025-09-20T01:42:36.789Z next:jsconfig-paths-plugin skipping request as it is a relative path ../Common/Breadcrumb
2025-09-20T01:42:36.789Z next:jsconfig-paths-plugin skipping request as it is a relative path ../Common/Breadcrumb
2025-09-20T01:42:36.789Z next:jsconfig-paths-plugin skipping request as it is a relative path ../Common/Breadcrumb
2025-09-20T01:42:36.790Z next:jsconfig-paths-plugin skipping request as it is a relative path ../Common/Breadcrumb
2025-09-20T01:42:36.790Z next:jsconfig-paths-plugin skipping request as it is a relative path ../Common/Breadcrumb
2025-09-20T01:42:36.790Z next:jsconfig-paths-plugin skipping request as it is a relative path ../Common/Breadcrumb
2025-09-20T01:42:36.799Z next:jsconfig-paths-plugin skipping request as it is a relative path ../Common/Breadcrumb
2025-09-20T01:42:36.800Z next:jsconfig-paths-plugin skipping request as it is a relative path ../Common/Breadcrumb
2025-09-20T01:42:36.802Z next:jsconfig-paths-plugin skipping request as it is a relative path ../Blog/SearchForm
2025-09-20T01:42:36.802Z next:jsconfig-paths-plugin skipping request as it is a relative path ../Blog/SearchForm
2025-09-20T01:42:36.803Z next:jsconfig-paths-plugin skipping request as it is a relative path ../Blog/LatestProducts
2025-09-20T01:42:36.803Z next:jsconfig-paths-plugin skipping request as it is a relative path ../Blog/LatestProducts
2025-09-20T01:42:36.803Z next:jsconfig-paths-plugin skipping request as it is a relative path ../Blog/LatestPosts
2025-09-20T01:42:36.803Z next:jsconfig-paths-plugin skipping request as it is a relative path ../Blog/LatestPosts
2025-09-20T01:42:36.804Z next:jsconfig-paths-plugin skipping request as it is a relative path ../BlogGrid/blogData
2025-09-20T01:42:36.804Z next:jsconfig-paths-plugin skipping request as it is a relative path ../BlogGrid/blogData
2025-09-20T01:42:36.804Z next:jsconfig-paths-plugin skipping request as it is a relative path ./blogData
2025-09-20T01:42:36.804Z next:jsconfig-paths-plugin skipping request as it is a relative path ../BlogGrid/blogData
2025-09-20T01:42:36.804Z next:jsconfig-paths-plugin skipping request as it is a relative path ../BlogGrid/blogData
2025-09-20T01:42:36.804Z next:jsconfig-paths-plugin skipping request as it is a relative path ./blogData
2025-09-20T01:42:36.805Z next:jsconfig-paths-plugin skipping request as it is a relative path ../Blog/BlogItem
2025-09-20T01:42:36.805Z next:jsconfig-paths-plugin skipping request as it is a relative path ../Blog/BlogItem
2025-09-20T01:42:36.806Z next:jsconfig-paths-plugin skipping request as it is a relative path ../Blog/Categories
2025-09-20T01:42:36.816Z next:jsconfig-paths-plugin skipping request as it is a relative path ../Blog/SearchForm
2025-09-20T01:42:36.817Z next:jsconfig-paths-plugin skipping request as it is a relative path ../Blog/SearchForm
2025-09-20T01:42:36.817Z next:jsconfig-paths-plugin skipping request as it is a relative path ../Blog/LatestProducts
2025-09-20T01:42:36.817Z next:jsconfig-paths-plugin skipping request as it is a relative path ../Blog/LatestProducts
2025-09-20T01:42:36.817Z next:jsconfig-paths-plugin skipping request as it is a relative path ../Blog/LatestPosts
2025-09-20T01:42:36.817Z next:jsconfig-paths-plugin skipping request as it is a relative path ../Blog/LatestPosts
2025-09-20T01:42:36.817Z next:jsconfig-paths-plugin skipping request as it is a relative path ../Blog/BlogItem
2025-09-20T01:42:36.817Z next:jsconfig-paths-plugin skipping request as it is a relative path ../Blog/BlogItem
2025-09-20T01:42:36.817Z next:jsconfig-paths-plugin skipping request as it is a relative path ../Blog/Categories
2025-09-20T01:42:36.820Z next:jsconfig-paths-plugin skipping request as it is an absolute path C:\Users\marti\Desktop\DESARROLLOSW\BOILERPLATTE E-COMMERCE\src\components\ui\breadcrumb
2025-09-20T01:42:36.820Z next:jsconfig-paths-plugin skipping request as it is an absolute path C:\Users\marti\Desktop\DESARROLLOSW\BOILERPLATTE E-COMMERCE\src\components\ui\breadcrumb
2025-09-20T01:42:36.831Z next:jsconfig-paths-plugin skipping request as it is an absolute path C:\Users\marti\Desktop\DESARROLLOSW\BOILERPLATTE E-COMMERCE\src\lib\utils
2025-09-20T01:42:36.831Z next:jsconfig-paths-plugin skipping request as it is an absolute path C:\Users\marti\Desktop\DESARROLLOSW\BOILERPLATTE E-COMMERCE\src\lib\utils
2025-09-20T01:42:36.831Z next:jsconfig-paths-plugin skipping request as it is an absolute path C:\Users\marti\Desktop\DESARROLLOSW\BOILERPLATTE E-COMMERCE\src\lib\utils
2025-09-20T01:42:36.842Z next:jsconfig-paths-plugin skipping request as it is an absolute path C:\Users\marti\Desktop\DESARROLLOSW\BOILERPLATTE E-COMMERCE\src\lib\utils
2025-09-20T01:42:36.842Z next:jsconfig-paths-plugin skipping request as it is an absolute path C:\Users\marti\Desktop\DESARROLLOSW\BOILERPLATTE E-COMMERCE\src\lib\utils
2025-09-20T01:42:36.842Z next:jsconfig-paths-plugin skipping request as it is an absolute path C:\Users\marti\Desktop\DESARROLLOSW\BOILERPLATTE E-COMMERCE\src\lib\utils
2025-09-20T01:42:36.853Z next:jsconfig-paths-plugin skipping request as it is an absolute path C:\Users\marti\Desktop\DESARROLLOSW\BOILERPLATTE E-COMMERCE\src\auth
2025-09-20T01:42:36.887Z next:jsconfig-paths-plugin skipping request as it is an absolute path C:\Users\marti\Desktop\DESARROLLOSW\BOILERPLATTE E-COMMERCE\src\auth
2025-09-20T01:42:36.902Z next:jsconfig-paths-plugin skipping request as it is an absolute path C:\Users\marti\Desktop\DESARROLLOSW\BOILERPLATTE E-COMMERCE\src\lib\utils
2025-09-20T01:42:36.903Z next:jsconfig-paths-plugin skipping request as it is an absolute path C:\Users\marti\Desktop\DESARROLLOSW\BOILERPLATTE E-COMMERCE\src\lib\utils
2025-09-20T01:42:37.112Z next:jsconfig-paths-plugin moduleName did not match any paths pattern next-flight-client-entry-loader
2025-09-20T01:42:37.114Z next:jsconfig-paths-plugin moduleName did not match any paths pattern next-flight-client-entry-loader
2025-09-20T01:42:37.114Z next:jsconfig-paths-plugin moduleName did not match any paths pattern next-flight-client-entry-loader
2025-09-20T01:42:37.114Z next:jsconfig-paths-plugin moduleName did not match any paths pattern next-flight-client-entry-loader
2025-09-20T01:42:37.114Z next:jsconfig-paths-plugin moduleName did not match any paths pattern next-flight-client-entry-loader
2025-09-20T01:42:37.114Z next:jsconfig-paths-plugin moduleName did not match any paths pattern next-flight-client-entry-loader
2025-09-20T01:42:37.114Z next:jsconfig-paths-plugin moduleName did not match any paths pattern next-flight-client-entry-loader
2025-09-20T01:42:37.114Z next:jsconfig-paths-plugin moduleName did not match any paths pattern next-flight-client-entry-loader
2025-09-20T01:42:37.114Z next:jsconfig-paths-plugin moduleName did not match any paths pattern next-flight-client-entry-loader
2025-09-20T01:42:37.114Z next:jsconfig-paths-plugin moduleName did not match any paths pattern next-flight-client-entry-loader
2025-09-20T01:42:37.114Z next:jsconfig-paths-plugin moduleName did not match any paths pattern next-flight-client-entry-loader
2025-09-20T01:42:37.114Z next:jsconfig-paths-plugin moduleName did not match any paths pattern next-flight-client-entry-loader
2025-09-20T01:42:37.114Z next:jsconfig-paths-plugin moduleName did not match any paths pattern next-flight-client-entry-loader
2025-09-20T01:42:37.115Z next:jsconfig-paths-plugin moduleName did not match any paths pattern next-flight-client-entry-loader
2025-09-20T01:42:37.115Z next:jsconfig-paths-plugin moduleName did not match any paths pattern next-flight-client-entry-loader
2025-09-20T01:42:37.115Z next:jsconfig-paths-plugin moduleName did not match any paths pattern next-flight-client-entry-loader
2025-09-20T01:42:37.115Z next:jsconfig-paths-plugin moduleName did not match any paths pattern next-flight-client-entry-loader
2025-09-20T01:42:37.115Z next:jsconfig-paths-plugin moduleName did not match any paths pattern next-flight-client-entry-loader
2025-09-20T01:42:37.115Z next:jsconfig-paths-plugin moduleName did not match any paths pattern next-flight-client-entry-loader
2025-09-20T01:42:37.115Z next:jsconfig-paths-plugin moduleName did not match any paths pattern next-flight-client-entry-loader
2025-09-20T01:42:37.115Z next:jsconfig-paths-plugin moduleName did not match any paths pattern next-flight-client-entry-loader
2025-09-20T01:42:37.115Z next:jsconfig-paths-plugin moduleName did not match any paths pattern next-flight-client-entry-loader
2025-09-20T01:42:37.115Z next:jsconfig-paths-plugin moduleName did not match any paths pattern next-flight-client-entry-loader
2025-09-20T01:42:37.115Z next:jsconfig-paths-plugin moduleName did not match any paths pattern next-flight-client-entry-loader
2025-09-20T01:42:37.115Z next:jsconfig-paths-plugin moduleName did not match any paths pattern next-flight-client-entry-loader
2025-09-20T01:42:37.115Z next:jsconfig-paths-plugin moduleName did not match any paths pattern next-flight-client-entry-loader
2025-09-20T01:42:37.115Z next:jsconfig-paths-plugin moduleName did not match any paths pattern next-flight-client-entry-loader
2025-09-20T01:42:37.115Z next:jsconfig-paths-plugin moduleName did not match any paths pattern next-flight-client-entry-loader
2025-09-20T01:42:37.115Z next:jsconfig-paths-plugin moduleName did not match any paths pattern next-flight-client-entry-loader
2025-09-20T01:42:37.115Z next:jsconfig-paths-plugin moduleName did not match any paths pattern next-flight-client-entry-loader
2025-09-20T01:42:37.115Z next:jsconfig-paths-plugin moduleName did not match any paths pattern next-flight-client-entry-loader
2025-09-20T01:42:37.115Z next:jsconfig-paths-plugin moduleName did not match any paths pattern next-flight-client-entry-loader
2025-09-20T01:42:37.115Z next:jsconfig-paths-plugin moduleName did not match any paths pattern next-flight-client-entry-loader
2025-09-20T01:42:37.115Z next:jsconfig-paths-plugin moduleName did not match any paths pattern next-flight-client-entry-loader
2025-09-20T01:42:37.115Z next:jsconfig-paths-plugin moduleName did not match any paths pattern next-flight-client-entry-loader
2025-09-20T01:42:37.115Z next:jsconfig-paths-plugin moduleName did not match any paths pattern next-flight-client-entry-loader
2025-09-20T01:42:37.115Z next:jsconfig-paths-plugin moduleName did not match any paths pattern next-flight-client-entry-loader
2025-09-20T01:42:37.115Z next:jsconfig-paths-plugin moduleName did not match any paths pattern next-flight-client-entry-loader
2025-09-20T01:42:37.116Z next:jsconfig-paths-plugin moduleName did not match any paths pattern next-flight-client-entry-loader
2025-09-20T01:42:37.116Z next:jsconfig-paths-plugin moduleName did not match any paths pattern next-flight-client-entry-loader
2025-09-20T01:42:37.116Z next:jsconfig-paths-plugin moduleName did not match any paths pattern next-flight-client-entry-loader
2025-09-20T01:42:37.116Z next:jsconfig-paths-plugin moduleName did not match any paths pattern next-flight-client-entry-loader
2025-09-20T01:42:37.116Z next:jsconfig-paths-plugin moduleName did not match any paths pattern next-flight-client-entry-loader
2025-09-20T01:42:37.116Z next:jsconfig-paths-plugin moduleName did not match any paths pattern next-flight-client-entry-loader
2025-09-20T01:42:37.116Z next:jsconfig-paths-plugin moduleName did not match any paths pattern next-flight-client-entry-loader
2025-09-20T01:42:37.116Z next:jsconfig-paths-plugin moduleName did not match any paths pattern next-flight-client-entry-loader
2025-09-20T01:42:37.116Z next:jsconfig-paths-plugin moduleName did not match any paths pattern next-flight-client-entry-loader
2025-09-20T01:42:37.116Z next:jsconfig-paths-plugin moduleName did not match any paths pattern next-flight-client-entry-loader
2025-09-20T01:42:37.116Z next:jsconfig-paths-plugin moduleName did not match any paths pattern next-flight-client-entry-loader
2025-09-20T01:42:37.116Z next:jsconfig-paths-plugin moduleName did not match any paths pattern next-flight-client-entry-loader
2025-09-20T01:42:37.116Z next:jsconfig-paths-plugin moduleName did not match any paths pattern next-flight-client-entry-loader
2025-09-20T01:42:37.116Z next:jsconfig-paths-plugin moduleName did not match any paths pattern next-flight-client-entry-loader
2025-09-20T01:42:37.116Z next:jsconfig-paths-plugin moduleName did not match any paths pattern next-flight-client-entry-loader
2025-09-20T01:42:37.116Z next:jsconfig-paths-plugin moduleName did not match any paths pattern next-flight-client-entry-loader
2025-09-20T01:42:37.116Z next:jsconfig-paths-plugin moduleName did not match any paths pattern next-flight-client-entry-loader
2025-09-20T01:42:37.116Z next:jsconfig-paths-plugin moduleName did not match any paths pattern next-flight-client-entry-loader
2025-09-20T01:42:37.116Z next:jsconfig-paths-plugin moduleName did not match any paths pattern next-flight-client-entry-loader
2025-09-20T01:42:37.116Z next:jsconfig-paths-plugin moduleName did not match any paths pattern next-flight-client-entry-loader
2025-09-20T01:42:37.116Z next:jsconfig-paths-plugin moduleName did not match any paths pattern next-flight-client-entry-loader
2025-09-20T01:42:37.116Z next:jsconfig-paths-plugin moduleName did not match any paths pattern next-flight-client-entry-loader
2025-09-20T01:42:37.116Z next:jsconfig-paths-plugin moduleName did not match any paths pattern next-flight-client-entry-loader
2025-09-20T01:42:37.116Z next:jsconfig-paths-plugin moduleName did not match any paths pattern next-flight-client-entry-loader
2025-09-20T01:42:37.116Z next:jsconfig-paths-plugin moduleName did not match any paths pattern next-flight-client-entry-loader
2025-09-20T01:42:37.117Z next:jsconfig-paths-plugin moduleName did not match any paths pattern next-flight-client-entry-loader
2025-09-20T01:42:37.117Z next:jsconfig-paths-plugin moduleName did not match any paths pattern next-flight-client-entry-loader
2025-09-20T01:42:37.127Z next:jsconfig-paths-plugin moduleName did not match any paths pattern next-flight-client-entry-loader
2025-09-20T01:42:37.127Z next:jsconfig-paths-plugin moduleName did not match any paths pattern next-flight-client-entry-loader
2025-09-20T01:42:37.127Z next:jsconfig-paths-plugin moduleName did not match any paths pattern next-flight-client-entry-loader
2025-09-20T01:42:37.127Z next:jsconfig-paths-plugin moduleName did not match any paths pattern next-flight-client-entry-loader
2025-09-20T01:42:37.127Z next:jsconfig-paths-plugin moduleName did not match any paths pattern next-flight-client-entry-loader
2025-09-20T01:42:37.127Z next:jsconfig-paths-plugin moduleName did not match any paths pattern next-flight-client-entry-loader
2025-09-20T01:42:37.127Z next:jsconfig-paths-plugin moduleName did not match any paths pattern next-flight-client-entry-loader
2025-09-20T01:42:37.128Z next:jsconfig-paths-plugin moduleName did not match any paths pattern next-flight-client-entry-loader
2025-09-20T01:42:37.128Z next:jsconfig-paths-plugin moduleName did not match any paths pattern next-flight-client-entry-loader
2025-09-20T01:42:37.128Z next:jsconfig-paths-plugin moduleName did not match any paths pattern next-flight-client-entry-loader
2025-09-20T01:42:37.128Z next:jsconfig-paths-plugin moduleName did not match any paths pattern next-flight-client-entry-loader
2025-09-20T01:42:37.128Z next:jsconfig-paths-plugin moduleName did not match any paths pattern next-flight-client-entry-loader
2025-09-20T01:42:37.128Z next:jsconfig-paths-plugin moduleName did not match any paths pattern next-flight-client-entry-loader
2025-09-20T01:42:37.128Z next:jsconfig-paths-plugin moduleName did not match any paths pattern next-flight-client-entry-loader
2025-09-20T01:42:37.128Z next:jsconfig-paths-plugin moduleName did not match any paths pattern next-flight-client-entry-loader
2025-09-20T01:42:37.128Z next:jsconfig-paths-plugin moduleName did not match any paths pattern next-flight-client-entry-loader
2025-09-20T01:42:37.128Z next:jsconfig-paths-plugin moduleName did not match any paths pattern next-flight-client-entry-loader
2025-09-20T01:42:37.128Z next:jsconfig-paths-plugin moduleName did not match any paths pattern next-flight-client-entry-loader
2025-09-20T01:42:37.128Z next:jsconfig-paths-plugin moduleName did not match any paths pattern next-flight-client-entry-loader
2025-09-20T01:42:37.129Z next:jsconfig-paths-plugin moduleName did not match any paths pattern next-flight-client-entry-loader
2025-09-20T01:42:37.129Z next:jsconfig-paths-plugin moduleName did not match any paths pattern next-flight-client-entry-loader
2025-09-20T01:42:37.129Z next:jsconfig-paths-plugin moduleName did not match any paths pattern next-flight-client-entry-loader
2025-09-20T01:42:37.130Z next:jsconfig-paths-plugin moduleName did not match any paths pattern next-flight-client-entry-loader
2025-09-20T01:42:37.130Z next:jsconfig-paths-plugin moduleName did not match any paths pattern next-flight-client-entry-loader
2025-09-20T01:42:37.130Z next:jsconfig-paths-plugin moduleName did not match any paths pattern next-flight-client-entry-loader
2025-09-20T01:42:37.130Z next:jsconfig-paths-plugin moduleName did not match any paths pattern next-flight-client-entry-loader
2025-09-20T01:42:37.130Z next:jsconfig-paths-plugin moduleName did not match any paths pattern next-flight-client-entry-loader
2025-09-20T01:42:37.130Z next:jsconfig-paths-plugin moduleName did not match any paths pattern next-flight-client-entry-loader
2025-09-20T01:42:37.130Z next:jsconfig-paths-plugin moduleName did not match any paths pattern next-flight-client-entry-loader
2025-09-20T01:42:37.131Z next:jsconfig-paths-plugin moduleName did not match any paths pattern next-flight-client-entry-loader
2025-09-20T01:42:37.131Z next:jsconfig-paths-plugin moduleName did not match any paths pattern next-flight-client-entry-loader
2025-09-20T01:42:37.131Z next:jsconfig-paths-plugin moduleName did not match any paths pattern next-flight-client-entry-loader
2025-09-20T01:42:37.131Z next:jsconfig-paths-plugin moduleName did not match any paths pattern next-flight-client-entry-loader
2025-09-20T01:42:37.131Z next:jsconfig-paths-plugin moduleName did not match any paths pattern next-flight-client-entry-loader
2025-09-20T01:42:37.131Z next:jsconfig-paths-plugin moduleName did not match any paths pattern next-flight-client-entry-loader
2025-09-20T01:42:37.131Z next:jsconfig-paths-plugin moduleName did not match any paths pattern next-flight-client-entry-loader
2025-09-20T01:42:37.131Z next:jsconfig-paths-plugin moduleName did not match any paths pattern next-flight-client-entry-loader
2025-09-20T01:42:37.131Z next:jsconfig-paths-plugin moduleName did not match any paths pattern next-flight-client-entry-loader
2025-09-20T01:42:37.131Z next:jsconfig-paths-plugin moduleName did not match any paths pattern next-flight-client-entry-loader
2025-09-20T01:42:37.131Z next:jsconfig-paths-plugin moduleName did not match any paths pattern next-flight-client-entry-loader
2025-09-20T01:42:37.131Z next:jsconfig-paths-plugin moduleName did not match any paths pattern next-flight-client-entry-loader
2025-09-20T01:42:37.131Z next:jsconfig-paths-plugin moduleName did not match any paths pattern next-flight-client-entry-loader
2025-09-20T01:42:37.131Z next:jsconfig-paths-plugin moduleName did not match any paths pattern next-flight-client-entry-loader
2025-09-20T01:42:37.131Z next:jsconfig-paths-plugin moduleName did not match any paths pattern next-flight-client-entry-loader
2025-09-20T01:42:37.132Z next:jsconfig-paths-plugin moduleName did not match any paths pattern next-flight-client-entry-loader
2025-09-20T01:42:37.132Z next:jsconfig-paths-plugin moduleName did not match any paths pattern next-flight-client-entry-loader
2025-09-20T01:42:37.132Z next:jsconfig-paths-plugin moduleName did not match any paths pattern next-flight-client-entry-loader
2025-09-20T01:42:37.132Z next:jsconfig-paths-plugin moduleName did not match any paths pattern next-flight-client-entry-loader
2025-09-20T01:42:37.132Z next:jsconfig-paths-plugin moduleName did not match any paths pattern next-flight-client-entry-loader
2025-09-20T01:42:37.132Z next:jsconfig-paths-plugin moduleName did not match any paths pattern next-flight-client-entry-loader
2025-09-20T01:42:37.132Z next:jsconfig-paths-plugin moduleName did not match any paths pattern next-flight-client-entry-loader
2025-09-20T01:42:37.132Z next:jsconfig-paths-plugin moduleName did not match any paths pattern next-flight-client-entry-loader
2025-09-20T01:42:37.132Z next:jsconfig-paths-plugin moduleName did not match any paths pattern next-flight-client-entry-loader
2025-09-20T01:42:37.132Z next:jsconfig-paths-plugin moduleName did not match any paths pattern next-flight-client-entry-loader
2025-09-20T01:42:37.132Z next:jsconfig-paths-plugin moduleName did not match any paths pattern next-flight-client-entry-loader
2025-09-20T01:42:37.132Z next:jsconfig-paths-plugin moduleName did not match any paths pattern next-flight-client-entry-loader
2025-09-20T01:42:37.132Z next:jsconfig-paths-plugin moduleName did not match any paths pattern next-flight-client-entry-loader
2025-09-20T01:42:37.132Z next:jsconfig-paths-plugin moduleName did not match any paths pattern next-flight-client-entry-loader
2025-09-20T01:42:37.132Z next:jsconfig-paths-plugin moduleName did not match any paths pattern next-flight-client-entry-loader
2025-09-20T01:42:37.132Z next:jsconfig-paths-plugin moduleName did not match any paths pattern next-flight-client-entry-loader
2025-09-20T01:42:37.132Z next:jsconfig-paths-plugin moduleName did not match any paths pattern next-flight-client-entry-loader
2025-09-20T01:42:37.133Z next:jsconfig-paths-plugin moduleName did not match any paths pattern next-flight-client-entry-loader
2025-09-20T01:42:37.133Z next:jsconfig-paths-plugin moduleName did not match any paths pattern next-flight-client-entry-loader
2025-09-20T01:42:37.133Z next:jsconfig-paths-plugin moduleName did not match any paths pattern next-flight-client-entry-loader
2025-09-20T01:42:37.144Z next:jsconfig-paths-plugin moduleName did not match any paths pattern next-flight-client-entry-loader
2025-09-20T01:42:37.144Z next:jsconfig-paths-plugin moduleName did not match any paths pattern next-flight-client-entry-loader
2025-09-20T01:42:37.144Z next:jsconfig-paths-plugin moduleName did not match any paths pattern next-flight-client-entry-loader
2025-09-20T01:42:37.144Z next:jsconfig-paths-plugin moduleName did not match any paths pattern next-flight-client-entry-loader
2025-09-20T01:42:37.144Z next:jsconfig-paths-plugin moduleName did not match any paths pattern next-flight-client-entry-loader
2025-09-20T01:42:37.144Z next:jsconfig-paths-plugin moduleName did not match any paths pattern next-flight-client-entry-loader
2025-09-20T01:42:37.144Z next:jsconfig-paths-plugin moduleName did not match any paths pattern next-flight-client-entry-loader
2025-09-20T01:42:37.144Z next:jsconfig-paths-plugin moduleName did not match any paths pattern next-flight-client-entry-loader
2025-09-20T01:42:37.144Z next:jsconfig-paths-plugin moduleName did not match any paths pattern next-flight-client-entry-loader
2025-09-20T01:42:37.145Z next:jsconfig-paths-plugin moduleName did not match any paths pattern next-flight-client-entry-loader
2025-09-20T01:42:37.145Z next:jsconfig-paths-plugin moduleName did not match any paths pattern next-flight-client-entry-loader
2025-09-20T01:42:37.145Z next:jsconfig-paths-plugin moduleName did not match any paths pattern next-flight-client-entry-loader
2025-09-20T01:42:37.145Z next:jsconfig-paths-plugin moduleName did not match any paths pattern next-flight-client-entry-loader
2025-09-20T01:42:37.145Z next:jsconfig-paths-plugin moduleName did not match any paths pattern next-flight-client-entry-loader
2025-09-20T01:42:37.145Z next:jsconfig-paths-plugin moduleName did not match any paths pattern next-flight-client-entry-loader
2025-09-20T01:42:37.145Z next:jsconfig-paths-plugin moduleName did not match any paths pattern next-flight-client-entry-loader
2025-09-20T01:42:37.145Z next:jsconfig-paths-plugin moduleName did not match any paths pattern next-flight-client-entry-loader
2025-09-20T01:42:37.145Z next:jsconfig-paths-plugin moduleName did not match any paths pattern next-flight-client-entry-loader
2025-09-20T01:42:37.145Z next:jsconfig-paths-plugin moduleName did not match any paths pattern next-flight-client-entry-loader
2025-09-20T01:42:37.145Z next:jsconfig-paths-plugin moduleName did not match any paths pattern next-flight-client-entry-loader
2025-09-20T01:42:37.145Z next:jsconfig-paths-plugin moduleName did not match any paths pattern next-flight-client-entry-loader
2025-09-20T01:42:37.145Z next:jsconfig-paths-plugin moduleName did not match any paths pattern next-flight-client-entry-loader
2025-09-20T01:42:37.145Z next:jsconfig-paths-plugin moduleName did not match any paths pattern next-flight-client-entry-loader
2025-09-20T01:42:37.145Z next:jsconfig-paths-plugin moduleName did not match any paths pattern next-flight-client-entry-loader
2025-09-20T01:42:37.145Z next:jsconfig-paths-plugin moduleName did not match any paths pattern next-flight-client-entry-loader
2025-09-20T01:42:37.145Z next:jsconfig-paths-plugin moduleName did not match any paths pattern next-flight-client-entry-loader
2025-09-20T01:42:37.145Z next:jsconfig-paths-plugin moduleName did not match any paths pattern next-flight-client-entry-loader
2025-09-20T01:42:37.145Z next:jsconfig-paths-plugin moduleName did not match any paths pattern next-flight-client-entry-loader
2025-09-20T01:42:37.145Z next:jsconfig-paths-plugin moduleName did not match any paths pattern next-flight-client-entry-loader
2025-09-20T01:42:37.145Z next:jsconfig-paths-plugin moduleName did not match any paths pattern next-flight-client-entry-loader
2025-09-20T01:42:37.145Z next:jsconfig-paths-plugin moduleName did not match any paths pattern next-flight-client-entry-loader
2025-09-20T01:42:37.145Z next:jsconfig-paths-plugin moduleName did not match any paths pattern next-flight-client-entry-loader
2025-09-20T01:42:37.146Z next:jsconfig-paths-plugin moduleName did not match any paths pattern next-flight-client-entry-loader
2025-09-20T01:42:37.146Z next:jsconfig-paths-plugin moduleName did not match any paths pattern next-flight-client-entry-loader
2025-09-20T01:42:37.146Z next:jsconfig-paths-plugin moduleName did not match any paths pattern next-flight-client-entry-loader
2025-09-20T01:42:37.146Z next:jsconfig-paths-plugin moduleName did not match any paths pattern next-flight-client-entry-loader
2025-09-20T01:42:37.150Z next:jsconfig-paths-plugin moduleName did not match any paths pattern next-flight-client-entry-loader
2025-09-20T01:42:37.151Z next:jsconfig-paths-plugin moduleName did not match any paths pattern next-flight-client-entry-loader
2025-09-20T01:42:37.151Z next:jsconfig-paths-plugin moduleName did not match any paths pattern next-flight-client-entry-loader
2025-09-20T01:42:37.151Z next:jsconfig-paths-plugin moduleName did not match any paths pattern next-flight-client-entry-loader
2025-09-20T01:42:37.151Z next:jsconfig-paths-plugin moduleName did not match any paths pattern next-flight-client-entry-loader
2025-09-20T01:42:37.151Z next:jsconfig-paths-plugin moduleName did not match any paths pattern next-flight-client-entry-loader
2025-09-20T01:42:37.151Z next:jsconfig-paths-plugin moduleName did not match any paths pattern next-flight-client-entry-loader
2025-09-20T01:42:37.151Z next:jsconfig-paths-plugin moduleName did not match any paths pattern next-flight-client-entry-loader
2025-09-20T01:42:37.151Z next:jsconfig-paths-plugin moduleName did not match any paths pattern next-flight-client-entry-loader
2025-09-20T01:42:37.151Z next:jsconfig-paths-plugin moduleName did not match any paths pattern next-flight-client-entry-loader
2025-09-20T01:42:37.151Z next:jsconfig-paths-plugin moduleName did not match any paths pattern next-flight-client-entry-loader
2025-09-20T01:42:37.151Z next:jsconfig-paths-plugin moduleName did not match any paths pattern next-flight-client-entry-loader
2025-09-20T01:42:37.151Z next:jsconfig-paths-plugin moduleName did not match any paths pattern next-flight-client-entry-loader
2025-09-20T01:42:37.151Z next:jsconfig-paths-plugin moduleName did not match any paths pattern next-flight-client-entry-loader
2025-09-20T01:42:37.152Z next:jsconfig-paths-plugin moduleName did not match any paths pattern next-flight-client-entry-loader
2025-09-20T01:42:37.152Z next:jsconfig-paths-plugin moduleName did not match any paths pattern next-flight-client-entry-loader
2025-09-20T01:42:37.152Z next:jsconfig-paths-plugin moduleName did not match any paths pattern next-flight-client-entry-loader
2025-09-20T01:42:37.152Z next:jsconfig-paths-plugin moduleName did not match any paths pattern next-flight-client-entry-loader
2025-09-20T01:42:37.152Z next:jsconfig-paths-plugin moduleName did not match any paths pattern next-flight-client-entry-loader
2025-09-20T01:42:37.152Z next:jsconfig-paths-plugin moduleName did not match any paths pattern next-flight-client-entry-loader
2025-09-20T01:42:37.152Z next:jsconfig-paths-plugin moduleName did not match any paths pattern next-flight-client-entry-loader
2025-09-20T01:42:37.152Z next:jsconfig-paths-plugin moduleName did not match any paths pattern next-flight-client-entry-loader
2025-09-20T01:42:37.152Z next:jsconfig-paths-plugin moduleName did not match any paths pattern next-flight-client-entry-loader
2025-09-20T01:42:37.152Z next:jsconfig-paths-plugin moduleName did not match any paths pattern next-flight-client-entry-loader
2025-09-20T01:42:37.152Z next:jsconfig-paths-plugin moduleName did not match any paths pattern next-flight-client-entry-loader
2025-09-20T01:42:37.153Z next:jsconfig-paths-plugin moduleName did not match any paths pattern next-flight-client-entry-loader
2025-09-20T01:42:37.153Z next:jsconfig-paths-plugin moduleName did not match any paths pattern next-flight-client-entry-loader
2025-09-20T01:42:37.153Z next:jsconfig-paths-plugin moduleName did not match any paths pattern next-flight-client-entry-loader
2025-09-20T01:42:37.153Z next:jsconfig-paths-plugin moduleName did not match any paths pattern next-flight-client-entry-loader
2025-09-20T01:42:37.153Z next:jsconfig-paths-plugin moduleName did not match any paths pattern next-flight-client-entry-loader
2025-09-20T01:42:37.153Z next:jsconfig-paths-plugin moduleName did not match any paths pattern next-flight-client-entry-loader
2025-09-20T01:42:37.153Z next:jsconfig-paths-plugin moduleName did not match any paths pattern next-flight-client-entry-loader
2025-09-20T01:42:37.153Z next:jsconfig-paths-plugin moduleName did not match any paths pattern next-flight-client-entry-loader
2025-09-20T01:42:37.153Z next:jsconfig-paths-plugin moduleName did not match any paths pattern next-flight-client-entry-loader
2025-09-20T01:42:37.153Z next:jsconfig-paths-plugin moduleName did not match any paths pattern next-flight-client-entry-loader
2025-09-20T01:42:37.153Z next:jsconfig-paths-plugin moduleName did not match any paths pattern next-flight-client-entry-loader
2025-09-20T01:42:37.168Z next:jsconfig-paths-plugin moduleName did not match any paths pattern next-flight-client-entry-loader
2025-09-20T01:42:37.168Z next:jsconfig-paths-plugin moduleName did not match any paths pattern next-flight-client-entry-loader
2025-09-20T01:42:37.168Z next:jsconfig-paths-plugin moduleName did not match any paths pattern next-flight-client-entry-loader
2025-09-20T01:42:37.168Z next:jsconfig-paths-plugin moduleName did not match any paths pattern next-flight-client-entry-loader
2025-09-20T01:42:37.168Z next:jsconfig-paths-plugin moduleName did not match any paths pattern next-flight-client-entry-loader
2025-09-20T01:42:37.168Z next:jsconfig-paths-plugin moduleName did not match any paths pattern next-flight-client-entry-loader
2025-09-20T01:42:37.169Z next:jsconfig-paths-plugin moduleName did not match any paths pattern next-flight-client-entry-loader
2025-09-20T01:42:37.169Z next:jsconfig-paths-plugin moduleName did not match any paths pattern next-flight-client-entry-loader
2025-09-20T01:42:37.169Z next:jsconfig-paths-plugin moduleName did not match any paths pattern next-flight-client-entry-loader
2025-09-20T01:42:37.169Z next:jsconfig-paths-plugin moduleName did not match any paths pattern next-flight-client-entry-loader
2025-09-20T01:42:37.169Z next:jsconfig-paths-plugin moduleName did not match any paths pattern next-flight-client-entry-loader
2025-09-20T01:42:37.169Z next:jsconfig-paths-plugin moduleName did not match any paths pattern next-flight-client-entry-loader
2025-09-20T01:42:37.169Z next:jsconfig-paths-plugin moduleName did not match any paths pattern next-flight-client-entry-loader
2025-09-20T01:42:37.169Z next:jsconfig-paths-plugin moduleName did not match any paths pattern next-flight-client-entry-loader
2025-09-20T01:42:37.169Z next:jsconfig-paths-plugin moduleName did not match any paths pattern next-flight-client-entry-loader
2025-09-20T01:42:37.169Z next:jsconfig-paths-plugin moduleName did not match any paths pattern next-flight-client-entry-loader
2025-09-20T01:42:37.170Z next:jsconfig-paths-plugin moduleName did not match any paths pattern next-flight-client-entry-loader
2025-09-20T01:42:37.170Z next:jsconfig-paths-plugin moduleName did not match any paths pattern next-flight-client-entry-loader
2025-09-20T01:42:37.170Z next:jsconfig-paths-plugin moduleName did not match any paths pattern next-flight-client-entry-loader
2025-09-20T01:42:37.170Z next:jsconfig-paths-plugin moduleName did not match any paths pattern next-flight-client-entry-loader
2025-09-20T01:42:37.170Z next:jsconfig-paths-plugin moduleName did not match any paths pattern next-flight-client-entry-loader
2025-09-20T01:42:37.170Z next:jsconfig-paths-plugin moduleName did not match any paths pattern next-flight-client-entry-loader
2025-09-20T01:42:37.170Z next:jsconfig-paths-plugin moduleName did not match any paths pattern next-flight-client-entry-loader
2025-09-20T01:42:37.170Z next:jsconfig-paths-plugin moduleName did not match any paths pattern next-flight-client-entry-loader
2025-09-20T01:42:37.170Z next:jsconfig-paths-plugin moduleName did not match any paths pattern next-flight-client-entry-loader
2025-09-20T01:42:37.170Z next:jsconfig-paths-plugin moduleName did not match any paths pattern next-flight-client-entry-loader
2025-09-20T01:42:37.170Z next:jsconfig-paths-plugin moduleName did not match any paths pattern next-flight-client-entry-loader
2025-09-20T01:42:37.170Z next:jsconfig-paths-plugin moduleName did not match any paths pattern next-flight-client-entry-loader
2025-09-20T01:42:37.170Z next:jsconfig-paths-plugin moduleName did not match any paths pattern next-flight-client-entry-loader
2025-09-20T01:42:37.170Z next:jsconfig-paths-plugin moduleName did not match any paths pattern next-flight-client-entry-loader
2025-09-20T01:42:37.171Z next:jsconfig-paths-plugin moduleName did not match any paths pattern next-flight-client-entry-loader
2025-09-20T01:42:37.171Z next:jsconfig-paths-plugin moduleName did not match any paths pattern next-flight-client-entry-loader
2025-09-20T01:42:37.171Z next:jsconfig-paths-plugin moduleName did not match any paths pattern next-flight-client-entry-loader
2025-09-20T01:42:37.171Z next:jsconfig-paths-plugin moduleName did not match any paths pattern next-flight-client-entry-loader
2025-09-20T01:42:37.171Z next:jsconfig-paths-plugin moduleName did not match any paths pattern next-flight-client-entry-loader
2025-09-20T01:42:37.171Z next:jsconfig-paths-plugin moduleName did not match any paths pattern next-flight-client-entry-loader
2025-09-20T01:42:37.171Z next:jsconfig-paths-plugin moduleName did not match any paths pattern next-flight-client-entry-loader
2025-09-20T01:42:37.171Z next:jsconfig-paths-plugin moduleName did not match any paths pattern next-flight-client-entry-loader
2025-09-20T01:42:37.171Z next:jsconfig-paths-plugin moduleName did not match any paths pattern next-flight-client-entry-loader
2025-09-20T01:42:37.171Z next:jsconfig-paths-plugin moduleName did not match any paths pattern next-flight-client-entry-loader
2025-09-20T01:42:37.171Z next:jsconfig-paths-plugin moduleName did not match any paths pattern next-flight-client-entry-loader
2025-09-20T01:42:37.171Z next:jsconfig-paths-plugin moduleName did not match any paths pattern next-flight-client-entry-loader
2025-09-20T01:42:37.171Z next:jsconfig-paths-plugin moduleName did not match any paths pattern next-flight-client-entry-loader
2025-09-20T01:42:37.171Z next:jsconfig-paths-plugin moduleName did not match any paths pattern next-flight-client-entry-loader
2025-09-20T01:42:37.171Z next:jsconfig-paths-plugin moduleName did not match any paths pattern next-flight-client-entry-loader
2025-09-20T01:42:37.171Z next:jsconfig-paths-plugin moduleName did not match any paths pattern next-flight-client-entry-loader
2025-09-20T01:42:37.171Z next:jsconfig-paths-plugin moduleName did not match any paths pattern next-flight-client-entry-loader
2025-09-20T01:42:37.171Z next:jsconfig-paths-plugin moduleName did not match any paths pattern next-flight-client-entry-loader
2025-09-20T01:42:37.171Z next:jsconfig-paths-plugin moduleName did not match any paths pattern next-flight-client-entry-loader
2025-09-20T01:42:37.179Z next:jsconfig-paths-plugin moduleName did not match any paths pattern next-flight-client-entry-loader
2025-09-20T01:42:37.179Z next:jsconfig-paths-plugin moduleName did not match any paths pattern next-flight-client-entry-loader
2025-09-20T01:42:37.179Z next:jsconfig-paths-plugin moduleName did not match any paths pattern next-flight-client-entry-loader
2025-09-20T01:42:37.179Z next:jsconfig-paths-plugin moduleName did not match any paths pattern next-flight-client-entry-loader
2025-09-20T01:42:37.179Z next:jsconfig-paths-plugin moduleName did not match any paths pattern next-flight-client-entry-loader
2025-09-20T01:42:37.179Z next:jsconfig-paths-plugin moduleName did not match any paths pattern next-flight-client-entry-loader
2025-09-20T01:42:37.179Z next:jsconfig-paths-plugin moduleName did not match any paths pattern next-flight-client-entry-loader
2025-09-20T01:42:37.180Z next:jsconfig-paths-plugin moduleName did not match any paths pattern next-flight-client-entry-loader
2025-09-20T01:42:37.180Z next:jsconfig-paths-plugin moduleName did not match any paths pattern next-flight-client-entry-loader
2025-09-20T01:42:37.180Z next:jsconfig-paths-plugin moduleName did not match any paths pattern next-flight-client-entry-loader
2025-09-20T01:42:37.180Z next:jsconfig-paths-plugin moduleName did not match any paths pattern next-flight-client-entry-loader
2025-09-20T01:42:37.180Z next:jsconfig-paths-plugin moduleName did not match any paths pattern next-flight-client-entry-loader
2025-09-20T01:42:37.180Z next:jsconfig-paths-plugin moduleName did not match any paths pattern next-flight-client-entry-loader
2025-09-20T01:42:37.180Z next:jsconfig-paths-plugin moduleName did not match any paths pattern next-flight-client-entry-loader
2025-09-20T01:42:37.180Z next:jsconfig-paths-plugin moduleName did not match any paths pattern next-flight-client-entry-loader
2025-09-20T01:42:37.180Z next:jsconfig-paths-plugin moduleName did not match any paths pattern next-flight-client-entry-loader
2025-09-20T01:42:37.180Z next:jsconfig-paths-plugin moduleName did not match any paths pattern next-flight-client-entry-loader
2025-09-20T01:42:37.181Z next:jsconfig-paths-plugin moduleName did not match any paths pattern next-flight-client-entry-loader
2025-09-20T01:42:37.181Z next:jsconfig-paths-plugin moduleName did not match any paths pattern next-flight-client-entry-loader
2025-09-20T01:42:37.181Z next:jsconfig-paths-plugin moduleName did not match any paths pattern next-flight-client-entry-loader
2025-09-20T01:42:37.181Z next:jsconfig-paths-plugin moduleName did not match any paths pattern next-flight-client-entry-loader
2025-09-20T01:42:37.181Z next:jsconfig-paths-plugin moduleName did not match any paths pattern next-flight-client-entry-loader
2025-09-20T01:42:37.181Z next:jsconfig-paths-plugin moduleName did not match any paths pattern next-flight-client-entry-loader
2025-09-20T01:42:37.181Z next:jsconfig-paths-plugin moduleName did not match any paths pattern next-flight-client-entry-loader
2025-09-20T01:42:37.181Z next:jsconfig-paths-plugin moduleName did not match any paths pattern next-flight-client-entry-loader
2025-09-20T01:42:37.181Z next:jsconfig-paths-plugin moduleName did not match any paths pattern next-flight-client-entry-loader
2025-09-20T01:42:37.181Z next:jsconfig-paths-plugin moduleName did not match any paths pattern next-flight-client-entry-loader
2025-09-20T01:42:37.181Z next:jsconfig-paths-plugin moduleName did not match any paths pattern next-flight-client-entry-loader
2025-09-20T01:42:37.182Z next:jsconfig-paths-plugin moduleName did not match any paths pattern next-flight-client-entry-loader
2025-09-20T01:42:37.182Z next:jsconfig-paths-plugin moduleName did not match any paths pattern next-flight-client-entry-loader
2025-09-20T01:42:37.182Z next:jsconfig-paths-plugin moduleName did not match any paths pattern next-flight-client-entry-loader
2025-09-20T01:42:37.182Z next:jsconfig-paths-plugin moduleName did not match any paths pattern next-flight-client-entry-loader
2025-09-20T01:42:37.182Z next:jsconfig-paths-plugin moduleName did not match any paths pattern next-flight-client-entry-loader
2025-09-20T01:42:37.182Z next:jsconfig-paths-plugin moduleName did not match any paths pattern next-flight-client-entry-loader
2025-09-20T01:42:37.182Z next:jsconfig-paths-plugin moduleName did not match any paths pattern next-flight-client-entry-loader
2025-09-20T01:42:37.182Z next:jsconfig-paths-plugin moduleName did not match any paths pattern next-flight-client-entry-loader
2025-09-20T01:42:37.182Z next:jsconfig-paths-plugin moduleName did not match any paths pattern next-flight-client-entry-loader
2025-09-20T01:42:37.182Z next:jsconfig-paths-plugin moduleName did not match any paths pattern next-flight-client-entry-loader
2025-09-20T01:42:37.182Z next:jsconfig-paths-plugin moduleName did not match any paths pattern next-flight-client-entry-loader
2025-09-20T01:42:37.182Z next:jsconfig-paths-plugin moduleName did not match any paths pattern next-flight-client-entry-loader
2025-09-20T01:42:37.182Z next:jsconfig-paths-plugin moduleName did not match any paths pattern next-flight-client-entry-loader
2025-09-20T01:42:37.182Z next:jsconfig-paths-plugin moduleName did not match any paths pattern next-flight-client-entry-loader
2025-09-20T01:42:37.182Z next:jsconfig-paths-plugin moduleName did not match any paths pattern next-flight-client-entry-loader
2025-09-20T01:42:37.183Z next:jsconfig-paths-plugin moduleName did not match any paths pattern next-flight-client-entry-loader
2025-09-20T01:42:37.183Z next:jsconfig-paths-plugin moduleName did not match any paths pattern next-flight-client-entry-loader
2025-09-20T01:42:37.183Z next:jsconfig-paths-plugin moduleName did not match any paths pattern next-flight-client-entry-loader
2025-09-20T01:42:37.183Z next:jsconfig-paths-plugin moduleName did not match any paths pattern next-flight-client-entry-loader
2025-09-20T01:42:37.183Z next:jsconfig-paths-plugin moduleName did not match any paths pattern next-flight-client-entry-loader
2025-09-20T01:42:37.183Z next:jsconfig-paths-plugin moduleName did not match any paths pattern next-flight-client-entry-loader
2025-09-20T01:42:37.193Z next:jsconfig-paths-plugin moduleName did not match any paths pattern next-flight-client-entry-loader
2025-09-20T01:42:37.193Z next:jsconfig-paths-plugin moduleName did not match any paths pattern next-flight-client-entry-loader
2025-09-20T01:42:37.194Z next:jsconfig-paths-plugin moduleName did not match any paths pattern next-flight-client-entry-loader
2025-09-20T01:42:37.194Z next:jsconfig-paths-plugin moduleName did not match any paths pattern next-flight-client-entry-loader
2025-09-20T01:42:37.194Z next:jsconfig-paths-plugin moduleName did not match any paths pattern next-flight-client-entry-loader
2025-09-20T01:42:37.194Z next:jsconfig-paths-plugin moduleName did not match any paths pattern next-flight-client-entry-loader
2025-09-20T01:42:37.194Z next:jsconfig-paths-plugin moduleName did not match any paths pattern next-flight-client-entry-loader
2025-09-20T01:42:37.194Z next:jsconfig-paths-plugin moduleName did not match any paths pattern next-flight-client-entry-loader
2025-09-20T01:42:37.194Z next:jsconfig-paths-plugin moduleName did not match any paths pattern next-flight-client-entry-loader
2025-09-20T01:42:37.194Z next:jsconfig-paths-plugin moduleName did not match any paths pattern next-flight-client-entry-loader
2025-09-20T01:42:37.194Z next:jsconfig-paths-plugin moduleName did not match any paths pattern next-flight-client-entry-loader
2025-09-20T01:42:37.194Z next:jsconfig-paths-plugin moduleName did not match any paths pattern next-flight-client-entry-loader
2025-09-20T01:42:37.194Z next:jsconfig-paths-plugin moduleName did not match any paths pattern next-flight-client-entry-loader
2025-09-20T01:42:37.194Z next:jsconfig-paths-plugin moduleName did not match any paths pattern next-flight-client-entry-loader
2025-09-20T01:42:37.194Z next:jsconfig-paths-plugin moduleName did not match any paths pattern next-flight-client-entry-loader
2025-09-20T01:42:37.194Z next:jsconfig-paths-plugin moduleName did not match any paths pattern next-flight-client-entry-loader
2025-09-20T01:42:37.194Z next:jsconfig-paths-plugin moduleName did not match any paths pattern next-flight-client-entry-loader
2025-09-20T01:42:37.194Z next:jsconfig-paths-plugin moduleName did not match any paths pattern next-flight-client-entry-loader
2025-09-20T01:42:37.195Z next:jsconfig-paths-plugin moduleName did not match any paths pattern next-flight-client-entry-loader
2025-09-20T01:42:37.195Z next:jsconfig-paths-plugin moduleName did not match any paths pattern next-flight-client-entry-loader
2025-09-20T01:42:37.195Z next:jsconfig-paths-plugin moduleName did not match any paths pattern next-flight-client-entry-loader
2025-09-20T01:42:37.195Z next:jsconfig-paths-plugin moduleName did not match any paths pattern next-flight-client-entry-loader
2025-09-20T01:42:37.195Z next:jsconfig-paths-plugin moduleName did not match any paths pattern next-flight-client-entry-loader
2025-09-20T01:42:37.195Z next:jsconfig-paths-plugin moduleName did not match any paths pattern next-flight-client-entry-loader
2025-09-20T01:42:37.195Z next:jsconfig-paths-plugin moduleName did not match any paths pattern next-flight-client-entry-loader
2025-09-20T01:42:37.195Z next:jsconfig-paths-plugin moduleName did not match any paths pattern next-flight-client-entry-loader
2025-09-20T01:42:37.195Z next:jsconfig-paths-plugin moduleName did not match any paths pattern next-flight-client-entry-loader
2025-09-20T01:42:37.195Z next:jsconfig-paths-plugin moduleName did not match any paths pattern next-flight-client-entry-loader
2025-09-20T01:42:37.195Z next:jsconfig-paths-plugin moduleName did not match any paths pattern next-flight-client-entry-loader
2025-09-20T01:42:37.196Z next:jsconfig-paths-plugin moduleName did not match any paths pattern next-flight-client-entry-loader
2025-09-20T01:42:37.199Z next:jsconfig-paths-plugin moduleName did not match any paths pattern next-flight-client-entry-loader
2025-09-20T01:42:37.199Z next:jsconfig-paths-plugin moduleName did not match any paths pattern next-flight-client-entry-loader
2025-09-20T01:42:37.199Z next:jsconfig-paths-plugin moduleName did not match any paths pattern next-flight-client-entry-loader
2025-09-20T01:42:37.199Z next:jsconfig-paths-plugin moduleName did not match any paths pattern next-flight-client-entry-loader
2025-09-20T01:42:37.199Z next:jsconfig-paths-plugin moduleName did not match any paths pattern next-flight-client-entry-loader
2025-09-20T01:42:37.199Z next:jsconfig-paths-plugin moduleName did not match any paths pattern next-flight-client-entry-loader
2025-09-20T01:42:37.199Z next:jsconfig-paths-plugin moduleName did not match any paths pattern next-flight-client-entry-loader
2025-09-20T01:42:37.199Z next:jsconfig-paths-plugin moduleName did not match any paths pattern next-flight-client-entry-loader
2025-09-20T01:42:37.199Z next:jsconfig-paths-plugin moduleName did not match any paths pattern next-flight-client-entry-loader
2025-09-20T01:42:37.200Z next:jsconfig-paths-plugin moduleName did not match any paths pattern next-flight-client-entry-loader
2025-09-20T01:42:37.200Z next:jsconfig-paths-plugin moduleName did not match any paths pattern next-flight-client-entry-loader
2025-09-20T01:42:37.200Z next:jsconfig-paths-plugin moduleName did not match any paths pattern next-flight-client-entry-loader
2025-09-20T01:42:37.200Z next:jsconfig-paths-plugin moduleName did not match any paths pattern next-flight-client-entry-loader
2025-09-20T01:42:37.200Z next:jsconfig-paths-plugin moduleName did not match any paths pattern next-flight-client-entry-loader
2025-09-20T01:42:37.200Z next:jsconfig-paths-plugin moduleName did not match any paths pattern next-flight-client-entry-loader
2025-09-20T01:42:37.200Z next:jsconfig-paths-plugin moduleName did not match any paths pattern next-flight-client-entry-loader
2025-09-20T01:42:37.200Z next:jsconfig-paths-plugin moduleName did not match any paths pattern next-flight-client-entry-loader
2025-09-20T01:42:37.200Z next:jsconfig-paths-plugin moduleName did not match any paths pattern next-flight-client-entry-loader
2025-09-20T01:42:37.200Z next:jsconfig-paths-plugin moduleName did not match any paths pattern next-flight-client-entry-loader
2025-09-20T01:42:37.200Z next:jsconfig-paths-plugin moduleName did not match any paths pattern next-flight-client-entry-loader
2025-09-20T01:42:37.200Z next:jsconfig-paths-plugin moduleName did not match any paths pattern next-flight-client-entry-loader
2025-09-20T01:42:37.200Z next:jsconfig-paths-plugin moduleName did not match any paths pattern next-flight-client-entry-loader
2025-09-20T01:42:37.200Z next:jsconfig-paths-plugin moduleName did not match any paths pattern next-flight-client-entry-loader
2025-09-20T01:42:37.200Z next:jsconfig-paths-plugin moduleName did not match any paths pattern next-flight-client-entry-loader
2025-09-20T01:42:37.200Z next:jsconfig-paths-plugin moduleName did not match any paths pattern next-flight-client-entry-loader
2025-09-20T01:42:37.200Z next:jsconfig-paths-plugin moduleName did not match any paths pattern next-flight-client-entry-loader
2025-09-20T01:42:37.200Z next:jsconfig-paths-plugin moduleName did not match any paths pattern next-flight-client-entry-loader
2025-09-20T01:42:37.200Z next:jsconfig-paths-plugin moduleName did not match any paths pattern next-flight-client-entry-loader
2025-09-20T01:42:37.200Z next:jsconfig-paths-plugin moduleName did not match any paths pattern next-flight-client-entry-loader
2025-09-20T01:42:37.201Z next:jsconfig-paths-plugin moduleName did not match any paths pattern next-flight-client-entry-loader
2025-09-20T01:42:37.211Z next:jsconfig-paths-plugin moduleName did not match any paths pattern next-flight-client-entry-loader
2025-09-20T01:42:37.211Z next:jsconfig-paths-plugin moduleName did not match any paths pattern next-flight-client-entry-loader
2025-09-20T01:42:37.211Z next:jsconfig-paths-plugin moduleName did not match any paths pattern next-flight-client-entry-loader
2025-09-20T01:42:37.211Z next:jsconfig-paths-plugin moduleName did not match any paths pattern next-flight-client-entry-loader
2025-09-20T01:42:37.212Z next:jsconfig-paths-plugin moduleName did not match any paths pattern next-flight-client-entry-loader
2025-09-20T01:42:37.212Z next:jsconfig-paths-plugin moduleName did not match any paths pattern next-flight-client-entry-loader
2025-09-20T01:42:37.212Z next:jsconfig-paths-plugin moduleName did not match any paths pattern next-flight-client-entry-loader
2025-09-20T01:42:37.212Z next:jsconfig-paths-plugin moduleName did not match any paths pattern next-flight-client-entry-loader
2025-09-20T01:42:37.212Z next:jsconfig-paths-plugin moduleName did not match any paths pattern next-flight-client-entry-loader
2025-09-20T01:42:37.212Z next:jsconfig-paths-plugin moduleName did not match any paths pattern next-flight-client-entry-loader
2025-09-20T01:42:37.212Z next:jsconfig-paths-plugin moduleName did not match any paths pattern next-flight-client-entry-loader
2025-09-20T01:42:37.212Z next:jsconfig-paths-plugin moduleName did not match any paths pattern next-flight-client-entry-loader
2025-09-20T01:42:37.212Z next:jsconfig-paths-plugin moduleName did not match any paths pattern next-flight-client-entry-loader
2025-09-20T01:42:37.212Z next:jsconfig-paths-plugin moduleName did not match any paths pattern next-flight-client-entry-loader
2025-09-20T01:42:37.213Z next:jsconfig-paths-plugin moduleName did not match any paths pattern next-flight-client-entry-loader
2025-09-20T01:42:37.213Z next:jsconfig-paths-plugin moduleName did not match any paths pattern next-flight-client-entry-loader
2025-09-20T01:42:37.213Z next:jsconfig-paths-plugin moduleName did not match any paths pattern next-flight-client-entry-loader
2025-09-20T01:42:37.213Z next:jsconfig-paths-plugin moduleName did not match any paths pattern next-flight-client-entry-loader
2025-09-20T01:42:37.213Z next:jsconfig-paths-plugin moduleName did not match any paths pattern next-flight-client-entry-loader
2025-09-20T01:42:37.213Z next:jsconfig-paths-plugin moduleName did not match any paths pattern next-flight-client-entry-loader
2025-09-20T01:42:37.213Z next:jsconfig-paths-plugin moduleName did not match any paths pattern next-flight-client-entry-loader
2025-09-20T01:42:37.213Z next:jsconfig-paths-plugin moduleName did not match any paths pattern next-flight-client-entry-loader
2025-09-20T01:42:37.213Z next:jsconfig-paths-plugin moduleName did not match any paths pattern next-flight-client-entry-loader
2025-09-20T01:42:37.213Z next:jsconfig-paths-plugin moduleName did not match any paths pattern next-flight-client-entry-loader
2025-09-20T01:42:37.213Z next:jsconfig-paths-plugin moduleName did not match any paths pattern next-flight-client-entry-loader
2025-09-20T01:42:37.213Z next:jsconfig-paths-plugin moduleName did not match any paths pattern next-flight-client-entry-loader
2025-09-20T01:42:37.213Z next:jsconfig-paths-plugin moduleName did not match any paths pattern next-flight-client-entry-loader
2025-09-20T01:42:37.213Z next:jsconfig-paths-plugin moduleName did not match any paths pattern next-flight-client-entry-loader
2025-09-20T01:42:37.213Z next:jsconfig-paths-plugin moduleName did not match any paths pattern next-flight-client-entry-loader
2025-09-20T01:42:37.213Z next:jsconfig-paths-plugin moduleName did not match any paths pattern next-flight-client-entry-loader
2025-09-20T01:42:37.213Z next:jsconfig-paths-plugin moduleName did not match any paths pattern next-flight-client-entry-loader
2025-09-20T01:42:37.213Z next:jsconfig-paths-plugin moduleName did not match any paths pattern next-flight-client-entry-loader
2025-09-20T01:42:37.213Z next:jsconfig-paths-plugin moduleName did not match any paths pattern next-flight-client-entry-loader
2025-09-20T01:42:37.213Z next:jsconfig-paths-plugin moduleName did not match any paths pattern next-flight-client-entry-loader
2025-09-20T01:42:37.213Z next:jsconfig-paths-plugin moduleName did not match any paths pattern next-flight-client-entry-loader
2025-09-20T01:42:37.213Z next:jsconfig-paths-plugin moduleName did not match any paths pattern next-flight-client-entry-loader
2025-09-20T01:42:37.214Z next:jsconfig-paths-plugin moduleName did not match any paths pattern next-flight-client-entry-loader
2025-09-20T01:42:37.214Z next:jsconfig-paths-plugin moduleName did not match any paths pattern next-flight-client-entry-loader
2025-09-20T01:42:37.214Z next:jsconfig-paths-plugin moduleName did not match any paths pattern next-flight-client-entry-loader
2025-09-20T01:42:37.214Z next:jsconfig-paths-plugin moduleName did not match any paths pattern next-flight-client-entry-loader
2025-09-20T01:42:37.214Z next:jsconfig-paths-plugin moduleName did not match any paths pattern next-flight-client-entry-loader
2025-09-20T01:42:37.214Z next:jsconfig-paths-plugin moduleName did not match any paths pattern next-flight-client-entry-loader
2025-09-20T01:42:37.214Z next:jsconfig-paths-plugin moduleName did not match any paths pattern next-flight-client-entry-loader
2025-09-20T01:42:37.214Z next:jsconfig-paths-plugin moduleName did not match any paths pattern next-flight-client-entry-loader
2025-09-20T01:42:37.214Z next:jsconfig-paths-plugin moduleName did not match any paths pattern next-flight-client-entry-loader
2025-09-20T01:42:37.214Z next:jsconfig-paths-plugin moduleName did not match any paths pattern next-flight-client-entry-loader
2025-09-20T01:42:37.214Z next:jsconfig-paths-plugin moduleName did not match any paths pattern next-flight-client-entry-loader
2025-09-20T01:42:37.214Z next:jsconfig-paths-plugin moduleName did not match any paths pattern next-flight-client-entry-loader
2025-09-20T01:42:37.214Z next:jsconfig-paths-plugin moduleName did not match any paths pattern next-flight-client-entry-loader
2025-09-20T01:42:37.214Z next:jsconfig-paths-plugin moduleName did not match any paths pattern next-flight-client-entry-loader
2025-09-20T01:42:37.214Z next:jsconfig-paths-plugin moduleName did not match any paths pattern next-flight-client-entry-loader
2025-09-20T01:42:37.214Z next:jsconfig-paths-plugin moduleName did not match any paths pattern next-flight-client-entry-loader
2025-09-20T01:42:37.214Z next:jsconfig-paths-plugin moduleName did not match any paths pattern next-flight-client-entry-loader
2025-09-20T01:42:37.214Z next:jsconfig-paths-plugin moduleName did not match any paths pattern next-flight-client-entry-loader
2025-09-20T01:42:37.220Z next:jsconfig-paths-plugin moduleName did not match any paths pattern next-flight-client-entry-loader
2025-09-20T01:42:37.221Z next:jsconfig-paths-plugin moduleName did not match any paths pattern next-flight-client-entry-loader
2025-09-20T01:42:37.221Z next:jsconfig-paths-plugin moduleName did not match any paths pattern next-flight-client-entry-loader
2025-09-20T01:42:37.221Z next:jsconfig-paths-plugin moduleName did not match any paths pattern next-flight-client-entry-loader
2025-09-20T01:42:37.221Z next:jsconfig-paths-plugin moduleName did not match any paths pattern next-flight-client-entry-loader
2025-09-20T01:42:37.221Z next:jsconfig-paths-plugin moduleName did not match any paths pattern next-flight-client-entry-loader
2025-09-20T01:42:37.221Z next:jsconfig-paths-plugin moduleName did not match any paths pattern next-flight-client-entry-loader
2025-09-20T01:42:37.221Z next:jsconfig-paths-plugin moduleName did not match any paths pattern next-flight-client-entry-loader
2025-09-20T01:42:37.221Z next:jsconfig-paths-plugin moduleName did not match any paths pattern next-flight-client-entry-loader
2025-09-20T01:42:37.221Z next:jsconfig-paths-plugin moduleName did not match any paths pattern next-flight-client-entry-loader
2025-09-20T01:42:37.221Z next:jsconfig-paths-plugin moduleName did not match any paths pattern next-flight-client-entry-loader
2025-09-20T01:42:37.221Z next:jsconfig-paths-plugin moduleName did not match any paths pattern next-flight-client-entry-loader
2025-09-20T01:42:37.221Z next:jsconfig-paths-plugin moduleName did not match any paths pattern next-flight-client-entry-loader
2025-09-20T01:42:37.221Z next:jsconfig-paths-plugin moduleName did not match any paths pattern next-flight-client-entry-loader
2025-09-20T01:42:37.221Z next:jsconfig-paths-plugin moduleName did not match any paths pattern next-flight-client-entry-loader
2025-09-20T01:42:37.221Z next:jsconfig-paths-plugin moduleName did not match any paths pattern next-flight-client-entry-loader
2025-09-20T01:42:37.221Z next:jsconfig-paths-plugin moduleName did not match any paths pattern next-flight-client-entry-loader
2025-09-20T01:42:37.221Z next:jsconfig-paths-plugin moduleName did not match any paths pattern next-flight-client-entry-loader
2025-09-20T01:42:37.221Z next:jsconfig-paths-plugin moduleName did not match any paths pattern next-flight-client-entry-loader
2025-09-20T01:42:37.221Z next:jsconfig-paths-plugin moduleName did not match any paths pattern next-flight-client-entry-loader
2025-09-20T01:42:37.221Z next:jsconfig-paths-plugin moduleName did not match any paths pattern next-flight-client-entry-loader
2025-09-20T01:42:37.221Z next:jsconfig-paths-plugin moduleName did not match any paths pattern next-flight-client-entry-loader
2025-09-20T01:42:37.222Z next:jsconfig-paths-plugin moduleName did not match any paths pattern next-flight-client-entry-loader
2025-09-20T01:42:37.222Z next:jsconfig-paths-plugin moduleName did not match any paths pattern next-flight-client-entry-loader
2025-09-20T01:42:37.222Z next:jsconfig-paths-plugin moduleName did not match any paths pattern next-flight-client-entry-loader
2025-09-20T01:42:37.222Z next:jsconfig-paths-plugin moduleName did not match any paths pattern next-flight-client-entry-loader
2025-09-20T01:42:37.222Z next:jsconfig-paths-plugin moduleName did not match any paths pattern next-flight-client-entry-loader
2025-09-20T01:42:37.222Z next:jsconfig-paths-plugin moduleName did not match any paths pattern next-flight-client-entry-loader
2025-09-20T01:42:37.222Z next:jsconfig-paths-plugin moduleName did not match any paths pattern next-flight-client-entry-loader
2025-09-20T01:42:37.222Z next:jsconfig-paths-plugin moduleName did not match any paths pattern next-flight-client-entry-loader
2025-09-20T01:42:37.222Z next:jsconfig-paths-plugin moduleName did not match any paths pattern next-flight-client-entry-loader
2025-09-20T01:42:37.222Z next:jsconfig-paths-plugin moduleName did not match any paths pattern next-flight-client-entry-loader
2025-09-20T01:42:37.222Z next:jsconfig-paths-plugin moduleName did not match any paths pattern next-flight-client-entry-loader
2025-09-20T01:42:37.222Z next:jsconfig-paths-plugin moduleName did not match any paths pattern next-flight-client-entry-loader
2025-09-20T01:42:37.222Z next:jsconfig-paths-plugin moduleName did not match any paths pattern next-flight-client-entry-loader
2025-09-20T01:42:37.222Z next:jsconfig-paths-plugin moduleName did not match any paths pattern next-flight-client-entry-loader
2025-09-20T01:42:37.223Z next:jsconfig-paths-plugin moduleName did not match any paths pattern next-flight-client-entry-loader
2025-09-20T01:42:37.223Z next:jsconfig-paths-plugin moduleName did not match any paths pattern next-flight-client-entry-loader
2025-09-20T01:42:37.223Z next:jsconfig-paths-plugin moduleName did not match any paths pattern next-flight-client-entry-loader
2025-09-20T01:42:37.223Z next:jsconfig-paths-plugin moduleName did not match any paths pattern next-flight-client-entry-loader
2025-09-20T01:42:37.223Z next:jsconfig-paths-plugin moduleName did not match any paths pattern next-flight-client-entry-loader
2025-09-20T01:42:37.223Z next:jsconfig-paths-plugin moduleName did not match any paths pattern next-flight-client-entry-loader
2025-09-20T01:42:37.223Z next:jsconfig-paths-plugin moduleName did not match any paths pattern next-flight-client-entry-loader
2025-09-20T01:42:37.223Z next:jsconfig-paths-plugin moduleName did not match any paths pattern next-flight-client-entry-loader
2025-09-20T01:42:37.223Z next:jsconfig-paths-plugin moduleName did not match any paths pattern next-flight-client-entry-loader
2025-09-20T01:42:37.223Z next:jsconfig-paths-plugin moduleName did not match any paths pattern next-flight-client-entry-loader
2025-09-20T01:42:37.223Z next:jsconfig-paths-plugin moduleName did not match any paths pattern next-flight-client-entry-loader
2025-09-20T01:42:37.223Z next:jsconfig-paths-plugin moduleName did not match any paths pattern next-flight-client-entry-loader
2025-09-20T01:42:37.223Z next:jsconfig-paths-plugin moduleName did not match any paths pattern next-flight-client-entry-loader
2025-09-20T01:42:37.223Z next:jsconfig-paths-plugin moduleName did not match any paths pattern next-flight-client-entry-loader
2025-09-20T01:42:37.224Z next:jsconfig-paths-plugin moduleName did not match any paths pattern next-flight-client-entry-loader
2025-09-20T01:42:37.224Z next:jsconfig-paths-plugin moduleName did not match any paths pattern next-flight-client-entry-loader
2025-09-20T01:42:37.224Z next:jsconfig-paths-plugin moduleName did not match any paths pattern next-flight-client-entry-loader
2025-09-20T01:42:37.224Z next:jsconfig-paths-plugin moduleName did not match any paths pattern next-flight-client-entry-loader
2025-09-20T01:42:37.234Z next:jsconfig-paths-plugin moduleName did not match any paths pattern next-flight-client-entry-loader
2025-09-20T01:42:37.235Z next:jsconfig-paths-plugin moduleName did not match any paths pattern next-flight-client-entry-loader
2025-09-20T01:42:37.235Z next:jsconfig-paths-plugin moduleName did not match any paths pattern next-flight-client-entry-loader
2025-09-20T01:42:37.235Z next:jsconfig-paths-plugin moduleName did not match any paths pattern next-flight-client-entry-loader
2025-09-20T01:42:37.235Z next:jsconfig-paths-plugin moduleName did not match any paths pattern next-flight-client-entry-loader
2025-09-20T01:42:37.235Z next:jsconfig-paths-plugin moduleName did not match any paths pattern next-flight-client-entry-loader
2025-09-20T01:42:37.235Z next:jsconfig-paths-plugin moduleName did not match any paths pattern next-flight-client-entry-loader
2025-09-20T01:42:37.235Z next:jsconfig-paths-plugin moduleName did not match any paths pattern next-flight-client-entry-loader
2025-09-20T01:42:37.235Z next:jsconfig-paths-plugin moduleName did not match any paths pattern next-flight-client-entry-loader
2025-09-20T01:42:37.235Z next:jsconfig-paths-plugin moduleName did not match any paths pattern next-flight-client-entry-loader
2025-09-20T01:42:37.235Z next:jsconfig-paths-plugin moduleName did not match any paths pattern next-flight-client-entry-loader
2025-09-20T01:42:37.235Z next:jsconfig-paths-plugin moduleName did not match any paths pattern next-flight-client-entry-loader
2025-09-20T01:42:37.235Z next:jsconfig-paths-plugin moduleName did not match any paths pattern next-flight-client-entry-loader
2025-09-20T01:42:37.235Z next:jsconfig-paths-plugin moduleName did not match any paths pattern next-flight-client-entry-loader
2025-09-20T01:42:37.236Z next:jsconfig-paths-plugin moduleName did not match any paths pattern next-flight-client-entry-loader
2025-09-20T01:42:37.236Z next:jsconfig-paths-plugin moduleName did not match any paths pattern next-flight-client-entry-loader
2025-09-20T01:42:37.236Z next:jsconfig-paths-plugin moduleName did not match any paths pattern next-flight-client-entry-loader
2025-09-20T01:42:37.236Z next:jsconfig-paths-plugin moduleName did not match any paths pattern next-flight-client-entry-loader
2025-09-20T01:42:37.236Z next:jsconfig-paths-plugin moduleName did not match any paths pattern next-flight-client-entry-loader
2025-09-20T01:42:37.236Z next:jsconfig-paths-plugin moduleName did not match any paths pattern next-flight-client-entry-loader
2025-09-20T01:42:37.236Z next:jsconfig-paths-plugin moduleName did not match any paths pattern next-flight-client-entry-loader
2025-09-20T01:42:37.236Z next:jsconfig-paths-plugin moduleName did not match any paths pattern next-flight-client-entry-loader
2025-09-20T01:42:37.236Z next:jsconfig-paths-plugin moduleName did not match any paths pattern next-flight-client-entry-loader
2025-09-20T01:42:37.236Z next:jsconfig-paths-plugin moduleName did not match any paths pattern next-flight-client-entry-loader
2025-09-20T01:42:37.236Z next:jsconfig-paths-plugin moduleName did not match any paths pattern next-flight-client-entry-loader
2025-09-20T01:42:37.236Z next:jsconfig-paths-plugin moduleName did not match any paths pattern next-flight-client-entry-loader
2025-09-20T01:42:37.236Z next:jsconfig-paths-plugin moduleName did not match any paths pattern next-flight-client-entry-loader
2025-09-20T01:42:37.236Z next:jsconfig-paths-plugin moduleName did not match any paths pattern next-flight-client-entry-loader
2025-09-20T01:42:37.236Z next:jsconfig-paths-plugin moduleName did not match any paths pattern next-flight-client-entry-loader
2025-09-20T01:42:37.236Z next:jsconfig-paths-plugin moduleName did not match any paths pattern next-flight-client-entry-loader
2025-09-20T01:42:37.236Z next:jsconfig-paths-plugin moduleName did not match any paths pattern next-flight-client-entry-loader
2025-09-20T01:42:37.236Z next:jsconfig-paths-plugin moduleName did not match any paths pattern next-flight-client-entry-loader
2025-09-20T01:42:37.236Z next:jsconfig-paths-plugin moduleName did not match any paths pattern next-flight-client-entry-loader
2025-09-20T01:42:37.236Z next:jsconfig-paths-plugin moduleName did not match any paths pattern next-flight-client-entry-loader
2025-09-20T01:42:37.236Z next:jsconfig-paths-plugin moduleName did not match any paths pattern next-flight-client-entry-loader
2025-09-20T01:42:37.236Z next:jsconfig-paths-plugin moduleName did not match any paths pattern next-flight-client-entry-loader
2025-09-20T01:42:37.236Z next:jsconfig-paths-plugin moduleName did not match any paths pattern next-flight-client-entry-loader
2025-09-20T01:42:37.240Z next:jsconfig-paths-plugin moduleName did not match any paths pattern next-flight-client-entry-loader
2025-09-20T01:42:37.241Z next:jsconfig-paths-plugin moduleName did not match any paths pattern next-flight-client-entry-loader
2025-09-20T01:42:37.241Z next:jsconfig-paths-plugin moduleName did not match any paths pattern next-flight-client-entry-loader
2025-09-20T01:42:37.241Z next:jsconfig-paths-plugin moduleName did not match any paths pattern next-flight-client-entry-loader
2025-09-20T01:42:37.241Z next:jsconfig-paths-plugin moduleName did not match any paths pattern next-flight-client-entry-loader
2025-09-20T01:42:37.241Z next:jsconfig-paths-plugin moduleName did not match any paths pattern next-flight-client-entry-loader
2025-09-20T01:42:37.241Z next:jsconfig-paths-plugin moduleName did not match any paths pattern next-flight-client-entry-loader
2025-09-20T01:42:37.241Z next:jsconfig-paths-plugin moduleName did not match any paths pattern next-flight-client-entry-loader
2025-09-20T01:42:37.241Z next:jsconfig-paths-plugin moduleName did not match any paths pattern next-flight-client-entry-loader
2025-09-20T01:42:37.241Z next:jsconfig-paths-plugin moduleName did not match any paths pattern next-flight-client-entry-loader
2025-09-20T01:42:37.241Z next:jsconfig-paths-plugin moduleName did not match any paths pattern next-flight-client-entry-loader
2025-09-20T01:42:37.241Z next:jsconfig-paths-plugin moduleName did not match any paths pattern next-flight-client-entry-loader
2025-09-20T01:42:37.241Z next:jsconfig-paths-plugin moduleName did not match any paths pattern next-flight-client-entry-loader
2025-09-20T01:42:37.241Z next:jsconfig-paths-plugin moduleName did not match any paths pattern next-flight-client-entry-loader
2025-09-20T01:42:37.241Z next:jsconfig-paths-plugin moduleName did not match any paths pattern next-flight-client-entry-loader
2025-09-20T01:42:37.241Z next:jsconfig-paths-plugin moduleName did not match any paths pattern next-flight-client-entry-loader
2025-09-20T01:42:37.241Z next:jsconfig-paths-plugin moduleName did not match any paths pattern next-flight-client-entry-loader
2025-09-20T01:42:37.241Z next:jsconfig-paths-plugin moduleName did not match any paths pattern next-flight-client-entry-loader
2025-09-20T01:42:37.241Z next:jsconfig-paths-plugin moduleName did not match any paths pattern next-flight-client-entry-loader
2025-09-20T01:42:37.241Z next:jsconfig-paths-plugin moduleName did not match any paths pattern next-flight-client-entry-loader
2025-09-20T01:42:37.241Z next:jsconfig-paths-plugin moduleName did not match any paths pattern next-flight-client-entry-loader
2025-09-20T01:42:37.241Z next:jsconfig-paths-plugin moduleName did not match any paths pattern next-flight-client-entry-loader
2025-09-20T01:42:37.241Z next:jsconfig-paths-plugin moduleName did not match any paths pattern next-flight-client-entry-loader
2025-09-20T01:42:37.241Z next:jsconfig-paths-plugin moduleName did not match any paths pattern next-flight-client-entry-loader
2025-09-20T01:42:37.241Z next:jsconfig-paths-plugin moduleName did not match any paths pattern next-flight-client-entry-loader
2025-09-20T01:42:37.241Z next:jsconfig-paths-plugin moduleName did not match any paths pattern next-flight-client-entry-loader
2025-09-20T01:42:37.241Z next:jsconfig-paths-plugin moduleName did not match any paths pattern next-flight-client-entry-loader
2025-09-20T01:42:37.241Z next:jsconfig-paths-plugin moduleName did not match any paths pattern next-flight-client-entry-loader
2025-09-20T01:42:37.241Z next:jsconfig-paths-plugin moduleName did not match any paths pattern next-flight-client-entry-loader
2025-09-20T01:42:37.241Z next:jsconfig-paths-plugin moduleName did not match any paths pattern next-flight-client-entry-loader
2025-09-20T01:42:37.241Z next:jsconfig-paths-plugin moduleName did not match any paths pattern next-flight-client-entry-loader
2025-09-20T01:42:37.241Z next:jsconfig-paths-plugin moduleName did not match any paths pattern next-flight-client-entry-loader
2025-09-20T01:42:37.241Z next:jsconfig-paths-plugin moduleName did not match any paths pattern next-flight-client-entry-loader
2025-09-20T01:42:37.242Z next:jsconfig-paths-plugin moduleName did not match any paths pattern next-flight-client-entry-loader
2025-09-20T01:42:37.242Z next:jsconfig-paths-plugin moduleName did not match any paths pattern next-flight-client-entry-loader
2025-09-20T01:42:37.242Z next:jsconfig-paths-plugin moduleName did not match any paths pattern next-flight-client-entry-loader
2025-09-20T01:42:37.242Z next:jsconfig-paths-plugin moduleName did not match any paths pattern next-flight-client-entry-loader
2025-09-20T01:42:37.252Z next:jsconfig-paths-plugin moduleName did not match any paths pattern next-flight-client-entry-loader
2025-09-20T01:42:37.252Z next:jsconfig-paths-plugin moduleName did not match any paths pattern next-flight-client-entry-loader
2025-09-20T01:42:37.252Z next:jsconfig-paths-plugin moduleName did not match any paths pattern next-flight-client-entry-loader
2025-09-20T01:42:37.252Z next:jsconfig-paths-plugin moduleName did not match any paths pattern next-flight-client-entry-loader
2025-09-20T01:42:37.252Z next:jsconfig-paths-plugin moduleName did not match any paths pattern next-flight-client-entry-loader
2025-09-20T01:42:37.252Z next:jsconfig-paths-plugin moduleName did not match any paths pattern next-flight-client-entry-loader
2025-09-20T01:42:37.252Z next:jsconfig-paths-plugin moduleName did not match any paths pattern next-flight-client-entry-loader
2025-09-20T01:42:37.253Z next:jsconfig-paths-plugin moduleName did not match any paths pattern next-flight-client-entry-loader
2025-09-20T01:42:37.253Z next:jsconfig-paths-plugin moduleName did not match any paths pattern next-flight-client-entry-loader
2025-09-20T01:42:37.253Z next:jsconfig-paths-plugin moduleName did not match any paths pattern next-flight-client-entry-loader
2025-09-20T01:42:37.253Z next:jsconfig-paths-plugin moduleName did not match any paths pattern next-flight-client-entry-loader
2025-09-20T01:42:37.253Z next:jsconfig-paths-plugin moduleName did not match any paths pattern next-flight-client-entry-loader
2025-09-20T01:42:37.253Z next:jsconfig-paths-plugin moduleName did not match any paths pattern next-flight-client-entry-loader
2025-09-20T01:42:37.253Z next:jsconfig-paths-plugin moduleName did not match any paths pattern next-flight-client-entry-loader
2025-09-20T01:42:37.253Z next:jsconfig-paths-plugin moduleName did not match any paths pattern next-flight-client-entry-loader
2025-09-20T01:42:37.253Z next:jsconfig-paths-plugin moduleName did not match any paths pattern next-flight-client-entry-loader
2025-09-20T01:42:37.253Z next:jsconfig-paths-plugin moduleName did not match any paths pattern next-flight-client-entry-loader
2025-09-20T01:42:37.253Z next:jsconfig-paths-plugin moduleName did not match any paths pattern next-flight-client-entry-loader
2025-09-20T01:42:37.253Z next:jsconfig-paths-plugin moduleName did not match any paths pattern next-flight-client-entry-loader
2025-09-20T01:42:37.253Z next:jsconfig-paths-plugin moduleName did not match any paths pattern next-flight-client-entry-loader
2025-09-20T01:42:37.253Z next:jsconfig-paths-plugin moduleName did not match any paths pattern next-flight-client-entry-loader
2025-09-20T01:42:37.253Z next:jsconfig-paths-plugin moduleName did not match any paths pattern next-flight-client-entry-loader
2025-09-20T01:42:37.253Z next:jsconfig-paths-plugin moduleName did not match any paths pattern next-flight-client-entry-loader
2025-09-20T01:42:37.253Z next:jsconfig-paths-plugin moduleName did not match any paths pattern next-flight-client-entry-loader
2025-09-20T01:42:37.253Z next:jsconfig-paths-plugin moduleName did not match any paths pattern next-flight-client-entry-loader
2025-09-20T01:42:37.254Z next:jsconfig-paths-plugin moduleName did not match any paths pattern next-flight-client-entry-loader
2025-09-20T01:42:37.254Z next:jsconfig-paths-plugin moduleName did not match any paths pattern next-flight-client-entry-loader
2025-09-20T01:42:37.254Z next:jsconfig-paths-plugin moduleName did not match any paths pattern next-flight-client-entry-loader
2025-09-20T01:42:37.254Z next:jsconfig-paths-plugin moduleName did not match any paths pattern next-flight-client-entry-loader
2025-09-20T01:42:37.254Z next:jsconfig-paths-plugin moduleName did not match any paths pattern next-flight-client-entry-loader
2025-09-20T01:42:37.254Z next:jsconfig-paths-plugin moduleName did not match any paths pattern next-flight-client-entry-loader
2025-09-20T01:42:37.254Z next:jsconfig-paths-plugin moduleName did not match any paths pattern next-flight-client-entry-loader
2025-09-20T01:42:37.254Z next:jsconfig-paths-plugin moduleName did not match any paths pattern next-flight-client-entry-loader
2025-09-20T01:42:37.254Z next:jsconfig-paths-plugin moduleName did not match any paths pattern next-flight-client-entry-loader
2025-09-20T01:42:37.254Z next:jsconfig-paths-plugin moduleName did not match any paths pattern next-flight-client-entry-loader
2025-09-20T01:42:37.254Z next:jsconfig-paths-plugin moduleName did not match any paths pattern next-flight-client-entry-loader
2025-09-20T01:42:37.254Z next:jsconfig-paths-plugin moduleName did not match any paths pattern next-flight-client-entry-loader
2025-09-20T01:42:37.254Z next:jsconfig-paths-plugin moduleName did not match any paths pattern next-flight-client-entry-loader
2025-09-20T01:42:37.254Z next:jsconfig-paths-plugin moduleName did not match any paths pattern next-flight-client-entry-loader
2025-09-20T01:42:37.254Z next:jsconfig-paths-plugin moduleName did not match any paths pattern next-flight-client-entry-loader
2025-09-20T01:42:37.254Z next:jsconfig-paths-plugin moduleName did not match any paths pattern next-flight-client-entry-loader
2025-09-20T01:42:37.254Z next:jsconfig-paths-plugin moduleName did not match any paths pattern next-flight-client-entry-loader
2025-09-20T01:42:37.254Z next:jsconfig-paths-plugin moduleName did not match any paths pattern next-flight-client-entry-loader
2025-09-20T01:42:37.254Z next:jsconfig-paths-plugin moduleName did not match any paths pattern next-flight-client-entry-loader
2025-09-20T01:42:37.254Z next:jsconfig-paths-plugin moduleName did not match any paths pattern next-flight-client-entry-loader
2025-09-20T01:42:37.254Z next:jsconfig-paths-plugin moduleName did not match any paths pattern next-flight-client-entry-loader
2025-09-20T01:42:37.254Z next:jsconfig-paths-plugin moduleName did not match any paths pattern next-flight-client-entry-loader
2025-09-20T01:42:37.254Z next:jsconfig-paths-plugin moduleName did not match any paths pattern next-flight-client-entry-loader
2025-09-20T01:42:37.255Z next:jsconfig-paths-plugin moduleName did not match any paths pattern next-flight-client-entry-loader
2025-09-20T01:42:37.255Z next:jsconfig-paths-plugin moduleName did not match any paths pattern next-flight-client-entry-loader
2025-09-20T01:42:37.255Z next:jsconfig-paths-plugin moduleName did not match any paths pattern next-flight-client-entry-loader
2025-09-20T01:42:37.255Z next:jsconfig-paths-plugin moduleName did not match any paths pattern next-flight-client-entry-loader
2025-09-20T01:42:37.255Z next:jsconfig-paths-plugin moduleName did not match any paths pattern next-flight-client-entry-loader
2025-09-20T01:42:37.255Z next:jsconfig-paths-plugin moduleName did not match any paths pattern next-flight-client-entry-loader
2025-09-20T01:42:37.255Z next:jsconfig-paths-plugin moduleName did not match any paths pattern next-flight-client-entry-loader
2025-09-20T01:42:37.255Z next:jsconfig-paths-plugin moduleName did not match any paths pattern next-flight-client-entry-loader
2025-09-20T01:42:37.255Z next:jsconfig-paths-plugin moduleName did not match any paths pattern next-flight-client-entry-loader
2025-09-20T01:42:37.255Z next:jsconfig-paths-plugin moduleName did not match any paths pattern next-flight-client-entry-loader
2025-09-20T01:42:37.255Z next:jsconfig-paths-plugin moduleName did not match any paths pattern next-flight-client-entry-loader
2025-09-20T01:42:37.255Z next:jsconfig-paths-plugin moduleName did not match any paths pattern next-flight-client-entry-loader
2025-09-20T01:42:37.255Z next:jsconfig-paths-plugin moduleName did not match any paths pattern next-flight-client-entry-loader
2025-09-20T01:42:37.262Z next:jsconfig-paths-plugin moduleName did not match any paths pattern next-flight-client-entry-loader
2025-09-20T01:42:37.263Z next:jsconfig-paths-plugin moduleName did not match any paths pattern next-flight-client-entry-loader
2025-09-20T01:42:37.263Z next:jsconfig-paths-plugin moduleName did not match any paths pattern next-flight-client-entry-loader
2025-09-20T01:42:37.263Z next:jsconfig-paths-plugin moduleName did not match any paths pattern next-flight-client-entry-loader
2025-09-20T01:42:37.263Z next:jsconfig-paths-plugin moduleName did not match any paths pattern next-flight-client-entry-loader
2025-09-20T01:42:37.263Z next:jsconfig-paths-plugin moduleName did not match any paths pattern next-flight-client-entry-loader
2025-09-20T01:42:37.263Z next:jsconfig-paths-plugin moduleName did not match any paths pattern next-flight-client-entry-loader
2025-09-20T01:42:37.263Z next:jsconfig-paths-plugin moduleName did not match any paths pattern next-flight-client-entry-loader
2025-09-20T01:42:37.263Z next:jsconfig-paths-plugin moduleName did not match any paths pattern next-flight-client-entry-loader
2025-09-20T01:42:37.263Z next:jsconfig-paths-plugin moduleName did not match any paths pattern next-flight-client-entry-loader
2025-09-20T01:42:37.263Z next:jsconfig-paths-plugin moduleName did not match any paths pattern next-flight-client-entry-loader
2025-09-20T01:42:37.263Z next:jsconfig-paths-plugin moduleName did not match any paths pattern next-flight-client-entry-loader
2025-09-20T01:42:37.263Z next:jsconfig-paths-plugin moduleName did not match any paths pattern next-flight-client-entry-loader
2025-09-20T01:42:37.263Z next:jsconfig-paths-plugin moduleName did not match any paths pattern next-flight-client-entry-loader
2025-09-20T01:42:37.264Z next:jsconfig-paths-plugin moduleName did not match any paths pattern next-flight-client-entry-loader
2025-09-20T01:42:37.264Z next:jsconfig-paths-plugin moduleName did not match any paths pattern next-flight-client-entry-loader
2025-09-20T01:42:37.264Z next:jsconfig-paths-plugin moduleName did not match any paths pattern next-flight-client-entry-loader
2025-09-20T01:42:37.264Z next:jsconfig-paths-plugin moduleName did not match any paths pattern next-flight-client-entry-loader
2025-09-20T01:42:37.264Z next:jsconfig-paths-plugin moduleName did not match any paths pattern next-flight-client-entry-loader
2025-09-20T01:42:37.264Z next:jsconfig-paths-plugin moduleName did not match any paths pattern next-flight-client-entry-loader
2025-09-20T01:42:37.264Z next:jsconfig-paths-plugin moduleName did not match any paths pattern next-flight-client-entry-loader
2025-09-20T01:42:37.264Z next:jsconfig-paths-plugin moduleName did not match any paths pattern next-flight-client-entry-loader
2025-09-20T01:42:37.264Z next:jsconfig-paths-plugin moduleName did not match any paths pattern next-flight-client-entry-loader
2025-09-20T01:42:37.264Z next:jsconfig-paths-plugin moduleName did not match any paths pattern next-flight-client-entry-loader
2025-09-20T01:42:37.264Z next:jsconfig-paths-plugin moduleName did not match any paths pattern next-flight-client-entry-loader
2025-09-20T01:42:37.264Z next:jsconfig-paths-plugin moduleName did not match any paths pattern next-flight-client-entry-loader
2025-09-20T01:42:37.265Z next:jsconfig-paths-plugin moduleName did not match any paths pattern next-flight-client-entry-loader
2025-09-20T01:42:37.265Z next:jsconfig-paths-plugin moduleName did not match any paths pattern next-flight-client-entry-loader
2025-09-20T01:42:37.265Z next:jsconfig-paths-plugin moduleName did not match any paths pattern next-flight-client-entry-loader
2025-09-20T01:42:37.265Z next:jsconfig-paths-plugin moduleName did not match any paths pattern next-flight-client-entry-loader
2025-09-20T01:42:37.265Z next:jsconfig-paths-plugin moduleName did not match any paths pattern next-flight-client-entry-loader
2025-09-20T01:42:37.265Z next:jsconfig-paths-plugin moduleName did not match any paths pattern next-flight-client-entry-loader
2025-09-20T01:42:37.265Z next:jsconfig-paths-plugin moduleName did not match any paths pattern next-flight-client-entry-loader
2025-09-20T01:42:37.265Z next:jsconfig-paths-plugin moduleName did not match any paths pattern next-flight-client-entry-loader
2025-09-20T01:42:37.265Z next:jsconfig-paths-plugin moduleName did not match any paths pattern next-flight-client-entry-loader
2025-09-20T01:42:37.265Z next:jsconfig-paths-plugin moduleName did not match any paths pattern next-flight-client-entry-loader
2025-09-20T01:42:37.265Z next:jsconfig-paths-plugin moduleName did not match any paths pattern next-flight-client-entry-loader
2025-09-20T01:42:37.265Z next:jsconfig-paths-plugin moduleName did not match any paths pattern next-flight-client-entry-loader
2025-09-20T01:42:37.265Z next:jsconfig-paths-plugin moduleName did not match any paths pattern next-flight-client-entry-loader
2025-09-20T01:42:37.265Z next:jsconfig-paths-plugin moduleName did not match any paths pattern next-flight-client-entry-loader
2025-09-20T01:42:37.265Z next:jsconfig-paths-plugin moduleName did not match any paths pattern next-flight-client-entry-loader
2025-09-20T01:42:37.265Z next:jsconfig-paths-plugin moduleName did not match any paths pattern next-flight-client-entry-loader
2025-09-20T01:42:37.265Z next:jsconfig-paths-plugin moduleName did not match any paths pattern next-flight-client-entry-loader
2025-09-20T01:42:37.265Z next:jsconfig-paths-plugin moduleName did not match any paths pattern next-flight-client-entry-loader
2025-09-20T01:42:37.265Z next:jsconfig-paths-plugin moduleName did not match any paths pattern next-flight-client-entry-loader
2025-09-20T01:42:37.266Z next:jsconfig-paths-plugin moduleName did not match any paths pattern next-flight-client-entry-loader
2025-09-20T01:42:37.266Z next:jsconfig-paths-plugin moduleName did not match any paths pattern next-flight-client-entry-loader
2025-09-20T01:42:37.266Z next:jsconfig-paths-plugin moduleName did not match any paths pattern next-flight-client-entry-loader
2025-09-20T01:42:37.266Z next:jsconfig-paths-plugin moduleName did not match any paths pattern next-flight-client-entry-loader
2025-09-20T01:42:37.266Z next:jsconfig-paths-plugin moduleName did not match any paths pattern next-flight-client-entry-loader
2025-09-20T01:42:37.266Z next:jsconfig-paths-plugin moduleName did not match any paths pattern next-flight-client-entry-loader
2025-09-20T01:42:37.266Z next:jsconfig-paths-plugin moduleName did not match any paths pattern next-flight-client-entry-loader
2025-09-20T01:42:37.266Z next:jsconfig-paths-plugin moduleName did not match any paths pattern next-flight-client-entry-loader
2025-09-20T01:42:37.266Z next:jsconfig-paths-plugin moduleName did not match any paths pattern next-flight-client-entry-loader
2025-09-20T01:42:37.266Z next:jsconfig-paths-plugin moduleName did not match any paths pattern next-flight-client-entry-loader
2025-09-20T01:42:37.266Z next:jsconfig-paths-plugin moduleName did not match any paths pattern next-flight-client-entry-loader
2025-09-20T01:42:37.266Z next:jsconfig-paths-plugin moduleName did not match any paths pattern next-flight-client-entry-loader
2025-09-20T01:42:37.266Z next:jsconfig-paths-plugin moduleName did not match any paths pattern next-flight-client-entry-loader
2025-09-20T01:42:37.266Z next:jsconfig-paths-plugin moduleName did not match any paths pattern next-flight-client-entry-loader
2025-09-20T01:42:37.266Z next:jsconfig-paths-plugin moduleName did not match any paths pattern next-flight-client-entry-loader
2025-09-20T01:42:37.266Z next:jsconfig-paths-plugin moduleName did not match any paths pattern next-flight-client-entry-loader
2025-09-20T01:42:37.275Z next:jsconfig-paths-plugin moduleName did not match any paths pattern next-flight-client-entry-loader
2025-09-20T01:42:37.275Z next:jsconfig-paths-plugin moduleName did not match any paths pattern next-flight-client-entry-loader
2025-09-20T01:42:37.275Z next:jsconfig-paths-plugin moduleName did not match any paths pattern next-flight-client-entry-loader
2025-09-20T01:42:37.275Z next:jsconfig-paths-plugin moduleName did not match any paths pattern next-flight-client-entry-loader
2025-09-20T01:42:37.275Z next:jsconfig-paths-plugin moduleName did not match any paths pattern next-flight-client-entry-loader
2025-09-20T01:42:37.275Z next:jsconfig-paths-plugin moduleName did not match any paths pattern next-flight-client-entry-loader
2025-09-20T01:42:37.275Z next:jsconfig-paths-plugin moduleName did not match any paths pattern next-flight-client-entry-loader
2025-09-20T01:42:37.275Z next:jsconfig-paths-plugin moduleName did not match any paths pattern next-flight-client-entry-loader
2025-09-20T01:42:37.275Z next:jsconfig-paths-plugin moduleName did not match any paths pattern next-flight-client-entry-loader
2025-09-20T01:42:37.275Z next:jsconfig-paths-plugin moduleName did not match any paths pattern next-flight-client-entry-loader
2025-09-20T01:42:37.275Z next:jsconfig-paths-plugin moduleName did not match any paths pattern next-flight-client-entry-loader
2025-09-20T01:42:37.276Z next:jsconfig-paths-plugin moduleName did not match any paths pattern next-flight-client-entry-loader
2025-09-20T01:42:37.276Z next:jsconfig-paths-plugin moduleName did not match any paths pattern next-flight-client-entry-loader
2025-09-20T01:42:37.276Z next:jsconfig-paths-plugin moduleName did not match any paths pattern next-flight-client-entry-loader
2025-09-20T01:42:37.276Z next:jsconfig-paths-plugin moduleName did not match any paths pattern next-flight-client-entry-loader
2025-09-20T01:42:37.276Z next:jsconfig-paths-plugin moduleName did not match any paths pattern next-flight-client-entry-loader
2025-09-20T01:42:37.276Z next:jsconfig-paths-plugin moduleName did not match any paths pattern next-flight-client-entry-loader
2025-09-20T01:42:37.276Z next:jsconfig-paths-plugin moduleName did not match any paths pattern next-flight-client-entry-loader
2025-09-20T01:42:37.276Z next:jsconfig-paths-plugin moduleName did not match any paths pattern next-flight-client-entry-loader
2025-09-20T01:42:37.276Z next:jsconfig-paths-plugin moduleName did not match any paths pattern next-flight-client-entry-loader
2025-09-20T01:42:37.276Z next:jsconfig-paths-plugin moduleName did not match any paths pattern next-flight-client-entry-loader
2025-09-20T01:42:37.276Z next:jsconfig-paths-plugin moduleName did not match any paths pattern next-flight-client-entry-loader
2025-09-20T01:42:37.278Z next:jsconfig-paths-plugin moduleName did not match any paths pattern next-flight-client-entry-loader
2025-09-20T01:42:37.278Z next:jsconfig-paths-plugin moduleName did not match any paths pattern next-flight-client-entry-loader
2025-09-20T01:42:37.278Z next:jsconfig-paths-plugin moduleName did not match any paths pattern next-flight-client-entry-loader
2025-09-20T01:42:37.278Z next:jsconfig-paths-plugin moduleName did not match any paths pattern next-flight-client-entry-loader
2025-09-20T01:42:37.278Z next:jsconfig-paths-plugin moduleName did not match any paths pattern next-flight-client-entry-loader
2025-09-20T01:42:37.278Z next:jsconfig-paths-plugin moduleName did not match any paths pattern next-flight-client-entry-loader
2025-09-20T01:42:37.278Z next:jsconfig-paths-plugin moduleName did not match any paths pattern next-flight-client-entry-loader
2025-09-20T01:42:37.279Z next:jsconfig-paths-plugin moduleName did not match any paths pattern next-flight-client-entry-loader
2025-09-20T01:42:37.279Z next:jsconfig-paths-plugin moduleName did not match any paths pattern next-flight-client-entry-loader
2025-09-20T01:42:37.279Z next:jsconfig-paths-plugin moduleName did not match any paths pattern next-flight-client-entry-loader
2025-09-20T01:42:37.279Z next:jsconfig-paths-plugin moduleName did not match any paths pattern next-flight-client-entry-loader
2025-09-20T01:42:37.279Z next:jsconfig-paths-plugin moduleName did not match any paths pattern next-flight-client-entry-loader
2025-09-20T01:42:37.279Z next:jsconfig-paths-plugin moduleName did not match any paths pattern next-flight-client-entry-loader
2025-09-20T01:42:37.279Z next:jsconfig-paths-plugin moduleName did not match any paths pattern next-flight-client-entry-loader
2025-09-20T01:42:37.279Z next:jsconfig-paths-plugin moduleName did not match any paths pattern next-flight-client-entry-loader
2025-09-20T01:42:37.279Z next:jsconfig-paths-plugin moduleName did not match any paths pattern next-flight-client-entry-loader
2025-09-20T01:42:37.279Z next:jsconfig-paths-plugin moduleName did not match any paths pattern next-flight-client-entry-loader
2025-09-20T01:42:37.279Z next:jsconfig-paths-plugin moduleName did not match any paths pattern next-flight-client-entry-loader
2025-09-20T01:42:37.279Z next:jsconfig-paths-plugin moduleName did not match any paths pattern next-flight-client-entry-loader
2025-09-20T01:42:37.279Z next:jsconfig-paths-plugin moduleName did not match any paths pattern next-flight-client-entry-loader
2025-09-20T01:42:37.279Z next:jsconfig-paths-plugin moduleName did not match any paths pattern next-flight-client-entry-loader
2025-09-20T01:42:37.279Z next:jsconfig-paths-plugin moduleName did not match any paths pattern next-flight-client-entry-loader
2025-09-20T01:42:37.285Z next:jsconfig-paths-plugin moduleName did not match any paths pattern next-flight-client-entry-loader
2025-09-20T01:42:37.285Z next:jsconfig-paths-plugin moduleName did not match any paths pattern next-flight-client-entry-loader
2025-09-20T01:42:37.285Z next:jsconfig-paths-plugin moduleName did not match any paths pattern next-flight-client-entry-loader
2025-09-20T01:42:37.285Z next:jsconfig-paths-plugin moduleName did not match any paths pattern next-flight-client-entry-loader
2025-09-20T01:42:37.285Z next:jsconfig-paths-plugin moduleName did not match any paths pattern next-flight-client-entry-loader
2025-09-20T01:42:37.285Z next:jsconfig-paths-plugin moduleName did not match any paths pattern next-flight-client-entry-loader
2025-09-20T01:42:37.285Z next:jsconfig-paths-plugin moduleName did not match any paths pattern next-flight-client-entry-loader
2025-09-20T01:42:37.285Z next:jsconfig-paths-plugin moduleName did not match any paths pattern next-flight-client-entry-loader
2025-09-20T01:42:37.286Z next:jsconfig-paths-plugin moduleName did not match any paths pattern next-flight-client-entry-loader
2025-09-20T01:42:37.286Z next:jsconfig-paths-plugin moduleName did not match any paths pattern next-flight-client-entry-loader
2025-09-20T01:42:37.286Z next:jsconfig-paths-plugin moduleName did not match any paths pattern next-flight-client-entry-loader
2025-09-20T01:42:37.286Z next:jsconfig-paths-plugin moduleName did not match any paths pattern next-flight-client-entry-loader
2025-09-20T01:42:37.286Z next:jsconfig-paths-plugin moduleName did not match any paths pattern next-flight-client-entry-loader
2025-09-20T01:42:37.286Z next:jsconfig-paths-plugin moduleName did not match any paths pattern next-flight-client-entry-loader
2025-09-20T01:42:37.286Z next:jsconfig-paths-plugin moduleName did not match any paths pattern next-flight-client-entry-loader
2025-09-20T01:42:37.286Z next:jsconfig-paths-plugin moduleName did not match any paths pattern next-flight-client-entry-loader
2025-09-20T01:42:37.286Z next:jsconfig-paths-plugin moduleName did not match any paths pattern next-flight-client-entry-loader
2025-09-20T01:42:37.286Z next:jsconfig-paths-plugin moduleName did not match any paths pattern next-flight-client-entry-loader
2025-09-20T01:42:37.286Z next:jsconfig-paths-plugin moduleName did not match any paths pattern next-flight-client-entry-loader
2025-09-20T01:42:37.286Z next:jsconfig-paths-plugin moduleName did not match any paths pattern next-flight-client-entry-loader
2025-09-20T01:42:37.286Z next:jsconfig-paths-plugin moduleName did not match any paths pattern next-flight-client-entry-loader
2025-09-20T01:42:37.286Z next:jsconfig-paths-plugin moduleName did not match any paths pattern next-flight-client-entry-loader
2025-09-20T01:42:37.287Z next:jsconfig-paths-plugin moduleName did not match any paths pattern next-flight-client-entry-loader
2025-09-20T01:42:37.287Z next:jsconfig-paths-plugin moduleName did not match any paths pattern next-flight-client-entry-loader
2025-09-20T01:42:37.287Z next:jsconfig-paths-plugin moduleName did not match any paths pattern next-flight-client-entry-loader
2025-09-20T01:42:37.287Z next:jsconfig-paths-plugin moduleName did not match any paths pattern next-flight-client-entry-loader
2025-09-20T01:42:37.287Z next:jsconfig-paths-plugin moduleName did not match any paths pattern next-flight-client-entry-loader
2025-09-20T01:42:37.287Z next:jsconfig-paths-plugin moduleName did not match any paths pattern next-flight-client-entry-loader
2025-09-20T01:42:37.287Z next:jsconfig-paths-plugin moduleName did not match any paths pattern next-flight-client-entry-loader
2025-09-20T01:42:37.287Z next:jsconfig-paths-plugin moduleName did not match any paths pattern next-flight-client-entry-loader
2025-09-20T01:42:37.287Z next:jsconfig-paths-plugin moduleName did not match any paths pattern next-flight-client-entry-loader
2025-09-20T01:42:37.287Z next:jsconfig-paths-plugin moduleName did not match any paths pattern next-flight-client-entry-loader
2025-09-20T01:42:37.287Z next:jsconfig-paths-plugin moduleName did not match any paths pattern next-flight-client-entry-loader
2025-09-20T01:42:37.287Z next:jsconfig-paths-plugin moduleName did not match any paths pattern next-flight-client-entry-loader
2025-09-20T01:42:37.287Z next:jsconfig-paths-plugin moduleName did not match any paths pattern next-flight-client-entry-loader
2025-09-20T01:42:37.287Z next:jsconfig-paths-plugin moduleName did not match any paths pattern next-flight-client-entry-loader
2025-09-20T01:42:37.287Z next:jsconfig-paths-plugin moduleName did not match any paths pattern next-flight-client-entry-loader
2025-09-20T01:42:37.287Z next:jsconfig-paths-plugin moduleName did not match any paths pattern next-flight-client-entry-loader
2025-09-20T01:42:37.287Z next:jsconfig-paths-plugin moduleName did not match any paths pattern next-flight-client-entry-loader
2025-09-20T01:42:37.287Z next:jsconfig-paths-plugin moduleName did not match any paths pattern next-flight-client-entry-loader
2025-09-20T01:42:37.287Z next:jsconfig-paths-plugin moduleName did not match any paths pattern next-flight-client-entry-loader
2025-09-20T01:42:37.288Z next:jsconfig-paths-plugin moduleName did not match any paths pattern next-flight-client-entry-loader
2025-09-20T01:42:37.288Z next:jsconfig-paths-plugin moduleName did not match any paths pattern next-flight-client-entry-loader
2025-09-20T01:42:37.288Z next:jsconfig-paths-plugin moduleName did not match any paths pattern next-flight-client-entry-loader
2025-09-20T01:42:37.288Z next:jsconfig-paths-plugin moduleName did not match any paths pattern next-flight-client-entry-loader
2025-09-20T01:42:37.288Z next:jsconfig-paths-plugin moduleName did not match any paths pattern next-flight-client-entry-loader
2025-09-20T01:42:37.288Z next:jsconfig-paths-plugin moduleName did not match any paths pattern next-flight-client-entry-loader
2025-09-20T01:42:37.288Z next:jsconfig-paths-plugin moduleName did not match any paths pattern next-flight-client-entry-loader
2025-09-20T01:42:37.288Z next:jsconfig-paths-plugin moduleName did not match any paths pattern next-flight-client-entry-loader
2025-09-20T01:42:37.288Z next:jsconfig-paths-plugin moduleName did not match any paths pattern next-flight-client-entry-loader
2025-09-20T01:42:37.288Z next:jsconfig-paths-plugin moduleName did not match any paths pattern next-flight-client-entry-loader
2025-09-20T01:42:37.288Z next:jsconfig-paths-plugin moduleName did not match any paths pattern next-flight-client-entry-loader
2025-09-20T01:42:37.288Z next:jsconfig-paths-plugin moduleName did not match any paths pattern next-flight-client-entry-loader
2025-09-20T01:42:37.288Z next:jsconfig-paths-plugin moduleName did not match any paths pattern next-flight-client-entry-loader
2025-09-20T01:42:37.288Z next:jsconfig-paths-plugin moduleName did not match any paths pattern next-flight-client-entry-loader
2025-09-20T01:42:37.288Z next:jsconfig-paths-plugin moduleName did not match any paths pattern next-flight-client-entry-loader
2025-09-20T01:42:37.288Z next:jsconfig-paths-plugin moduleName did not match any paths pattern next-flight-client-entry-loader
2025-09-20T01:42:37.288Z next:jsconfig-paths-plugin moduleName did not match any paths pattern next-flight-client-entry-loader
2025-09-20T01:42:37.288Z next:jsconfig-paths-plugin moduleName did not match any paths pattern next-flight-client-entry-loader
2025-09-20T01:42:37.288Z next:jsconfig-paths-plugin moduleName did not match any paths pattern next-flight-client-entry-loader
2025-09-20T01:42:37.288Z next:jsconfig-paths-plugin moduleName did not match any paths pattern next-flight-client-entry-loader
2025-09-20T01:42:37.288Z next:jsconfig-paths-plugin moduleName did not match any paths pattern next-flight-client-entry-loader
2025-09-20T01:42:37.288Z next:jsconfig-paths-plugin moduleName did not match any paths pattern next-flight-client-entry-loader
2025-09-20T01:42:37.297Z next:jsconfig-paths-plugin moduleName did not match any paths pattern next-flight-client-entry-loader
2025-09-20T01:42:37.297Z next:jsconfig-paths-plugin moduleName did not match any paths pattern next-flight-client-entry-loader
2025-09-20T01:42:37.297Z next:jsconfig-paths-plugin moduleName did not match any paths pattern next-flight-client-entry-loader
2025-09-20T01:42:37.297Z next:jsconfig-paths-plugin moduleName did not match any paths pattern next-flight-client-entry-loader
2025-09-20T01:42:37.297Z next:jsconfig-paths-plugin moduleName did not match any paths pattern next-flight-client-entry-loader
2025-09-20T01:42:37.297Z next:jsconfig-paths-plugin moduleName did not match any paths pattern next-flight-client-entry-loader
2025-09-20T01:42:37.297Z next:jsconfig-paths-plugin moduleName did not match any paths pattern next-flight-client-entry-loader
2025-09-20T01:42:37.297Z next:jsconfig-paths-plugin moduleName did not match any paths pattern next-flight-client-entry-loader
2025-09-20T01:42:37.297Z next:jsconfig-paths-plugin moduleName did not match any paths pattern next-flight-client-entry-loader
2025-09-20T01:42:37.297Z next:jsconfig-paths-plugin moduleName did not match any paths pattern next-flight-client-entry-loader
2025-09-20T01:42:37.297Z next:jsconfig-paths-plugin moduleName did not match any paths pattern next-flight-client-entry-loader
2025-09-20T01:42:37.297Z next:jsconfig-paths-plugin moduleName did not match any paths pattern next-flight-client-entry-loader
2025-09-20T01:42:37.297Z next:jsconfig-paths-plugin moduleName did not match any paths pattern next-flight-client-entry-loader
2025-09-20T01:42:37.297Z next:jsconfig-paths-plugin moduleName did not match any paths pattern next-flight-client-entry-loader
2025-09-20T01:42:37.297Z next:jsconfig-paths-plugin moduleName did not match any paths pattern next-flight-client-entry-loader
2025-09-20T01:42:37.297Z next:jsconfig-paths-plugin moduleName did not match any paths pattern next-flight-client-entry-loader
2025-09-20T01:42:37.297Z next:jsconfig-paths-plugin moduleName did not match any paths pattern next-flight-client-entry-loader
2025-09-20T01:42:37.297Z next:jsconfig-paths-plugin moduleName did not match any paths pattern next-flight-client-entry-loader
2025-09-20T01:42:37.298Z next:jsconfig-paths-plugin moduleName did not match any paths pattern next-flight-client-entry-loader
2025-09-20T01:42:37.298Z next:jsconfig-paths-plugin moduleName did not match any paths pattern next-flight-client-entry-loader
2025-09-20T01:42:37.298Z next:jsconfig-paths-plugin moduleName did not match any paths pattern next-flight-client-entry-loader
2025-09-20T01:42:37.298Z next:jsconfig-paths-plugin moduleName did not match any paths pattern next-flight-client-entry-loader
2025-09-20T01:42:37.298Z next:jsconfig-paths-plugin moduleName did not match any paths pattern next-flight-client-entry-loader
2025-09-20T01:42:37.298Z next:jsconfig-paths-plugin moduleName did not match any paths pattern next-flight-client-entry-loader
2025-09-20T01:42:37.298Z next:jsconfig-paths-plugin moduleName did not match any paths pattern next-flight-client-entry-loader
2025-09-20T01:42:37.298Z next:jsconfig-paths-plugin moduleName did not match any paths pattern next-flight-client-entry-loader
2025-09-20T01:42:37.298Z next:jsconfig-paths-plugin moduleName did not match any paths pattern next-flight-client-entry-loader
2025-09-20T01:42:37.298Z next:jsconfig-paths-plugin moduleName did not match any paths pattern next-flight-client-entry-loader
2025-09-20T01:42:37.298Z next:jsconfig-paths-plugin moduleName did not match any paths pattern next-flight-client-entry-loader
2025-09-20T01:42:37.298Z next:jsconfig-paths-plugin moduleName did not match any paths pattern next-flight-client-entry-loader
2025-09-20T01:42:37.298Z next:jsconfig-paths-plugin moduleName did not match any paths pattern next-flight-client-entry-loader
2025-09-20T01:42:37.298Z next:jsconfig-paths-plugin moduleName did not match any paths pattern next-flight-client-entry-loader
2025-09-20T01:42:37.298Z next:jsconfig-paths-plugin moduleName did not match any paths pattern next-flight-client-entry-loader
2025-09-20T01:42:37.298Z next:jsconfig-paths-plugin moduleName did not match any paths pattern next-flight-client-entry-loader
2025-09-20T01:42:37.298Z next:jsconfig-paths-plugin moduleName did not match any paths pattern next-flight-client-entry-loader
2025-09-20T01:42:37.298Z next:jsconfig-paths-plugin moduleName did not match any paths pattern next-flight-client-entry-loader
2025-09-20T01:42:37.298Z next:jsconfig-paths-plugin moduleName did not match any paths pattern next-flight-client-entry-loader
2025-09-20T01:42:37.298Z next:jsconfig-paths-plugin moduleName did not match any paths pattern next-flight-client-entry-loader
2025-09-20T01:42:37.298Z next:jsconfig-paths-plugin moduleName did not match any paths pattern next-flight-client-entry-loader
2025-09-20T01:42:37.298Z next:jsconfig-paths-plugin moduleName did not match any paths pattern next-flight-client-entry-loader
2025-09-20T01:42:37.298Z next:jsconfig-paths-plugin moduleName did not match any paths pattern next-flight-client-entry-loader
2025-09-20T01:42:37.298Z next:jsconfig-paths-plugin moduleName did not match any paths pattern next-flight-client-entry-loader
2025-09-20T01:42:37.298Z next:jsconfig-paths-plugin moduleName did not match any paths pattern next-flight-client-entry-loader
2025-09-20T01:42:37.299Z next:jsconfig-paths-plugin moduleName did not match any paths pattern next-flight-client-entry-loader
2025-09-20T01:42:37.299Z next:jsconfig-paths-plugin moduleName did not match any paths pattern next-flight-client-entry-loader
2025-09-20T01:42:37.299Z next:jsconfig-paths-plugin moduleName did not match any paths pattern next-flight-client-entry-loader
2025-09-20T01:42:37.299Z next:jsconfig-paths-plugin moduleName did not match any paths pattern next-flight-client-entry-loader
2025-09-20T01:42:37.299Z next:jsconfig-paths-plugin moduleName did not match any paths pattern next-flight-client-entry-loader
2025-09-20T01:42:37.299Z next:jsconfig-paths-plugin moduleName did not match any paths pattern next-flight-client-entry-loader
2025-09-20T01:42:37.299Z next:jsconfig-paths-plugin moduleName did not match any paths pattern next-flight-client-entry-loader
2025-09-20T01:42:37.299Z next:jsconfig-paths-plugin moduleName did not match any paths pattern next-flight-client-entry-loader
2025-09-20T01:42:37.299Z next:jsconfig-paths-plugin moduleName did not match any paths pattern next-flight-client-entry-loader
2025-09-20T01:42:37.299Z next:jsconfig-paths-plugin moduleName did not match any paths pattern next-flight-client-entry-loader
2025-09-20T01:42:37.300Z next:jsconfig-paths-plugin moduleName did not match any paths pattern next-flight-client-entry-loader
2025-09-20T01:42:37.300Z next:jsconfig-paths-plugin moduleName did not match any paths pattern next-flight-client-entry-loader
2025-09-20T01:42:37.300Z next:jsconfig-paths-plugin moduleName did not match any paths pattern next-flight-client-entry-loader
2025-09-20T01:42:37.300Z next:jsconfig-paths-plugin moduleName did not match any paths pattern next-flight-client-entry-loader
2025-09-20T01:42:37.300Z next:jsconfig-paths-plugin moduleName did not match any paths pattern next-flight-client-entry-loader
2025-09-20T01:42:37.300Z next:jsconfig-paths-plugin moduleName did not match any paths pattern next-flight-client-entry-loader
2025-09-20T01:42:37.300Z next:jsconfig-paths-plugin moduleName did not match any paths pattern next-flight-client-entry-loader
2025-09-20T01:42:37.300Z next:jsconfig-paths-plugin moduleName did not match any paths pattern next-flight-client-entry-loader
2025-09-20T01:42:37.300Z next:jsconfig-paths-plugin moduleName did not match any paths pattern next-flight-client-entry-loader
2025-09-20T01:42:37.300Z next:jsconfig-paths-plugin moduleName did not match any paths pattern next-flight-client-entry-loader
2025-09-20T01:42:37.309Z next:jsconfig-paths-plugin moduleName did not match any paths pattern next-flight-client-entry-loader
2025-09-20T01:42:37.309Z next:jsconfig-paths-plugin moduleName did not match any paths pattern next-flight-client-entry-loader
2025-09-20T01:42:37.309Z next:jsconfig-paths-plugin moduleName did not match any paths pattern next-flight-client-entry-loader
2025-09-20T01:42:37.309Z next:jsconfig-paths-plugin moduleName did not match any paths pattern next-flight-client-entry-loader
2025-09-20T01:42:37.309Z next:jsconfig-paths-plugin moduleName did not match any paths pattern next-flight-client-entry-loader
2025-09-20T01:42:37.309Z next:jsconfig-paths-plugin moduleName did not match any paths pattern next-flight-client-entry-loader
2025-09-20T01:42:37.309Z next:jsconfig-paths-plugin moduleName did not match any paths pattern next-flight-client-entry-loader
2025-09-20T01:42:37.309Z next:jsconfig-paths-plugin moduleName did not match any paths pattern next-flight-client-entry-loader
2025-09-20T01:42:37.309Z next:jsconfig-paths-plugin moduleName did not match any paths pattern next-flight-client-entry-loader
2025-09-20T01:42:37.309Z next:jsconfig-paths-plugin moduleName did not match any paths pattern next-flight-client-entry-loader
2025-09-20T01:42:37.309Z next:jsconfig-paths-plugin moduleName did not match any paths pattern next-flight-client-entry-loader
2025-09-20T01:42:37.309Z next:jsconfig-paths-plugin moduleName did not match any paths pattern next-flight-client-entry-loader
2025-09-20T01:42:37.309Z next:jsconfig-paths-plugin moduleName did not match any paths pattern next-flight-client-entry-loader
2025-09-20T01:42:37.309Z next:jsconfig-paths-plugin moduleName did not match any paths pattern next-flight-client-entry-loader
2025-09-20T01:42:37.309Z next:jsconfig-paths-plugin moduleName did not match any paths pattern next-flight-client-entry-loader
2025-09-20T01:42:37.309Z next:jsconfig-paths-plugin moduleName did not match any paths pattern next-flight-client-entry-loader
2025-09-20T01:42:37.309Z next:jsconfig-paths-plugin moduleName did not match any paths pattern next-flight-client-entry-loader
2025-09-20T01:42:37.309Z next:jsconfig-paths-plugin moduleName did not match any paths pattern next-flight-client-entry-loader
2025-09-20T01:42:37.310Z next:jsconfig-paths-plugin moduleName did not match any paths pattern next-flight-client-entry-loader
2025-09-20T01:42:37.310Z next:jsconfig-paths-plugin moduleName did not match any paths pattern next-flight-client-entry-loader
2025-09-20T01:42:37.310Z next:jsconfig-paths-plugin moduleName did not match any paths pattern next-flight-client-entry-loader
2025-09-20T01:42:37.310Z next:jsconfig-paths-plugin moduleName did not match any paths pattern next-flight-client-entry-loader
2025-09-20T01:42:37.310Z next:jsconfig-paths-plugin moduleName did not match any paths pattern next-flight-client-entry-loader
2025-09-20T01:42:37.310Z next:jsconfig-paths-plugin moduleName did not match any paths pattern next-flight-client-entry-loader
2025-09-20T01:42:37.310Z next:jsconfig-paths-plugin moduleName did not match any paths pattern next-flight-client-entry-loader
2025-09-20T01:42:37.310Z next:jsconfig-paths-plugin moduleName did not match any paths pattern next-flight-client-entry-loader
2025-09-20T01:42:37.312Z next:jsconfig-paths-plugin moduleName did not match any paths pattern next-flight-client-entry-loader
2025-09-20T01:42:37.312Z next:jsconfig-paths-plugin moduleName did not match any paths pattern next-flight-client-entry-loader
2025-09-20T01:42:37.312Z next:jsconfig-paths-plugin moduleName did not match any paths pattern next-flight-client-entry-loader
2025-09-20T01:42:37.312Z next:jsconfig-paths-plugin moduleName did not match any paths pattern next-flight-client-entry-loader
2025-09-20T01:42:37.312Z next:jsconfig-paths-plugin moduleName did not match any paths pattern next-flight-client-entry-loader
2025-09-20T01:42:37.312Z next:jsconfig-paths-plugin moduleName did not match any paths pattern next-flight-client-entry-loader
2025-09-20T01:42:37.312Z next:jsconfig-paths-plugin moduleName did not match any paths pattern next-flight-client-entry-loader
2025-09-20T01:42:37.312Z next:jsconfig-paths-plugin moduleName did not match any paths pattern next-flight-client-entry-loader
2025-09-20T01:42:37.312Z next:jsconfig-paths-plugin moduleName did not match any paths pattern next-flight-client-entry-loader
2025-09-20T01:42:37.312Z next:jsconfig-paths-plugin moduleName did not match any paths pattern next-flight-client-entry-loader
2025-09-20T01:42:37.312Z next:jsconfig-paths-plugin moduleName did not match any paths pattern next-flight-client-entry-loader
2025-09-20T01:42:37.312Z next:jsconfig-paths-plugin moduleName did not match any paths pattern next-flight-client-entry-loader
2025-09-20T01:42:37.312Z next:jsconfig-paths-plugin moduleName did not match any paths pattern next-flight-client-entry-loader
2025-09-20T01:42:37.312Z next:jsconfig-paths-plugin moduleName did not match any paths pattern next-flight-client-entry-loader
2025-09-20T01:42:37.312Z next:jsconfig-paths-plugin moduleName did not match any paths pattern next-flight-client-entry-loader
2025-09-20T01:42:37.312Z next:jsconfig-paths-plugin moduleName did not match any paths pattern next-flight-client-entry-loader
2025-09-20T01:42:37.313Z next:jsconfig-paths-plugin moduleName did not match any paths pattern next-flight-client-entry-loader
2025-09-20T01:42:37.313Z next:jsconfig-paths-plugin moduleName did not match any paths pattern next-flight-client-entry-loader
2025-09-20T01:42:37.313Z next:jsconfig-paths-plugin moduleName did not match any paths pattern next-flight-client-entry-loader
2025-09-20T01:42:37.313Z next:jsconfig-paths-plugin moduleName did not match any paths pattern next-flight-client-entry-loader
2025-09-20T01:42:37.313Z next:jsconfig-paths-plugin moduleName did not match any paths pattern next-flight-client-entry-loader
2025-09-20T01:42:37.313Z next:jsconfig-paths-plugin moduleName did not match any paths pattern next-flight-client-entry-loader
2025-09-20T01:42:37.313Z next:jsconfig-paths-plugin moduleName did not match any paths pattern next-flight-client-entry-loader
2025-09-20T01:42:37.313Z next:jsconfig-paths-plugin moduleName did not match any paths pattern next-flight-client-entry-loader
2025-09-20T01:42:37.313Z next:jsconfig-paths-plugin moduleName did not match any paths pattern next-flight-client-entry-loader
2025-09-20T01:42:37.313Z next:jsconfig-paths-plugin moduleName did not match any paths pattern next-flight-client-entry-loader
2025-09-20T01:42:37.318Z next:jsconfig-paths-plugin moduleName did not match any paths pattern next-flight-client-entry-loader
2025-09-20T01:42:37.319Z next:jsconfig-paths-plugin moduleName did not match any paths pattern next-flight-client-entry-loader
2025-09-20T01:42:37.319Z next:jsconfig-paths-plugin moduleName did not match any paths pattern next-flight-client-entry-loader
2025-09-20T01:42:37.319Z next:jsconfig-paths-plugin moduleName did not match any paths pattern next-flight-client-entry-loader
2025-09-20T01:42:37.319Z next:jsconfig-paths-plugin moduleName did not match any paths pattern next-flight-client-entry-loader
2025-09-20T01:42:37.319Z next:jsconfig-paths-plugin moduleName did not match any paths pattern next-flight-client-entry-loader
2025-09-20T01:42:37.319Z next:jsconfig-paths-plugin moduleName did not match any paths pattern next-flight-client-entry-loader
2025-09-20T01:42:37.319Z next:jsconfig-paths-plugin moduleName did not match any paths pattern next-flight-client-entry-loader
2025-09-20T01:42:37.319Z next:jsconfig-paths-plugin moduleName did not match any paths pattern next-flight-client-entry-loader
2025-09-20T01:42:37.319Z next:jsconfig-paths-plugin moduleName did not match any paths pattern next-flight-client-entry-loader
2025-09-20T01:42:37.319Z next:jsconfig-paths-plugin moduleName did not match any paths pattern next-flight-client-entry-loader
2025-09-20T01:42:37.319Z next:jsconfig-paths-plugin moduleName did not match any paths pattern next-flight-client-entry-loader
2025-09-20T01:42:37.319Z next:jsconfig-paths-plugin moduleName did not match any paths pattern next-flight-client-entry-loader
2025-09-20T01:42:37.319Z next:jsconfig-paths-plugin moduleName did not match any paths pattern next-flight-client-entry-loader
2025-09-20T01:42:37.319Z next:jsconfig-paths-plugin moduleName did not match any paths pattern next-flight-client-entry-loader
2025-09-20T01:42:37.319Z next:jsconfig-paths-plugin moduleName did not match any paths pattern next-flight-client-entry-loader
2025-09-20T01:42:37.319Z next:jsconfig-paths-plugin moduleName did not match any paths pattern next-flight-client-entry-loader
2025-09-20T01:42:37.319Z next:jsconfig-paths-plugin moduleName did not match any paths pattern next-flight-client-entry-loader
2025-09-20T01:42:37.319Z next:jsconfig-paths-plugin moduleName did not match any paths pattern next-flight-client-entry-loader
2025-09-20T01:42:37.319Z next:jsconfig-paths-plugin moduleName did not match any paths pattern next-flight-client-entry-loader
2025-09-20T01:42:37.319Z next:jsconfig-paths-plugin moduleName did not match any paths pattern next-flight-client-entry-loader
2025-09-20T01:42:37.320Z next:jsconfig-paths-plugin moduleName did not match any paths pattern next-flight-client-entry-loader
2025-09-20T01:42:37.320Z next:jsconfig-paths-plugin moduleName did not match any paths pattern next-flight-client-entry-loader
2025-09-20T01:42:37.320Z next:jsconfig-paths-plugin moduleName did not match any paths pattern next-flight-client-entry-loader
2025-09-20T01:42:37.320Z next:jsconfig-paths-plugin moduleName did not match any paths pattern next-flight-client-entry-loader
2025-09-20T01:42:37.320Z next:jsconfig-paths-plugin moduleName did not match any paths pattern next-flight-client-entry-loader
2025-09-20T01:42:37.320Z next:jsconfig-paths-plugin moduleName did not match any paths pattern next-flight-client-entry-loader
2025-09-20T01:42:37.320Z next:jsconfig-paths-plugin moduleName did not match any paths pattern next-flight-client-entry-loader
2025-09-20T01:42:37.320Z next:jsconfig-paths-plugin moduleName did not match any paths pattern next-flight-client-entry-loader
2025-09-20T01:42:37.320Z next:jsconfig-paths-plugin moduleName did not match any paths pattern next-flight-client-entry-loader
2025-09-20T01:42:37.320Z next:jsconfig-paths-plugin moduleName did not match any paths pattern next-flight-client-entry-loader
2025-09-20T01:42:37.320Z next:jsconfig-paths-plugin moduleName did not match any paths pattern next-flight-client-entry-loader
2025-09-20T01:42:37.320Z next:jsconfig-paths-plugin moduleName did not match any paths pattern next-flight-client-entry-loader
2025-09-20T01:42:37.320Z next:jsconfig-paths-plugin moduleName did not match any paths pattern next-flight-client-entry-loader
2025-09-20T01:42:37.320Z next:jsconfig-paths-plugin moduleName did not match any paths pattern next-flight-client-entry-loader
2025-09-20T01:42:37.320Z next:jsconfig-paths-plugin moduleName did not match any paths pattern next-flight-client-entry-loader
2025-09-20T01:42:37.321Z next:jsconfig-paths-plugin moduleName did not match any paths pattern next-flight-client-entry-loader
2025-09-20T01:42:37.321Z next:jsconfig-paths-plugin moduleName did not match any paths pattern next-flight-client-entry-loader
2025-09-20T01:42:37.321Z next:jsconfig-paths-plugin moduleName did not match any paths pattern next-flight-client-entry-loader
2025-09-20T01:42:37.321Z next:jsconfig-paths-plugin moduleName did not match any paths pattern next-flight-client-entry-loader
2025-09-20T01:42:37.321Z next:jsconfig-paths-plugin moduleName did not match any paths pattern next-flight-client-entry-loader
2025-09-20T01:42:37.321Z next:jsconfig-paths-plugin moduleName did not match any paths pattern next-flight-client-entry-loader
2025-09-20T01:42:37.321Z next:jsconfig-paths-plugin moduleName did not match any paths pattern next-flight-client-entry-loader
2025-09-20T01:42:37.321Z next:jsconfig-paths-plugin moduleName did not match any paths pattern next-flight-client-entry-loader
2025-09-20T01:42:37.321Z next:jsconfig-paths-plugin moduleName did not match any paths pattern next-flight-client-entry-loader
2025-09-20T01:42:37.321Z next:jsconfig-paths-plugin moduleName did not match any paths pattern next-flight-client-entry-loader
2025-09-20T01:42:37.321Z next:jsconfig-paths-plugin moduleName did not match any paths pattern next-flight-client-entry-loader
2025-09-20T01:42:37.321Z next:jsconfig-paths-plugin moduleName did not match any paths pattern next-flight-client-entry-loader
2025-09-20T01:42:37.322Z next:jsconfig-paths-plugin moduleName did not match any paths pattern next-flight-client-entry-loader
2025-09-20T01:42:37.322Z next:jsconfig-paths-plugin moduleName did not match any paths pattern next-flight-client-entry-loader
2025-09-20T01:42:37.322Z next:jsconfig-paths-plugin moduleName did not match any paths pattern next-flight-client-entry-loader
2025-09-20T01:42:37.322Z next:jsconfig-paths-plugin moduleName did not match any paths pattern next-flight-client-entry-loader
2025-09-20T01:42:37.322Z next:jsconfig-paths-plugin moduleName did not match any paths pattern next-flight-client-entry-loader
2025-09-20T01:42:37.322Z next:jsconfig-paths-plugin moduleName did not match any paths pattern next-flight-client-entry-loader
2025-09-20T01:42:37.322Z next:jsconfig-paths-plugin moduleName did not match any paths pattern next-flight-client-entry-loader
2025-09-20T01:42:37.322Z next:jsconfig-paths-plugin moduleName did not match any paths pattern next-flight-client-entry-loader
2025-09-20T01:42:37.322Z next:jsconfig-paths-plugin moduleName did not match any paths pattern next-flight-client-entry-loader
2025-09-20T01:42:37.322Z next:jsconfig-paths-plugin moduleName did not match any paths pattern next-flight-client-entry-loader
2025-09-20T01:42:37.322Z next:jsconfig-paths-plugin moduleName did not match any paths pattern next-flight-client-entry-loader
2025-09-20T01:42:37.323Z next:jsconfig-paths-plugin moduleName did not match any paths pattern next-flight-client-entry-loader
2025-09-20T01:42:37.323Z next:jsconfig-paths-plugin moduleName did not match any paths pattern next-flight-client-entry-loader
2025-09-20T01:42:37.332Z next:jsconfig-paths-plugin moduleName did not match any paths pattern next-flight-client-entry-loader
2025-09-20T01:42:37.332Z next:jsconfig-paths-plugin moduleName did not match any paths pattern next-flight-client-entry-loader
2025-09-20T01:42:37.332Z next:jsconfig-paths-plugin moduleName did not match any paths pattern next-flight-client-entry-loader
2025-09-20T01:42:37.333Z next:jsconfig-paths-plugin moduleName did not match any paths pattern next-flight-client-entry-loader
2025-09-20T01:42:37.333Z next:jsconfig-paths-plugin moduleName did not match any paths pattern next-flight-client-entry-loader
2025-09-20T01:42:37.333Z next:jsconfig-paths-plugin moduleName did not match any paths pattern next-flight-client-entry-loader
2025-09-20T01:42:37.333Z next:jsconfig-paths-plugin moduleName did not match any paths pattern next-flight-client-entry-loader
2025-09-20T01:42:37.333Z next:jsconfig-paths-plugin moduleName did not match any paths pattern next-flight-client-entry-loader
2025-09-20T01:42:37.333Z next:jsconfig-paths-plugin moduleName did not match any paths pattern next-flight-client-entry-loader
2025-09-20T01:42:37.333Z next:jsconfig-paths-plugin moduleName did not match any paths pattern next-flight-client-entry-loader
2025-09-20T01:42:37.333Z next:jsconfig-paths-plugin moduleName did not match any paths pattern next-flight-client-entry-loader
2025-09-20T01:42:37.333Z next:jsconfig-paths-plugin moduleName did not match any paths pattern next-flight-client-entry-loader
2025-09-20T01:42:37.333Z next:jsconfig-paths-plugin moduleName did not match any paths pattern next-flight-client-entry-loader
2025-09-20T01:42:37.333Z next:jsconfig-paths-plugin moduleName did not match any paths pattern next-flight-client-entry-loader
2025-09-20T01:42:37.333Z next:jsconfig-paths-plugin moduleName did not match any paths pattern next-flight-client-entry-loader
2025-09-20T01:42:37.333Z next:jsconfig-paths-plugin moduleName did not match any paths pattern next-flight-client-entry-loader
2025-09-20T01:42:37.333Z next:jsconfig-paths-plugin moduleName did not match any paths pattern next-flight-client-entry-loader
2025-09-20T01:42:37.333Z next:jsconfig-paths-plugin moduleName did not match any paths pattern next-flight-client-entry-loader
2025-09-20T01:42:37.333Z next:jsconfig-paths-plugin moduleName did not match any paths pattern next-flight-client-entry-loader
2025-09-20T01:42:37.333Z next:jsconfig-paths-plugin moduleName did not match any paths pattern next-flight-client-entry-loader
2025-09-20T01:42:37.333Z next:jsconfig-paths-plugin moduleName did not match any paths pattern next-flight-client-entry-loader
2025-09-20T01:42:37.333Z next:jsconfig-paths-plugin moduleName did not match any paths pattern next-flight-client-entry-loader
2025-09-20T01:42:37.333Z next:jsconfig-paths-plugin moduleName did not match any paths pattern next-flight-client-entry-loader
2025-09-20T01:42:37.333Z next:jsconfig-paths-plugin moduleName did not match any paths pattern next-flight-client-entry-loader
2025-09-20T01:42:37.333Z next:jsconfig-paths-plugin moduleName did not match any paths pattern next-flight-client-entry-loader
2025-09-20T01:42:37.333Z next:jsconfig-paths-plugin moduleName did not match any paths pattern next-flight-client-entry-loader
2025-09-20T01:42:37.333Z next:jsconfig-paths-plugin moduleName did not match any paths pattern next-flight-client-entry-loader
2025-09-20T01:42:37.333Z next:jsconfig-paths-plugin moduleName did not match any paths pattern next-flight-client-entry-loader
2025-09-20T01:42:37.333Z next:jsconfig-paths-plugin moduleName did not match any paths pattern next-flight-client-entry-loader
2025-09-20T01:42:37.333Z next:jsconfig-paths-plugin moduleName did not match any paths pattern next-flight-client-entry-loader
2025-09-20T01:42:37.333Z next:jsconfig-paths-plugin moduleName did not match any paths pattern next-flight-client-entry-loader
2025-09-20T01:42:37.333Z next:jsconfig-paths-plugin moduleName did not match any paths pattern next-flight-client-entry-loader
2025-09-20T01:42:37.334Z next:jsconfig-paths-plugin moduleName did not match any paths pattern next-flight-client-entry-loader
2025-09-20T01:42:37.334Z next:jsconfig-paths-plugin moduleName did not match any paths pattern next-flight-client-entry-loader
2025-09-20T01:42:37.334Z next:jsconfig-paths-plugin moduleName did not match any paths pattern next-flight-client-entry-loader
2025-09-20T01:42:37.334Z next:jsconfig-paths-plugin moduleName did not match any paths pattern next-flight-client-entry-loader
2025-09-20T01:42:37.334Z next:jsconfig-paths-plugin moduleName did not match any paths pattern next-flight-client-entry-loader
2025-09-20T01:42:37.334Z next:jsconfig-paths-plugin moduleName did not match any paths pattern next-flight-client-entry-loader
2025-09-20T01:42:37.334Z next:jsconfig-paths-plugin moduleName did not match any paths pattern next-flight-client-entry-loader
2025-09-20T01:42:37.334Z next:jsconfig-paths-plugin moduleName did not match any paths pattern next-flight-client-entry-loader
2025-09-20T01:42:37.334Z next:jsconfig-paths-plugin moduleName did not match any paths pattern next-flight-client-entry-loader
2025-09-20T01:42:37.334Z next:jsconfig-paths-plugin moduleName did not match any paths pattern next-flight-client-entry-loader
2025-09-20T01:42:37.334Z next:jsconfig-paths-plugin moduleName did not match any paths pattern next-flight-client-entry-loader
2025-09-20T01:42:37.334Z next:jsconfig-paths-plugin moduleName did not match any paths pattern next-flight-client-entry-loader
2025-09-20T01:42:37.334Z next:jsconfig-paths-plugin moduleName did not match any paths pattern next-flight-client-entry-loader
2025-09-20T01:42:37.334Z next:jsconfig-paths-plugin moduleName did not match any paths pattern next-flight-client-entry-loader
2025-09-20T01:42:37.334Z next:jsconfig-paths-plugin moduleName did not match any paths pattern next-flight-client-entry-loader
2025-09-20T01:42:37.334Z next:jsconfig-paths-plugin moduleName did not match any paths pattern next-flight-client-entry-loader
2025-09-20T01:42:37.335Z next:jsconfig-paths-plugin moduleName did not match any paths pattern next-flight-client-entry-loader
2025-09-20T01:42:37.335Z next:jsconfig-paths-plugin moduleName did not match any paths pattern next-flight-client-entry-loader
2025-09-20T01:42:37.335Z next:jsconfig-paths-plugin moduleName did not match any paths pattern next-flight-client-entry-loader
2025-09-20T01:42:37.335Z next:jsconfig-paths-plugin moduleName did not match any paths pattern next-flight-client-entry-loader
2025-09-20T01:42:37.335Z next:jsconfig-paths-plugin moduleName did not match any paths pattern next-flight-client-entry-loader
2025-09-20T01:42:37.335Z next:jsconfig-paths-plugin moduleName did not match any paths pattern next-flight-client-entry-loader
2025-09-20T01:42:37.335Z next:jsconfig-paths-plugin moduleName did not match any paths pattern next-flight-client-entry-loader
2025-09-20T01:42:37.335Z next:jsconfig-paths-plugin moduleName did not match any paths pattern next-flight-client-entry-loader
2025-09-20T01:42:37.335Z next:jsconfig-paths-plugin moduleName did not match any paths pattern next-flight-client-entry-loader
2025-09-20T01:42:37.335Z next:jsconfig-paths-plugin moduleName did not match any paths pattern next-flight-client-entry-loader
2025-09-20T01:42:37.335Z next:jsconfig-paths-plugin moduleName did not match any paths pattern next-flight-client-entry-loader
2025-09-20T01:42:37.335Z next:jsconfig-paths-plugin moduleName did not match any paths pattern next-flight-client-entry-loader
2025-09-20T01:42:37.335Z next:jsconfig-paths-plugin moduleName did not match any paths pattern next-flight-client-entry-loader
2025-09-20T01:42:37.345Z next:jsconfig-paths-plugin moduleName did not match any paths pattern next-flight-client-entry-loader
2025-09-20T01:42:37.345Z next:jsconfig-paths-plugin moduleName did not match any paths pattern next-flight-client-entry-loader
2025-09-20T01:42:37.345Z next:jsconfig-paths-plugin moduleName did not match any paths pattern next-flight-client-entry-loader
2025-09-20T01:42:37.345Z next:jsconfig-paths-plugin moduleName did not match any paths pattern next-flight-client-entry-loader
2025-09-20T01:42:37.345Z next:jsconfig-paths-plugin moduleName did not match any paths pattern next-flight-client-entry-loader
2025-09-20T01:42:37.345Z next:jsconfig-paths-plugin moduleName did not match any paths pattern next-flight-client-entry-loader
2025-09-20T01:42:37.345Z next:jsconfig-paths-plugin moduleName did not match any paths pattern next-flight-client-entry-loader
2025-09-20T01:42:37.345Z next:jsconfig-paths-plugin moduleName did not match any paths pattern next-flight-client-entry-loader
2025-09-20T01:42:37.345Z next:jsconfig-paths-plugin moduleName did not match any paths pattern next-flight-client-entry-loader
2025-09-20T01:42:37.345Z next:jsconfig-paths-plugin moduleName did not match any paths pattern next-flight-client-entry-loader
2025-09-20T01:42:37.345Z next:jsconfig-paths-plugin moduleName did not match any paths pattern next-flight-client-entry-loader
2025-09-20T01:42:37.346Z next:jsconfig-paths-plugin moduleName did not match any paths pattern next-flight-client-entry-loader
2025-09-20T01:42:37.346Z next:jsconfig-paths-plugin moduleName did not match any paths pattern next-flight-client-entry-loader
2025-09-20T01:42:37.346Z next:jsconfig-paths-plugin moduleName did not match any paths pattern next-flight-client-entry-loader
2025-09-20T01:42:37.346Z next:jsconfig-paths-plugin moduleName did not match any paths pattern next-flight-client-entry-loader
2025-09-20T01:42:37.346Z next:jsconfig-paths-plugin moduleName did not match any paths pattern next-flight-client-entry-loader
2025-09-20T01:42:37.346Z next:jsconfig-paths-plugin moduleName did not match any paths pattern next-flight-client-entry-loader
2025-09-20T01:42:37.346Z next:jsconfig-paths-plugin moduleName did not match any paths pattern next-flight-client-entry-loader
2025-09-20T01:42:37.346Z next:jsconfig-paths-plugin moduleName did not match any paths pattern next-flight-client-entry-loader
2025-09-20T01:42:37.346Z next:jsconfig-paths-plugin moduleName did not match any paths pattern next-flight-client-entry-loader
2025-09-20T01:42:37.346Z next:jsconfig-paths-plugin moduleName did not match any paths pattern next-flight-client-entry-loader
2025-09-20T01:42:37.346Z next:jsconfig-paths-plugin moduleName did not match any paths pattern next-flight-client-entry-loader
2025-09-20T01:42:37.346Z next:jsconfig-paths-plugin moduleName did not match any paths pattern next-flight-client-entry-loader
2025-09-20T01:42:37.346Z next:jsconfig-paths-plugin moduleName did not match any paths pattern next-flight-client-entry-loader
2025-09-20T01:42:37.346Z next:jsconfig-paths-plugin moduleName did not match any paths pattern next-flight-client-entry-loader
2025-09-20T01:42:37.346Z next:jsconfig-paths-plugin moduleName did not match any paths pattern next-flight-client-entry-loader
2025-09-20T01:42:37.348Z next:jsconfig-paths-plugin moduleName did not match any paths pattern next-flight-client-entry-loader
2025-09-20T01:42:37.348Z next:jsconfig-paths-plugin moduleName did not match any paths pattern next-flight-client-entry-loader
2025-09-20T01:42:37.348Z next:jsconfig-paths-plugin moduleName did not match any paths pattern next-flight-client-entry-loader
2025-09-20T01:42:37.348Z next:jsconfig-paths-plugin moduleName did not match any paths pattern next-flight-client-entry-loader
2025-09-20T01:42:37.348Z next:jsconfig-paths-plugin moduleName did not match any paths pattern next-flight-client-entry-loader
2025-09-20T01:42:37.348Z next:jsconfig-paths-plugin moduleName did not match any paths pattern next-flight-client-entry-loader
2025-09-20T01:42:37.348Z next:jsconfig-paths-plugin moduleName did not match any paths pattern next-flight-client-entry-loader
2025-09-20T01:42:37.348Z next:jsconfig-paths-plugin moduleName did not match any paths pattern next-flight-client-entry-loader
2025-09-20T01:42:37.348Z next:jsconfig-paths-plugin moduleName did not match any paths pattern next-flight-client-entry-loader
2025-09-20T01:42:37.348Z next:jsconfig-paths-plugin moduleName did not match any paths pattern next-flight-client-entry-loader
2025-09-20T01:42:37.349Z next:jsconfig-paths-plugin moduleName did not match any paths pattern next-flight-client-entry-loader
2025-09-20T01:42:37.349Z next:jsconfig-paths-plugin moduleName did not match any paths pattern next-flight-client-entry-loader
2025-09-20T01:42:37.349Z next:jsconfig-paths-plugin moduleName did not match any paths pattern next-flight-client-entry-loader
2025-09-20T01:42:37.349Z next:jsconfig-paths-plugin moduleName did not match any paths pattern next-flight-client-entry-loader
2025-09-20T01:42:37.349Z next:jsconfig-paths-plugin moduleName did not match any paths pattern next-flight-client-entry-loader
2025-09-20T01:42:37.349Z next:jsconfig-paths-plugin moduleName did not match any paths pattern next-flight-client-entry-loader
2025-09-20T01:42:37.349Z next:jsconfig-paths-plugin moduleName did not match any paths pattern next-flight-client-entry-loader
2025-09-20T01:42:37.349Z next:jsconfig-paths-plugin moduleName did not match any paths pattern next-flight-client-entry-loader
2025-09-20T01:42:37.349Z next:jsconfig-paths-plugin moduleName did not match any paths pattern next-flight-client-entry-loader
2025-09-20T01:42:37.349Z next:jsconfig-paths-plugin moduleName did not match any paths pattern next-flight-client-entry-loader
2025-09-20T01:42:37.349Z next:jsconfig-paths-plugin moduleName did not match any paths pattern next-flight-client-entry-loader
2025-09-20T01:42:37.349Z next:jsconfig-paths-plugin moduleName did not match any paths pattern next-flight-client-entry-loader
2025-09-20T01:42:37.349Z next:jsconfig-paths-plugin moduleName did not match any paths pattern next-flight-client-entry-loader
2025-09-20T01:42:37.349Z next:jsconfig-paths-plugin moduleName did not match any paths pattern next-flight-client-entry-loader
2025-09-20T01:42:37.349Z next:jsconfig-paths-plugin moduleName did not match any paths pattern next-flight-client-entry-loader
2025-09-20T01:42:37.349Z next:jsconfig-paths-plugin moduleName did not match any paths pattern next-flight-client-entry-loader
2025-09-20T01:42:37.355Z next:jsconfig-paths-plugin moduleName did not match any paths pattern next-flight-client-entry-loader
2025-09-20T01:42:37.355Z next:jsconfig-paths-plugin moduleName did not match any paths pattern next-flight-client-entry-loader
2025-09-20T01:42:37.355Z next:jsconfig-paths-plugin moduleName did not match any paths pattern next-flight-client-entry-loader
2025-09-20T01:42:37.355Z next:jsconfig-paths-plugin moduleName did not match any paths pattern next-flight-client-entry-loader
2025-09-20T01:42:37.355Z next:jsconfig-paths-plugin moduleName did not match any paths pattern next-flight-client-entry-loader
2025-09-20T01:42:37.355Z next:jsconfig-paths-plugin moduleName did not match any paths pattern next-flight-client-entry-loader
2025-09-20T01:42:37.355Z next:jsconfig-paths-plugin moduleName did not match any paths pattern next-flight-client-entry-loader
2025-09-20T01:42:37.355Z next:jsconfig-paths-plugin moduleName did not match any paths pattern next-flight-client-entry-loader
2025-09-20T01:42:37.355Z next:jsconfig-paths-plugin moduleName did not match any paths pattern next-flight-client-entry-loader
2025-09-20T01:42:37.355Z next:jsconfig-paths-plugin moduleName did not match any paths pattern next-flight-client-entry-loader
2025-09-20T01:42:37.355Z next:jsconfig-paths-plugin moduleName did not match any paths pattern next-flight-client-entry-loader
2025-09-20T01:42:37.355Z next:jsconfig-paths-plugin moduleName did not match any paths pattern next-flight-client-entry-loader
2025-09-20T01:42:37.356Z next:jsconfig-paths-plugin moduleName did not match any paths pattern next-flight-client-entry-loader
2025-09-20T01:42:37.356Z next:jsconfig-paths-plugin moduleName did not match any paths pattern next-flight-client-entry-loader
2025-09-20T01:42:37.356Z next:jsconfig-paths-plugin moduleName did not match any paths pattern next-flight-client-entry-loader
2025-09-20T01:42:37.356Z next:jsconfig-paths-plugin moduleName did not match any paths pattern next-flight-client-entry-loader
2025-09-20T01:42:37.356Z next:jsconfig-paths-plugin moduleName did not match any paths pattern next-flight-client-entry-loader
2025-09-20T01:42:37.356Z next:jsconfig-paths-plugin moduleName did not match any paths pattern next-flight-client-entry-loader
2025-09-20T01:42:37.356Z next:jsconfig-paths-plugin moduleName did not match any paths pattern next-flight-client-entry-loader
2025-09-20T01:42:37.356Z next:jsconfig-paths-plugin moduleName did not match any paths pattern next-flight-client-entry-loader
2025-09-20T01:42:37.356Z next:jsconfig-paths-plugin moduleName did not match any paths pattern next-flight-client-entry-loader
2025-09-20T01:42:37.356Z next:jsconfig-paths-plugin moduleName did not match any paths pattern next-flight-client-entry-loader
2025-09-20T01:42:37.356Z next:jsconfig-paths-plugin moduleName did not match any paths pattern next-flight-client-entry-loader
2025-09-20T01:42:37.356Z next:jsconfig-paths-plugin moduleName did not match any paths pattern next-flight-client-entry-loader
2025-09-20T01:42:37.357Z next:jsconfig-paths-plugin moduleName did not match any paths pattern next-flight-client-entry-loader
2025-09-20T01:42:37.357Z next:jsconfig-paths-plugin moduleName did not match any paths pattern next-flight-client-entry-loader
2025-09-20T01:42:37.357Z next:jsconfig-paths-plugin moduleName did not match any paths pattern next-flight-client-entry-loader
2025-09-20T01:42:37.357Z next:jsconfig-paths-plugin moduleName did not match any paths pattern next-flight-client-entry-loader
2025-09-20T01:42:37.357Z next:jsconfig-paths-plugin moduleName did not match any paths pattern next-flight-client-entry-loader
2025-09-20T01:42:37.357Z next:jsconfig-paths-plugin moduleName did not match any paths pattern next-flight-client-entry-loader
2025-09-20T01:42:37.357Z next:jsconfig-paths-plugin moduleName did not match any paths pattern next-flight-client-entry-loader
2025-09-20T01:42:37.357Z next:jsconfig-paths-plugin moduleName did not match any paths pattern next-flight-client-entry-loader
2025-09-20T01:42:37.357Z next:jsconfig-paths-plugin moduleName did not match any paths pattern next-flight-client-entry-loader
2025-09-20T01:42:37.357Z next:jsconfig-paths-plugin moduleName did not match any paths pattern next-flight-client-entry-loader
2025-09-20T01:42:37.357Z next:jsconfig-paths-plugin moduleName did not match any paths pattern next-flight-client-entry-loader
2025-09-20T01:42:37.358Z next:jsconfig-paths-plugin moduleName did not match any paths pattern next-flight-client-entry-loader
2025-09-20T01:42:37.358Z next:jsconfig-paths-plugin moduleName did not match any paths pattern next-flight-client-entry-loader
2025-09-20T01:42:37.358Z next:jsconfig-paths-plugin moduleName did not match any paths pattern next-flight-client-entry-loader
2025-09-20T01:42:37.358Z next:jsconfig-paths-plugin moduleName did not match any paths pattern next-flight-client-entry-loader
2025-09-20T01:42:37.358Z next:jsconfig-paths-plugin moduleName did not match any paths pattern next-flight-client-entry-loader
2025-09-20T01:42:37.358Z next:jsconfig-paths-plugin moduleName did not match any paths pattern next-flight-client-entry-loader
2025-09-20T01:42:37.358Z next:jsconfig-paths-plugin moduleName did not match any paths pattern next-flight-client-entry-loader
2025-09-20T01:42:37.358Z next:jsconfig-paths-plugin moduleName did not match any paths pattern next-flight-client-entry-loader
2025-09-20T01:42:37.358Z next:jsconfig-paths-plugin moduleName did not match any paths pattern next-flight-client-entry-loader
2025-09-20T01:42:37.358Z next:jsconfig-paths-plugin moduleName did not match any paths pattern next-flight-client-entry-loader
2025-09-20T01:42:37.358Z next:jsconfig-paths-plugin moduleName did not match any paths pattern next-flight-client-entry-loader
2025-09-20T01:42:37.358Z next:jsconfig-paths-plugin moduleName did not match any paths pattern next-flight-client-entry-loader
2025-09-20T01:42:37.363Z next:jsconfig-paths-plugin moduleName did not match any paths pattern next-flight-client-entry-loader
2025-09-20T01:42:37.364Z next:jsconfig-paths-plugin moduleName did not match any paths pattern next-flight-client-entry-loader
2025-09-20T01:42:37.364Z next:jsconfig-paths-plugin moduleName did not match any paths pattern next-flight-client-entry-loader
2025-09-20T01:42:37.364Z next:jsconfig-paths-plugin moduleName did not match any paths pattern next-flight-client-entry-loader
2025-09-20T01:42:37.364Z next:jsconfig-paths-plugin moduleName did not match any paths pattern next-flight-client-entry-loader
2025-09-20T01:42:37.364Z next:jsconfig-paths-plugin moduleName did not match any paths pattern next-flight-client-entry-loader
2025-09-20T01:42:37.364Z next:jsconfig-paths-plugin moduleName did not match any paths pattern next-flight-client-entry-loader
2025-09-20T01:42:37.364Z next:jsconfig-paths-plugin moduleName did not match any paths pattern next-flight-client-entry-loader
2025-09-20T01:42:37.364Z next:jsconfig-paths-plugin moduleName did not match any paths pattern next-flight-client-entry-loader
2025-09-20T01:42:37.364Z next:jsconfig-paths-plugin moduleName did not match any paths pattern next-flight-client-entry-loader
2025-09-20T01:42:37.364Z next:jsconfig-paths-plugin moduleName did not match any paths pattern next-flight-client-entry-loader
2025-09-20T01:42:37.364Z next:jsconfig-paths-plugin moduleName did not match any paths pattern next-flight-client-entry-loader
2025-09-20T01:42:37.364Z next:jsconfig-paths-plugin moduleName did not match any paths pattern next-flight-client-entry-loader
2025-09-20T01:42:37.364Z next:jsconfig-paths-plugin moduleName did not match any paths pattern next-flight-client-entry-loader
2025-09-20T01:42:37.364Z next:jsconfig-paths-plugin moduleName did not match any paths pattern next-flight-client-entry-loader
2025-09-20T01:42:37.364Z next:jsconfig-paths-plugin moduleName did not match any paths pattern next-flight-client-entry-loader
2025-09-20T01:42:37.365Z next:jsconfig-paths-plugin moduleName did not match any paths pattern next-flight-client-entry-loader
2025-09-20T01:42:37.365Z next:jsconfig-paths-plugin moduleName did not match any paths pattern next-flight-client-entry-loader
2025-09-20T01:42:37.365Z next:jsconfig-paths-plugin moduleName did not match any paths pattern next-flight-client-entry-loader
2025-09-20T01:42:37.365Z next:jsconfig-paths-plugin moduleName did not match any paths pattern next-flight-client-entry-loader
2025-09-20T01:42:37.365Z next:jsconfig-paths-plugin moduleName did not match any paths pattern next-flight-client-entry-loader
2025-09-20T01:42:37.365Z next:jsconfig-paths-plugin moduleName did not match any paths pattern next-flight-client-entry-loader
2025-09-20T01:42:37.365Z next:jsconfig-paths-plugin moduleName did not match any paths pattern next-flight-client-entry-loader
2025-09-20T01:42:37.365Z next:jsconfig-paths-plugin moduleName did not match any paths pattern next-flight-client-entry-loader
2025-09-20T01:42:37.365Z next:jsconfig-paths-plugin moduleName did not match any paths pattern next-flight-client-entry-loader
2025-09-20T01:42:37.365Z next:jsconfig-paths-plugin moduleName did not match any paths pattern next-flight-client-entry-loader
2025-09-20T01:42:37.365Z next:jsconfig-paths-plugin moduleName did not match any paths pattern next-flight-client-entry-loader
2025-09-20T01:42:37.365Z next:jsconfig-paths-plugin moduleName did not match any paths pattern next-flight-client-entry-loader
2025-09-20T01:42:37.366Z next:jsconfig-paths-plugin moduleName did not match any paths pattern next-flight-client-entry-loader
2025-09-20T01:42:37.366Z next:jsconfig-paths-plugin moduleName did not match any paths pattern next-flight-client-entry-loader
2025-09-20T01:42:37.366Z next:jsconfig-paths-plugin moduleName did not match any paths pattern next-flight-client-entry-loader
2025-09-20T01:42:37.366Z next:jsconfig-paths-plugin moduleName did not match any paths pattern next-flight-client-entry-loader
2025-09-20T01:42:37.366Z next:jsconfig-paths-plugin moduleName did not match any paths pattern next-flight-client-entry-loader
2025-09-20T01:42:37.366Z next:jsconfig-paths-plugin moduleName did not match any paths pattern next-flight-client-entry-loader
2025-09-20T01:42:37.366Z next:jsconfig-paths-plugin moduleName did not match any paths pattern next-flight-client-entry-loader
2025-09-20T01:42:37.366Z next:jsconfig-paths-plugin moduleName did not match any paths pattern next-flight-client-entry-loader
2025-09-20T01:42:37.366Z next:jsconfig-paths-plugin moduleName did not match any paths pattern next-flight-client-entry-loader
2025-09-20T01:42:37.366Z next:jsconfig-paths-plugin moduleName did not match any paths pattern next-flight-client-entry-loader
2025-09-20T01:42:37.366Z next:jsconfig-paths-plugin moduleName did not match any paths pattern next-flight-client-entry-loader
2025-09-20T01:42:37.366Z next:jsconfig-paths-plugin moduleName did not match any paths pattern next-flight-client-entry-loader
2025-09-20T01:42:37.366Z next:jsconfig-paths-plugin moduleName did not match any paths pattern next-flight-client-entry-loader
2025-09-20T01:42:37.366Z next:jsconfig-paths-plugin moduleName did not match any paths pattern next-flight-client-entry-loader
2025-09-20T01:42:37.366Z next:jsconfig-paths-plugin moduleName did not match any paths pattern next-flight-client-entry-loader
2025-09-20T01:42:37.366Z next:jsconfig-paths-plugin moduleName did not match any paths pattern next-flight-client-entry-loader
2025-09-20T01:42:37.366Z next:jsconfig-paths-plugin moduleName did not match any paths pattern next-flight-client-entry-loader
2025-09-20T01:42:37.366Z next:jsconfig-paths-plugin moduleName did not match any paths pattern next-flight-client-entry-loader
2025-09-20T01:42:37.366Z next:jsconfig-paths-plugin moduleName did not match any paths pattern next-flight-client-entry-loader
2025-09-20T01:42:37.376Z next:jsconfig-paths-plugin moduleName did not match any paths pattern next-flight-client-entry-loader
2025-09-20T01:42:37.376Z next:jsconfig-paths-plugin moduleName did not match any paths pattern next-flight-client-entry-loader
2025-09-20T01:42:37.376Z next:jsconfig-paths-plugin moduleName did not match any paths pattern next-flight-client-entry-loader
2025-09-20T01:42:37.376Z next:jsconfig-paths-plugin moduleName did not match any paths pattern next-flight-client-entry-loader
2025-09-20T01:42:37.376Z next:jsconfig-paths-plugin moduleName did not match any paths pattern next-flight-client-entry-loader
2025-09-20T01:42:37.376Z next:jsconfig-paths-plugin moduleName did not match any paths pattern next-flight-client-entry-loader
2025-09-20T01:42:37.376Z next:jsconfig-paths-plugin moduleName did not match any paths pattern next-flight-client-entry-loader
2025-09-20T01:42:37.376Z next:jsconfig-paths-plugin moduleName did not match any paths pattern next-flight-client-entry-loader
2025-09-20T01:42:37.377Z next:jsconfig-paths-plugin moduleName did not match any paths pattern next-flight-client-entry-loader
2025-09-20T01:42:37.377Z next:jsconfig-paths-plugin moduleName did not match any paths pattern next-flight-client-entry-loader
2025-09-20T01:42:37.377Z next:jsconfig-paths-plugin moduleName did not match any paths pattern next-flight-client-entry-loader
2025-09-20T01:42:37.377Z next:jsconfig-paths-plugin moduleName did not match any paths pattern next-flight-client-entry-loader
2025-09-20T01:42:37.377Z next:jsconfig-paths-plugin moduleName did not match any paths pattern next-flight-client-entry-loader
2025-09-20T01:42:37.377Z next:jsconfig-paths-plugin moduleName did not match any paths pattern next-flight-client-entry-loader
2025-09-20T01:42:37.377Z next:jsconfig-paths-plugin moduleName did not match any paths pattern next-flight-client-entry-loader
2025-09-20T01:42:37.377Z next:jsconfig-paths-plugin moduleName did not match any paths pattern next-flight-client-entry-loader
2025-09-20T01:42:37.377Z next:jsconfig-paths-plugin moduleName did not match any paths pattern next-flight-client-entry-loader
2025-09-20T01:42:37.377Z next:jsconfig-paths-plugin moduleName did not match any paths pattern next-flight-client-entry-loader
2025-09-20T01:42:37.377Z next:jsconfig-paths-plugin moduleName did not match any paths pattern next-flight-client-entry-loader
2025-09-20T01:42:37.377Z next:jsconfig-paths-plugin moduleName did not match any paths pattern next-flight-client-entry-loader
2025-09-20T01:42:37.377Z next:jsconfig-paths-plugin moduleName did not match any paths pattern next-flight-client-entry-loader
2025-09-20T01:42:37.377Z next:jsconfig-paths-plugin moduleName did not match any paths pattern next-flight-client-entry-loader
2025-09-20T01:42:37.377Z next:jsconfig-paths-plugin moduleName did not match any paths pattern next-flight-client-entry-loader
2025-09-20T01:42:37.377Z next:jsconfig-paths-plugin moduleName did not match any paths pattern next-flight-client-entry-loader
2025-09-20T01:42:37.377Z next:jsconfig-paths-plugin moduleName did not match any paths pattern next-flight-client-entry-loader
2025-09-20T01:42:37.377Z next:jsconfig-paths-plugin moduleName did not match any paths pattern next-flight-client-entry-loader
2025-09-20T01:42:37.377Z next:jsconfig-paths-plugin moduleName did not match any paths pattern next-flight-client-entry-loader
2025-09-20T01:42:37.377Z next:jsconfig-paths-plugin moduleName did not match any paths pattern next-flight-client-entry-loader
2025-09-20T01:42:37.380Z next:jsconfig-paths-plugin moduleName did not match any paths pattern next-flight-client-entry-loader
2025-09-20T01:42:37.380Z next:jsconfig-paths-plugin moduleName did not match any paths pattern next-flight-client-entry-loader
2025-09-20T01:42:37.380Z next:jsconfig-paths-plugin moduleName did not match any paths pattern next-flight-client-entry-loader
2025-09-20T01:42:37.380Z next:jsconfig-paths-plugin moduleName did not match any paths pattern next-flight-client-entry-loader
2025-09-20T01:42:37.380Z next:jsconfig-paths-plugin moduleName did not match any paths pattern next-flight-client-entry-loader
2025-09-20T01:42:37.380Z next:jsconfig-paths-plugin moduleName did not match any paths pattern next-flight-client-entry-loader
2025-09-20T01:42:37.380Z next:jsconfig-paths-plugin moduleName did not match any paths pattern next-flight-client-entry-loader
2025-09-20T01:42:37.380Z next:jsconfig-paths-plugin moduleName did not match any paths pattern next-flight-client-entry-loader
2025-09-20T01:42:37.380Z next:jsconfig-paths-plugin moduleName did not match any paths pattern next-flight-client-entry-loader
2025-09-20T01:42:37.380Z next:jsconfig-paths-plugin moduleName did not match any paths pattern next-flight-client-entry-loader
2025-09-20T01:42:37.380Z next:jsconfig-paths-plugin moduleName did not match any paths pattern next-flight-client-entry-loader
2025-09-20T01:42:37.380Z next:jsconfig-paths-plugin moduleName did not match any paths pattern next-flight-client-entry-loader
2025-09-20T01:42:37.380Z next:jsconfig-paths-plugin moduleName did not match any paths pattern next-flight-client-entry-loader
2025-09-20T01:42:37.380Z next:jsconfig-paths-plugin moduleName did not match any paths pattern next-flight-client-entry-loader
2025-09-20T01:42:37.380Z next:jsconfig-paths-plugin moduleName did not match any paths pattern next-flight-client-entry-loader
2025-09-20T01:42:37.380Z next:jsconfig-paths-plugin moduleName did not match any paths pattern next-flight-client-entry-loader
2025-09-20T01:42:37.380Z next:jsconfig-paths-plugin moduleName did not match any paths pattern next-flight-client-entry-loader
2025-09-20T01:42:37.380Z next:jsconfig-paths-plugin moduleName did not match any paths pattern next-flight-client-entry-loader
2025-09-20T01:42:37.380Z next:jsconfig-paths-plugin moduleName did not match any paths pattern next-flight-client-entry-loader
2025-09-20T01:42:37.381Z next:jsconfig-paths-plugin moduleName did not match any paths pattern next-flight-client-entry-loader
2025-09-20T01:42:37.381Z next:jsconfig-paths-plugin moduleName did not match any paths pattern next-flight-client-entry-loader
2025-09-20T01:42:37.381Z next:jsconfig-paths-plugin moduleName did not match any paths pattern next-flight-client-entry-loader
2025-09-20T01:42:37.381Z next:jsconfig-paths-plugin moduleName did not match any paths pattern next-flight-client-entry-loader
2025-09-20T01:42:37.381Z next:jsconfig-paths-plugin moduleName did not match any paths pattern next-flight-client-entry-loader
2025-09-20T01:42:37.381Z next:jsconfig-paths-plugin moduleName did not match any paths pattern next-flight-client-entry-loader
2025-09-20T01:42:37.381Z next:jsconfig-paths-plugin moduleName did not match any paths pattern next-flight-client-entry-loader
2025-09-20T01:42:37.381Z next:jsconfig-paths-plugin moduleName did not match any paths pattern next-flight-client-entry-loader
2025-09-20T01:42:37.381Z next:jsconfig-paths-plugin moduleName did not match any paths pattern next-flight-client-entry-loader
2025-09-20T01:42:37.390Z next:jsconfig-paths-plugin moduleName did not match any paths pattern next-flight-client-entry-loader
2025-09-20T01:42:37.390Z next:jsconfig-paths-plugin moduleName did not match any paths pattern next-flight-client-entry-loader
2025-09-20T01:42:37.390Z next:jsconfig-paths-plugin moduleName did not match any paths pattern next-flight-client-entry-loader
2025-09-20T01:42:37.390Z next:jsconfig-paths-plugin moduleName did not match any paths pattern next-flight-client-entry-loader
2025-09-20T01:42:37.390Z next:jsconfig-paths-plugin moduleName did not match any paths pattern next-flight-client-entry-loader
2025-09-20T01:42:37.390Z next:jsconfig-paths-plugin moduleName did not match any paths pattern next-flight-client-entry-loader
2025-09-20T01:42:37.390Z next:jsconfig-paths-plugin moduleName did not match any paths pattern next-flight-client-entry-loader
2025-09-20T01:42:37.390Z next:jsconfig-paths-plugin moduleName did not match any paths pattern next-flight-client-entry-loader
2025-09-20T01:42:37.390Z next:jsconfig-paths-plugin moduleName did not match any paths pattern next-flight-client-entry-loader
2025-09-20T01:42:37.390Z next:jsconfig-paths-plugin moduleName did not match any paths pattern next-flight-client-entry-loader
2025-09-20T01:42:37.391Z next:jsconfig-paths-plugin moduleName did not match any paths pattern next-flight-client-entry-loader
2025-09-20T01:42:37.391Z next:jsconfig-paths-plugin moduleName did not match any paths pattern next-flight-client-entry-loader
2025-09-20T01:42:37.392Z next:jsconfig-paths-plugin moduleName did not match any paths pattern next-flight-client-entry-loader
2025-09-20T01:42:37.392Z next:jsconfig-paths-plugin moduleName did not match any paths pattern next-flight-client-entry-loader
2025-09-20T01:42:37.392Z next:jsconfig-paths-plugin moduleName did not match any paths pattern next-flight-client-entry-loader
2025-09-20T01:42:37.392Z next:jsconfig-paths-plugin moduleName did not match any paths pattern next-flight-client-entry-loader
2025-09-20T01:42:37.392Z next:jsconfig-paths-plugin moduleName did not match any paths pattern next-flight-client-entry-loader
2025-09-20T01:42:37.392Z next:jsconfig-paths-plugin moduleName did not match any paths pattern next-flight-client-entry-loader
2025-09-20T01:42:37.392Z next:jsconfig-paths-plugin moduleName did not match any paths pattern next-flight-client-entry-loader
2025-09-20T01:42:37.392Z next:jsconfig-paths-plugin moduleName did not match any paths pattern next-flight-client-entry-loader
2025-09-20T01:42:37.394Z next:jsconfig-paths-plugin moduleName did not match any paths pattern next-flight-client-entry-loader
2025-09-20T01:42:37.394Z next:jsconfig-paths-plugin moduleName did not match any paths pattern next-flight-client-entry-loader
2025-09-20T01:42:37.394Z next:jsconfig-paths-plugin moduleName did not match any paths pattern next-flight-client-entry-loader
2025-09-20T01:42:37.394Z next:jsconfig-paths-plugin moduleName did not match any paths pattern next-flight-client-entry-loader
2025-09-20T01:42:37.394Z next:jsconfig-paths-plugin moduleName did not match any paths pattern next-flight-client-entry-loader
2025-09-20T01:42:37.394Z next:jsconfig-paths-plugin moduleName did not match any paths pattern next-flight-client-entry-loader
2025-09-20T01:42:37.394Z next:jsconfig-paths-plugin moduleName did not match any paths pattern next-flight-client-entry-loader
2025-09-20T01:42:37.394Z next:jsconfig-paths-plugin moduleName did not match any paths pattern next-flight-client-entry-loader
2025-09-20T01:42:37.395Z next:jsconfig-paths-plugin moduleName did not match any paths pattern next-flight-client-entry-loader
2025-09-20T01:42:37.395Z next:jsconfig-paths-plugin moduleName did not match any paths pattern next-flight-client-entry-loader
2025-09-20T01:42:37.395Z next:jsconfig-paths-plugin moduleName did not match any paths pattern next-flight-client-entry-loader
2025-09-20T01:42:37.395Z next:jsconfig-paths-plugin moduleName did not match any paths pattern next-flight-client-entry-loader
2025-09-20T01:42:37.410Z next:jsconfig-paths-plugin moduleName did not match any paths pattern next-flight-client-entry-loader
2025-09-20T01:42:37.410Z next:jsconfig-paths-plugin moduleName did not match any paths pattern next-flight-client-entry-loader
2025-09-20T01:42:37.410Z next:jsconfig-paths-plugin moduleName did not match any paths pattern next-flight-client-entry-loader
2025-09-20T01:42:37.410Z next:jsconfig-paths-plugin moduleName did not match any paths pattern next-flight-client-entry-loader
2025-09-20T01:42:37.410Z next:jsconfig-paths-plugin moduleName did not match any paths pattern next-flight-client-entry-loader
2025-09-20T01:42:37.410Z next:jsconfig-paths-plugin moduleName did not match any paths pattern next-flight-client-entry-loader
2025-09-20T01:42:37.410Z next:jsconfig-paths-plugin moduleName did not match any paths pattern next-flight-client-entry-loader
2025-09-20T01:42:37.410Z next:jsconfig-paths-plugin moduleName did not match any paths pattern next-flight-client-entry-loader
2025-09-20T01:42:37.410Z next:jsconfig-paths-plugin moduleName did not match any paths pattern next-flight-client-entry-loader
2025-09-20T01:42:37.410Z next:jsconfig-paths-plugin moduleName did not match any paths pattern next-flight-client-entry-loader
2025-09-20T01:42:37.410Z next:jsconfig-paths-plugin moduleName did not match any paths pattern next-flight-client-entry-loader
2025-09-20T01:42:37.410Z next:jsconfig-paths-plugin moduleName did not match any paths pattern next-flight-client-entry-loader
2025-09-20T01:42:37.412Z next:jsconfig-paths-plugin moduleName did not match any paths pattern next-flight-client-entry-loader
2025-09-20T01:42:37.412Z next:jsconfig-paths-plugin moduleName did not match any paths pattern next-flight-client-entry-loader
2025-09-20T01:42:37.412Z next:jsconfig-paths-plugin moduleName did not match any paths pattern next-flight-client-entry-loader
2025-09-20T01:42:37.412Z next:jsconfig-paths-plugin moduleName did not match any paths pattern next-flight-client-entry-loader
2025-09-20T01:42:37.412Z next:jsconfig-paths-plugin moduleName did not match any paths pattern next-flight-client-entry-loader
2025-09-20T01:42:37.412Z next:jsconfig-paths-plugin moduleName did not match any paths pattern next-flight-client-entry-loader
2025-09-20T01:42:37.412Z next:jsconfig-paths-plugin moduleName did not match any paths pattern next-flight-client-entry-loader
2025-09-20T01:42:37.412Z next:jsconfig-paths-plugin moduleName did not match any paths pattern next-flight-client-entry-loader
2025-09-20T01:42:37.412Z next:jsconfig-paths-plugin moduleName did not match any paths pattern next-flight-client-entry-loader
2025-09-20T01:42:37.412Z next:jsconfig-paths-plugin moduleName did not match any paths pattern next-flight-client-entry-loader
2025-09-20T01:42:37.413Z next:jsconfig-paths-plugin moduleName did not match any paths pattern next-flight-client-entry-loader
2025-09-20T01:42:37.413Z next:jsconfig-paths-plugin moduleName did not match any paths pattern next-flight-client-entry-loader
2025-09-20T01:42:37.446Z next:jsconfig-paths-plugin skipping request as it is an absolute path C:\Users\marti\Desktop\DESARROLLOSW\BOILERPLATTE E-COMMERCE\src\components\ui\button
2025-09-20T01:42:37.446Z next:jsconfig-paths-plugin skipping request as it is an absolute path C:\Users\marti\Desktop\DESARROLLOSW\BOILERPLATTE E-COMMERCE\src\components\ui\card
2025-09-20T01:42:37.446Z next:jsconfig-paths-plugin skipping request as it is an absolute path C:\Users\marti\Desktop\DESARROLLOSW\BOILERPLATTE E-COMMERCE\src\components\ui\badge
2025-09-20T01:42:37.446Z next:jsconfig-paths-plugin skipping request as it is an absolute path C:\Users\marti\Desktop\DESARROLLOSW\BOILERPLATTE E-COMMERCE\src\components\Address\AddressFormAdvanced
2025-09-20T01:42:37.446Z next:jsconfig-paths-plugin skipping request as it is an absolute path C:\Users\marti\Desktop\DESARROLLOSW\BOILERPLATTE E-COMMERCE\src\components\ui\dialog
2025-09-20T01:42:37.446Z next:jsconfig-paths-plugin skipping request as it is an absolute path C:\Users\marti\Desktop\DESARROLLOSW\BOILERPLATTE E-COMMERCE\src\components\ui\alert-dialog
2025-09-20T01:42:37.446Z next:jsconfig-paths-plugin skipping request as it is an absolute path C:\Users\marti\Desktop\DESARROLLOSW\BOILERPLATTE E-COMMERCE\src\components\ui\use-toast
2025-09-20T01:42:37.448Z next:jsconfig-paths-plugin skipping request as it is an absolute path C:\Users\marti\Desktop\DESARROLLOSW\BOILERPLATTE E-COMMERCE\src\components\ui\button
2025-09-20T01:42:37.448Z next:jsconfig-paths-plugin skipping request as it is an absolute path C:\Users\marti\Desktop\DESARROLLOSW\BOILERPLATTE E-COMMERCE\src\components\ui\card
2025-09-20T01:42:37.448Z next:jsconfig-paths-plugin skipping request as it is an absolute path C:\Users\marti\Desktop\DESARROLLOSW\BOILERPLATTE E-COMMERCE\src\components\ui\badge
2025-09-20T01:42:37.448Z next:jsconfig-paths-plugin skipping request as it is an absolute path C:\Users\marti\Desktop\DESARROLLOSW\BOILERPLATTE E-COMMERCE\src\components\ui\dialog
2025-09-20T01:42:37.448Z next:jsconfig-paths-plugin skipping request as it is an absolute path C:\Users\marti\Desktop\DESARROLLOSW\BOILERPLATTE E-COMMERCE\src\components\ui\alert-dialog
2025-09-20T01:42:37.448Z next:jsconfig-paths-plugin skipping request as it is an absolute path C:\Users\marti\Desktop\DESARROLLOSW\BOILERPLATTE E-COMMERCE\src\components\ui\use-toast
2025-09-20T01:42:37.450Z next:jsconfig-paths-plugin skipping request as it is an absolute path C:\Users\marti\Desktop\DESARROLLOSW\BOILERPLATTE E-COMMERCE\src\redux\store
2025-09-20T01:42:37.450Z next:jsconfig-paths-plugin skipping request as it is an absolute path C:\Users\marti\Desktop\DESARROLLOSW\BOILERPLATTE E-COMMERCE\src\redux\features\cart-slice
2025-09-20T01:42:37.450Z next:jsconfig-paths-plugin skipping request as it is an absolute path C:\Users\marti\Desktop\DESARROLLOSW\BOILERPLATTE E-COMMERCE\src\components\ui\card
2025-09-20T01:42:37.450Z next:jsconfig-paths-plugin skipping request as it is an absolute path C:\Users\marti\Desktop\DESARROLLOSW\BOILERPLATTE E-COMMERCE\src\components\ui\button
2025-09-20T01:42:37.450Z next:jsconfig-paths-plugin skipping request as it is an absolute path C:\Users\marti\Desktop\DESARROLLOSW\BOILERPLATTE E-COMMERCE\src\components\ui\badge
2025-09-20T01:42:37.451Z next:jsconfig-paths-plugin skipping request as it is an absolute path C:\Users\marti\Desktop\DESARROLLOSW\BOILERPLATTE E-COMMERCE\src\components\ui\card
2025-09-20T01:42:37.451Z next:jsconfig-paths-plugin skipping request as it is an absolute path C:\Users\marti\Desktop\DESARROLLOSW\BOILERPLATTE E-COMMERCE\src\components\ui\button
2025-09-20T01:42:37.451Z next:jsconfig-paths-plugin skipping request as it is an absolute path C:\Users\marti\Desktop\DESARROLLOSW\BOILERPLATTE E-COMMERCE\src\components\ui\badge
2025-09-20T01:42:37.456Z next:jsconfig-paths-plugin skipping request as it is an absolute path C:\Users\marti\Desktop\DESARROLLOSW\BOILERPLATTE E-COMMERCE\src\components\Address\AddressFormAdvanced
2025-09-20T01:42:37.457Z next:jsconfig-paths-plugin skipping request as it is an absolute path C:\Users\marti\Desktop\DESARROLLOSW\BOILERPLATTE E-COMMERCE\src\components\ui\card
2025-09-20T01:42:37.457Z next:jsconfig-paths-plugin skipping request as it is an absolute path C:\Users\marti\Desktop\DESARROLLOSW\BOILERPLATTE E-COMMERCE\src\components\ui\button
2025-09-20T01:42:37.457Z next:jsconfig-paths-plugin skipping request as it is an absolute path C:\Users\marti\Desktop\DESARROLLOSW\BOILERPLATTE E-COMMERCE\src\components\ui\badge
2025-09-20T01:42:37.457Z next:jsconfig-paths-plugin skipping request as it is an absolute path C:\Users\marti\Desktop\DESARROLLOSW\BOILERPLATTE E-COMMERCE\src\components\ui\card
2025-09-20T01:42:37.458Z next:jsconfig-paths-plugin skipping request as it is an absolute path C:\Users\marti\Desktop\DESARROLLOSW\BOILERPLATTE E-COMMERCE\src\components\ui\button
2025-09-20T01:42:37.458Z next:jsconfig-paths-plugin skipping request as it is an absolute path C:\Users\marti\Desktop\DESARROLLOSW\BOILERPLATTE E-COMMERCE\src\components\ui\badge
2025-09-20T01:42:37.459Z next:jsconfig-paths-plugin skipping request as it is an absolute path C:\Users\marti\Desktop\DESARROLLOSW\BOILERPLATTE E-COMMERCE\src\components\ui\card
2025-09-20T01:42:37.459Z next:jsconfig-paths-plugin skipping request as it is an absolute path C:\Users\marti\Desktop\DESARROLLOSW\BOILERPLATTE E-COMMERCE\src\components\ui\button
2025-09-20T01:42:37.459Z next:jsconfig-paths-plugin skipping request as it is an absolute path C:\Users\marti\Desktop\DESARROLLOSW\BOILERPLATTE E-COMMERCE\src\components\ui\badge
2025-09-20T01:42:37.460Z next:jsconfig-paths-plugin skipping request as it is an absolute path C:\Users\marti\Desktop\DESARROLLOSW\BOILERPLATTE E-COMMERCE\src\components\ui\card
2025-09-20T01:42:37.460Z next:jsconfig-paths-plugin skipping request as it is an absolute path C:\Users\marti\Desktop\DESARROLLOSW\BOILERPLATTE E-COMMERCE\src\components\ui\button
2025-09-20T01:42:37.461Z next:jsconfig-paths-plugin skipping request as it is an absolute path C:\Users\marti\Desktop\DESARROLLOSW\BOILERPLATTE E-COMMERCE\src\components\ui\badge
2025-09-20T01:42:37.462Z next:jsconfig-paths-plugin skipping request as it is an absolute path C:\Users\marti\Desktop\DESARROLLOSW\BOILERPLATTE E-COMMERCE\src\hooks\useAuth
2025-09-20T01:42:37.462Z next:jsconfig-paths-plugin skipping request as it is an absolute path C:\Users\marti\Desktop\DESARROLLOSW\BOILERPLATTE E-COMMERCE\src\hooks\useAuth
2025-09-20T01:42:37.462Z next:jsconfig-paths-plugin skipping request as it is an absolute path C:\Users\marti\Desktop\DESARROLLOSW\BOILERPLATTE E-COMMERCE\src\components\User\Sidebar
2025-09-20T01:42:37.463Z next:jsconfig-paths-plugin skipping request as it is an absolute path C:\Users\marti\Desktop\DESARROLLOSW\BOILERPLATTE E-COMMERCE\src\components\User\DashboardHeader
2025-09-20T01:42:37.463Z next:jsconfig-paths-plugin skipping request as it is an absolute path C:\Users\marti\Desktop\DESARROLLOSW\BOILERPLATTE E-COMMERCE\src\components\User\Activity\ActivityPage
2025-09-20T01:42:37.463Z next:jsconfig-paths-plugin skipping request as it is an absolute path C:\Users\marti\Desktop\DESARROLLOSW\BOILERPLATTE E-COMMERCE\src\hooks\useAuth
2025-09-20T01:42:37.463Z next:jsconfig-paths-plugin skipping request as it is an absolute path C:\Users\marti\Desktop\DESARROLLOSW\BOILERPLATTE E-COMMERCE\src\components\ui\card
2025-09-20T01:42:37.463Z next:jsconfig-paths-plugin skipping request as it is an absolute path C:\Users\marti\Desktop\DESARROLLOSW\BOILERPLATTE E-COMMERCE\src\components\ui\button
2025-09-20T01:42:37.463Z next:jsconfig-paths-plugin skipping request as it is an absolute path C:\Users\marti\Desktop\DESARROLLOSW\BOILERPLATTE E-COMMERCE\src\components\ui\input
2025-09-20T01:42:37.463Z next:jsconfig-paths-plugin skipping request as it is an absolute path C:\Users\marti\Desktop\DESARROLLOSW\BOILERPLATTE E-COMMERCE\src\components\ui\label
2025-09-20T01:42:37.464Z next:jsconfig-paths-plugin skipping request as it is an absolute path C:\Users\marti\Desktop\DESARROLLOSW\BOILERPLATTE E-COMMERCE\src\components\ui\card
2025-09-20T01:42:37.464Z next:jsconfig-paths-plugin skipping request as it is an absolute path C:\Users\marti\Desktop\DESARROLLOSW\BOILERPLATTE E-COMMERCE\src\components\ui\button
2025-09-20T01:42:37.464Z next:jsconfig-paths-plugin skipping request as it is an absolute path C:\Users\marti\Desktop\DESARROLLOSW\BOILERPLATTE E-COMMERCE\src\components\ui\input
2025-09-20T01:42:37.464Z next:jsconfig-paths-plugin skipping request as it is an absolute path C:\Users\marti\Desktop\DESARROLLOSW\BOILERPLATTE E-COMMERCE\src\components\ui\label
2025-09-20T01:42:37.472Z next:jsconfig-paths-plugin skipping request as it is an absolute path C:\Users\marti\Desktop\DESARROLLOSW\BOILERPLATTE E-COMMERCE\src\components\ui\card
2025-09-20T01:42:37.473Z next:jsconfig-paths-plugin skipping request as it is an absolute path C:\Users\marti\Desktop\DESARROLLOSW\BOILERPLATTE E-COMMERCE\src\components\ui\button
2025-09-20T01:42:37.473Z next:jsconfig-paths-plugin skipping request as it is an absolute path C:\Users\marti\Desktop\DESARROLLOSW\BOILERPLATTE E-COMMERCE\src\components\ui\input
2025-09-20T01:42:37.473Z next:jsconfig-paths-plugin skipping request as it is an absolute path C:\Users\marti\Desktop\DESARROLLOSW\BOILERPLATTE E-COMMERCE\src\components\ui\label
2025-09-20T01:42:37.473Z next:jsconfig-paths-plugin skipping request as it is an absolute path C:\Users\marti\Desktop\DESARROLLOSW\BOILERPLATTE E-COMMERCE\src\components\ui\switch
2025-09-20T01:42:37.474Z next:jsconfig-paths-plugin skipping request as it is an absolute path C:\Users\marti\Desktop\DESARROLLOSW\BOILERPLATTE E-COMMERCE\src\components\ui\card
2025-09-20T01:42:37.475Z next:jsconfig-paths-plugin skipping request as it is an absolute path C:\Users\marti\Desktop\DESARROLLOSW\BOILERPLATTE E-COMMERCE\src\components\ui\button
2025-09-20T01:42:37.475Z next:jsconfig-paths-plugin skipping request as it is an absolute path C:\Users\marti\Desktop\DESARROLLOSW\BOILERPLATTE E-COMMERCE\src\components\ui\input
2025-09-20T01:42:37.475Z next:jsconfig-paths-plugin skipping request as it is an absolute path C:\Users\marti\Desktop\DESARROLLOSW\BOILERPLATTE E-COMMERCE\src\components\ui\label
2025-09-20T01:42:37.475Z next:jsconfig-paths-plugin skipping request as it is an absolute path C:\Users\marti\Desktop\DESARROLLOSW\BOILERPLATTE E-COMMERCE\src\components\ui\switch
2025-09-20T01:42:37.477Z next:jsconfig-paths-plugin skipping request as it is an absolute path C:\Users\marti\Desktop\DESARROLLOSW\BOILERPLATTE E-COMMERCE\src\redux\store
2025-09-20T01:42:37.477Z next:jsconfig-paths-plugin skipping request as it is an absolute path C:\Users\marti\Desktop\DESARROLLOSW\BOILERPLATTE E-COMMERCE\src\redux\features\cart-slice
2025-09-20T01:42:37.479Z next:jsconfig-paths-plugin skipping request as it is an absolute path C:\Users\marti\Desktop\DESARROLLOSW\BOILERPLATTE E-COMMERCE\src\components\User\Sidebar
2025-09-20T01:42:37.479Z next:jsconfig-paths-plugin skipping request as it is an absolute path C:\Users\marti\Desktop\DESARROLLOSW\BOILERPLATTE E-COMMERCE\src\components\User\DashboardHeader
2025-09-20T01:42:37.480Z next:jsconfig-paths-plugin skipping request as it is an absolute path C:\Users\marti\Desktop\DESARROLLOSW\BOILERPLATTE E-COMMERCE\src\components\User\Activity\ActivityPage
2025-09-20T01:42:37.481Z next:jsconfig-paths-plugin skipping request as it is an absolute path C:\Users\marti\Desktop\DESARROLLOSW\BOILERPLATTE E-COMMERCE\src\components\ui\card
2025-09-20T01:42:37.481Z next:jsconfig-paths-plugin skipping request as it is an absolute path C:\Users\marti\Desktop\DESARROLLOSW\BOILERPLATTE E-COMMERCE\src\components\ui\button
2025-09-20T01:42:37.481Z next:jsconfig-paths-plugin skipping request as it is an absolute path C:\Users\marti\Desktop\DESARROLLOSW\BOILERPLATTE E-COMMERCE\src\components\ui\card
2025-09-20T01:42:37.482Z next:jsconfig-paths-plugin skipping request as it is an absolute path C:\Users\marti\Desktop\DESARROLLOSW\BOILERPLATTE E-COMMERCE\src\components\ui\button
2025-09-20T01:42:37.482Z next:jsconfig-paths-plugin skipping request as it is an absolute path C:\Users\marti\Desktop\DESARROLLOSW\BOILERPLATTE E-COMMERCE\src\components\User\Preferences\PreferencesPage
2025-09-20T01:42:37.483Z next:jsconfig-paths-plugin skipping request as it is an absolute path C:\Users\marti\Desktop\DESARROLLOSW\BOILERPLATTE E-COMMERCE\src\components\ui\button
2025-09-20T01:42:37.483Z next:jsconfig-paths-plugin skipping request as it is an absolute path C:\Users\marti\Desktop\DESARROLLOSW\BOILERPLATTE E-COMMERCE\src\components\ui\input
2025-09-20T01:42:37.483Z next:jsconfig-paths-plugin skipping request as it is an absolute path C:\Users\marti\Desktop\DESARROLLOSW\BOILERPLATTE E-COMMERCE\src\components\ui\card
2025-09-20T01:42:37.483Z next:jsconfig-paths-plugin skipping request as it is an absolute path C:\Users\marti\Desktop\DESARROLLOSW\BOILERPLATTE E-COMMERCE\src\components\ui\dialog
2025-09-20T01:42:37.483Z next:jsconfig-paths-plugin skipping request as it is an absolute path C:\Users\marti\Desktop\DESARROLLOSW\BOILERPLATTE E-COMMERCE\src\components\Orders\OrderTracker
2025-09-20T01:42:37.484Z next:jsconfig-paths-plugin skipping request as it is an absolute path C:\Users\marti\Desktop\DESARROLLOSW\BOILERPLATTE E-COMMERCE\src\components\ui\button
2025-09-20T01:42:37.484Z next:jsconfig-paths-plugin skipping request as it is an absolute path C:\Users\marti\Desktop\DESARROLLOSW\BOILERPLATTE E-COMMERCE\src\components\ui\input
2025-09-20T01:42:37.484Z next:jsconfig-paths-plugin skipping request as it is an absolute path C:\Users\marti\Desktop\DESARROLLOSW\BOILERPLATTE E-COMMERCE\src\components\ui\card
2025-09-20T01:42:37.484Z next:jsconfig-paths-plugin skipping request as it is an absolute path C:\Users\marti\Desktop\DESARROLLOSW\BOILERPLATTE E-COMMERCE\src\components\ui\dialog
2025-09-20T01:42:37.485Z next:jsconfig-paths-plugin skipping request as it is an absolute path C:\Users\marti\Desktop\DESARROLLOSW\BOILERPLATTE E-COMMERCE\src\components\ui\select
2025-09-20T01:42:37.486Z next:jsconfig-paths-plugin skipping request as it is an absolute path C:\Users\marti\Desktop\DESARROLLOSW\BOILERPLATTE E-COMMERCE\src\components\ui\select
2025-09-20T01:42:37.489Z next:jsconfig-paths-plugin skipping request as it is an absolute path C:\Users\marti\Desktop\DESARROLLOSW\BOILERPLATTE E-COMMERCE\src\hooks\useAuth
2025-09-20T01:42:37.489Z next:jsconfig-paths-plugin skipping request as it is an absolute path C:\Users\marti\Desktop\DESARROLLOSW\BOILERPLATTE E-COMMERCE\src\hooks\useAuth
2025-09-20T01:42:37.489Z next:jsconfig-paths-plugin skipping request as it is an absolute path C:\Users\marti\Desktop\DESARROLLOSW\BOILERPLATTE E-COMMERCE\src\hooks\useAuth
2025-09-20T01:42:37.490Z next:jsconfig-paths-plugin skipping request as it is an absolute path C:\Users\marti\Desktop\DESARROLLOSW\BOILERPLATTE E-COMMERCE\src\components\User\Preferences\PreferencesPage
2025-09-20T01:42:37.491Z next:jsconfig-paths-plugin skipping request as it is an absolute path C:\Users\marti\Desktop\DESARROLLOSW\BOILERPLATTE E-COMMERCE\src\components\Orders\OrderTracker
2025-09-20T01:42:37.491Z next:jsconfig-paths-plugin skipping request as it is an absolute path C:\Users\marti\Desktop\DESARROLLOSW\BOILERPLATTE E-COMMERCE\src\hooks\useAuth
2025-09-20T01:42:37.491Z next:jsconfig-paths-plugin skipping request as it is an absolute path C:\Users\marti\Desktop\DESARROLLOSW\BOILERPLATTE E-COMMERCE\src\components\ui\card
2025-09-20T01:42:37.491Z next:jsconfig-paths-plugin skipping request as it is an absolute path C:\Users\marti\Desktop\DESARROLLOSW\BOILERPLATTE E-COMMERCE\src\components\ui\avatar
2025-09-20T01:42:37.492Z next:jsconfig-paths-plugin skipping request as it is an absolute path C:\Users\marti\Desktop\DESARROLLOSW\BOILERPLATTE E-COMMERCE\src\hooks\useAuth
2025-09-20T01:42:37.492Z next:jsconfig-paths-plugin skipping request as it is an absolute path C:\Users\marti\Desktop\DESARROLLOSW\BOILERPLATTE E-COMMERCE\src\components\ui\card
2025-09-20T01:42:37.492Z next:jsconfig-paths-plugin skipping request as it is an absolute path C:\Users\marti\Desktop\DESARROLLOSW\BOILERPLATTE E-COMMERCE\src\components\ui\avatar
2025-09-20T01:42:37.493Z next:jsconfig-paths-plugin skipping request as it is an absolute path C:\Users\marti\Desktop\DESARROLLOSW\BOILERPLATTE E-COMMERCE\src\components\Address\AddressFormAdvanced
2025-09-20T01:42:37.493Z next:jsconfig-paths-plugin skipping request as it is an absolute path C:\Users\marti\Desktop\DESARROLLOSW\BOILERPLATTE E-COMMERCE\src\components\Address\SimpleAddressForm
2025-09-20T01:42:37.494Z next:jsconfig-paths-plugin skipping request as it is an absolute path C:\Users\marti\Desktop\DESARROLLOSW\BOILERPLATTE E-COMMERCE\src\components\Address\AddressFormAdvanced
2025-09-20T01:42:37.494Z next:jsconfig-paths-plugin skipping request as it is an absolute path C:\Users\marti\Desktop\DESARROLLOSW\BOILERPLATTE E-COMMERCE\src\components\Address\SimpleAddressForm
2025-09-20T01:42:37.497Z next:jsconfig-paths-plugin skipping request as it is an absolute path C:\Users\marti\Desktop\DESARROLLOSW\BOILERPLATTE E-COMMERCE\src\components\ui\card
2025-09-20T01:42:37.497Z next:jsconfig-paths-plugin skipping request as it is an absolute path C:\Users\marti\Desktop\DESARROLLOSW\BOILERPLATTE E-COMMERCE\src\components\ui\button
2025-09-20T01:42:37.497Z next:jsconfig-paths-plugin skipping request as it is an absolute path C:\Users\marti\Desktop\DESARROLLOSW\BOILERPLATTE E-COMMERCE\src\components\ui\input
2025-09-20T01:42:37.497Z next:jsconfig-paths-plugin skipping request as it is an absolute path C:\Users\marti\Desktop\DESARROLLOSW\BOILERPLATTE E-COMMERCE\src\components\ui\label
2025-09-20T01:42:37.497Z next:jsconfig-paths-plugin skipping request as it is an absolute path C:\Users\marti\Desktop\DESARROLLOSW\BOILERPLATTE E-COMMERCE\src\components\ui\badge
2025-09-20T01:42:37.497Z next:jsconfig-paths-plugin skipping request as it is an absolute path C:\Users\marti\Desktop\DESARROLLOSW\BOILERPLATTE E-COMMERCE\src\lib\integrations\mercadopago\mercadopago-mock
2025-09-20T01:42:37.499Z next:jsconfig-paths-plugin skipping request as it is an absolute path C:\Users\marti\Desktop\DESARROLLOSW\BOILERPLATTE E-COMMERCE\src\components\ui\card
2025-09-20T01:42:37.499Z next:jsconfig-paths-plugin skipping request as it is an absolute path C:\Users\marti\Desktop\DESARROLLOSW\BOILERPLATTE E-COMMERCE\src\components\ui\button
2025-09-20T01:42:37.499Z next:jsconfig-paths-plugin skipping request as it is an absolute path C:\Users\marti\Desktop\DESARROLLOSW\BOILERPLATTE E-COMMERCE\src\components\ui\input
2025-09-20T01:42:37.499Z next:jsconfig-paths-plugin skipping request as it is an absolute path C:\Users\marti\Desktop\DESARROLLOSW\BOILERPLATTE E-COMMERCE\src\components\ui\label
2025-09-20T01:42:37.499Z next:jsconfig-paths-plugin skipping request as it is an absolute path C:\Users\marti\Desktop\DESARROLLOSW\BOILERPLATTE E-COMMERCE\src\components\ui\badge
2025-09-20T01:42:37.501Z next:jsconfig-paths-plugin skipping request as it is an absolute path C:\Users\marti\Desktop\DESARROLLOSW\BOILERPLATTE E-COMMERCE\src\components\ui\card
2025-09-20T01:42:37.501Z next:jsconfig-paths-plugin skipping request as it is an absolute path C:\Users\marti\Desktop\DESARROLLOSW\BOILERPLATTE E-COMMERCE\src\components\ui\badge
2025-09-20T01:42:37.501Z next:jsconfig-paths-plugin skipping request as it is an absolute path C:\Users\marti\Desktop\DESARROLLOSW\BOILERPLATTE E-COMMERCE\src\components\ui\button
2025-09-20T01:42:37.501Z next:jsconfig-paths-plugin skipping request as it is an absolute path C:\Users\marti\Desktop\DESARROLLOSW\BOILERPLATTE E-COMMERCE\src\components\ui\tabs
2025-09-20T01:42:37.501Z next:jsconfig-paths-plugin skipping request as it is an absolute path C:\Users\marti\Desktop\DESARROLLOSW\BOILERPLATTE E-COMMERCE\src\components\Header\TopBar
2025-09-20T01:42:37.501Z next:jsconfig-paths-plugin skipping request as it is an absolute path C:\Users\marti\Desktop\DESARROLLOSW\BOILERPLATTE E-COMMERCE\src\components\Header\EnhancedSearchBar
2025-09-20T01:42:37.501Z next:jsconfig-paths-plugin skipping request as it is an absolute path C:\Users\marti\Desktop\DESARROLLOSW\BOILERPLATTE E-COMMERCE\src\components\Header\ActionButtons
2025-09-20T01:42:37.501Z next:jsconfig-paths-plugin skipping request as it is an absolute path C:\Users\marti\Desktop\DESARROLLOSW\BOILERPLATTE E-COMMERCE\src\components\Header\DropdownTester
2025-09-20T01:42:37.503Z next:jsconfig-paths-plugin skipping request as it is an absolute path C:\Users\marti\Desktop\DESARROLLOSW\BOILERPLATTE E-COMMERCE\src\components\ui\card
2025-09-20T01:42:37.503Z next:jsconfig-paths-plugin skipping request as it is an absolute path C:\Users\marti\Desktop\DESARROLLOSW\BOILERPLATTE E-COMMERCE\src\components\ui\badge
2025-09-20T01:42:37.503Z next:jsconfig-paths-plugin skipping request as it is an absolute path C:\Users\marti\Desktop\DESARROLLOSW\BOILERPLATTE E-COMMERCE\src\components\ui\button
2025-09-20T01:42:37.503Z next:jsconfig-paths-plugin skipping request as it is an absolute path C:\Users\marti\Desktop\DESARROLLOSW\BOILERPLATTE E-COMMERCE\src\components\ui\tabs
2025-09-20T01:42:37.505Z next:jsconfig-paths-plugin skipping request as it is an absolute path C:\Users\marti\Desktop\DESARROLLOSW\BOILERPLATTE E-COMMERCE\src\components\ui\button
2025-09-20T01:42:37.505Z next:jsconfig-paths-plugin skipping request as it is an absolute path C:\Users\marti\Desktop\DESARROLLOSW\BOILERPLATTE E-COMMERCE\src\components\ui\card
2025-09-20T01:42:37.505Z next:jsconfig-paths-plugin skipping request as it is an absolute path C:\Users\marti\Desktop\DESARROLLOSW\BOILERPLATTE E-COMMERCE\src\components\ui\alert
2025-09-20T01:42:37.506Z next:jsconfig-paths-plugin skipping request as it is an absolute path C:\Users\marti\Desktop\DESARROLLOSW\BOILERPLATTE E-COMMERCE\src\components\ui\button
2025-09-20T01:42:37.506Z next:jsconfig-paths-plugin skipping request as it is an absolute path C:\Users\marti\Desktop\DESARROLLOSW\BOILERPLATTE E-COMMERCE\src\components\ui\card
2025-09-20T01:42:37.506Z next:jsconfig-paths-plugin skipping request as it is an absolute path C:\Users\marti\Desktop\DESARROLLOSW\BOILERPLATTE E-COMMERCE\src\components\ui\alert
2025-09-20T01:42:37.514Z next:jsconfig-paths-plugin skipping request as it is an absolute path C:\Users\marti\Desktop\DESARROLLOSW\BOILERPLATTE E-COMMERCE\src\components\Header\TopBar
2025-09-20T01:42:37.514Z next:jsconfig-paths-plugin skipping request as it is an absolute path C:\Users\marti\Desktop\DESARROLLOSW\BOILERPLATTE E-COMMERCE\src\components\Header\EnhancedSearchBar
2025-09-20T01:42:37.514Z next:jsconfig-paths-plugin skipping request as it is an absolute path C:\Users\marti\Desktop\DESARROLLOSW\BOILERPLATTE E-COMMERCE\src\components\Header\ActionButtons
2025-09-20T01:42:37.514Z next:jsconfig-paths-plugin skipping request as it is an absolute path C:\Users\marti\Desktop\DESARROLLOSW\BOILERPLATTE E-COMMERCE\src\components\Header\DropdownTester
2025-09-20T01:42:37.519Z next:jsconfig-paths-plugin skipping request as it is an absolute path C:\Users\marti\Desktop\DESARROLLOSW\BOILERPLATTE E-COMMERCE\src\hooks\useAuth
2025-09-20T01:42:37.519Z next:jsconfig-paths-plugin skipping request as it is an absolute path C:\Users\marti\Desktop\DESARROLLOSW\BOILERPLATTE E-COMMERCE\src\components\Analytics\AnalyticsDashboard
2025-09-20T01:42:37.519Z next:jsconfig-paths-plugin skipping request as it is an absolute path C:\Users\marti\Desktop\DESARROLLOSW\BOILERPLATTE E-COMMERCE\src\components\Analytics\ConversionFunnel
2025-09-20T01:42:37.519Z next:jsconfig-paths-plugin skipping request as it is an absolute path C:\Users\marti\Desktop\DESARROLLOSW\BOILERPLATTE E-COMMERCE\src\components\Analytics\HeatmapViewer
2025-09-20T01:42:37.520Z next:jsconfig-paths-plugin skipping request as it is an absolute path C:\Users\marti\Desktop\DESARROLLOSW\BOILERPLATTE E-COMMERCE\src\hooks\useAuth
2025-09-20T01:42:37.520Z next:jsconfig-paths-plugin skipping request as it is an absolute path C:\Users\marti\Desktop\DESARROLLOSW\BOILERPLATTE E-COMMERCE\src\components\Analytics\AnalyticsDashboard
2025-09-20T01:42:37.520Z next:jsconfig-paths-plugin skipping request as it is an absolute path C:\Users\marti\Desktop\DESARROLLOSW\BOILERPLATTE E-COMMERCE\src\components\Analytics\ConversionFunnel
2025-09-20T01:42:37.520Z next:jsconfig-paths-plugin skipping request as it is an absolute path C:\Users\marti\Desktop\DESARROLLOSW\BOILERPLATTE E-COMMERCE\src\components\Analytics\HeatmapViewer
2025-09-20T01:42:37.521Z next:jsconfig-paths-plugin skipping request as it is an absolute path C:\Users\marti\Desktop\DESARROLLOSW\BOILERPLATTE E-COMMERCE\src\hooks\useAnalytics
2025-09-20T01:42:37.521Z next:jsconfig-paths-plugin skipping request as it is an absolute path C:\Users\marti\Desktop\DESARROLLOSW\BOILERPLATTE E-COMMERCE\src\hooks\useAnalytics
2025-09-20T01:42:37.522Z next:jsconfig-paths-plugin skipping request as it is an absolute path C:\Users\marti\Desktop\DESARROLLOSW\BOILERPLATTE E-COMMERCE\src\hooks\useUserRole
2025-09-20T01:42:37.522Z next:jsconfig-paths-plugin skipping request as it is an absolute path C:\Users\marti\Desktop\DESARROLLOSW\BOILERPLATTE E-COMMERCE\src\hooks\useUserRole
2025-09-20T01:42:37.525Z next:jsconfig-paths-plugin skipping request as it is an absolute path C:\Users\marti\Desktop\DESARROLLOSW\BOILERPLATTE E-COMMERCE\src\lib\integrations\mercadopago\mercadopago-mock
2025-09-20T01:42:37.526Z next:jsconfig-paths-plugin skipping request as it is an absolute path C:\Users\marti\Desktop\DESARROLLOSW\BOILERPLATTE E-COMMERCE\src\components\ui\card
2025-09-20T01:42:37.526Z next:jsconfig-paths-plugin skipping request as it is an absolute path C:\Users\marti\Desktop\DESARROLLOSW\BOILERPLATTE E-COMMERCE\src\components\ui\tabs
2025-09-20T01:42:37.526Z next:jsconfig-paths-plugin skipping request as it is an absolute path C:\Users\marti\Desktop\DESARROLLOSW\BOILERPLATTE E-COMMERCE\src\components\ui\badge
2025-09-20T01:42:37.526Z next:jsconfig-paths-plugin skipping request as it is an absolute path C:\Users\marti\Desktop\DESARROLLOSW\BOILERPLATTE E-COMMERCE\src\components\ui\button
2025-09-20T01:42:37.526Z next:jsconfig-paths-plugin skipping request as it is an absolute path C:\Users\marti\Desktop\DESARROLLOSW\BOILERPLATTE E-COMMERCE\src\components\ui\alert
2025-09-20T01:42:37.526Z next:jsconfig-paths-plugin skipping request as it is an absolute path C:\Users\marti\Desktop\DESARROLLOSW\BOILERPLATTE E-COMMERCE\src\components\ui\progress
2025-09-20T01:42:37.527Z next:jsconfig-paths-plugin skipping request as it is an absolute path C:\Users\marti\Desktop\DESARROLLOSW\BOILERPLATTE E-COMMERCE\src\components\ui\card
2025-09-20T01:42:37.528Z next:jsconfig-paths-plugin skipping request as it is an absolute path C:\Users\marti\Desktop\DESARROLLOSW\BOILERPLATTE E-COMMERCE\src\components\ui\tabs
2025-09-20T01:42:37.528Z next:jsconfig-paths-plugin skipping request as it is an absolute path C:\Users\marti\Desktop\DESARROLLOSW\BOILERPLATTE E-COMMERCE\src\components\ui\badge
2025-09-20T01:42:37.528Z next:jsconfig-paths-plugin skipping request as it is an absolute path C:\Users\marti\Desktop\DESARROLLOSW\BOILERPLATTE E-COMMERCE\src\components\ui\button
2025-09-20T01:42:37.528Z next:jsconfig-paths-plugin skipping request as it is an absolute path C:\Users\marti\Desktop\DESARROLLOSW\BOILERPLATTE E-COMMERCE\src\components\ui\alert
2025-09-20T01:42:37.528Z next:jsconfig-paths-plugin skipping request as it is an absolute path C:\Users\marti\Desktop\DESARROLLOSW\BOILERPLATTE E-COMMERCE\src\components\ui\progress
2025-09-20T01:42:37.533Z next:jsconfig-paths-plugin skipping request as it is an absolute path C:\Users\marti\Desktop\DESARROLLOSW\BOILERPLATTE E-COMMERCE\src\components\admin\DiagnosticPanel
2025-09-20T01:42:37.534Z next:jsconfig-paths-plugin skipping request as it is an absolute path C:\Users\marti\Desktop\DESARROLLOSW\BOILERPLATTE E-COMMERCE\src\components\admin\DiagnosticPanel
2025-09-20T01:42:37.534Z next:jsconfig-paths-plugin skipping request as it is an absolute path C:\Users\marti\Desktop\DESARROLLOSW\BOILERPLATTE E-COMMERCE\src\components\admin\layout\AdminLayout
2025-09-20T01:42:37.534Z next:jsconfig-paths-plugin skipping request as it is an absolute path C:\Users\marti\Desktop\DESARROLLOSW\BOILERPLATTE E-COMMERCE\src\components\admin\ui\AdminCard
2025-09-20T01:42:37.535Z next:jsconfig-paths-plugin skipping request as it is an absolute path C:\Users\marti\Desktop\DESARROLLOSW\BOILERPLATTE E-COMMERCE\src\components\ui\card
2025-09-20T01:42:37.535Z next:jsconfig-paths-plugin skipping request as it is an absolute path C:\Users\marti\Desktop\DESARROLLOSW\BOILERPLATTE E-COMMERCE\src\components\ui\button
2025-09-20T01:42:37.535Z next:jsconfig-paths-plugin skipping request as it is an absolute path C:\Users\marti\Desktop\DESARROLLOSW\BOILERPLATTE E-COMMERCE\src\components\ui\badge
2025-09-20T01:42:37.535Z next:jsconfig-paths-plugin skipping request as it is an absolute path C:\Users\marti\Desktop\DESARROLLOSW\BOILERPLATTE E-COMMERCE\src\components\ui\alert
2025-09-20T01:42:37.535Z next:jsconfig-paths-plugin skipping request as it is an absolute path C:\Users\marti\Desktop\DESARROLLOSW\BOILERPLATTE E-COMMERCE\src\components\ui\tabs
2025-09-20T01:42:37.535Z next:jsconfig-paths-plugin skipping request as it is an absolute path C:\Users\marti\Desktop\DESARROLLOSW\BOILERPLATTE E-COMMERCE\src\components\ui\select
2025-09-20T01:42:37.537Z next:jsconfig-paths-plugin skipping request as it is an absolute path C:\Users\marti\Desktop\DESARROLLOSW\BOILERPLATTE E-COMMERCE\src\components\ui\card
2025-09-20T01:42:37.537Z next:jsconfig-paths-plugin skipping request as it is an absolute path C:\Users\marti\Desktop\DESARROLLOSW\BOILERPLATTE E-COMMERCE\src\components\ui\button
2025-09-20T01:42:37.537Z next:jsconfig-paths-plugin skipping request as it is an absolute path C:\Users\marti\Desktop\DESARROLLOSW\BOILERPLATTE E-COMMERCE\src\components\ui\badge
2025-09-20T01:42:37.537Z next:jsconfig-paths-plugin skipping request as it is an absolute path C:\Users\marti\Desktop\DESARROLLOSW\BOILERPLATTE E-COMMERCE\src\components\ui\alert
2025-09-20T01:42:37.537Z next:jsconfig-paths-plugin skipping request as it is an absolute path C:\Users\marti\Desktop\DESARROLLOSW\BOILERPLATTE E-COMMERCE\src\components\ui\tabs
2025-09-20T01:42:37.537Z next:jsconfig-paths-plugin skipping request as it is an absolute path C:\Users\marti\Desktop\DESARROLLOSW\BOILERPLATTE E-COMMERCE\src\components\ui\select
2025-09-20T01:42:37.540Z next:jsconfig-paths-plugin skipping request as it is an absolute path C:\Users\marti\Desktop\DESARROLLOSW\BOILERPLATTE E-COMMERCE\src\components\admin\layout\AdminLayout
2025-09-20T01:42:37.540Z next:jsconfig-paths-plugin skipping request as it is an absolute path C:\Users\marti\Desktop\DESARROLLOSW\BOILERPLATTE E-COMMERCE\src\components\admin\ui\AdminCard
2025-09-20T01:42:37.541Z next:jsconfig-paths-plugin skipping request as it is an absolute path C:\Users\marti\Desktop\DESARROLLOSW\BOILERPLATTE E-COMMERCE\src\hooks\error-boundary\useErrorBoundary
2025-09-20T01:42:37.542Z next:jsconfig-paths-plugin skipping request as it is an absolute path C:\Users\marti\Desktop\DESARROLLOSW\BOILERPLATTE E-COMMERCE\src\components\admin\layout\AdminLayout
2025-09-20T01:42:37.542Z next:jsconfig-paths-plugin skipping request as it is an absolute path C:\Users\marti\Desktop\DESARROLLOSW\BOILERPLATTE E-COMMERCE\src\components\admin\layout\AdminLayout
2025-09-20T01:42:37.543Z next:jsconfig-paths-plugin skipping request as it is an absolute path C:\Users\marti\Desktop\DESARROLLOSW\BOILERPLATTE E-COMMERCE\src\components\admin\ui\AdminCard
2025-09-20T01:42:37.544Z next:jsconfig-paths-plugin skipping request as it is an absolute path C:\Users\marti\Desktop\DESARROLLOSW\BOILERPLATTE E-COMMERCE\src\components\admin\ui\AdminCard
2025-09-20T01:42:37.546Z next:jsconfig-paths-plugin skipping request as it is an absolute path C:\Users\marti\Desktop\DESARROLLOSW\BOILERPLATTE E-COMMERCE\src\hooks\error-boundary\useErrorBoundary
2025-09-20T01:42:37.548Z next:jsconfig-paths-plugin skipping request as it is an absolute path C:\Users\marti\Desktop\DESARROLLOSW\BOILERPLATTE E-COMMERCE\src\components\ui\card
2025-09-20T01:42:37.548Z next:jsconfig-paths-plugin skipping request as it is an absolute path C:\Users\marti\Desktop\DESARROLLOSW\BOILERPLATTE E-COMMERCE\src\components\ui\button
2025-09-20T01:42:37.548Z next:jsconfig-paths-plugin skipping request as it is an absolute path C:\Users\marti\Desktop\DESARROLLOSW\BOILERPLATTE E-COMMERCE\src\components\ui\badge
2025-09-20T01:42:37.548Z next:jsconfig-paths-plugin skipping request as it is an absolute path C:\Users\marti\Desktop\DESARROLLOSW\BOILERPLATTE E-COMMERCE\src\components\ui\tabs
2025-09-20T01:42:37.548Z next:jsconfig-paths-plugin skipping request as it is an absolute path C:\Users\marti\Desktop\DESARROLLOSW\BOILERPLATTE E-COMMERCE\src\hooks\admin\useLogisticsDashboard
2025-09-20T01:42:37.548Z next:jsconfig-paths-plugin skipping request as it is an absolute path C:\Users\marti\Desktop\DESARROLLOSW\BOILERPLATTE E-COMMERCE\src\components\admin\logistics\LogisticsMetricsCards
2025-09-20T01:42:37.548Z next:jsconfig-paths-plugin skipping request as it is an absolute path C:\Users\marti\Desktop\DESARROLLOSW\BOILERPLATTE E-COMMERCE\src\components\admin\logistics\ShipmentsList
2025-09-20T01:42:37.548Z next:jsconfig-paths-plugin skipping request as it is an absolute path C:\Users\marti\Desktop\DESARROLLOSW\BOILERPLATTE E-COMMERCE\src\components\admin\logistics\LogisticsAlerts
2025-09-20T01:42:37.548Z next:jsconfig-paths-plugin skipping request as it is an absolute path C:\Users\marti\Desktop\DESARROLLOSW\BOILERPLATTE E-COMMERCE\src\components\admin\logistics\PerformanceChart
2025-09-20T01:42:37.548Z next:jsconfig-paths-plugin skipping request as it is an absolute path C:\Users\marti\Desktop\DESARROLLOSW\BOILERPLATTE E-COMMERCE\src\components\admin\logistics\CarrierPerformanceTable
2025-09-20T01:42:37.550Z next:jsconfig-paths-plugin skipping request as it is an absolute path C:\Users\marti\Desktop\DESARROLLOSW\BOILERPLATTE E-COMMERCE\src\components\ui\card
2025-09-20T01:42:37.550Z next:jsconfig-paths-plugin skipping request as it is an absolute path C:\Users\marti\Desktop\DESARROLLOSW\BOILERPLATTE E-COMMERCE\src\components\ui\button
2025-09-20T01:42:37.550Z next:jsconfig-paths-plugin skipping request as it is an absolute path C:\Users\marti\Desktop\DESARROLLOSW\BOILERPLATTE E-COMMERCE\src\components\ui\badge
2025-09-20T01:42:37.550Z next:jsconfig-paths-plugin skipping request as it is an absolute path C:\Users\marti\Desktop\DESARROLLOSW\BOILERPLATTE E-COMMERCE\src\components\ui\tabs
2025-09-20T01:42:37.552Z next:jsconfig-paths-plugin skipping request as it is an absolute path C:\Users\marti\Desktop\DESARROLLOSW\BOILERPLATTE E-COMMERCE\src\components\admin\logistics\CreateShipmentDialog
2025-09-20T01:42:37.553Z next:jsconfig-paths-plugin skipping request as it is an absolute path C:\Users\marti\Desktop\DESARROLLOSW\BOILERPLATTE E-COMMERCE\src\components\admin\logistics\GoogleMapsLogistics
2025-09-20T01:42:37.554Z next:jsconfig-paths-plugin skipping request as it is an absolute path C:\Users\marti\Desktop\DESARROLLOSW\BOILERPLATTE E-COMMERCE\src\components\ui\loading-skeleton
2025-09-20T01:42:37.554Z next:jsconfig-paths-plugin skipping request as it is an absolute path C:\Users\marti\Desktop\DESARROLLOSW\BOILERPLATTE E-COMMERCE\src\components\ui\loading-skeleton
2025-09-20T01:42:37.555Z next:jsconfig-paths-plugin skipping request as it is an absolute path C:\Users\marti\Desktop\DESARROLLOSW\BOILERPLATTE E-COMMERCE\src\components\ui\error-boundary
2025-09-20T01:42:37.555Z next:jsconfig-paths-plugin skipping request as it is an absolute path C:\Users\marti\Desktop\DESARROLLOSW\BOILERPLATTE E-COMMERCE\src\components\ui\error-boundary
2025-09-20T01:42:37.557Z next:jsconfig-paths-plugin skipping request as it is an absolute path C:\Users\marti\Desktop\DESARROLLOSW\BOILERPLATTE E-COMMERCE\src\hooks\admin\useLogisticsDashboard
2025-09-20T01:42:37.559Z next:jsconfig-paths-plugin skipping request as it is an absolute path C:\Users\marti\Desktop\DESARROLLOSW\BOILERPLATTE E-COMMERCE\src\components\admin\logistics\LogisticsMetricsCards
2025-09-20T01:42:37.560Z next:jsconfig-paths-plugin skipping request as it is an absolute path C:\Users\marti\Desktop\DESARROLLOSW\BOILERPLATTE E-COMMERCE\src\components\admin\logistics\ShipmentsList
2025-09-20T01:42:37.560Z next:jsconfig-paths-plugin skipping request as it is an absolute path C:\Users\marti\Desktop\DESARROLLOSW\BOILERPLATTE E-COMMERCE\src\components\admin\logistics\LogisticsAlerts
2025-09-20T01:42:37.560Z next:jsconfig-paths-plugin skipping request as it is an absolute path C:\Users\marti\Desktop\DESARROLLOSW\BOILERPLATTE E-COMMERCE\src\components\admin\logistics\PerformanceChart
2025-09-20T01:42:37.560Z next:jsconfig-paths-plugin skipping request as it is an absolute path C:\Users\marti\Desktop\DESARROLLOSW\BOILERPLATTE E-COMMERCE\src\components\admin\logistics\CarrierPerformanceTable
2025-09-20T01:42:37.560Z next:jsconfig-paths-plugin skipping request as it is an absolute path C:\Users\marti\Desktop\DESARROLLOSW\BOILERPLATTE E-COMMERCE\src\components\admin\logistics\CreateShipmentDialog
2025-09-20T01:42:37.560Z next:jsconfig-paths-plugin skipping request as it is an absolute path C:\Users\marti\Desktop\DESARROLLOSW\BOILERPLATTE E-COMMERCE\src\components\admin\logistics\GoogleMapsLogistics
2025-09-20T01:42:37.573Z next:jsconfig-paths-plugin skipping request as it is an absolute path C:\Users\marti\Desktop\DESARROLLOSW\BOILERPLATTE E-COMMERCE\src\components\ui\card
2025-09-20T01:42:37.573Z next:jsconfig-paths-plugin skipping request as it is an absolute path C:\Users\marti\Desktop\DESARROLLOSW\BOILERPLATTE E-COMMERCE\src\components\ui\button
2025-09-20T01:42:37.573Z next:jsconfig-paths-plugin skipping request as it is an absolute path C:\Users\marti\Desktop\DESARROLLOSW\BOILERPLATTE E-COMMERCE\src\components\ui\badge
2025-09-20T01:42:37.573Z next:jsconfig-paths-plugin skipping request as it is an absolute path C:\Users\marti\Desktop\DESARROLLOSW\BOILERPLATTE E-COMMERCE\src\components\ui\progress
2025-09-20T01:42:37.573Z next:jsconfig-paths-plugin skipping request as it is an absolute path C:\Users\marti\Desktop\DESARROLLOSW\BOILERPLATTE E-COMMERCE\src\components\ui\tabs
2025-09-20T01:42:37.573Z next:jsconfig-paths-plugin skipping request as it is an absolute path C:\Users\marti\Desktop\DESARROLLOSW\BOILERPLATTE E-COMMERCE\src\lib\monitoring\enterprise-monitoring-manager
2025-09-20T01:42:37.574Z next:jsconfig-paths-plugin skipping request as it is an absolute path C:\Users\marti\Desktop\DESARROLLOSW\BOILERPLATTE E-COMMERCE\src\components\ui\card
2025-09-20T01:42:37.574Z next:jsconfig-paths-plugin skipping request as it is an absolute path C:\Users\marti\Desktop\DESARROLLOSW\BOILERPLATTE E-COMMERCE\src\components\ui\button
2025-09-20T01:42:37.574Z next:jsconfig-paths-plugin skipping request as it is an absolute path C:\Users\marti\Desktop\DESARROLLOSW\BOILERPLATTE E-COMMERCE\src\components\ui\badge
2025-09-20T01:42:37.574Z next:jsconfig-paths-plugin skipping request as it is an absolute path C:\Users\marti\Desktop\DESARROLLOSW\BOILERPLATTE E-COMMERCE\src\components\ui\progress
2025-09-20T01:42:37.574Z next:jsconfig-paths-plugin skipping request as it is an absolute path C:\Users\marti\Desktop\DESARROLLOSW\BOILERPLATTE E-COMMERCE\src\components\ui\tabs
2025-09-20T01:42:37.576Z next:jsconfig-paths-plugin skipping request as it is an absolute path C:\Users\marti\Desktop\DESARROLLOSW\BOILERPLATTE E-COMMERCE\src\components\ui\card
2025-09-20T01:42:37.576Z next:jsconfig-paths-plugin skipping request as it is an absolute path C:\Users\marti\Desktop\DESARROLLOSW\BOILERPLATTE E-COMMERCE\src\components\ui\button
2025-09-20T01:42:37.576Z next:jsconfig-paths-plugin skipping request as it is an absolute path C:\Users\marti\Desktop\DESARROLLOSW\BOILERPLATTE E-COMMERCE\src\components\ui\badge
2025-09-20T01:42:37.576Z next:jsconfig-paths-plugin skipping request as it is an absolute path C:\Users\marti\Desktop\DESARROLLOSW\BOILERPLATTE E-COMMERCE\src\components\ui\tabs
2025-09-20T01:42:37.576Z next:jsconfig-paths-plugin skipping request as it is an absolute path C:\Users\marti\Desktop\DESARROLLOSW\BOILERPLATTE E-COMMERCE\src\components\ui\alert
2025-09-20T01:42:37.576Z next:jsconfig-paths-plugin skipping request as it is an absolute path C:\Users\marti\Desktop\DESARROLLOSW\BOILERPLATTE E-COMMERCE\src\components\Dashboard\EnterpriseMonitoringDashboard
2025-09-20T01:42:37.577Z next:jsconfig-paths-plugin skipping request as it is an absolute path C:\Users\marti\Desktop\DESARROLLOSW\BOILERPLATTE E-COMMERCE\src\components\ui\card
2025-09-20T01:42:37.578Z next:jsconfig-paths-plugin skipping request as it is an absolute path C:\Users\marti\Desktop\DESARROLLOSW\BOILERPLATTE E-COMMERCE\src\components\ui\button
2025-09-20T01:42:37.578Z next:jsconfig-paths-plugin skipping request as it is an absolute path C:\Users\marti\Desktop\DESARROLLOSW\BOILERPLATTE E-COMMERCE\src\components\ui\badge
2025-09-20T01:42:37.578Z next:jsconfig-paths-plugin skipping request as it is an absolute path C:\Users\marti\Desktop\DESARROLLOSW\BOILERPLATTE E-COMMERCE\src\components\ui\tabs
2025-09-20T01:42:37.578Z next:jsconfig-paths-plugin skipping request as it is an absolute path C:\Users\marti\Desktop\DESARROLLOSW\BOILERPLATTE E-COMMERCE\src\components\ui\alert
2025-09-20T01:42:37.582Z next:jsconfig-paths-plugin skipping request as it is an absolute path C:\Users\marti\Desktop\DESARROLLOSW\BOILERPLATTE E-COMMERCE\src\lib\monitoring\enterprise-monitoring-manager
2025-09-20T01:42:37.583Z next:jsconfig-paths-plugin skipping request as it is an absolute path C:\Users\marti\Desktop\DESARROLLOSW\BOILERPLATTE E-COMMERCE\src\components\Dashboard\EnterpriseMonitoringDashboard
2025-09-20T01:42:37.584Z next:jsconfig-paths-plugin skipping request as it is an absolute path C:\Users\marti\Desktop\DESARROLLOSW\BOILERPLATTE E-COMMERCE\src\components\ui\card
2025-09-20T01:42:37.584Z next:jsconfig-paths-plugin skipping request as it is an absolute path C:\Users\marti\Desktop\DESARROLLOSW\BOILERPLATTE E-COMMERCE\src\components\ui\button
2025-09-20T01:42:37.584Z next:jsconfig-paths-plugin skipping request as it is an absolute path C:\Users\marti\Desktop\DESARROLLOSW\BOILERPLATTE E-COMMERCE\src\components\ui\badge
2025-09-20T01:42:37.584Z next:jsconfig-paths-plugin skipping request as it is an absolute path C:\Users\marti\Desktop\DESARROLLOSW\BOILERPLATTE E-COMMERCE\src\components\ui\progress
2025-09-20T01:42:37.585Z next:jsconfig-paths-plugin skipping request as it is an absolute path C:\Users\marti\Desktop\DESARROLLOSW\BOILERPLATTE E-COMMERCE\src\components\ui\tabs
2025-09-20T01:42:37.585Z next:jsconfig-paths-plugin skipping request as it is an absolute path C:\Users\marti\Desktop\DESARROLLOSW\BOILERPLATTE E-COMMERCE\src\components\ui\alert
2025-09-20T01:42:37.586Z next:jsconfig-paths-plugin skipping request as it is an absolute path C:\Users\marti\Desktop\DESARROLLOSW\BOILERPLATTE E-COMMERCE\src\components\ui\card
2025-09-20T01:42:37.586Z next:jsconfig-paths-plugin skipping request as it is an absolute path C:\Users\marti\Desktop\DESARROLLOSW\BOILERPLATTE E-COMMERCE\src\components\ui\button
2025-09-20T01:42:37.586Z next:jsconfig-paths-plugin skipping request as it is an absolute path C:\Users\marti\Desktop\DESARROLLOSW\BOILERPLATTE E-COMMERCE\src\components\ui\badge
2025-09-20T01:42:37.586Z next:jsconfig-paths-plugin skipping request as it is an absolute path C:\Users\marti\Desktop\DESARROLLOSW\BOILERPLATTE E-COMMERCE\src\components\ui\progress
2025-09-20T01:42:37.587Z next:jsconfig-paths-plugin skipping request as it is an absolute path C:\Users\marti\Desktop\DESARROLLOSW\BOILERPLATTE E-COMMERCE\src\components\ui\tabs
2025-09-20T01:42:37.587Z next:jsconfig-paths-plugin skipping request as it is an absolute path C:\Users\marti\Desktop\DESARROLLOSW\BOILERPLATTE E-COMMERCE\src\components\ui\alert
2025-09-20T01:42:37.589Z next:jsconfig-paths-plugin skipping request as it is an absolute path C:\Users\marti\Desktop\DESARROLLOSW\BOILERPLATTE E-COMMERCE\src\components\admin\layout\AdminLayout
2025-09-20T01:42:37.589Z next:jsconfig-paths-plugin skipping request as it is an absolute path C:\Users\marti\Desktop\DESARROLLOSW\BOILERPLATTE E-COMMERCE\src\components\admin\orders\OrderListEnterprise
2025-09-20T01:42:37.589Z next:jsconfig-paths-plugin skipping request as it is an absolute path C:\Users\marti\Desktop\DESARROLLOSW\BOILERPLATTE E-COMMERCE\src\hooks\admin\useOrdersEnterprise
2025-09-20T01:42:37.590Z next:jsconfig-paths-plugin skipping request as it is an absolute path C:\Users\marti\Desktop\DESARROLLOSW\BOILERPLATTE E-COMMERCE\src\hooks\admin\useOrdersEnterprise
2025-09-20T01:42:37.591Z next:jsconfig-paths-plugin skipping request as it is an absolute path C:\Users\marti\Desktop\DESARROLLOSW\BOILERPLATTE E-COMMERCE\src\components\admin\layout\AdminLayout
2025-09-20T01:42:37.591Z next:jsconfig-paths-plugin skipping request as it is an absolute path C:\Users\marti\Desktop\DESARROLLOSW\BOILERPLATTE E-COMMERCE\src\components\admin\orders\OrderListEnterprise
2025-09-20T01:42:37.593Z next:jsconfig-paths-plugin skipping request as it is an absolute path C:\Users\marti\Desktop\DESARROLLOSW\BOILERPLATTE E-COMMERCE\src\components\admin\layout\AdminLayout
2025-09-20T01:42:37.593Z next:jsconfig-paths-plugin skipping request as it is an absolute path C:\Users\marti\Desktop\DESARROLLOSW\BOILERPLATTE E-COMMERCE\src\components\admin\orders\OrderListSimple
2025-09-20T01:42:37.593Z next:jsconfig-paths-plugin skipping request as it is an absolute path C:\Users\marti\Desktop\DESARROLLOSW\BOILERPLATTE E-COMMERCE\src\components\ui\button
2025-09-20T01:42:37.594Z next:jsconfig-paths-plugin skipping request as it is an absolute path C:\Users\marti\Desktop\DESARROLLOSW\BOILERPLATTE E-COMMERCE\src\components\ui\button
2025-09-20T01:42:37.594Z next:jsconfig-paths-plugin skipping request as it is an absolute path C:\Users\marti\Desktop\DESARROLLOSW\BOILERPLATTE E-COMMERCE\src\components\admin\layout\AdminLayout
2025-09-20T01:42:37.594Z next:jsconfig-paths-plugin skipping request as it is an absolute path C:\Users\marti\Desktop\DESARROLLOSW\BOILERPLATTE E-COMMERCE\src\components\admin\orders\OrderListSimple
2025-09-20T01:42:37.596Z next:jsconfig-paths-plugin skipping request as it is an absolute path C:\Users\marti\Desktop\DESARROLLOSW\BOILERPLATTE E-COMMERCE\src\components\admin\orders\NewOrderModal
2025-09-20T01:42:37.596Z next:jsconfig-paths-plugin skipping request as it is an absolute path C:\Users\marti\Desktop\DESARROLLOSW\BOILERPLATTE E-COMMERCE\src\components\admin\orders\NewOrderModal
2025-09-20T01:42:37.607Z next:jsconfig-paths-plugin skipping request as it is an absolute path C:\Users\marti\Desktop\DESARROLLOSW\BOILERPLATTE E-COMMERCE\src\components\admin\orders\ExportOrdersModal
2025-09-20T01:42:37.607Z next:jsconfig-paths-plugin skipping request as it is an absolute path C:\Users\marti\Desktop\DESARROLLOSW\BOILERPLATTE E-COMMERCE\src\components\admin\orders\ExportOrdersModal
2025-09-20T01:42:37.608Z next:jsconfig-paths-plugin skipping request as it is an absolute path C:\Users\marti\Desktop\DESARROLLOSW\BOILERPLATTE E-COMMERCE\src\components\admin\orders\OrderDetailsModal
2025-09-20T01:42:37.608Z next:jsconfig-paths-plugin skipping request as it is an absolute path C:\Users\marti\Desktop\DESARROLLOSW\BOILERPLATTE E-COMMERCE\src\components\admin\orders\OrderDetailsModal
2025-09-20T01:42:37.608Z next:jsconfig-paths-plugin skipping request as it is an absolute path C:\Users\marti\Desktop\DESARROLLOSW\BOILERPLATTE E-COMMERCE\src\components\admin\orders\EditOrderModal
2025-09-20T01:42:37.609Z next:jsconfig-paths-plugin skipping request as it is an absolute path C:\Users\marti\Desktop\DESARROLLOSW\BOILERPLATTE E-COMMERCE\src\components\admin\orders\EditOrderModal
2025-09-20T01:42:37.609Z next:jsconfig-paths-plugin skipping request as it is an absolute path C:\Users\marti\Desktop\DESARROLLOSW\BOILERPLATTE E-COMMERCE\src\hooks\admin\useOrderNotifications
2025-09-20T01:42:37.609Z next:jsconfig-paths-plugin skipping request as it is an absolute path C:\Users\marti\Desktop\DESARROLLOSW\BOILERPLATTE E-COMMERCE\src\hooks\admin\useOrderNotifications
2025-09-20T01:42:37.610Z next:jsconfig-paths-plugin skipping request as it is an absolute path C:\Users\marti\Desktop\DESARROLLOSW\BOILERPLATTE E-COMMERCE\src\hooks\admin\useAdminDashboardStats
2025-09-20T01:42:37.610Z next:jsconfig-paths-plugin skipping request as it is an absolute path C:\Users\marti\Desktop\DESARROLLOSW\BOILERPLATTE E-COMMERCE\src\hooks\admin\useAdminDashboardStats
2025-09-20T01:42:37.613Z next:jsconfig-paths-plugin skipping request as it is an absolute path C:\Users\marti\Desktop\DESARROLLOSW\BOILERPLATTE E-COMMERCE\src\providers\MonitoringProvider
2025-09-20T01:42:37.619Z next:jsconfig-paths-plugin skipping request as it is an absolute path C:\Users\marti\Desktop\DESARROLLOSW\BOILERPLATTE E-COMMERCE\src\components\ui\card
2025-09-20T01:42:37.619Z next:jsconfig-paths-plugin skipping request as it is an absolute path C:\Users\marti\Desktop\DESARROLLOSW\BOILERPLATTE E-COMMERCE\src\components\ui\badge
2025-09-20T01:42:37.619Z next:jsconfig-paths-plugin skipping request as it is an absolute path C:\Users\marti\Desktop\DESARROLLOSW\BOILERPLATTE E-COMMERCE\src\components\ui\button
2025-09-20T01:42:37.619Z next:jsconfig-paths-plugin skipping request as it is an absolute path C:\Users\marti\Desktop\DESARROLLOSW\BOILERPLATTE E-COMMERCE\src\components\ui\tabs
2025-09-20T01:42:37.619Z next:jsconfig-paths-plugin skipping request as it is an absolute path C:\Users\marti\Desktop\DESARROLLOSW\BOILERPLATTE E-COMMERCE\src\utils\performanceBudget
2025-09-20T01:42:37.619Z next:jsconfig-paths-plugin skipping request as it is an absolute path C:\Users\marti\Desktop\DESARROLLOSW\BOILERPLATTE E-COMMERCE\src\components\admin\PerformanceMonitor
2025-09-20T01:42:37.621Z next:jsconfig-paths-plugin skipping request as it is an absolute path C:\Users\marti\Desktop\DESARROLLOSW\BOILERPLATTE E-COMMERCE\src\components\ui\card
2025-09-20T01:42:37.621Z next:jsconfig-paths-plugin skipping request as it is an absolute path C:\Users\marti\Desktop\DESARROLLOSW\BOILERPLATTE E-COMMERCE\src\components\ui\badge
2025-09-20T01:42:37.621Z next:jsconfig-paths-plugin skipping request as it is an absolute path C:\Users\marti\Desktop\DESARROLLOSW\BOILERPLATTE E-COMMERCE\src\components\ui\button
2025-09-20T01:42:37.621Z next:jsconfig-paths-plugin skipping request as it is an absolute path C:\Users\marti\Desktop\DESARROLLOSW\BOILERPLATTE E-COMMERCE\src\components\ui\tabs
2025-09-20T01:42:37.621Z next:jsconfig-paths-plugin skipping request as it is an absolute path C:\Users\marti\Desktop\DESARROLLOSW\BOILERPLATTE E-COMMERCE\src\components\admin\PerformanceMonitor
2025-09-20T01:42:37.626Z next:jsconfig-paths-plugin skipping request as it is an absolute path C:\Users\marti\Desktop\DESARROLLOSW\BOILERPLATTE E-COMMERCE\src\components\ui\card
2025-09-20T01:42:37.626Z next:jsconfig-paths-plugin skipping request as it is an absolute path C:\Users\marti\Desktop\DESARROLLOSW\BOILERPLATTE E-COMMERCE\src\components\ui\button
2025-09-20T01:42:37.626Z next:jsconfig-paths-plugin skipping request as it is an absolute path C:\Users\marti\Desktop\DESARROLLOSW\BOILERPLATTE E-COMMERCE\src\components\ui\tabs
2025-09-20T01:42:37.626Z next:jsconfig-paths-plugin skipping request as it is an absolute path C:\Users\marti\Desktop\DESARROLLOSW\BOILERPLATTE E-COMMERCE\src\components\ui\error-boundary
2025-09-20T01:42:37.626Z next:jsconfig-paths-plugin skipping request as it is an absolute path C:\Users\marti\Desktop\DESARROLLOSW\BOILERPLATTE E-COMMERCE\src\components\admin\layout\AdminLayout
2025-09-20T01:42:37.626Z next:jsconfig-paths-plugin skipping request as it is an absolute path C:\Users\marti\Desktop\DESARROLLOSW\BOILERPLATTE E-COMMERCE\src\components\admin\ui\AdminCard
2025-09-20T01:42:37.626Z next:jsconfig-paths-plugin skipping request as it is an absolute path C:\Users\marti\Desktop\DESARROLLOSW\BOILERPLATTE E-COMMERCE\src\lib\utils
2025-09-20T01:42:37.626Z next:jsconfig-paths-plugin skipping request as it is an absolute path C:\Users\marti\Desktop\DESARROLLOSW\BOILERPLATTE E-COMMERCE\src\components\admin\layout\AdminLayout
2025-09-20T01:42:37.626Z next:jsconfig-paths-plugin skipping request as it is an absolute path C:\Users\marti\Desktop\DESARROLLOSW\BOILERPLATTE E-COMMERCE\src\components\admin\products\ProductForm
2025-09-20T01:42:37.628Z next:jsconfig-paths-plugin skipping request as it is an absolute path C:\Users\marti\Desktop\DESARROLLOSW\BOILERPLATTE E-COMMERCE\src\components\ui\card
2025-09-20T01:42:37.628Z next:jsconfig-paths-plugin skipping request as it is an absolute path C:\Users\marti\Desktop\DESARROLLOSW\BOILERPLATTE E-COMMERCE\src\components\ui\button
2025-09-20T01:42:37.628Z next:jsconfig-paths-plugin skipping request as it is an absolute path C:\Users\marti\Desktop\DESARROLLOSW\BOILERPLATTE E-COMMERCE\src\components\ui\tabs
2025-09-20T01:42:37.628Z next:jsconfig-paths-plugin skipping request as it is an absolute path C:\Users\marti\Desktop\DESARROLLOSW\BOILERPLATTE E-COMMERCE\src\components\ui\error-boundary
2025-09-20T01:42:37.628Z next:jsconfig-paths-plugin skipping request as it is an absolute path C:\Users\marti\Desktop\DESARROLLOSW\BOILERPLATTE E-COMMERCE\src\components\admin\layout\AdminLayout
2025-09-20T01:42:37.628Z next:jsconfig-paths-plugin skipping request as it is an absolute path C:\Users\marti\Desktop\DESARROLLOSW\BOILERPLATTE E-COMMERCE\src\components\admin\ui\AdminCard
2025-09-20T01:42:37.629Z next:jsconfig-paths-plugin skipping request as it is an absolute path C:\Users\marti\Desktop\DESARROLLOSW\BOILERPLATTE E-COMMERCE\src\components\admin\layout\AdminLayout
2025-09-20T01:42:37.629Z next:jsconfig-paths-plugin skipping request as it is an absolute path C:\Users\marti\Desktop\DESARROLLOSW\BOILERPLATTE E-COMMERCE\src\lib\utils
2025-09-20T01:42:37.631Z next:jsconfig-paths-plugin skipping request as it is an absolute path C:\Users\marti\Desktop\DESARROLLOSW\BOILERPLATTE E-COMMERCE\src\providers\MonitoringProvider
2025-09-20T01:42:37.631Z next:jsconfig-paths-plugin skipping request as it is an absolute path C:\Users\marti\Desktop\DESARROLLOSW\BOILERPLATTE E-COMMERCE\src\components\admin\layout\AdminLayout
2025-09-20T01:42:37.631Z next:jsconfig-paths-plugin skipping request as it is an absolute path C:\Users\marti\Desktop\DESARROLLOSW\BOILERPLATTE E-COMMERCE\src\components\admin\products\ProductForm
2025-09-20T01:42:37.632Z next:jsconfig-paths-plugin skipping request as it is an absolute path C:\Users\marti\Desktop\DESARROLLOSW\BOILERPLATTE E-COMMERCE\src\components\admin\layout\AdminLayout
2025-09-20T01:42:37.637Z next:jsconfig-paths-plugin skipping request as it is an absolute path C:\Users\marti\Desktop\DESARROLLOSW\BOILERPLATTE E-COMMERCE\src\hooks\admin\useProductsEnterprise
2025-09-20T01:42:37.637Z next:jsconfig-paths-plugin skipping request as it is an absolute path C:\Users\marti\Desktop\DESARROLLOSW\BOILERPLATTE E-COMMERCE\src\hooks\admin\useProductsEnterprise
2025-09-20T01:42:37.638Z next:jsconfig-paths-plugin skipping request as it is an absolute path C:\Users\marti\Desktop\DESARROLLOSW\BOILERPLATTE E-COMMERCE\src\components\admin\products\ProductBulkOperations
2025-09-20T01:42:37.640Z next:jsconfig-paths-plugin skipping request as it is an absolute path C:\Users\marti\Desktop\DESARROLLOSW\BOILERPLATTE E-COMMERCE\src\components\admin\products\ProductBulkOperations
2025-09-20T01:42:37.640Z next:jsconfig-paths-plugin skipping request as it is an absolute path C:\Users\marti\Desktop\DESARROLLOSW\BOILERPLATTE E-COMMERCE\src\components\admin\products\ProductForm
2025-09-20T01:42:37.640Z next:jsconfig-paths-plugin skipping request as it is an absolute path C:\Users\marti\Desktop\DESARROLLOSW\BOILERPLATTE E-COMMERCE\src\components\admin\products\ProductForm
2025-09-20T01:42:37.641Z next:jsconfig-paths-plugin skipping request as it is an absolute path C:\Users\marti\Desktop\DESARROLLOSW\BOILERPLATTE E-COMMERCE\src\utils\performanceBudget
2025-09-20T01:42:37.641Z next:jsconfig-paths-plugin skipping request as it is an absolute path C:\Users\marti\Desktop\DESARROLLOSW\BOILERPLATTE E-COMMERCE\src\components\admin\products\ProductList
2025-09-20T01:42:37.642Z next:jsconfig-paths-plugin skipping request as it is an absolute path C:\Users\marti\Desktop\DESARROLLOSW\BOILERPLATTE E-COMMERCE\src\components\admin\products\ProductList
2025-09-20T01:42:37.647Z next:jsconfig-paths-plugin skipping request as it is an absolute path C:\Users\marti\Desktop\DESARROLLOSW\BOILERPLATTE E-COMMERCE\src\components\ui\card
2025-09-20T01:42:37.647Z next:jsconfig-paths-plugin skipping request as it is an absolute path C:\Users\marti\Desktop\DESARROLLOSW\BOILERPLATTE E-COMMERCE\src\components\ui\button
2025-09-20T01:42:37.647Z next:jsconfig-paths-plugin skipping request as it is an absolute path C:\Users\marti\Desktop\DESARROLLOSW\BOILERPLATTE E-COMMERCE\src\components\ui\badge
2025-09-20T01:42:37.647Z next:jsconfig-paths-plugin skipping request as it is an absolute path C:\Users\marti\Desktop\DESARROLLOSW\BOILERPLATTE E-COMMERCE\src\components\ui\alert
2025-09-20T01:42:37.647Z next:jsconfig-paths-plugin skipping request as it is an absolute path C:\Users\marti\Desktop\DESARROLLOSW\BOILERPLATTE E-COMMERCE\src\components\PurchaseFlowVisualization
2025-09-20T01:42:37.647Z next:jsconfig-paths-plugin skipping request as it is an absolute path C:\Users\marti\Desktop\DESARROLLOSW\BOILERPLATTE E-COMMERCE\src\components\ui\separator
2025-09-20T01:42:37.648Z next:jsconfig-paths-plugin skipping request as it is an absolute path C:\Users\marti\Desktop\DESARROLLOSW\BOILERPLATTE E-COMMERCE\src\components\PurchaseFlowVisualization
2025-09-20T01:42:37.649Z next:jsconfig-paths-plugin skipping request as it is an absolute path C:\Users\marti\Desktop\DESARROLLOSW\BOILERPLATTE E-COMMERCE\src\components\ui\card
2025-09-20T01:42:37.649Z next:jsconfig-paths-plugin skipping request as it is an absolute path C:\Users\marti\Desktop\DESARROLLOSW\BOILERPLATTE E-COMMERCE\src\components\ui\button
2025-09-20T01:42:37.649Z next:jsconfig-paths-plugin skipping request as it is an absolute path C:\Users\marti\Desktop\DESARROLLOSW\BOILERPLATTE E-COMMERCE\src\components\ui\badge
2025-09-20T01:42:37.649Z next:jsconfig-paths-plugin skipping request as it is an absolute path C:\Users\marti\Desktop\DESARROLLOSW\BOILERPLATTE E-COMMERCE\src\components\ui\alert
2025-09-20T01:42:37.649Z next:jsconfig-paths-plugin skipping request as it is an absolute path C:\Users\marti\Desktop\DESARROLLOSW\BOILERPLATTE E-COMMERCE\src\components\ui\separator
2025-09-20T01:42:37.651Z next:jsconfig-paths-plugin skipping request as it is an absolute path C:\Users\marti\Desktop\DESARROLLOSW\BOILERPLATTE E-COMMERCE\src\components\ui\card
2025-09-20T01:42:37.651Z next:jsconfig-paths-plugin skipping request as it is an absolute path C:\Users\marti\Desktop\DESARROLLOSW\BOILERPLATTE E-COMMERCE\src\components\ui\button
2025-09-20T01:42:37.651Z next:jsconfig-paths-plugin skipping request as it is an absolute path C:\Users\marti\Desktop\DESARROLLOSW\BOILERPLATTE E-COMMERCE\src\components\ui\input
2025-09-20T01:42:37.651Z next:jsconfig-paths-plugin skipping request as it is an absolute path C:\Users\marti\Desktop\DESARROLLOSW\BOILERPLATTE E-COMMERCE\src\components\ui\label
2025-09-20T01:42:37.651Z next:jsconfig-paths-plugin skipping request as it is an absolute path C:\Users\marti\Desktop\DESARROLLOSW\BOILERPLATTE E-COMMERCE\src\components\ui\badge
2025-09-20T01:42:37.651Z next:jsconfig-paths-plugin skipping request as it is an absolute path C:\Users\marti\Desktop\DESARROLLOSW\BOILERPLATTE E-COMMERCE\src\components\ui\tabs
2025-09-20T01:42:37.651Z next:jsconfig-paths-plugin skipping request as it is an absolute path C:\Users\marti\Desktop\DESARROLLOSW\BOILERPLATTE E-COMMERCE\src\components\ui\progress
2025-09-20T01:42:37.651Z next:jsconfig-paths-plugin skipping request as it is an absolute path C:\Users\marti\Desktop\DESARROLLOSW\BOILERPLATTE E-COMMERCE\src\components\ui\alert
2025-09-20T01:42:37.653Z next:jsconfig-paths-plugin skipping request as it is an absolute path C:\Users\marti\Desktop\DESARROLLOSW\BOILERPLATTE E-COMMERCE\src\components\ui\card
2025-09-20T01:42:37.653Z next:jsconfig-paths-plugin skipping request as it is an absolute path C:\Users\marti\Desktop\DESARROLLOSW\BOILERPLATTE E-COMMERCE\src\components\ui\button
2025-09-20T01:42:37.653Z next:jsconfig-paths-plugin skipping request as it is an absolute path C:\Users\marti\Desktop\DESARROLLOSW\BOILERPLATTE E-COMMERCE\src\components\ui\input
2025-09-20T01:42:37.653Z next:jsconfig-paths-plugin skipping request as it is an absolute path C:\Users\marti\Desktop\DESARROLLOSW\BOILERPLATTE E-COMMERCE\src\components\ui\label
2025-09-20T01:42:37.653Z next:jsconfig-paths-plugin skipping request as it is an absolute path C:\Users\marti\Desktop\DESARROLLOSW\BOILERPLATTE E-COMMERCE\src\components\ui\badge
2025-09-20T01:42:37.653Z next:jsconfig-paths-plugin skipping request as it is an absolute path C:\Users\marti\Desktop\DESARROLLOSW\BOILERPLATTE E-COMMERCE\src\components\ui\tabs
2025-09-20T01:42:37.653Z next:jsconfig-paths-plugin skipping request as it is an absolute path C:\Users\marti\Desktop\DESARROLLOSW\BOILERPLATTE E-COMMERCE\src\components\ui\progress
2025-09-20T01:42:37.654Z next:jsconfig-paths-plugin skipping request as it is an absolute path C:\Users\marti\Desktop\DESARROLLOSW\BOILERPLATTE E-COMMERCE\src\components\ui\alert
2025-09-20T01:42:37.656Z next:jsconfig-paths-plugin skipping request as it is an absolute path C:\Users\marti\Desktop\DESARROLLOSW\BOILERPLATTE E-COMMERCE\src\components\ui\card
2025-09-20T01:42:37.656Z next:jsconfig-paths-plugin skipping request as it is an absolute path C:\Users\marti\Desktop\DESARROLLOSW\BOILERPLATTE E-COMMERCE\src\components\admin\layout\AdminLayout
2025-09-20T01:42:37.656Z next:jsconfig-paths-plugin skipping request as it is an absolute path C:\Users\marti\Desktop\DESARROLLOSW\BOILERPLATTE E-COMMERCE\src\components\ui\button
2025-09-20T01:42:37.657Z next:jsconfig-paths-plugin skipping request as it is an absolute path C:\Users\marti\Desktop\DESARROLLOSW\BOILERPLATTE E-COMMERCE\src\components\ui\badge
2025-09-20T01:42:37.657Z next:jsconfig-paths-plugin skipping request as it is an absolute path C:\Users\marti\Desktop\DESARROLLOSW\BOILERPLATTE E-COMMERCE\src\components\ui\progress
2025-09-20T01:42:37.657Z next:jsconfig-paths-plugin skipping request as it is an absolute path C:\Users\marti\Desktop\DESARROLLOSW\BOILERPLATTE E-COMMERCE\src\components\ui\alert
2025-09-20T01:42:37.657Z next:jsconfig-paths-plugin skipping request as it is an absolute path C:\Users\marti\Desktop\DESARROLLOSW\BOILERPLATTE E-COMMERCE\src\components\admin\layout\AdminLayout
2025-09-20T01:42:37.657Z next:jsconfig-paths-plugin skipping request as it is an absolute path C:\Users\marti\Desktop\DESARROLLOSW\BOILERPLATTE E-COMMERCE\src\components\ui\card
2025-09-20T01:42:37.657Z next:jsconfig-paths-plugin skipping request as it is an absolute path C:\Users\marti\Desktop\DESARROLLOSW\BOILERPLATTE E-COMMERCE\src\components\ui\button
2025-09-20T01:42:37.657Z next:jsconfig-paths-plugin skipping request as it is an absolute path C:\Users\marti\Desktop\DESARROLLOSW\BOILERPLATTE E-COMMERCE\src\components\ui\tabs
2025-09-20T01:42:37.657Z next:jsconfig-paths-plugin skipping request as it is an absolute path C:\Users\marti\Desktop\DESARROLLOSW\BOILERPLATTE E-COMMERCE\src\components\ui\select
2025-09-20T01:42:37.658Z next:jsconfig-paths-plugin skipping request as it is an absolute path C:\Users\marti\Desktop\DESARROLLOSW\BOILERPLATTE E-COMMERCE\src\components\ui\card
2025-09-20T01:42:37.658Z next:jsconfig-paths-plugin skipping request as it is an absolute path C:\Users\marti\Desktop\DESARROLLOSW\BOILERPLATTE E-COMMERCE\src\components\ui\button
2025-09-20T01:42:37.659Z next:jsconfig-paths-plugin skipping request as it is an absolute path C:\Users\marti\Desktop\DESARROLLOSW\BOILERPLATTE E-COMMERCE\src\components\ui\badge
2025-09-20T01:42:37.659Z next:jsconfig-paths-plugin skipping request as it is an absolute path C:\Users\marti\Desktop\DESARROLLOSW\BOILERPLATTE E-COMMERCE\src\components\ui\progress
2025-09-20T01:42:37.659Z next:jsconfig-paths-plugin skipping request as it is an absolute path C:\Users\marti\Desktop\DESARROLLOSW\BOILERPLATTE E-COMMERCE\src\components\ui\alert
2025-09-20T01:42:37.659Z next:jsconfig-paths-plugin skipping request as it is an absolute path C:\Users\marti\Desktop\DESARROLLOSW\BOILERPLATTE E-COMMERCE\src\components\admin\layout\AdminLayout
2025-09-20T01:42:37.659Z next:jsconfig-paths-plugin skipping request as it is an absolute path C:\Users\marti\Desktop\DESARROLLOSW\BOILERPLATTE E-COMMERCE\src\components\ui\card
2025-09-20T01:42:37.659Z next:jsconfig-paths-plugin skipping request as it is an absolute path C:\Users\marti\Desktop\DESARROLLOSW\BOILERPLATTE E-COMMERCE\src\components\ui\button
2025-09-20T01:42:37.659Z next:jsconfig-paths-plugin skipping request as it is an absolute path C:\Users\marti\Desktop\DESARROLLOSW\BOILERPLATTE E-COMMERCE\src\components\ui\tabs
2025-09-20T01:42:37.659Z next:jsconfig-paths-plugin skipping request as it is an absolute path C:\Users\marti\Desktop\DESARROLLOSW\BOILERPLATTE E-COMMERCE\src\components\ui\select
2025-09-20T01:42:37.659Z next:jsconfig-paths-plugin skipping request as it is an absolute path C:\Users\marti\Desktop\DESARROLLOSW\BOILERPLATTE E-COMMERCE\src\components\admin\layout\AdminLayout
2025-09-20T01:42:37.665Z next:jsconfig-paths-plugin skipping request as it is a relative path ../Common/Breadcrumb
2025-09-20T01:42:37.666Z next:jsconfig-paths-plugin skipping request as it is a relative path ../Common/Breadcrumb
2025-09-20T01:42:37.667Z next:jsconfig-paths-plugin skipping request as it is an absolute path C:\Users\marti\Desktop\DESARROLLOSW\BOILERPLATTE E-COMMERCE\src\components\admin\layout\AdminLayout
2025-09-20T01:42:37.667Z next:jsconfig-paths-plugin skipping request as it is an absolute path C:\Users\marti\Desktop\DESARROLLOSW\BOILERPLATTE E-COMMERCE\src\components\ui\card
2025-09-20T01:42:37.667Z next:jsconfig-paths-plugin skipping request as it is an absolute path C:\Users\marti\Desktop\DESARROLLOSW\BOILERPLATTE E-COMMERCE\src\components\ui\button
2025-09-20T01:42:37.667Z next:jsconfig-paths-plugin skipping request as it is an absolute path C:\Users\marti\Desktop\DESARROLLOSW\BOILERPLATTE E-COMMERCE\src\components\ui\badge
2025-09-20T01:42:37.667Z next:jsconfig-paths-plugin skipping request as it is an absolute path C:\Users\marti\Desktop\DESARROLLOSW\BOILERPLATTE E-COMMERCE\src\components\ui\tabs
2025-09-20T01:42:37.667Z next:jsconfig-paths-plugin skipping request as it is an absolute path C:\Users\marti\Desktop\DESARROLLOSW\BOILERPLATTE E-COMMERCE\src\components\ui\select
2025-09-20T01:42:37.667Z next:jsconfig-paths-plugin skipping request as it is an absolute path C:\Users\marti\Desktop\DESARROLLOSW\BOILERPLATTE E-COMMERCE\src\components\ui\switch
2025-09-20T01:42:37.667Z next:jsconfig-paths-plugin skipping request as it is an absolute path C:\Users\marti\Desktop\DESARROLLOSW\BOILERPLATTE E-COMMERCE\src\components\ui\textarea
2025-09-20T01:42:37.669Z next:jsconfig-paths-plugin skipping request as it is an absolute path C:\Users\marti\Desktop\DESARROLLOSW\BOILERPLATTE E-COMMERCE\src\components\ui\card
2025-09-20T01:42:37.669Z next:jsconfig-paths-plugin skipping request as it is an absolute path C:\Users\marti\Desktop\DESARROLLOSW\BOILERPLATTE E-COMMERCE\src\components\ui\button
2025-09-20T01:42:37.669Z next:jsconfig-paths-plugin skipping request as it is an absolute path C:\Users\marti\Desktop\DESARROLLOSW\BOILERPLATTE E-COMMERCE\src\components\ui\badge
2025-09-20T01:42:37.669Z next:jsconfig-paths-plugin skipping request as it is an absolute path C:\Users\marti\Desktop\DESARROLLOSW\BOILERPLATTE E-COMMERCE\src\components\ui\tabs
2025-09-20T01:42:37.669Z next:jsconfig-paths-plugin skipping request as it is an absolute path C:\Users\marti\Desktop\DESARROLLOSW\BOILERPLATTE E-COMMERCE\src\components\ui\select
2025-09-20T01:42:37.669Z next:jsconfig-paths-plugin skipping request as it is an absolute path C:\Users\marti\Desktop\DESARROLLOSW\BOILERPLATTE E-COMMERCE\src\components\ui\switch
2025-09-20T01:42:37.669Z next:jsconfig-paths-plugin skipping request as it is an absolute path C:\Users\marti\Desktop\DESARROLLOSW\BOILERPLATTE E-COMMERCE\src\components\ui\textarea
2025-09-20T01:42:37.669Z next:jsconfig-paths-plugin skipping request as it is an absolute path C:\Users\marti\Desktop\DESARROLLOSW\BOILERPLATTE E-COMMERCE\src\components\admin\layout\AdminLayout
2025-09-20T01:42:37.674Z next:jsconfig-paths-plugin skipping request as it is an absolute path C:\Users\marti\Desktop\DESARROLLOSW\BOILERPLATTE E-COMMERCE\src\components\admin\layout\AdminLayout
2025-09-20T01:42:37.674Z next:jsconfig-paths-plugin skipping request as it is an absolute path C:\Users\marti\Desktop\DESARROLLOSW\BOILERPLATTE E-COMMERCE\src\components\ui\card
2025-09-20T01:42:37.674Z next:jsconfig-paths-plugin skipping request as it is an absolute path C:\Users\marti\Desktop\DESARROLLOSW\BOILERPLATTE E-COMMERCE\src\components\ui\button
2025-09-20T01:42:37.674Z next:jsconfig-paths-plugin skipping request as it is an absolute path C:\Users\marti\Desktop\DESARROLLOSW\BOILERPLATTE E-COMMERCE\src\components\ui\badge
2025-09-20T01:42:37.674Z next:jsconfig-paths-plugin skipping request as it is an absolute path C:\Users\marti\Desktop\DESARROLLOSW\BOILERPLATTE E-COMMERCE\src\components\ui\tabs
2025-09-20T01:42:37.674Z next:jsconfig-paths-plugin skipping request as it is an absolute path C:\Users\marti\Desktop\DESARROLLOSW\BOILERPLATTE E-COMMERCE\src\components\ui\progress
2025-09-20T01:42:37.674Z next:jsconfig-paths-plugin skipping request as it is an absolute path C:\Users\marti\Desktop\DESARROLLOSW\BOILERPLATTE E-COMMERCE\src\components\ui\input
2025-09-20T01:42:37.674Z next:jsconfig-paths-plugin skipping request as it is an absolute path C:\Users\marti\Desktop\DESARROLLOSW\BOILERPLATTE E-COMMERCE\src\components\ui\alert
2025-09-20T01:42:37.676Z next:jsconfig-paths-plugin skipping request as it is an absolute path C:\Users\marti\Desktop\DESARROLLOSW\BOILERPLATTE E-COMMERCE\src\components\ui\card
2025-09-20T01:42:37.676Z next:jsconfig-paths-plugin skipping request as it is an absolute path C:\Users\marti\Desktop\DESARROLLOSW\BOILERPLATTE E-COMMERCE\src\components\ui\button
2025-09-20T01:42:37.676Z next:jsconfig-paths-plugin skipping request as it is an absolute path C:\Users\marti\Desktop\DESARROLLOSW\BOILERPLATTE E-COMMERCE\src\components\ui\badge
2025-09-20T01:42:37.676Z next:jsconfig-paths-plugin skipping request as it is an absolute path C:\Users\marti\Desktop\DESARROLLOSW\BOILERPLATTE E-COMMERCE\src\components\ui\tabs
2025-09-20T01:42:37.676Z next:jsconfig-paths-plugin skipping request as it is an absolute path C:\Users\marti\Desktop\DESARROLLOSW\BOILERPLATTE E-COMMERCE\src\components\ui\progress
2025-09-20T01:42:37.676Z next:jsconfig-paths-plugin skipping request as it is an absolute path C:\Users\marti\Desktop\DESARROLLOSW\BOILERPLATTE E-COMMERCE\src\components\ui\input
2025-09-20T01:42:37.676Z next:jsconfig-paths-plugin skipping request as it is an absolute path C:\Users\marti\Desktop\DESARROLLOSW\BOILERPLATTE E-COMMERCE\src\components\ui\alert
2025-09-20T01:42:37.676Z next:jsconfig-paths-plugin skipping request as it is an absolute path C:\Users\marti\Desktop\DESARROLLOSW\BOILERPLATTE E-COMMERCE\src\components\admin\layout\AdminLayout
2025-09-20T01:42:37.678Z next:jsconfig-paths-plugin skipping request as it is an absolute path C:\Users\marti\Desktop\DESARROLLOSW\BOILERPLATTE E-COMMERCE\src\components\admin\layout\AdminLayout
2025-09-20T01:42:37.678Z next:jsconfig-paths-plugin skipping request as it is an absolute path C:\Users\marti\Desktop\DESARROLLOSW\BOILERPLATTE E-COMMERCE\src\components\admin\ui\AdminCard
2025-09-20T01:42:37.678Z next:jsconfig-paths-plugin skipping request as it is an absolute path C:\Users\marti\Desktop\DESARROLLOSW\BOILERPLATTE E-COMMERCE\src\components\admin\layout\AdminLayout
2025-09-20T01:42:37.678Z next:jsconfig-paths-plugin skipping request as it is an absolute path C:\Users\marti\Desktop\DESARROLLOSW\BOILERPLATTE E-COMMERCE\src\components\admin\ui\AdminCard
2025-09-20T01:42:37.680Z next:jsconfig-paths-plugin skipping request as it is an absolute path C:\Users\marti\Desktop\DESARROLLOSW\BOILERPLATTE E-COMMERCE\src\components\admin\layout\AdminLayout
2025-09-20T01:42:37.680Z next:jsconfig-paths-plugin skipping request as it is an absolute path C:\Users\marti\Desktop\DESARROLLOSW\BOILERPLATTE E-COMMERCE\src\components\ui\card
2025-09-20T01:42:37.680Z next:jsconfig-paths-plugin skipping request as it is an absolute path C:\Users\marti\Desktop\DESARROLLOSW\BOILERPLATTE E-COMMERCE\src\components\ui\button
2025-09-20T01:42:37.680Z next:jsconfig-paths-plugin skipping request as it is an absolute path C:\Users\marti\Desktop\DESARROLLOSW\BOILERPLATTE E-COMMERCE\src\components\ui\badge
2025-09-20T01:42:37.680Z next:jsconfig-paths-plugin skipping request as it is an absolute path C:\Users\marti\Desktop\DESARROLLOSW\BOILERPLATTE E-COMMERCE\src\components\ui\tabs
2025-09-20T01:42:37.680Z next:jsconfig-paths-plugin skipping request as it is an absolute path C:\Users\marti\Desktop\DESARROLLOSW\BOILERPLATTE E-COMMERCE\src\components\ui\progress
2025-09-20T01:42:37.680Z next:jsconfig-paths-plugin skipping request as it is an absolute path C:\Users\marti\Desktop\DESARROLLOSW\BOILERPLATTE E-COMMERCE\src\components\ui\textarea
2025-09-20T01:42:37.680Z next:jsconfig-paths-plugin skipping request as it is an absolute path C:\Users\marti\Desktop\DESARROLLOSW\BOILERPLATTE E-COMMERCE\src\components\ui\alert
2025-09-20T01:42:37.681Z next:jsconfig-paths-plugin skipping request as it is an absolute path C:\Users\marti\Desktop\DESARROLLOSW\BOILERPLATTE E-COMMERCE\src\components\ui\card
2025-09-20T01:42:37.681Z next:jsconfig-paths-plugin skipping request as it is an absolute path C:\Users\marti\Desktop\DESARROLLOSW\BOILERPLATTE E-COMMERCE\src\components\ui\button
2025-09-20T01:42:37.681Z next:jsconfig-paths-plugin skipping request as it is an absolute path C:\Users\marti\Desktop\DESARROLLOSW\BOILERPLATTE E-COMMERCE\src\components\ui\badge
2025-09-20T01:42:37.681Z next:jsconfig-paths-plugin skipping request as it is an absolute path C:\Users\marti\Desktop\DESARROLLOSW\BOILERPLATTE E-COMMERCE\src\components\ui\tabs
2025-09-20T01:42:37.682Z next:jsconfig-paths-plugin skipping request as it is an absolute path C:\Users\marti\Desktop\DESARROLLOSW\BOILERPLATTE E-COMMERCE\src\components\ui\progress
2025-09-20T01:42:37.682Z next:jsconfig-paths-plugin skipping request as it is an absolute path C:\Users\marti\Desktop\DESARROLLOSW\BOILERPLATTE E-COMMERCE\src\components\ui\textarea
2025-09-20T01:42:37.682Z next:jsconfig-paths-plugin skipping request as it is an absolute path C:\Users\marti\Desktop\DESARROLLOSW\BOILERPLATTE E-COMMERCE\src\components\ui\alert
2025-09-20T01:42:37.682Z next:jsconfig-paths-plugin skipping request as it is an absolute path C:\Users\marti\Desktop\DESARROLLOSW\BOILERPLATTE E-COMMERCE\src\components\admin\layout\AdminLayout
2025-09-20T01:42:37.686Z next:jsconfig-paths-plugin skipping request as it is a relative path ./index
2025-09-20T01:42:37.686Z next:jsconfig-paths-plugin skipping request as it is a relative path ../Common/Breadcrumb
2025-09-20T01:42:37.686Z next:jsconfig-paths-plugin skipping request as it is a relative path ../Common/Breadcrumb
2025-09-20T01:42:37.687Z next:jsconfig-paths-plugin skipping request as it is a relative path ./index
2025-09-20T01:42:37.687Z next:jsconfig-paths-plugin skipping request as it is a relative path ../Common/Breadcrumb
2025-09-20T01:42:37.687Z next:jsconfig-paths-plugin skipping request as it is a relative path ../Common/Breadcrumb
2025-09-20T01:42:37.689Z next:jsconfig-paths-plugin skipping request as it is an absolute path C:\Users\marti\Desktop\DESARROLLOSW\BOILERPLATTE E-COMMERCE\src\components\ui\card
2025-09-20T01:42:37.689Z next:jsconfig-paths-plugin skipping request as it is an absolute path C:\Users\marti\Desktop\DESARROLLOSW\BOILERPLATTE E-COMMERCE\src\components\ui\badge
2025-09-20T01:42:37.690Z next:jsconfig-paths-plugin skipping request as it is an absolute path C:\Users\marti\Desktop\DESARROLLOSW\BOILERPLATTE E-COMMERCE\src\components\ui\button
2025-09-20T01:42:37.690Z next:jsconfig-paths-plugin skipping request as it is an absolute path C:\Users\marti\Desktop\DESARROLLOSW\BOILERPLATTE E-COMMERCE\src\components\ui\tabs
2025-09-20T01:42:37.691Z next:jsconfig-paths-plugin skipping request as it is an absolute path C:\Users\marti\Desktop\DESARROLLOSW\BOILERPLATTE E-COMMERCE\src\components\ui\card
2025-09-20T01:42:37.691Z next:jsconfig-paths-plugin skipping request as it is an absolute path C:\Users\marti\Desktop\DESARROLLOSW\BOILERPLATTE E-COMMERCE\src\components\ui\badge
2025-09-20T01:42:37.691Z next:jsconfig-paths-plugin skipping request as it is an absolute path C:\Users\marti\Desktop\DESARROLLOSW\BOILERPLATTE E-COMMERCE\src\components\ui\button
2025-09-20T01:42:37.691Z next:jsconfig-paths-plugin skipping request as it is an absolute path C:\Users\marti\Desktop\DESARROLLOSW\BOILERPLATTE E-COMMERCE\src\components\ui\tabs
2025-09-20T01:42:37.694Z next:jsconfig-paths-plugin skipping request as it is a relative path ../Common/Breadcrumb
2025-09-20T01:42:37.694Z next:jsconfig-paths-plugin skipping request as it is a relative path ../Common/Breadcrumb
2025-09-20T01:42:37.694Z next:jsconfig-paths-plugin skipping request as it is an absolute path C:\Users\marti\Desktop\DESARROLLOSW\BOILERPLATTE E-COMMERCE\src\lib\utils
2025-09-20T01:42:37.695Z next:jsconfig-paths-plugin skipping request as it is an absolute path C:\Users\marti\Desktop\DESARROLLOSW\BOILERPLATTE E-COMMERCE\src\lib\utils
2025-09-20T01:42:37.696Z next:jsconfig-paths-plugin skipping request as it is an absolute path C:\Users\marti\Desktop\DESARROLLOSW\BOILERPLATTE E-COMMERCE\src\hooks\useCheckout
2025-09-20T01:42:37.696Z next:jsconfig-paths-plugin skipping request as it is an absolute path C:\Users\marti\Desktop\DESARROLLOSW\BOILERPLATTE E-COMMERCE\src\hooks\useMobileCheckoutNavigation
2025-09-20T01:42:37.696Z next:jsconfig-paths-plugin skipping request as it is an absolute path C:\Users\marti\Desktop\DESARROLLOSW\BOILERPLATTE E-COMMERCE\src\components\ui\card
2025-09-20T01:42:37.696Z next:jsconfig-paths-plugin skipping request as it is an absolute path C:\Users\marti\Desktop\DESARROLLOSW\BOILERPLATTE E-COMMERCE\src\components\ui\button
2025-09-20T01:42:37.696Z next:jsconfig-paths-plugin skipping request as it is an absolute path C:\Users\marti\Desktop\DESARROLLOSW\BOILERPLATTE E-COMMERCE\src\lib\utils
2025-09-20T01:42:37.696Z next:jsconfig-paths-plugin skipping request as it is an absolute path C:\Users\marti\Desktop\DESARROLLOSW\BOILERPLATTE E-COMMERCE\src\components\ui\progress
2025-09-20T01:42:37.698Z next:jsconfig-paths-plugin skipping request as it is an absolute path C:\Users\marti\Desktop\DESARROLLOSW\BOILERPLATTE E-COMMERCE\src\hooks\useCheckout
2025-09-20T01:42:37.698Z next:jsconfig-paths-plugin skipping request as it is an absolute path C:\Users\marti\Desktop\DESARROLLOSW\BOILERPLATTE E-COMMERCE\src\hooks\useMobileCheckoutNavigation
2025-09-20T01:42:37.698Z next:jsconfig-paths-plugin skipping request as it is an absolute path C:\Users\marti\Desktop\DESARROLLOSW\BOILERPLATTE E-COMMERCE\src\components\ui\card
2025-09-20T01:42:37.698Z next:jsconfig-paths-plugin skipping request as it is an absolute path C:\Users\marti\Desktop\DESARROLLOSW\BOILERPLATTE E-COMMERCE\src\components\ui\button
2025-09-20T01:42:37.698Z next:jsconfig-paths-plugin skipping request as it is an absolute path C:\Users\marti\Desktop\DESARROLLOSW\BOILERPLATTE E-COMMERCE\src\components\ui\progress
2025-09-20T01:42:37.699Z next:jsconfig-paths-plugin skipping request as it is an absolute path C:\Users\marti\Desktop\DESARROLLOSW\BOILERPLATTE E-COMMERCE\src\lib\utils
2025-09-20T01:42:37.700Z next:jsconfig-paths-plugin skipping request as it is a relative path ./ExpressForm
2025-09-20T01:42:37.700Z next:jsconfig-paths-plugin skipping request as it is a relative path ./ExpressForm
2025-09-20T01:42:37.701Z next:jsconfig-paths-plugin skipping request as it is an absolute path C:\Users\marti\Desktop\DESARROLLOSW\BOILERPLATTE E-COMMERCE\src\components\ui\card
2025-09-20T01:42:37.701Z next:jsconfig-paths-plugin skipping request as it is an absolute path C:\Users\marti\Desktop\DESARROLLOSW\BOILERPLATTE E-COMMERCE\src\components\ui\badge
2025-09-20T01:42:37.701Z next:jsconfig-paths-plugin skipping request as it is an absolute path C:\Users\marti\Desktop\DESARROLLOSW\BOILERPLATTE E-COMMERCE\src\components\ui\button
2025-09-20T01:42:37.701Z next:jsconfig-paths-plugin skipping request as it is an absolute path C:\Users\marti\Desktop\DESARROLLOSW\BOILERPLATTE E-COMMERCE\src\components\ui\tabs
2025-09-20T01:42:37.701Z next:jsconfig-paths-plugin skipping request as it is an absolute path C:\Users\marti\Desktop\DESARROLLOSW\BOILERPLATTE E-COMMERCE\src\components\ui\separator
2025-09-20T01:42:37.701Z next:jsconfig-paths-plugin skipping request as it is an absolute path C:\Users\marti\Desktop\DESARROLLOSW\BOILERPLATTE E-COMMERCE\src\components\ui\scroll-area
2025-09-20T01:42:37.702Z next:jsconfig-paths-plugin skipping request as it is an absolute path C:\Users\marti\Desktop\DESARROLLOSW\BOILERPLATTE E-COMMERCE\src\components\ui\card
2025-09-20T01:42:37.702Z next:jsconfig-paths-plugin skipping request as it is an absolute path C:\Users\marti\Desktop\DESARROLLOSW\BOILERPLATTE E-COMMERCE\src\components\ui\badge
2025-09-20T01:42:37.702Z next:jsconfig-paths-plugin skipping request as it is an absolute path C:\Users\marti\Desktop\DESARROLLOSW\BOILERPLATTE E-COMMERCE\src\components\ui\button
2025-09-20T01:42:37.702Z next:jsconfig-paths-plugin skipping request as it is an absolute path C:\Users\marti\Desktop\DESARROLLOSW\BOILERPLATTE E-COMMERCE\src\components\ui\tabs
2025-09-20T01:42:37.702Z next:jsconfig-paths-plugin skipping request as it is an absolute path C:\Users\marti\Desktop\DESARROLLOSW\BOILERPLATTE E-COMMERCE\src\components\ui\separator
2025-09-20T01:42:37.702Z next:jsconfig-paths-plugin skipping request as it is an absolute path C:\Users\marti\Desktop\DESARROLLOSW\BOILERPLATTE E-COMMERCE\src\components\ui\scroll-area
2025-09-20T01:42:37.704Z next:jsconfig-paths-plugin skipping request as it is an absolute path C:\Users\marti\Desktop\DESARROLLOSW\BOILERPLATTE E-COMMERCE\src\components\ui\button
2025-09-20T01:42:37.704Z next:jsconfig-paths-plugin skipping request as it is an absolute path C:\Users\marti\Desktop\DESARROLLOSW\BOILERPLATTE E-COMMERCE\src\components\ui\card
2025-09-20T01:42:37.704Z next:jsconfig-paths-plugin skipping request as it is an absolute path C:\Users\marti\Desktop\DESARROLLOSW\BOILERPLATTE E-COMMERCE\src\components\ui\button
2025-09-20T01:42:37.704Z next:jsconfig-paths-plugin skipping request as it is an absolute path C:\Users\marti\Desktop\DESARROLLOSW\BOILERPLATTE E-COMMERCE\src\components\ui\card
2025-09-20T01:42:37.705Z next:jsconfig-paths-plugin skipping request as it is an absolute path C:\Users\marti\Desktop\DESARROLLOSW\BOILERPLATTE E-COMMERCE\src\components\ui\cart-summary
2025-09-20T01:42:37.705Z next:jsconfig-paths-plugin skipping request as it is an absolute path C:\Users\marti\Desktop\DESARROLLOSW\BOILERPLATTE E-COMMERCE\src\components\ui\cart-summary
2025-09-20T01:42:37.706Z next:jsconfig-paths-plugin skipping request as it is an absolute path C:\Users\marti\Desktop\DESARROLLOSW\BOILERPLATTE E-COMMERCE\src\components\ui\button
2025-09-20T01:42:37.706Z next:jsconfig-paths-plugin skipping request as it is an absolute path C:\Users\marti\Desktop\DESARROLLOSW\BOILERPLATTE E-COMMERCE\src\components\ui\card
2025-09-20T01:42:37.706Z next:jsconfig-paths-plugin skipping request as it is an absolute path C:\Users\marti\Desktop\DESARROLLOSW\BOILERPLATTE E-COMMERCE\src\components\ui\button
2025-09-20T01:42:37.706Z next:jsconfig-paths-plugin skipping request as it is an absolute path C:\Users\marti\Desktop\DESARROLLOSW\BOILERPLATTE E-COMMERCE\src\components\ui\card
2025-09-20T01:42:37.707Z next:jsconfig-paths-plugin skipping request as it is an absolute path C:\Users\marti\Desktop\DESARROLLOSW\BOILERPLATTE E-COMMERCE\src\components\ui\button
2025-09-20T01:42:37.707Z next:jsconfig-paths-plugin skipping request as it is an absolute path C:\Users\marti\Desktop\DESARROLLOSW\BOILERPLATTE E-COMMERCE\src\components\ui\card
2025-09-20T01:42:37.708Z next:jsconfig-paths-plugin skipping request as it is an absolute path C:\Users\marti\Desktop\DESARROLLOSW\BOILERPLATTE E-COMMERCE\src\components\ui\button
2025-09-20T01:42:37.708Z next:jsconfig-paths-plugin skipping request as it is an absolute path C:\Users\marti\Desktop\DESARROLLOSW\BOILERPLATTE E-COMMERCE\src\components\ui\card
2025-09-20T01:42:37.708Z next:jsconfig-paths-plugin skipping request as it is a relative path ../Common/Newsletter
2025-09-20T01:42:37.708Z next:jsconfig-paths-plugin skipping request as it is a relative path ../Common/Newsletter
2025-09-20T01:42:37.714Z next:jsconfig-paths-plugin skipping request as it is a relative path ../Common/Newsletter
2025-09-20T01:42:37.715Z next:jsconfig-paths-plugin skipping request as it is a relative path ../Common/Newsletter
2025-09-20T01:42:37.715Z next:jsconfig-paths-plugin skipping request as it is an absolute path C:\Users\marti\Desktop\DESARROLLOSW\BOILERPLATTE E-COMMERCE\src\components\ui\card
2025-09-20T01:42:37.715Z next:jsconfig-paths-plugin skipping request as it is an absolute path C:\Users\marti\Desktop\DESARROLLOSW\BOILERPLATTE E-COMMERCE\src\components\ui\button
2025-09-20T01:42:37.715Z next:jsconfig-paths-plugin skipping request as it is an absolute path C:\Users\marti\Desktop\DESARROLLOSW\BOILERPLATTE E-COMMERCE\src\components\ui\badge
2025-09-20T01:42:37.715Z next:jsconfig-paths-plugin skipping request as it is an absolute path C:\Users\marti\Desktop\DESARROLLOSW\BOILERPLATTE E-COMMERCE\src\providers\MonitoringProvider
2025-09-20T01:42:37.716Z next:jsconfig-paths-plugin skipping request as it is an absolute path C:\Users\marti\Desktop\DESARROLLOSW\BOILERPLATTE E-COMMERCE\src\providers\MonitoringProvider
2025-09-20T01:42:37.716Z next:jsconfig-paths-plugin skipping request as it is an absolute path C:\Users\marti\Desktop\DESARROLLOSW\BOILERPLATTE E-COMMERCE\src\components\ui\card
2025-09-20T01:42:37.716Z next:jsconfig-paths-plugin skipping request as it is an absolute path C:\Users\marti\Desktop\DESARROLLOSW\BOILERPLATTE E-COMMERCE\src\components\ui\button
2025-09-20T01:42:37.717Z next:jsconfig-paths-plugin skipping request as it is an absolute path C:\Users\marti\Desktop\DESARROLLOSW\BOILERPLATTE E-COMMERCE\src\components\ui\badge
2025-09-20T01:42:37.719Z next:jsconfig-paths-plugin skipping request as it is a relative path ./RecentlyViewd
2025-09-20T01:42:37.720Z next:jsconfig-paths-plugin skipping request as it is an absolute path C:\Users\marti\Desktop\DESARROLLOSW\BOILERPLATTE E-COMMERCE\src\redux\store
2025-09-20T01:42:37.720Z next:jsconfig-paths-plugin skipping request as it is an absolute path C:\Users\marti\Desktop\DESARROLLOSW\BOILERPLATTE E-COMMERCE\src\components\ui\button
2025-09-20T01:42:37.720Z next:jsconfig-paths-plugin skipping request as it is an absolute path C:\Users\marti\Desktop\DESARROLLOSW\BOILERPLATTE E-COMMERCE\src\components\ui\button
2025-09-20T01:42:37.720Z next:jsconfig-paths-plugin skipping request as it is an absolute path C:\Users\marti\Desktop\DESARROLLOSW\BOILERPLATTE E-COMMERCE\src\components\ui\badge
2025-09-20T01:42:37.720Z next:jsconfig-paths-plugin skipping request as it is an absolute path C:\Users\marti\Desktop\DESARROLLOSW\BOILERPLATTE E-COMMERCE\src\components\ui\card
2025-09-20T01:42:37.720Z next:jsconfig-paths-plugin skipping request as it is an absolute path C:\Users\marti\Desktop\DESARROLLOSW\BOILERPLATTE E-COMMERCE\src\components\ui\card
2025-09-20T01:42:37.722Z next:jsconfig-paths-plugin skipping request as it is an absolute path C:\Users\marti\Desktop\DESARROLLOSW\BOILERPLATTE E-COMMERCE\src\redux\store
2025-09-20T01:42:37.722Z next:jsconfig-paths-plugin skipping request as it is an absolute path C:\Users\marti\Desktop\DESARROLLOSW\BOILERPLATTE E-COMMERCE\src\components\ui\button
2025-09-20T01:42:37.722Z next:jsconfig-paths-plugin skipping request as it is an absolute path C:\Users\marti\Desktop\DESARROLLOSW\BOILERPLATTE E-COMMERCE\src\components\ui\button
2025-09-20T01:42:37.722Z next:jsconfig-paths-plugin skipping request as it is an absolute path C:\Users\marti\Desktop\DESARROLLOSW\BOILERPLATTE E-COMMERCE\src\components\ui\badge
2025-09-20T01:42:37.722Z next:jsconfig-paths-plugin skipping request as it is an absolute path C:\Users\marti\Desktop\DESARROLLOSW\BOILERPLATTE E-COMMERCE\src\components\ui\card
2025-09-20T01:42:37.722Z next:jsconfig-paths-plugin skipping request as it is an absolute path C:\Users\marti\Desktop\DESARROLLOSW\BOILERPLATTE E-COMMERCE\src\components\ui\card
2025-09-20T01:42:37.724Z next:jsconfig-paths-plugin skipping request as it is an absolute path C:\Users\marti\Desktop\DESARROLLOSW\BOILERPLATTE E-COMMERCE\src\app\context\PreviewSliderContext
2025-09-20T01:42:37.725Z next:jsconfig-paths-plugin skipping request as it is a relative path ./price-display
2025-09-20T01:42:37.725Z next:jsconfig-paths-plugin skipping request as it is a relative path ./price-display
2025-09-20T01:42:37.725Z next:jsconfig-paths-plugin skipping request as it is an absolute path C:\Users\marti\Desktop\DESARROLLOSW\BOILERPLATTE E-COMMERCE\src\components\ui\price-display
2025-09-20T01:42:37.725Z next:jsconfig-paths-plugin skipping request as it is an absolute path C:\Users\marti\Desktop\DESARROLLOSW\BOILERPLATTE E-COMMERCE\src\components\ui\price-display
2025-09-20T01:42:37.726Z next:jsconfig-paths-plugin skipping request as it is a relative path ./stock-indicator
2025-09-20T01:42:37.726Z next:jsconfig-paths-plugin skipping request as it is a relative path ./stock-indicator
2025-09-20T01:42:37.727Z next:jsconfig-paths-plugin skipping request as it is an absolute path C:\Users\marti\Desktop\DESARROLLOSW\BOILERPLATTE E-COMMERCE\src\components\ui\stock-indicator
2025-09-20T01:42:37.727Z next:jsconfig-paths-plugin skipping request as it is an absolute path C:\Users\marti\Desktop\DESARROLLOSW\BOILERPLATTE E-COMMERCE\src\components\ui\stock-indicator
2025-09-20T01:42:37.739Z next:jsconfig-paths-plugin skipping request as it is an absolute path C:\Users\marti\Desktop\DESARROLLOSW\BOILERPLATTE E-COMMERCE\src\components\ui\shipping-info
2025-09-20T01:42:37.739Z next:jsconfig-paths-plugin skipping request as it is an absolute path C:\Users\marti\Desktop\DESARROLLOSW\BOILERPLATTE E-COMMERCE\src\components\ui\shipping-info
2025-09-20T01:42:37.739Z next:jsconfig-paths-plugin skipping request as it is an absolute path C:\Users\marti\Desktop\DESARROLLOSW\BOILERPLATTE E-COMMERCE\src\components\ui\product-card-commercial
2025-09-20T01:42:37.740Z next:jsconfig-paths-plugin skipping request as it is an absolute path C:\Users\marti\Desktop\DESARROLLOSW\BOILERPLATTE E-COMMERCE\src\components\ui\product-card-commercial
2025-09-20T01:42:37.740Z next:jsconfig-paths-plugin skipping request as it is a relative path ./RecentlyViewd
2025-09-20T01:42:37.741Z next:jsconfig-paths-plugin skipping request as it is an absolute path C:\Users\marti\Desktop\DESARROLLOSW\BOILERPLATTE E-COMMERCE\src\lib\optimized-imports
2025-09-20T01:42:37.741Z next:jsconfig-paths-plugin skipping request as it is an absolute path C:\Users\marti\Desktop\DESARROLLOSW\BOILERPLATTE E-COMMERCE\src\lib\optimized-imports
2025-09-20T01:42:37.741Z next:jsconfig-paths-plugin skipping request as it is an absolute path C:\Users\marti\Desktop\DESARROLLOSW\BOILERPLATTE E-COMMERCE\src\lib\optimized-imports
2025-09-20T01:42:37.741Z next:jsconfig-paths-plugin skipping request as it is an absolute path C:\Users\marti\Desktop\DESARROLLOSW\BOILERPLATTE E-COMMERCE\src\lib\optimized-imports
2025-09-20T01:42:37.742Z next:jsconfig-paths-plugin skipping request as it is an absolute path C:\Users\marti\Desktop\DESARROLLOSW\BOILERPLATTE E-COMMERCE\src\hooks\optimization\useShopDetailsReducer
2025-09-20T01:42:37.742Z next:jsconfig-paths-plugin skipping request as it is an absolute path C:\Users\marti\Desktop\DESARROLLOSW\BOILERPLATTE E-COMMERCE\src\lib\adapters\product-adapter
2025-09-20T01:42:37.742Z next:jsconfig-paths-plugin skipping request as it is an absolute path C:\Users\marti\Desktop\DESARROLLOSW\BOILERPLATTE E-COMMERCE\src\redux\features\product-details
2025-09-20T01:42:37.743Z next:jsconfig-paths-plugin skipping request as it is an absolute path C:\Users\marti\Desktop\DESARROLLOSW\BOILERPLATTE E-COMMERCE\src\redux\features\product-details
2025-09-20T01:42:37.745Z next:jsconfig-paths-plugin skipping request as it is an absolute path C:\Users\marti\Desktop\DESARROLLOSW\BOILERPLATTE E-COMMERCE\src\app\context\PreviewSliderContext
2025-09-20T01:42:37.745Z next:jsconfig-paths-plugin skipping request as it is an absolute path C:\Users\marti\Desktop\DESARROLLOSW\BOILERPLATTE E-COMMERCE\src\hooks\optimization\useShopDetailsReducer
2025-09-20T01:42:37.746Z next:jsconfig-paths-plugin skipping request as it is an absolute path C:\Users\marti\Desktop\DESARROLLOSW\BOILERPLATTE E-COMMERCE\src\lib\adapters\product-adapter
2025-09-20T01:42:37.746Z next:jsconfig-paths-plugin skipping request as it is a relative path ../Shop/SingleGridItem
2025-09-20T01:42:37.746Z next:jsconfig-paths-plugin skipping request as it is a relative path ../Shop/SingleGridItem
2025-09-20T01:42:37.747Z next:jsconfig-paths-plugin skipping request as it is a relative path ../Shop/SingleListItem
2025-09-20T01:42:37.747Z next:jsconfig-paths-plugin skipping request as it is a relative path ../Shop/SingleListItem
2025-09-20T01:42:37.747Z next:jsconfig-paths-plugin skipping request as it is a relative path ../ShopWithSidebar/CustomSelect
2025-09-20T01:42:37.747Z next:jsconfig-paths-plugin skipping request as it is a relative path ./CustomSelect
2025-09-20T01:42:37.747Z next:jsconfig-paths-plugin skipping request as it is a relative path ../ShopWithSidebar/CustomSelect
2025-09-20T01:42:37.747Z next:jsconfig-paths-plugin skipping request as it is a relative path ./CustomSelect
2025-09-20T01:42:37.748Z next:jsconfig-paths-plugin skipping request as it is an absolute path C:\Users\marti\Desktop\DESARROLLOSW\BOILERPLATTE E-COMMERCE\src\hooks\useProducts
2025-09-20T01:42:37.748Z next:jsconfig-paths-plugin skipping request as it is an absolute path C:\Users\marti\Desktop\DESARROLLOSW\BOILERPLATTE E-COMMERCE\src\components\ui\button
2025-09-20T01:42:37.748Z next:jsconfig-paths-plugin skipping request as it is an absolute path C:\Users\marti\Desktop\DESARROLLOSW\BOILERPLATTE E-COMMERCE\src\components\ui\badge
2025-09-20T01:42:37.748Z next:jsconfig-paths-plugin skipping request as it is an absolute path C:\Users\marti\Desktop\DESARROLLOSW\BOILERPLATTE E-COMMERCE\src\components\ui\card
2025-09-20T01:42:37.749Z next:jsconfig-paths-plugin skipping request as it is an absolute path C:\Users\marti\Desktop\DESARROLLOSW\BOILERPLATTE E-COMMERCE\src\hooks\useProducts
2025-09-20T01:42:37.749Z next:jsconfig-paths-plugin skipping request as it is an absolute path C:\Users\marti\Desktop\DESARROLLOSW\BOILERPLATTE E-COMMERCE\src\components\ui\button
2025-09-20T01:42:37.749Z next:jsconfig-paths-plugin skipping request as it is an absolute path C:\Users\marti\Desktop\DESARROLLOSW\BOILERPLATTE E-COMMERCE\src\components\ui\badge
2025-09-20T01:42:37.749Z next:jsconfig-paths-plugin skipping request as it is an absolute path C:\Users\marti\Desktop\DESARROLLOSW\BOILERPLATTE E-COMMERCE\src\components\ui\card
2025-09-20T01:42:37.750Z next:jsconfig-paths-plugin skipping request as it is a relative path ./CategoryDropdown
2025-09-20T01:42:37.750Z next:jsconfig-paths-plugin skipping request as it is a relative path ./CategoryDropdown
2025-09-20T01:42:37.751Z next:jsconfig-paths-plugin skipping request as it is a relative path ./GenderDropdown
2025-09-20T01:42:37.751Z next:jsconfig-paths-plugin skipping request as it is a relative path ./GenderDropdown
2025-09-20T01:42:37.751Z next:jsconfig-paths-plugin skipping request as it is a relative path ./SizeDropdown
2025-09-20T01:42:37.751Z next:jsconfig-paths-plugin skipping request as it is a relative path ./SizeDropdown
2025-09-20T01:42:37.753Z next:jsconfig-paths-plugin skipping request as it is a relative path ../Shop/SingleGridItem
2025-09-20T01:42:37.753Z next:jsconfig-paths-plugin skipping request as it is a relative path ../Shop/SingleGridItem
2025-09-20T01:42:37.753Z next:jsconfig-paths-plugin skipping request as it is a relative path ../Shop/SingleListItem
2025-09-20T01:42:37.753Z next:jsconfig-paths-plugin skipping request as it is a relative path ../Shop/SingleListItem
2025-09-20T01:42:37.753Z next:jsconfig-paths-plugin skipping request as it is a relative path ./ColorsDropdwon
2025-09-20T01:42:37.754Z next:jsconfig-paths-plugin skipping request as it is a relative path ./ColorsDropdwon
2025-09-20T01:42:37.754Z next:jsconfig-paths-plugin skipping request as it is a relative path ./PriceDropdown
2025-09-20T01:42:37.754Z next:jsconfig-paths-plugin skipping request as it is a relative path ./PriceDropdown
2025-09-20T01:42:37.754Z next:jsconfig-paths-plugin skipping request as it is a relative path ./SearchBox
2025-09-20T01:42:37.754Z next:jsconfig-paths-plugin skipping request as it is a relative path ./SearchBox
2025-09-20T01:42:37.754Z next:jsconfig-paths-plugin skipping request as it is an absolute path C:\Users\marti\Desktop\DESARROLLOSW\BOILERPLATTE E-COMMERCE\src\hooks\useProducts
2025-09-20T01:42:37.757Z next:jsconfig-paths-plugin skipping request as it is an absolute path C:\Users\marti\Desktop\DESARROLLOSW\BOILERPLATTE E-COMMERCE\src\hooks\useProducts
2025-09-20T01:42:37.758Z next:jsconfig-paths-plugin skipping request as it is an absolute path C:\Users\marti\Desktop\DESARROLLOSW\BOILERPLATTE E-COMMERCE\src\hooks\useCategories
2025-09-20T01:42:37.758Z next:jsconfig-paths-plugin skipping request as it is an absolute path C:\Users\marti\Desktop\DESARROLLOSW\BOILERPLATTE E-COMMERCE\src\hooks\useCategories
2025-09-20T01:42:37.758Z next:jsconfig-paths-plugin skipping request as it is an absolute path C:\Users\marti\Desktop\DESARROLLOSW\BOILERPLATTE E-COMMERCE\src\constants\shop
2025-09-20T01:42:37.759Z next:jsconfig-paths-plugin skipping request as it is an absolute path C:\Users\marti\Desktop\DESARROLLOSW\BOILERPLATTE E-COMMERCE\src\redux\store
2025-09-20T01:42:37.759Z next:jsconfig-paths-plugin skipping request as it is an absolute path C:\Users\marti\Desktop\DESARROLLOSW\BOILERPLATTE E-COMMERCE\src\redux\store
2025-09-20T01:42:37.759Z next:jsconfig-paths-plugin skipping request as it is a relative path ./SingleItem
2025-09-20T01:42:37.760Z next:jsconfig-paths-plugin skipping request as it is a relative path ./SingleItem
2025-09-20T01:42:37.762Z next:jsconfig-paths-plugin skipping request as it is an absolute path C:\Users\marti\Desktop\DESARROLLOSW\BOILERPLATTE E-COMMERCE\src\hooks\useCategoryFilters
2025-09-20T01:42:37.762Z next:jsconfig-paths-plugin skipping request as it is an absolute path C:\Users\marti\Desktop\DESARROLLOSW\BOILERPLATTE E-COMMERCE\src\hooks\useCategoryFilters
2025-09-20T01:42:37.762Z next:jsconfig-paths-plugin skipping request as it is a relative path ./Hero
2025-09-20T01:42:37.763Z next:jsconfig-paths-plugin skipping request as it is an absolute path C:\Users\marti\Desktop\DESARROLLOSW\BOILERPLATTE E-COMMERCE\src\constants\shop
2025-09-20T01:42:37.764Z next:jsconfig-paths-plugin skipping request as it is a relative path ./CategoryTogglePills
2025-09-20T01:42:37.764Z next:jsconfig-paths-plugin skipping request as it is a relative path ./Hero
2025-09-20T01:42:37.764Z next:jsconfig-paths-plugin skipping request as it is a relative path ./Testimonials
2025-09-20T01:42:37.765Z next:jsconfig-paths-plugin skipping request as it is a relative path ./TrustSection
2025-09-20T01:42:37.766Z next:jsconfig-paths-plugin skipping request as it is a relative path ./PinteyaRaffle
2025-09-20T01:42:37.766Z next:jsconfig-paths-plugin skipping request as it is a relative path ./CategoryTogglePills
2025-09-20T01:42:37.767Z next:jsconfig-paths-plugin skipping request as it is a relative path ./Testimonials
2025-09-20T01:42:37.767Z next:jsconfig-paths-plugin skipping request as it is a relative path ./TrustSection
2025-09-20T01:42:37.768Z next:jsconfig-paths-plugin skipping request as it is a relative path ./BestSeller
2025-09-20T01:42:37.768Z next:jsconfig-paths-plugin skipping request as it is a relative path ./PromoBanner
2025-09-20T01:42:37.769Z next:jsconfig-paths-plugin skipping request as it is a relative path ./PinteyaRaffle
2025-09-20T01:42:37.769Z next:jsconfig-paths-plugin skipping request as it is a relative path ./NewArrivals
2025-09-20T01:42:37.769Z next:jsconfig-paths-plugin skipping request as it is a relative path ../../hooks/useEmail
2025-09-20T01:42:37.769Z next:jsconfig-paths-plugin skipping request as it is a relative path ../../hooks/useEmail
2025-09-20T01:42:37.770Z next:jsconfig-paths-plugin skipping request as it is an absolute path C:\Users\marti\Desktop\DESARROLLOSW\BOILERPLATTE E-COMMERCE\src\components\admin\monitoring\MonitoringDashboard
2025-09-20T01:42:37.770Z next:jsconfig-paths-plugin skipping request as it is a relative path ./BestSeller
2025-09-20T01:42:37.771Z next:jsconfig-paths-plugin skipping request as it is a relative path ./PromoBanner
2025-09-20T01:42:37.771Z next:jsconfig-paths-plugin skipping request as it is a relative path ./NewArrivals
2025-09-20T01:42:37.772Z next:jsconfig-paths-plugin skipping request as it is an absolute path C:\Users\marti\Desktop\DESARROLLOSW\BOILERPLATTE E-COMMERCE\src\components\admin\monitoring\MonitoringDashboard
2025-09-20T01:42:37.772Z next:jsconfig-paths-plugin skipping request as it is an absolute path C:\Users\marti\Desktop\DESARROLLOSW\BOILERPLATTE E-COMMERCE\src\components\admin\monitoring\MonitoringPanel
2025-09-20T01:42:37.772Z next:jsconfig-paths-plugin skipping request as it is an absolute path C:\Users\marti\Desktop\DESARROLLOSW\BOILERPLATTE E-COMMERCE\src\components\admin\monitoring\MonitoringPanel
2025-09-20T01:42:37.773Z next:jsconfig-paths-plugin skipping request as it is an absolute path C:\Users\marti\Desktop\DESARROLLOSW\BOILERPLATTE E-COMMERCE\src\components\ui\skeleton
2025-09-20T01:42:37.773Z next:jsconfig-paths-plugin skipping request as it is an absolute path C:\Users\marti\Desktop\DESARROLLOSW\BOILERPLATTE E-COMMERCE\src\components\ui\skeleton
2025-09-20T01:42:37.774Z next:jsconfig-paths-plugin skipping request as it is an absolute path C:\Users\marti\Desktop\DESARROLLOSW\BOILERPLATTE E-COMMERCE\src\components\ui\card
2025-09-20T01:42:37.774Z next:jsconfig-paths-plugin skipping request as it is an absolute path C:\Users\marti\Desktop\DESARROLLOSW\BOILERPLATTE E-COMMERCE\src\components\ui\button
2025-09-20T01:42:37.774Z next:jsconfig-paths-plugin skipping request as it is an absolute path C:\Users\marti\Desktop\DESARROLLOSW\BOILERPLATTE E-COMMERCE\src\components\ui\badge
2025-09-20T01:42:37.774Z next:jsconfig-paths-plugin skipping request as it is an absolute path C:\Users\marti\Desktop\DESARROLLOSW\BOILERPLATTE E-COMMERCE\src\components\ui\input
2025-09-20T01:42:37.774Z next:jsconfig-paths-plugin skipping request as it is an absolute path C:\Users\marti\Desktop\DESARROLLOSW\BOILERPLATTE E-COMMERCE\src\components\ui\select
2025-09-20T01:42:37.775Z next:jsconfig-paths-plugin skipping request as it is an absolute path C:\Users\marti\Desktop\DESARROLLOSW\BOILERPLATTE E-COMMERCE\src\components\ui\card
2025-09-20T01:42:37.775Z next:jsconfig-paths-plugin skipping request as it is an absolute path C:\Users\marti\Desktop\DESARROLLOSW\BOILERPLATTE E-COMMERCE\src\components\ui\button
2025-09-20T01:42:37.775Z next:jsconfig-paths-plugin skipping request as it is an absolute path C:\Users\marti\Desktop\DESARROLLOSW\BOILERPLATTE E-COMMERCE\src\components\ui\badge
2025-09-20T01:42:37.775Z next:jsconfig-paths-plugin skipping request as it is an absolute path C:\Users\marti\Desktop\DESARROLLOSW\BOILERPLATTE E-COMMERCE\src\components\ui\input
2025-09-20T01:42:37.775Z next:jsconfig-paths-plugin skipping request as it is an absolute path C:\Users\marti\Desktop\DESARROLLOSW\BOILERPLATTE E-COMMERCE\src\components\ui\select
2025-09-20T01:42:37.778Z next:jsconfig-paths-plugin skipping request as it is an absolute path C:\Users\marti\Desktop\DESARROLLOSW\BOILERPLATTE E-COMMERCE\src\components\ui\button
2025-09-20T01:42:37.778Z next:jsconfig-paths-plugin skipping request as it is an absolute path C:\Users\marti\Desktop\DESARROLLOSW\BOILERPLATTE E-COMMERCE\src\components\ui\card
2025-09-20T01:42:37.778Z next:jsconfig-paths-plugin skipping request as it is an absolute path C:\Users\marti\Desktop\DESARROLLOSW\BOILERPLATTE E-COMMERCE\src\components\ui\alert
2025-09-20T01:42:37.778Z next:jsconfig-paths-plugin skipping request as it is an absolute path C:\Users\marti\Desktop\DESARROLLOSW\BOILERPLATTE E-COMMERCE\src\components\ui\button
2025-09-20T01:42:37.778Z next:jsconfig-paths-plugin skipping request as it is an absolute path C:\Users\marti\Desktop\DESARROLLOSW\BOILERPLATTE E-COMMERCE\src\components\ui\card
2025-09-20T01:42:37.778Z next:jsconfig-paths-plugin skipping request as it is an absolute path C:\Users\marti\Desktop\DESARROLLOSW\BOILERPLATTE E-COMMERCE\src\components\ui\alert
2025-09-20T01:42:37.781Z next:jsconfig-paths-plugin skipping request as it is an absolute path C:\Users\marti\Desktop\DESARROLLOSW\BOILERPLATTE E-COMMERCE\src\components\ui\card
2025-09-20T01:42:37.781Z next:jsconfig-paths-plugin skipping request as it is an absolute path C:\Users\marti\Desktop\DESARROLLOSW\BOILERPLATTE E-COMMERCE\src\components\ui\button
2025-09-20T01:42:37.781Z next:jsconfig-paths-plugin skipping request as it is an absolute path C:\Users\marti\Desktop\DESARROLLOSW\BOILERPLATTE E-COMMERCE\src\components\ui\badge
2025-09-20T01:42:37.781Z next:jsconfig-paths-plugin skipping request as it is an absolute path C:\Users\marti\Desktop\DESARROLLOSW\BOILERPLATTE E-COMMERCE\src\components\ui\progress
2025-09-20T01:42:37.782Z next:jsconfig-paths-plugin skipping request as it is an absolute path C:\Users\marti\Desktop\DESARROLLOSW\BOILERPLATTE E-COMMERCE\src\components\ui\tabs
2025-09-20T01:42:37.782Z next:jsconfig-paths-plugin skipping request as it is an absolute path C:\Users\marti\Desktop\DESARROLLOSW\BOILERPLATTE E-COMMERCE\src\lib\testing\ci-testing-pipeline
2025-09-20T01:42:37.782Z next:jsconfig-paths-plugin skipping request as it is an absolute path C:\Users\marti\Desktop\DESARROLLOSW\BOILERPLATTE E-COMMERCE\src\components\ui\card
2025-09-20T01:42:37.783Z next:jsconfig-paths-plugin skipping request as it is an absolute path C:\Users\marti\Desktop\DESARROLLOSW\BOILERPLATTE E-COMMERCE\src\components\ui\button
2025-09-20T01:42:37.783Z next:jsconfig-paths-plugin skipping request as it is an absolute path C:\Users\marti\Desktop\DESARROLLOSW\BOILERPLATTE E-COMMERCE\src\components\ui\badge
2025-09-20T01:42:37.783Z next:jsconfig-paths-plugin skipping request as it is an absolute path C:\Users\marti\Desktop\DESARROLLOSW\BOILERPLATTE E-COMMERCE\src\components\ui\progress
2025-09-20T01:42:37.783Z next:jsconfig-paths-plugin skipping request as it is an absolute path C:\Users\marti\Desktop\DESARROLLOSW\BOILERPLATTE E-COMMERCE\src\components\ui\tabs
2025-09-20T01:42:37.784Z next:jsconfig-paths-plugin skipping request as it is an absolute path C:\Users\marti\Desktop\DESARROLLOSW\BOILERPLATTE E-COMMERCE\src\components\ui\card
2025-09-20T01:42:37.784Z next:jsconfig-paths-plugin skipping request as it is an absolute path C:\Users\marti\Desktop\DESARROLLOSW\BOILERPLATTE E-COMMERCE\src\components\ui\badge
2025-09-20T01:42:37.784Z next:jsconfig-paths-plugin skipping request as it is an absolute path C:\Users\marti\Desktop\DESARROLLOSW\BOILERPLATTE E-COMMERCE\src\components\ui\button
2025-09-20T01:42:37.784Z next:jsconfig-paths-plugin skipping request as it is an absolute path C:\Users\marti\Desktop\DESARROLLOSW\BOILERPLATTE E-COMMERCE\src\components\ui\tabs
2025-09-20T01:42:37.785Z next:jsconfig-paths-plugin skipping request as it is an absolute path C:\Users\marti\Desktop\DESARROLLOSW\BOILERPLATTE E-COMMERCE\src\components\ui\card
2025-09-20T01:42:37.785Z next:jsconfig-paths-plugin skipping request as it is an absolute path C:\Users\marti\Desktop\DESARROLLOSW\BOILERPLATTE E-COMMERCE\src\components\ui\badge
2025-09-20T01:42:37.785Z next:jsconfig-paths-plugin skipping request as it is an absolute path C:\Users\marti\Desktop\DESARROLLOSW\BOILERPLATTE E-COMMERCE\src\components\ui\button
2025-09-20T01:42:37.785Z next:jsconfig-paths-plugin skipping request as it is an absolute path C:\Users\marti\Desktop\DESARROLLOSW\BOILERPLATTE E-COMMERCE\src\components\ui\tabs
2025-09-20T01:42:37.787Z next:jsconfig-paths-plugin skipping request as it is an absolute path C:\Users\marti\Desktop\DESARROLLOSW\BOILERPLATTE E-COMMERCE\src\hooks\useAnalytics
2025-09-20T01:42:37.787Z next:jsconfig-paths-plugin skipping request as it is an absolute path C:\Users\marti\Desktop\DESARROLLOSW\BOILERPLATTE E-COMMERCE\src\hooks\useAnalytics
2025-09-20T01:42:37.789Z next:jsconfig-paths-plugin skipping request as it is an absolute path C:\Users\marti\Desktop\DESARROLLOSW\BOILERPLATTE E-COMMERCE\src\components\Analytics\OptimizedAnalyticsProvider
2025-09-20T01:42:37.789Z next:jsconfig-paths-plugin skipping request as it is an absolute path C:\Users\marti\Desktop\DESARROLLOSW\BOILERPLATTE E-COMMERCE\src\components\Analytics\OptimizedAnalyticsProvider
2025-09-20T01:42:37.790Z next:jsconfig-paths-plugin skipping request as it is an absolute path C:\Users\marti\Desktop\DESARROLLOSW\BOILERPLATTE E-COMMERCE\src\lib\testing\ci-testing-pipeline
2025-09-20T01:42:37.791Z next:jsconfig-paths-plugin skipping request as it is an absolute path C:\Users\marti\Desktop\DESARROLLOSW\BOILERPLATTE E-COMMERCE\src\components\ui\card
2025-09-20T01:42:37.791Z next:jsconfig-paths-plugin skipping request as it is an absolute path C:\Users\marti\Desktop\DESARROLLOSW\BOILERPLATTE E-COMMERCE\src\components\ui\product-card-commercial
2025-09-20T01:42:37.791Z next:jsconfig-paths-plugin skipping request as it is an absolute path C:\Users\marti\Desktop\DESARROLLOSW\BOILERPLATTE E-COMMERCE\src\components\ui\card
2025-09-20T01:42:37.791Z next:jsconfig-paths-plugin skipping request as it is an absolute path C:\Users\marti\Desktop\DESARROLLOSW\BOILERPLATTE E-COMMERCE\src\components\ui\product-card-commercial
2025-09-20T01:42:37.797Z next:jsconfig-paths-plugin skipping request as it is an absolute path C:\Users\marti\Desktop\DESARROLLOSW\BOILERPLATTE E-COMMERCE\src\components\ui\card
2025-09-20T01:42:37.797Z next:jsconfig-paths-plugin skipping request as it is an absolute path C:\Users\marti\Desktop\DESARROLLOSW\BOILERPLATTE E-COMMERCE\src\components\ui\badge
2025-09-20T01:42:37.797Z next:jsconfig-paths-plugin skipping request as it is an absolute path C:\Users\marti\Desktop\DESARROLLOSW\BOILERPLATTE E-COMMERCE\src\components\ui\button
2025-09-20T01:42:37.797Z next:jsconfig-paths-plugin skipping request as it is an absolute path C:\Users\marti\Desktop\DESARROLLOSW\BOILERPLATTE E-COMMERCE\src\components\ui\separator
2025-09-20T01:42:37.797Z next:jsconfig-paths-plugin skipping request as it is an absolute path C:\Users\marti\Desktop\DESARROLLOSW\BOILERPLATTE E-COMMERCE\src\components\ui\product-card-commercial
2025-09-20T01:42:37.797Z next:jsconfig-paths-plugin skipping request as it is an absolute path C:\Users\marti\Desktop\DESARROLLOSW\BOILERPLATTE E-COMMERCE\src\components\ui\brand-filter
2025-09-20T01:42:37.798Z next:jsconfig-paths-plugin skipping request as it is an absolute path C:\Users\marti\Desktop\DESARROLLOSW\BOILERPLATTE E-COMMERCE\src\components\ui\card
2025-09-20T01:42:37.798Z next:jsconfig-paths-plugin skipping request as it is an absolute path C:\Users\marti\Desktop\DESARROLLOSW\BOILERPLATTE E-COMMERCE\src\components\ui\badge
2025-09-20T01:42:37.798Z next:jsconfig-paths-plugin skipping request as it is an absolute path C:\Users\marti\Desktop\DESARROLLOSW\BOILERPLATTE E-COMMERCE\src\components\ui\button
2025-09-20T01:42:37.798Z next:jsconfig-paths-plugin skipping request as it is an absolute path C:\Users\marti\Desktop\DESARROLLOSW\BOILERPLATTE E-COMMERCE\src\components\ui\separator
2025-09-20T01:42:37.798Z next:jsconfig-paths-plugin skipping request as it is an absolute path C:\Users\marti\Desktop\DESARROLLOSW\BOILERPLATTE E-COMMERCE\src\components\ui\product-card-commercial
2025-09-20T01:42:37.798Z next:jsconfig-paths-plugin skipping request as it is an absolute path C:\Users\marti\Desktop\DESARROLLOSW\BOILERPLATTE E-COMMERCE\src\components\ui\brand-filter
2025-09-20T01:42:37.800Z next:jsconfig-paths-plugin skipping request as it is an absolute path C:\Users\marti\Desktop\DESARROLLOSW\BOILERPLATTE E-COMMERCE\src\hooks\useBrandFilter
2025-09-20T01:42:37.800Z next:jsconfig-paths-plugin skipping request as it is an absolute path C:\Users\marti\Desktop\DESARROLLOSW\BOILERPLATTE E-COMMERCE\src\hooks\useBrandFilter
2025-09-20T01:42:37.801Z next:jsconfig-paths-plugin skipping request as it is an absolute path C:\Users\marti\Desktop\DESARROLLOSW\BOILERPLATTE E-COMMERCE\src\lib\api\products
2025-09-20T01:42:37.802Z next:jsconfig-paths-plugin skipping request as it is an absolute path C:\Users\marti\Desktop\DESARROLLOSW\BOILERPLATTE E-COMMERCE\src\lib\api\brands
2025-09-20T01:42:37.804Z next:jsconfig-paths-plugin skipping request as it is an absolute path C:\Users\marti\Desktop\DESARROLLOSW\BOILERPLATTE E-COMMERCE\src\lib\api\products
2025-09-20T01:42:37.804Z next:jsconfig-paths-plugin skipping request as it is an absolute path C:\Users\marti\Desktop\DESARROLLOSW\BOILERPLATTE E-COMMERCE\src\lib\api\brands
2025-09-20T01:42:37.805Z next:jsconfig-paths-plugin skipping request as it is an absolute path C:\Users\marti\Desktop\DESARROLLOSW\BOILERPLATTE E-COMMERCE\src\components\ui\product-card-commercial
2025-09-20T01:42:37.805Z next:jsconfig-paths-plugin skipping request as it is an absolute path C:\Users\marti\Desktop\DESARROLLOSW\BOILERPLATTE E-COMMERCE\src\components\ui\price-display
2025-09-20T01:42:37.805Z next:jsconfig-paths-plugin skipping request as it is an absolute path C:\Users\marti\Desktop\DESARROLLOSW\BOILERPLATTE E-COMMERCE\src\components\ui\stock-indicator
2025-09-20T01:42:37.805Z next:jsconfig-paths-plugin skipping request as it is an absolute path C:\Users\marti\Desktop\DESARROLLOSW\BOILERPLATTE E-COMMERCE\src\components\ui\shipping-info
2025-09-20T01:42:37.805Z next:jsconfig-paths-plugin skipping request as it is an absolute path C:\Users\marti\Desktop\DESARROLLOSW\BOILERPLATTE E-COMMERCE\src\components\ui\product-card-commercial
2025-09-20T01:42:37.806Z next:jsconfig-paths-plugin skipping request as it is an absolute path C:\Users\marti\Desktop\DESARROLLOSW\BOILERPLATTE E-COMMERCE\src\components\ui\price-display
2025-09-20T01:42:37.806Z next:jsconfig-paths-plugin skipping request as it is an absolute path C:\Users\marti\Desktop\DESARROLLOSW\BOILERPLATTE E-COMMERCE\src\components\ui\stock-indicator
2025-09-20T01:42:37.806Z next:jsconfig-paths-plugin skipping request as it is an absolute path C:\Users\marti\Desktop\DESARROLLOSW\BOILERPLATTE E-COMMERCE\src\components\ui\shipping-info
2025-09-20T01:42:37.810Z next:jsconfig-paths-plugin skipping request as it is an absolute path C:\Users\marti\Desktop\DESARROLLOSW\BOILERPLATTE E-COMMERCE\src\components\ui\product-card-enhanced
2025-09-20T01:42:37.810Z next:jsconfig-paths-plugin skipping request as it is an absolute path C:\Users\marti\Desktop\DESARROLLOSW\BOILERPLATTE E-COMMERCE\src\components\ui\product-card-enhanced
2025-09-20T01:42:37.811Z next:jsconfig-paths-plugin skipping request as it is an absolute path C:\Users\marti\Desktop\DESARROLLOSW\BOILERPLATTE E-COMMERCE\src\components\ui\product-card-commercial
2025-09-20T01:42:37.811Z next:jsconfig-paths-plugin skipping request as it is an absolute path C:\Users\marti\Desktop\DESARROLLOSW\BOILERPLATTE E-COMMERCE\src\components\ui\micro-interactions
2025-09-20T01:42:37.811Z next:jsconfig-paths-plugin skipping request as it is an absolute path C:\Users\marti\Desktop\DESARROLLOSW\BOILERPLATTE E-COMMERCE\src\components\ui\enhanced-loading
2025-09-20T01:42:37.811Z next:jsconfig-paths-plugin skipping request as it is an absolute path C:\Users\marti\Desktop\DESARROLLOSW\BOILERPLATTE E-COMMERCE\src\components\ui\product-card-commercial
2025-09-20T01:42:37.811Z next:jsconfig-paths-plugin skipping request as it is an absolute path C:\Users\marti\Desktop\DESARROLLOSW\BOILERPLATTE E-COMMERCE\src\components\ui\micro-interactions
2025-09-20T01:42:37.811Z next:jsconfig-paths-plugin skipping request as it is an absolute path C:\Users\marti\Desktop\DESARROLLOSW\BOILERPLATTE E-COMMERCE\src\components\ui\enhanced-loading
2025-09-20T01:42:37.815Z next:jsconfig-paths-plugin skipping request as it is an absolute path C:\Users\marti\Desktop\DESARROLLOSW\BOILERPLATTE E-COMMERCE\src\components\ui\product-card-commercial
2025-09-20T01:42:37.815Z next:jsconfig-paths-plugin skipping request as it is an absolute path C:\Users\marti\Desktop\DESARROLLOSW\BOILERPLATTE E-COMMERCE\src\components\ui\button
2025-09-20T01:42:37.815Z next:jsconfig-paths-plugin skipping request as it is an absolute path C:\Users\marti\Desktop\DESARROLLOSW\BOILERPLATTE E-COMMERCE\src\components\ui\product-card-commercial
2025-09-20T01:42:37.815Z next:jsconfig-paths-plugin skipping request as it is an absolute path C:\Users\marti\Desktop\DESARROLLOSW\BOILERPLATTE E-COMMERCE\src\components\ui\button
2025-09-20T01:42:37.818Z next:jsconfig-paths-plugin skipping request as it is an absolute path C:\Users\marti\Desktop\DESARROLLOSW\BOILERPLATTE E-COMMERCE\src\components\theme\theme-provider
2025-09-20T01:42:37.818Z next:jsconfig-paths-plugin skipping request as it is an absolute path C:\Users\marti\Desktop\DESARROLLOSW\BOILERPLATTE E-COMMERCE\src\components\ui\price-display
2025-09-20T01:42:37.818Z next:jsconfig-paths-plugin skipping request as it is an absolute path C:\Users\marti\Desktop\DESARROLLOSW\BOILERPLATTE E-COMMERCE\src\components\ui\stock-indicator
2025-09-20T01:42:37.818Z next:jsconfig-paths-plugin skipping request as it is an absolute path C:\Users\marti\Desktop\DESARROLLOSW\BOILERPLATTE E-COMMERCE\src\components\ui\shipping-info
2025-09-20T01:42:37.818Z next:jsconfig-paths-plugin skipping request as it is an absolute path C:\Users\marti\Desktop\DESARROLLOSW\BOILERPLATTE E-COMMERCE\src\components\ui\product-card-enhanced
2025-09-20T01:42:37.819Z next:jsconfig-paths-plugin skipping request as it is an absolute path C:\Users\marti\Desktop\DESARROLLOSW\BOILERPLATTE E-COMMERCE\src\components\ui\price-display
2025-09-20T01:42:37.819Z next:jsconfig-paths-plugin skipping request as it is an absolute path C:\Users\marti\Desktop\DESARROLLOSW\BOILERPLATTE E-COMMERCE\src\components\ui\stock-indicator
2025-09-20T01:42:37.819Z next:jsconfig-paths-plugin skipping request as it is an absolute path C:\Users\marti\Desktop\DESARROLLOSW\BOILERPLATTE E-COMMERCE\src\components\ui\shipping-info
2025-09-20T01:42:37.819Z next:jsconfig-paths-plugin skipping request as it is an absolute path C:\Users\marti\Desktop\DESARROLLOSW\BOILERPLATTE E-COMMERCE\src\components\ui\product-card-enhanced
2025-09-20T01:42:37.822Z next:jsconfig-paths-plugin skipping request as it is an absolute path C:\Users\marti\Desktop\DESARROLLOSW\BOILERPLATTE E-COMMERCE\src\components\theme\theme-provider
2025-09-20T01:42:37.827Z next:jsconfig-paths-plugin skipping request as it is an absolute path C:\Users\marti\Desktop\DESARROLLOSW\BOILERPLATTE E-COMMERCE\src\components\ui\card
2025-09-20T01:42:37.827Z next:jsconfig-paths-plugin skipping request as it is an absolute path C:\Users\marti\Desktop\DESARROLLOSW\BOILERPLATTE E-COMMERCE\src\components\ui\button
2025-09-20T01:42:37.827Z next:jsconfig-paths-plugin skipping request as it is an absolute path C:\Users\marti\Desktop\DESARROLLOSW\BOILERPLATTE E-COMMERCE\src\components\ui\tabs
2025-09-20T01:42:37.827Z next:jsconfig-paths-plugin skipping request as it is an absolute path C:\Users\marti\Desktop\DESARROLLOSW\BOILERPLATTE E-COMMERCE\src\contexts\DriverContext
2025-09-20T01:42:37.827Z next:jsconfig-paths-plugin skipping request as it is an absolute path C:\Users\marti\Desktop\DESARROLLOSW\BOILERPLATTE E-COMMERCE\src\lib\core\utils
2025-09-20T01:42:37.827Z next:jsconfig-paths-plugin skipping request as it is an absolute path C:\Users\marti\Desktop\DESARROLLOSW\BOILERPLATTE E-COMMERCE\src\components\driver\PendingOrdersList
2025-09-20T01:42:37.828Z next:jsconfig-paths-plugin skipping request as it is an absolute path C:\Users\marti\Desktop\DESARROLLOSW\BOILERPLATTE E-COMMERCE\src\contexts\DriverContext
2025-09-20T01:42:37.828Z next:jsconfig-paths-plugin skipping request as it is an absolute path C:\Users\marti\Desktop\DESARROLLOSW\BOILERPLATTE E-COMMERCE\src\components\ui\card
2025-09-20T01:42:37.828Z next:jsconfig-paths-plugin skipping request as it is an absolute path C:\Users\marti\Desktop\DESARROLLOSW\BOILERPLATTE E-COMMERCE\src\components\ui\button
2025-09-20T01:42:37.828Z next:jsconfig-paths-plugin skipping request as it is an absolute path C:\Users\marti\Desktop\DESARROLLOSW\BOILERPLATTE E-COMMERCE\src\components\ui\tabs
2025-09-20T01:42:37.828Z next:jsconfig-paths-plugin skipping request as it is an absolute path C:\Users\marti\Desktop\DESARROLLOSW\BOILERPLATTE E-COMMERCE\src\components\driver\PendingOrdersList
2025-09-20T01:42:37.830Z next:jsconfig-paths-plugin skipping request as it is an absolute path C:\Users\marti\Desktop\DESARROLLOSW\BOILERPLATTE E-COMMERCE\src\components\driver\LiveNavigationMap
2025-09-20T01:42:37.830Z next:jsconfig-paths-plugin skipping request as it is an absolute path C:\Users\marti\Desktop\DESARROLLOSW\BOILERPLATTE E-COMMERCE\src\components\driver\LiveNavigationMap
2025-09-20T01:42:37.837Z next:jsconfig-paths-plugin skipping request as it is an absolute path C:\Users\marti\Desktop\DESARROLLOSW\BOILERPLATTE E-COMMERCE\src\lib\core\utils
2025-09-20T01:42:37.838Z next:jsconfig-paths-plugin skipping request as it is an absolute path C:\Users\marti\Desktop\DESARROLLOSW\BOILERPLATTE E-COMMERCE\src\components\ui\card
2025-09-20T01:42:37.838Z next:jsconfig-paths-plugin skipping request as it is an absolute path C:\Users\marti\Desktop\DESARROLLOSW\BOILERPLATTE E-COMMERCE\src\components\ui\button
2025-09-20T01:42:37.838Z next:jsconfig-paths-plugin skipping request as it is an absolute path C:\Users\marti\Desktop\DESARROLLOSW\BOILERPLATTE E-COMMERCE\src\components\ui\badge
2025-09-20T01:42:37.838Z next:jsconfig-paths-plugin skipping request as it is an absolute path C:\Users\marti\Desktop\DESARROLLOSW\BOILERPLATTE E-COMMERCE\src\components\ui\input
2025-09-20T01:42:37.838Z next:jsconfig-paths-plugin skipping request as it is an absolute path C:\Users\marti\Desktop\DESARROLLOSW\BOILERPLATTE E-COMMERCE\src\lib\core\utils
2025-09-20T01:42:37.839Z next:jsconfig-paths-plugin skipping request as it is an absolute path C:\Users\marti\Desktop\DESARROLLOSW\BOILERPLATTE E-COMMERCE\src\components\ui\card
2025-09-20T01:42:37.839Z next:jsconfig-paths-plugin skipping request as it is an absolute path C:\Users\marti\Desktop\DESARROLLOSW\BOILERPLATTE E-COMMERCE\src\components\ui\button
2025-09-20T01:42:37.839Z next:jsconfig-paths-plugin skipping request as it is an absolute path C:\Users\marti\Desktop\DESARROLLOSW\BOILERPLATTE E-COMMERCE\src\components\ui\badge
2025-09-20T01:42:37.839Z next:jsconfig-paths-plugin skipping request as it is an absolute path C:\Users\marti\Desktop\DESARROLLOSW\BOILERPLATTE E-COMMERCE\src\components\ui\input
2025-09-20T01:42:37.839Z next:jsconfig-paths-plugin skipping request as it is an absolute path C:\Users\marti\Desktop\DESARROLLOSW\BOILERPLATTE E-COMMERCE\src\lib\core\utils
2025-09-20T01:42:37.840Z next:jsconfig-paths-plugin skipping request as it is an absolute path C:\Users\marti\Desktop\DESARROLLOSW\BOILERPLATTE E-COMMERCE\src\components\ui\button
2025-09-20T01:42:37.840Z next:jsconfig-paths-plugin skipping request as it is an absolute path C:\Users\marti\Desktop\DESARROLLOSW\BOILERPLATTE E-COMMERCE\src\components\ui\input
2025-09-20T01:42:37.840Z next:jsconfig-paths-plugin skipping request as it is an absolute path C:\Users\marti\Desktop\DESARROLLOSW\BOILERPLATTE E-COMMERCE\src\components\ui\card
2025-09-20T01:42:37.841Z next:jsconfig-paths-plugin skipping request as it is an absolute path C:\Users\marti\Desktop\DESARROLLOSW\BOILERPLATTE E-COMMERCE\src\components\ui\button
2025-09-20T01:42:37.841Z next:jsconfig-paths-plugin skipping request as it is an absolute path C:\Users\marti\Desktop\DESARROLLOSW\BOILERPLATTE E-COMMERCE\src\components\ui\input
2025-09-20T01:42:37.841Z next:jsconfig-paths-plugin skipping request as it is an absolute path C:\Users\marti\Desktop\DESARROLLOSW\BOILERPLATTE E-COMMERCE\src\components\ui\card
2025-09-20T01:42:37.842Z next:jsconfig-paths-plugin skipping request as it is an absolute path C:\Users\marti\Desktop\DESARROLLOSW\BOILERPLATTE E-COMMERCE\src\components\ui\product-card-commercial
2025-09-20T01:42:37.842Z next:jsconfig-paths-plugin skipping request as it is an absolute path C:\Users\marti\Desktop\DESARROLLOSW\BOILERPLATTE E-COMMERCE\src\components\ui\product-card-commercial
2025-09-20T01:42:37.843Z next:jsconfig-paths-plugin skipping request as it is an absolute path C:\Users\marti\Desktop\DESARROLLOSW\BOILERPLATTE E-COMMERCE\src\components\ui\card
2025-09-20T01:42:37.843Z next:jsconfig-paths-plugin skipping request as it is an absolute path C:\Users\marti\Desktop\DESARROLLOSW\BOILERPLATTE E-COMMERCE\src\components\ui\button
2025-09-20T01:42:37.843Z next:jsconfig-paths-plugin skipping request as it is an absolute path C:\Users\marti\Desktop\DESARROLLOSW\BOILERPLATTE E-COMMERCE\src\components\ui\badge
2025-09-20T01:42:37.843Z next:jsconfig-paths-plugin skipping request as it is an absolute path C:\Users\marti\Desktop\DESARROLLOSW\BOILERPLATTE E-COMMERCE\src\contexts\DriverContext
2025-09-20T01:42:37.843Z next:jsconfig-paths-plugin skipping request as it is an absolute path C:\Users\marti\Desktop\DESARROLLOSW\BOILERPLATTE E-COMMERCE\src\lib\core\utils
2025-09-20T01:42:37.844Z next:jsconfig-paths-plugin skipping request as it is an absolute path C:\Users\marti\Desktop\DESARROLLOSW\BOILERPLATTE E-COMMERCE\src\contexts\DriverContext
2025-09-20T01:42:37.844Z next:jsconfig-paths-plugin skipping request as it is an absolute path C:\Users\marti\Desktop\DESARROLLOSW\BOILERPLATTE E-COMMERCE\src\components\ui\card
2025-09-20T01:42:37.844Z next:jsconfig-paths-plugin skipping request as it is an absolute path C:\Users\marti\Desktop\DESARROLLOSW\BOILERPLATTE E-COMMERCE\src\components\ui\button
2025-09-20T01:42:37.844Z next:jsconfig-paths-plugin skipping request as it is an absolute path C:\Users\marti\Desktop\DESARROLLOSW\BOILERPLATTE E-COMMERCE\src\components\ui\badge
2025-09-20T01:42:37.844Z next:jsconfig-paths-plugin skipping request as it is an absolute path C:\Users\marti\Desktop\DESARROLLOSW\BOILERPLATTE E-COMMERCE\src\lib\core\utils
2025-09-20T01:42:37.851Z next:jsconfig-paths-plugin skipping request as it is an absolute path C:\Users\marti\Desktop\DESARROLLOSW\BOILERPLATTE E-COMMERCE\src\components\ui\card
2025-09-20T01:42:37.851Z next:jsconfig-paths-plugin skipping request as it is an absolute path C:\Users\marti\Desktop\DESARROLLOSW\BOILERPLATTE E-COMMERCE\src\components\ui\button
2025-09-20T01:42:37.851Z next:jsconfig-paths-plugin skipping request as it is an absolute path C:\Users\marti\Desktop\DESARROLLOSW\BOILERPLATTE E-COMMERCE\src\components\ui\badge
2025-09-20T01:42:37.851Z next:jsconfig-paths-plugin skipping request as it is an absolute path C:\Users\marti\Desktop\DESARROLLOSW\BOILERPLATTE E-COMMERCE\src\contexts\DriverContext
2025-09-20T01:42:37.852Z next:jsconfig-paths-plugin skipping request as it is an absolute path C:\Users\marti\Desktop\DESARROLLOSW\BOILERPLATTE E-COMMERCE\src\contexts\DriverContext
2025-09-20T01:42:37.852Z next:jsconfig-paths-plugin skipping request as it is an absolute path C:\Users\marti\Desktop\DESARROLLOSW\BOILERPLATTE E-COMMERCE\src\components\ui\card
2025-09-20T01:42:37.852Z next:jsconfig-paths-plugin skipping request as it is an absolute path C:\Users\marti\Desktop\DESARROLLOSW\BOILERPLATTE E-COMMERCE\src\components\ui\button
2025-09-20T01:42:37.852Z next:jsconfig-paths-plugin skipping request as it is an absolute path C:\Users\marti\Desktop\DESARROLLOSW\BOILERPLATTE E-COMMERCE\src\components\ui\badge
2025-09-20T01:42:37.853Z next:jsconfig-paths-plugin skipping request as it is an absolute path C:\Users\marti\Desktop\DESARROLLOSW\BOILERPLATTE E-COMMERCE\src\components\ui\card
2025-09-20T01:42:37.853Z next:jsconfig-paths-plugin skipping request as it is an absolute path C:\Users\marti\Desktop\DESARROLLOSW\BOILERPLATTE E-COMMERCE\src\components\ui\badge
2025-09-20T01:42:37.853Z next:jsconfig-paths-plugin skipping request as it is an absolute path C:\Users\marti\Desktop\DESARROLLOSW\BOILERPLATTE E-COMMERCE\src\components\ui\button
2025-09-20T01:42:37.854Z next:jsconfig-paths-plugin skipping request as it is an absolute path C:\Users\marti\Desktop\DESARROLLOSW\BOILERPLATTE E-COMMERCE\src\components\ui\card
2025-09-20T01:42:37.854Z next:jsconfig-paths-plugin skipping request as it is an absolute path C:\Users\marti\Desktop\DESARROLLOSW\BOILERPLATTE E-COMMERCE\src\components\ui\badge
2025-09-20T01:42:37.854Z next:jsconfig-paths-plugin skipping request as it is an absolute path C:\Users\marti\Desktop\DESARROLLOSW\BOILERPLATTE E-COMMERCE\src\components\ui\button
2025-09-20T01:42:37.855Z next:jsconfig-paths-plugin skipping request as it is an absolute path C:\Users\marti\Desktop\DESARROLLOSW\BOILERPLATTE E-COMMERCE\src\lib\api\products
2025-09-20T01:42:37.855Z next:jsconfig-paths-plugin skipping request as it is an absolute path C:\Users\marti\Desktop\DESARROLLOSW\BOILERPLATTE E-COMMERCE\src\components\ui\button
2025-09-20T01:42:37.855Z next:jsconfig-paths-plugin skipping request as it is an absolute path C:\Users\marti\Desktop\DESARROLLOSW\BOILERPLATTE E-COMMERCE\src\components\ui\use-toast
2025-09-20T01:42:37.856Z next:jsconfig-paths-plugin skipping request as it is an absolute path C:\Users\marti\Desktop\DESARROLLOSW\BOILERPLATTE E-COMMERCE\src\lib\api\products
2025-09-20T01:42:37.856Z next:jsconfig-paths-plugin skipping request as it is an absolute path C:\Users\marti\Desktop\DESARROLLOSW\BOILERPLATTE E-COMMERCE\src\components\ui\button
2025-09-20T01:42:37.856Z next:jsconfig-paths-plugin skipping request as it is an absolute path C:\Users\marti\Desktop\DESARROLLOSW\BOILERPLATTE E-COMMERCE\src\components\ui\use-toast
2025-09-20T01:42:37.857Z next:jsconfig-paths-plugin skipping request as it is an absolute path C:\Users\marti\Desktop\DESARROLLOSW\BOILERPLATTE E-COMMERCE\src\components\ui
2025-09-20T01:42:37.857Z next:jsconfig-paths-plugin skipping request as it is an absolute path C:\Users\marti\Desktop\DESARROLLOSW\BOILERPLATTE E-COMMERCE\src\components\ui
2025-09-20T01:42:37.857Z next:jsconfig-paths-plugin skipping request as it is an absolute path C:\Users\marti\Desktop\DESARROLLOSW\BOILERPLATTE E-COMMERCE\src\components\ui\product-skeleton
2025-09-20T01:42:37.858Z next:jsconfig-paths-plugin skipping request as it is an absolute path C:\Users\marti\Desktop\DESARROLLOSW\BOILERPLATTE E-COMMERCE\src\components\ui\product-skeleton
2025-09-20T01:42:37.862Z next:jsconfig-paths-plugin skipping request as it is an absolute path C:\Users\marti\Desktop\DESARROLLOSW\BOILERPLATTE E-COMMERCE\src\hooks\useCart
2025-09-20T01:42:37.863Z next:jsconfig-paths-plugin skipping request as it is an absolute path C:\Users\marti\Desktop\DESARROLLOSW\BOILERPLATTE E-COMMERCE\src\hooks\useCart
2025-09-20T01:42:37.864Z next:jsconfig-paths-plugin skipping request as it is an absolute path C:\Users\marti\Desktop\DESARROLLOSW\BOILERPLATTE E-COMMERCE\src\components\ui\button
2025-09-20T01:42:37.864Z next:jsconfig-paths-plugin skipping request as it is an absolute path C:\Users\marti\Desktop\DESARROLLOSW\BOILERPLATTE E-COMMERCE\src\components\ui\badge
2025-09-20T01:42:37.865Z next:jsconfig-paths-plugin skipping request as it is an absolute path C:\Users\marti\Desktop\DESARROLLOSW\BOILERPLATTE E-COMMERCE\src\contexts\DriverContext
2025-09-20T01:42:37.865Z next:jsconfig-paths-plugin skipping request as it is an absolute path C:\Users\marti\Desktop\DESARROLLOSW\BOILERPLATTE E-COMMERCE\src\components\driver\GPSNavigationMap
2025-09-20T01:42:37.865Z next:jsconfig-paths-plugin skipping request as it is an absolute path C:\Users\marti\Desktop\DESARROLLOSW\BOILERPLATTE E-COMMERCE\src\components\driver\NavigationInstructions
2025-09-20T01:42:37.865Z next:jsconfig-paths-plugin skipping request as it is an absolute path C:\Users\marti\Desktop\DESARROLLOSW\BOILERPLATTE E-COMMERCE\src\components\driver\DeliveryCard
2025-09-20T01:42:37.866Z next:jsconfig-paths-plugin skipping request as it is an absolute path C:\Users\marti\Desktop\DESARROLLOSW\BOILERPLATTE E-COMMERCE\src\contexts\DriverContext
2025-09-20T01:42:37.866Z next:jsconfig-paths-plugin skipping request as it is an absolute path C:\Users\marti\Desktop\DESARROLLOSW\BOILERPLATTE E-COMMERCE\src\components\ui\button
2025-09-20T01:42:37.866Z next:jsconfig-paths-plugin skipping request as it is an absolute path C:\Users\marti\Desktop\DESARROLLOSW\BOILERPLATTE E-COMMERCE\src\components\ui\badge
2025-09-20T01:42:37.866Z next:jsconfig-paths-plugin skipping request as it is an absolute path C:\Users\marti\Desktop\DESARROLLOSW\BOILERPLATTE E-COMMERCE\src\components\driver\GPSNavigationMap
2025-09-20T01:42:37.866Z next:jsconfig-paths-plugin skipping request as it is an absolute path C:\Users\marti\Desktop\DESARROLLOSW\BOILERPLATTE E-COMMERCE\src\components\driver\NavigationInstructions
2025-09-20T01:42:37.866Z next:jsconfig-paths-plugin skipping request as it is an absolute path C:\Users\marti\Desktop\DESARROLLOSW\BOILERPLATTE E-COMMERCE\src\components\driver\DeliveryCard
2025-09-20T01:42:37.978Z next:jsconfig-paths-plugin skipping request as it is an absolute path C:\Users\marti\Desktop\DESARROLLOSW\BOILERPLATTE E-COMMERCE\src\lib\utils
2025-09-20T01:42:37.978Z next:jsconfig-paths-plugin skipping request as it is an absolute path C:\Users\marti\Desktop\DESARROLLOSW\BOILERPLATTE E-COMMERCE\src\lib\utils
2025-09-20T01:42:37.978Z next:jsconfig-paths-plugin skipping request as it is an absolute path C:\Users\marti\Desktop\DESARROLLOSW\BOILERPLATTE E-COMMERCE\src\lib\utils
2025-09-20T01:42:37.978Z next:jsconfig-paths-plugin skipping request as it is an absolute path C:\Users\marti\Desktop\DESARROLLOSW\BOILERPLATTE E-COMMERCE\src\lib\utils
2025-09-20T01:42:37.978Z next:jsconfig-paths-plugin skipping request as it is an absolute path C:\Users\marti\Desktop\DESARROLLOSW\BOILERPLATTE E-COMMERCE\src\lib\utils
2025-09-20T01:42:37.979Z next:jsconfig-paths-plugin skipping request as it is an absolute path C:\Users\marti\Desktop\DESARROLLOSW\BOILERPLATTE E-COMMERCE\src\lib\utils
2025-09-20T01:42:37.979Z next:jsconfig-paths-plugin skipping request as it is an absolute path C:\Users\marti\Desktop\DESARROLLOSW\BOILERPLATTE E-COMMERCE\src\lib\utils
2025-09-20T01:42:37.979Z next:jsconfig-paths-plugin skipping request as it is an absolute path C:\Users\marti\Desktop\DESARROLLOSW\BOILERPLATTE E-COMMERCE\src\lib\utils
2025-09-20T01:42:37.979Z next:jsconfig-paths-plugin skipping request as it is an absolute path C:\Users\marti\Desktop\DESARROLLOSW\BOILERPLATTE E-COMMERCE\src\lib\utils
2025-09-20T01:42:37.979Z next:jsconfig-paths-plugin skipping request as it is an absolute path C:\Users\marti\Desktop\DESARROLLOSW\BOILERPLATTE E-COMMERCE\src\lib\utils
2025-09-20T01:42:37.983Z next:jsconfig-paths-plugin skipping request as it is an absolute path C:\Users\marti\Desktop\DESARROLLOSW\BOILERPLATTE E-COMMERCE\src\lib\optimized-imports
2025-09-20T01:42:37.984Z next:jsconfig-paths-plugin skipping request as it is an absolute path C:\Users\marti\Desktop\DESARROLLOSW\BOILERPLATTE E-COMMERCE\src\lib\optimized-imports
2025-09-20T01:42:37.998Z next:jsconfig-paths-plugin skipping request as it is an absolute path C:\Users\marti\Desktop\DESARROLLOSW\BOILERPLATTE E-COMMERCE\src\lib\utils
2025-09-20T01:42:37.998Z next:jsconfig-paths-plugin skipping request as it is an absolute path C:\Users\marti\Desktop\DESARROLLOSW\BOILERPLATTE E-COMMERCE\src\lib\utils
2025-09-20T01:42:37.998Z next:jsconfig-paths-plugin skipping request as it is an absolute path C:\Users\marti\Desktop\DESARROLLOSW\BOILERPLATTE E-COMMERCE\src\lib\optimized-imports
2025-09-20T01:42:37.998Z next:jsconfig-paths-plugin skipping request as it is an absolute path C:\Users\marti\Desktop\DESARROLLOSW\BOILERPLATTE E-COMMERCE\src\lib\utils
2025-09-20T01:42:37.999Z next:jsconfig-paths-plugin skipping request as it is an absolute path C:\Users\marti\Desktop\DESARROLLOSW\BOILERPLATTE E-COMMERCE\src\lib\optimized-imports
2025-09-20T01:42:37.999Z next:jsconfig-paths-plugin skipping request as it is an absolute path C:\Users\marti\Desktop\DESARROLLOSW\BOILERPLATTE E-COMMERCE\src\lib\utils
2025-09-20T01:42:37.999Z next:jsconfig-paths-plugin skipping request as it is an absolute path C:\Users\marti\Desktop\DESARROLLOSW\BOILERPLATTE E-COMMERCE\src\lib\utils
2025-09-20T01:42:37.999Z next:jsconfig-paths-plugin skipping request as it is an absolute path C:\Users\marti\Desktop\DESARROLLOSW\BOILERPLATTE E-COMMERCE\src\lib\utils
2025-09-20T01:42:38.004Z next:jsconfig-paths-plugin moduleName did not match any paths pattern #components
2025-09-20T01:42:38.004Z next:jsconfig-paths-plugin moduleName did not match any paths pattern #server
2025-09-20T01:42:38.004Z next:jsconfig-paths-plugin moduleName did not match any paths pattern #components
2025-09-20T01:42:38.004Z next:jsconfig-paths-plugin moduleName did not match any paths pattern #server
2025-09-20T01:42:38.004Z next:jsconfig-paths-plugin skipping request as it is a relative path ./features/cart-slice
2025-09-20T01:42:38.004Z next:jsconfig-paths-plugin skipping request as it is a relative path ./features/product-details
2025-09-20T01:42:38.004Z next:jsconfig-paths-plugin skipping request as it is a relative path ./features/cart-slice
2025-09-20T01:42:38.004Z next:jsconfig-paths-plugin skipping request as it is a relative path ./features/product-details
2025-09-20T01:42:38.007Z next:jsconfig-paths-plugin skipping request as it is an absolute path C:\Users\marti\Desktop\DESARROLLOSW\BOILERPLATTE E-COMMERCE\src\components\ui\button
2025-09-20T01:42:38.007Z next:jsconfig-paths-plugin skipping request as it is an absolute path C:\Users\marti\Desktop\DESARROLLOSW\BOILERPLATTE E-COMMERCE\src\components\ui\input
2025-09-20T01:42:38.007Z next:jsconfig-paths-plugin skipping request as it is an absolute path C:\Users\marti\Desktop\DESARROLLOSW\BOILERPLATTE E-COMMERCE\src\components\ui\label
2025-09-20T01:42:38.007Z next:jsconfig-paths-plugin skipping request as it is an absolute path C:\Users\marti\Desktop\DESARROLLOSW\BOILERPLATTE E-COMMERCE\src\components\ui\switch
2025-09-20T01:42:38.007Z next:jsconfig-paths-plugin skipping request as it is an absolute path C:\Users\marti\Desktop\DESARROLLOSW\BOILERPLATTE E-COMMERCE\src\components\ui\select
2025-09-20T01:42:38.007Z next:jsconfig-paths-plugin skipping request as it is an absolute path C:\Users\marti\Desktop\DESARROLLOSW\BOILERPLATTE E-COMMERCE\src\components\ui\card
2025-09-20T01:42:38.007Z next:jsconfig-paths-plugin skipping request as it is an absolute path C:\Users\marti\Desktop\DESARROLLOSW\BOILERPLATTE E-COMMERCE\src\components\ui\badge
2025-09-20T01:42:38.007Z next:jsconfig-paths-plugin skipping request as it is an absolute path C:\Users\marti\Desktop\DESARROLLOSW\BOILERPLATTE E-COMMERCE\src\components\ui\separator
2025-09-20T01:42:38.007Z next:jsconfig-paths-plugin skipping request as it is an absolute path C:\Users\marti\Desktop\DESARROLLOSW\BOILERPLATTE E-COMMERCE\src\components\ui\use-toast
2025-09-20T01:42:38.009Z next:jsconfig-paths-plugin skipping request as it is an absolute path C:\Users\marti\Desktop\DESARROLLOSW\BOILERPLATTE E-COMMERCE\src\components\ui\button
2025-09-20T01:42:38.009Z next:jsconfig-paths-plugin skipping request as it is an absolute path C:\Users\marti\Desktop\DESARROLLOSW\BOILERPLATTE E-COMMERCE\src\components\ui\input
2025-09-20T01:42:38.009Z next:jsconfig-paths-plugin skipping request as it is an absolute path C:\Users\marti\Desktop\DESARROLLOSW\BOILERPLATTE E-COMMERCE\src\components\ui\label
2025-09-20T01:42:38.009Z next:jsconfig-paths-plugin skipping request as it is an absolute path C:\Users\marti\Desktop\DESARROLLOSW\BOILERPLATTE E-COMMERCE\src\components\ui\switch
2025-09-20T01:42:38.009Z next:jsconfig-paths-plugin skipping request as it is an absolute path C:\Users\marti\Desktop\DESARROLLOSW\BOILERPLATTE E-COMMERCE\src\components\ui\select
2025-09-20T01:42:38.009Z next:jsconfig-paths-plugin skipping request as it is an absolute path C:\Users\marti\Desktop\DESARROLLOSW\BOILERPLATTE E-COMMERCE\src\components\ui\card
2025-09-20T01:42:38.009Z next:jsconfig-paths-plugin skipping request as it is an absolute path C:\Users\marti\Desktop\DESARROLLOSW\BOILERPLATTE E-COMMERCE\src\components\ui\badge
2025-09-20T01:42:38.009Z next:jsconfig-paths-plugin skipping request as it is an absolute path C:\Users\marti\Desktop\DESARROLLOSW\BOILERPLATTE E-COMMERCE\src\components\ui\separator
2025-09-20T01:42:38.009Z next:jsconfig-paths-plugin skipping request as it is an absolute path C:\Users\marti\Desktop\DESARROLLOSW\BOILERPLATTE E-COMMERCE\src\components\ui\use-toast
2025-09-20T01:42:38.012Z next:jsconfig-paths-plugin skipping request as it is an absolute path C:\Users\marti\Desktop\DESARROLLOSW\BOILERPLATTE E-COMMERCE\src\components\ui\form
2025-09-20T01:42:38.012Z next:jsconfig-paths-plugin skipping request as it is an absolute path C:\Users\marti\Desktop\DESARROLLOSW\BOILERPLATTE E-COMMERCE\src\components\ui\form
2025-09-20T01:42:38.012Z next:jsconfig-paths-plugin skipping request as it is a relative path ./features/quickView-slice
2025-09-20T01:42:38.012Z next:jsconfig-paths-plugin skipping request as it is a relative path ./features/quickView-slice
2025-09-20T01:42:38.013Z next:jsconfig-paths-plugin skipping request as it is a relative path ./features/wishlist-slice
2025-09-20T01:42:38.013Z next:jsconfig-paths-plugin skipping request as it is a relative path ./features/wishlist-slice
2025-09-20T01:42:38.013Z next:jsconfig-paths-plugin skipping request as it is a relative path ./middleware/cartPersistence
2025-09-20T01:42:38.013Z next:jsconfig-paths-plugin skipping request as it is a relative path ../middleware/cartPersistence
2025-09-20T01:42:38.014Z next:jsconfig-paths-plugin skipping request as it is an absolute path C:\Users\marti\Desktop\DESARROLLOSW\BOILERPLATTE E-COMMERCE\src\lib\core\utils
2025-09-20T01:42:38.014Z next:jsconfig-paths-plugin skipping request as it is an absolute path C:\Users\marti\Desktop\DESARROLLOSW\BOILERPLATTE E-COMMERCE\src\hooks\useAuth
2025-09-20T01:42:38.014Z next:jsconfig-paths-plugin skipping request as it is an absolute path C:\Users\marti\Desktop\DESARROLLOSW\BOILERPLATTE E-COMMERCE\src\components\ui\alert-dialog
2025-09-20T01:42:38.014Z next:jsconfig-paths-plugin skipping request as it is an absolute path C:\Users\marti\Desktop\DESARROLLOSW\BOILERPLATTE E-COMMERCE\src\components\ui\button
2025-09-20T01:42:38.015Z next:jsconfig-paths-plugin skipping request as it is an absolute path C:\Users\marti\Desktop\DESARROLLOSW\BOILERPLATTE E-COMMERCE\src\hooks\useAuth
2025-09-20T01:42:38.015Z next:jsconfig-paths-plugin skipping request as it is an absolute path C:\Users\marti\Desktop\DESARROLLOSW\BOILERPLATTE E-COMMERCE\src\lib\core\utils
2025-09-20T01:42:38.015Z next:jsconfig-paths-plugin skipping request as it is an absolute path C:\Users\marti\Desktop\DESARROLLOSW\BOILERPLATTE E-COMMERCE\src\components\ui\alert-dialog
2025-09-20T01:42:38.015Z next:jsconfig-paths-plugin skipping request as it is an absolute path C:\Users\marti\Desktop\DESARROLLOSW\BOILERPLATTE E-COMMERCE\src\components\ui\button
2025-09-20T01:42:38.017Z next:jsconfig-paths-plugin skipping request as it is an absolute path C:\Users\marti\Desktop\DESARROLLOSW\BOILERPLATTE E-COMMERCE\src\components\ui\dropdown-menu
2025-09-20T01:42:38.017Z next:jsconfig-paths-plugin skipping request as it is an absolute path C:\Users\marti\Desktop\DESARROLLOSW\BOILERPLATTE E-COMMERCE\src\components\ui\dropdown-menu
2025-09-20T01:42:38.019Z next:jsconfig-paths-plugin skipping request as it is an absolute path C:\Users\marti\Desktop\DESARROLLOSW\BOILERPLATTE E-COMMERCE\src\lib\utils
2025-09-20T01:42:38.019Z next:jsconfig-paths-plugin skipping request as it is an absolute path C:\Users\marti\Desktop\DESARROLLOSW\BOILERPLATTE E-COMMERCE\src\components\ui\form
2025-09-20T01:42:38.019Z next:jsconfig-paths-plugin skipping request as it is an absolute path C:\Users\marti\Desktop\DESARROLLOSW\BOILERPLATTE E-COMMERCE\src\components\ui\select
2025-09-20T01:42:38.019Z next:jsconfig-paths-plugin skipping request as it is an absolute path C:\Users\marti\Desktop\DESARROLLOSW\BOILERPLATTE E-COMMERCE\src\components\ui\button
2025-09-20T01:42:38.019Z next:jsconfig-paths-plugin skipping request as it is an absolute path C:\Users\marti\Desktop\DESARROLLOSW\BOILERPLATTE E-COMMERCE\src\components\ui\input
2025-09-20T01:42:38.019Z next:jsconfig-paths-plugin skipping request as it is an absolute path C:\Users\marti\Desktop\DESARROLLOSW\BOILERPLATTE E-COMMERCE\src\lib\utils
2025-09-20T01:42:38.019Z next:jsconfig-paths-plugin skipping request as it is an absolute path C:\Users\marti\Desktop\DESARROLLOSW\BOILERPLATTE E-COMMERCE\src\lib\utils
2025-09-20T01:42:38.020Z next:jsconfig-paths-plugin skipping request as it is an absolute path C:\Users\marti\Desktop\DESARROLLOSW\BOILERPLATTE E-COMMERCE\src\components\ui\form
2025-09-20T01:42:38.021Z next:jsconfig-paths-plugin skipping request as it is an absolute path C:\Users\marti\Desktop\DESARROLLOSW\BOILERPLATTE E-COMMERCE\src\components\ui\select
2025-09-20T01:42:38.021Z next:jsconfig-paths-plugin skipping request as it is an absolute path C:\Users\marti\Desktop\DESARROLLOSW\BOILERPLATTE E-COMMERCE\src\components\ui\button
2025-09-20T01:42:38.021Z next:jsconfig-paths-plugin skipping request as it is an absolute path C:\Users\marti\Desktop\DESARROLLOSW\BOILERPLATTE E-COMMERCE\src\components\ui\input
2025-09-20T01:42:38.021Z next:jsconfig-paths-plugin skipping request as it is an absolute path C:\Users\marti\Desktop\DESARROLLOSW\BOILERPLATTE E-COMMERCE\src\lib\utils
2025-09-20T01:42:38.021Z next:jsconfig-paths-plugin skipping request as it is an absolute path C:\Users\marti\Desktop\DESARROLLOSW\BOILERPLATTE E-COMMERCE\src\lib\utils
2025-09-20T01:42:38.021Z next:jsconfig-paths-plugin skipping request as it is an absolute path C:\Users\marti\Desktop\DESARROLLOSW\BOILERPLATTE E-COMMERCE\src\lib\utils
2025-09-20T01:42:38.028Z next:jsconfig-paths-plugin skipping request as it is a relative path ./middleware/cartPersistence
2025-09-20T01:42:38.028Z next:jsconfig-paths-plugin skipping request as it is a relative path ../middleware/cartPersistence
2025-09-20T01:42:38.029Z next:jsconfig-paths-plugin skipping request as it is a relative path ./ActivityLog
2025-09-20T01:42:38.030Z next:jsconfig-paths-plugin skipping request as it is a relative path ./ActivityLog
2025-09-20T01:42:38.030Z next:jsconfig-paths-plugin skipping request as it is an absolute path C:\Users\marti\Desktop\DESARROLLOSW\BOILERPLATTE E-COMMERCE\src\components\ui\tabs
2025-09-20T01:42:38.031Z next:jsconfig-paths-plugin skipping request as it is an absolute path C:\Users\marti\Desktop\DESARROLLOSW\BOILERPLATTE E-COMMERCE\src\components\ui\tabs
2025-09-20T01:42:38.031Z next:jsconfig-paths-plugin skipping request as it is a relative path ./NotificationSettings
2025-09-20T01:42:38.031Z next:jsconfig-paths-plugin skipping request as it is a relative path ./NotificationSettings
2025-09-20T01:42:38.032Z next:jsconfig-paths-plugin skipping request as it is a relative path ./DisplaySettings
2025-09-20T01:42:38.032Z next:jsconfig-paths-plugin skipping request as it is a relative path ./DisplaySettings
2025-09-20T01:42:38.032Z next:jsconfig-paths-plugin skipping request as it is a relative path ./PrivacySettings
2025-09-20T01:42:38.032Z next:jsconfig-paths-plugin skipping request as it is a relative path ./PrivacySettings
2025-09-20T01:42:38.037Z next:jsconfig-paths-plugin skipping request as it is an absolute path C:\Users\marti\Desktop\DESARROLLOSW\BOILERPLATTE E-COMMERCE\src\components\ui\button
2025-09-20T01:42:38.038Z next:jsconfig-paths-plugin skipping request as it is an absolute path C:\Users\marti\Desktop\DESARROLLOSW\BOILERPLATTE E-COMMERCE\src\components\ui\button
2025-09-20T01:42:38.038Z next:jsconfig-paths-plugin skipping request as it is an absolute path C:\Users\marti\Desktop\DESARROLLOSW\BOILERPLATTE E-COMMERCE\src\components\ui\button
2025-09-20T01:42:38.038Z next:jsconfig-paths-plugin skipping request as it is an absolute path C:\Users\marti\Desktop\DESARROLLOSW\BOILERPLATTE E-COMMERCE\src\components\ui\dropdown-menu
2025-09-20T01:42:38.038Z next:jsconfig-paths-plugin skipping request as it is an absolute path C:\Users\marti\Desktop\DESARROLLOSW\BOILERPLATTE E-COMMERCE\src\components\ui\dropdown-menu
2025-09-20T01:42:38.038Z next:jsconfig-paths-plugin skipping request as it is an absolute path C:\Users\marti\Desktop\DESARROLLOSW\BOILERPLATTE E-COMMERCE\src\components\ui\dropdown-menu
2025-09-20T01:42:38.038Z next:jsconfig-paths-plugin skipping request as it is an absolute path C:\Users\marti\Desktop\DESARROLLOSW\BOILERPLATTE E-COMMERCE\src\lib\optimized-imports
2025-09-20T01:42:38.038Z next:jsconfig-paths-plugin skipping request as it is an absolute path C:\Users\marti\Desktop\DESARROLLOSW\BOILERPLATTE E-COMMERCE\src\lib\utils
2025-09-20T01:42:38.038Z next:jsconfig-paths-plugin skipping request as it is an absolute path C:\Users\marti\Desktop\DESARROLLOSW\BOILERPLATTE E-COMMERCE\src\lib\utils
2025-09-20T01:42:38.038Z next:jsconfig-paths-plugin skipping request as it is an absolute path C:\Users\marti\Desktop\DESARROLLOSW\BOILERPLATTE E-COMMERCE\src\hooks\useAuth
2025-09-20T01:42:38.038Z next:jsconfig-paths-plugin skipping request as it is an absolute path C:\Users\marti\Desktop\DESARROLLOSW\BOILERPLATTE E-COMMERCE\src\components\ui\badge
2025-09-20T01:42:38.038Z next:jsconfig-paths-plugin skipping request as it is an absolute path C:\Users\marti\Desktop\DESARROLLOSW\BOILERPLATTE E-COMMERCE\src\components\ui\avatar
2025-09-20T01:42:38.038Z next:jsconfig-paths-plugin skipping request as it is an absolute path C:\Users\marti\Desktop\DESARROLLOSW\BOILERPLATTE E-COMMERCE\src\redux\store
2025-09-20T01:42:38.038Z next:jsconfig-paths-plugin skipping request as it is an absolute path C:\Users\marti\Desktop\DESARROLLOSW\BOILERPLATTE E-COMMERCE\src\redux\features\cart-slice
2025-09-20T01:42:38.040Z next:jsconfig-paths-plugin skipping request as it is an absolute path C:\Users\marti\Desktop\DESARROLLOSW\BOILERPLATTE E-COMMERCE\src\lib\optimized-imports
2025-09-20T01:42:38.040Z next:jsconfig-paths-plugin skipping request as it is an absolute path C:\Users\marti\Desktop\DESARROLLOSW\BOILERPLATTE E-COMMERCE\src\hooks\useAuth
2025-09-20T01:42:38.040Z next:jsconfig-paths-plugin skipping request as it is an absolute path C:\Users\marti\Desktop\DESARROLLOSW\BOILERPLATTE E-COMMERCE\src\redux\store
2025-09-20T01:42:38.040Z next:jsconfig-paths-plugin skipping request as it is an absolute path C:\Users\marti\Desktop\DESARROLLOSW\BOILERPLATTE E-COMMERCE\src\components\ui\button
2025-09-20T01:42:38.040Z next:jsconfig-paths-plugin skipping request as it is an absolute path C:\Users\marti\Desktop\DESARROLLOSW\BOILERPLATTE E-COMMERCE\src\components\ui\button
2025-09-20T01:42:38.040Z next:jsconfig-paths-plugin skipping request as it is an absolute path C:\Users\marti\Desktop\DESARROLLOSW\BOILERPLATTE E-COMMERCE\src\components\ui\button
2025-09-20T01:42:38.040Z next:jsconfig-paths-plugin skipping request as it is an absolute path C:\Users\marti\Desktop\DESARROLLOSW\BOILERPLATTE E-COMMERCE\src\components\ui\dropdown-menu
2025-09-20T01:42:38.040Z next:jsconfig-paths-plugin skipping request as it is an absolute path C:\Users\marti\Desktop\DESARROLLOSW\BOILERPLATTE E-COMMERCE\src\components\ui\dropdown-menu
2025-09-20T01:42:38.040Z next:jsconfig-paths-plugin skipping request as it is an absolute path C:\Users\marti\Desktop\DESARROLLOSW\BOILERPLATTE E-COMMERCE\src\components\ui\dropdown-menu
2025-09-20T01:42:38.041Z next:jsconfig-paths-plugin skipping request as it is an absolute path C:\Users\marti\Desktop\DESARROLLOSW\BOILERPLATTE E-COMMERCE\src\components\ui\badge
2025-09-20T01:42:38.041Z next:jsconfig-paths-plugin skipping request as it is an absolute path C:\Users\marti\Desktop\DESARROLLOSW\BOILERPLATTE E-COMMERCE\src\components\ui\avatar
2025-09-20T01:42:38.041Z next:jsconfig-paths-plugin skipping request as it is an absolute path C:\Users\marti\Desktop\DESARROLLOSW\BOILERPLATTE E-COMMERCE\src\redux\features\cart-slice
2025-09-20T01:42:38.042Z next:jsconfig-paths-plugin skipping request as it is an absolute path C:\Users\marti\Desktop\DESARROLLOSW\BOILERPLATTE E-COMMERCE\src\lib\utils
2025-09-20T01:42:38.042Z next:jsconfig-paths-plugin skipping request as it is an absolute path C:\Users\marti\Desktop\DESARROLLOSW\BOILERPLATTE E-COMMERCE\src\lib\utils
2025-09-20T01:42:38.045Z next:jsconfig-paths-plugin skipping request as it is an absolute path C:\Users\marti\Desktop\DESARROLLOSW\BOILERPLATTE E-COMMERCE\src\components\ui\card
2025-09-20T01:42:38.045Z next:jsconfig-paths-plugin skipping request as it is an absolute path C:\Users\marti\Desktop\DESARROLLOSW\BOILERPLATTE E-COMMERCE\src\components\ui\badge
2025-09-20T01:42:38.045Z next:jsconfig-paths-plugin skipping request as it is an absolute path C:\Users\marti\Desktop\DESARROLLOSW\BOILERPLATTE E-COMMERCE\src\components\ui\progress
2025-09-20T01:42:38.045Z next:jsconfig-paths-plugin skipping request as it is an absolute path C:\Users\marti\Desktop\DESARROLLOSW\BOILERPLATTE E-COMMERCE\src\components\ui\separator
2025-09-20T01:42:38.046Z next:jsconfig-paths-plugin skipping request as it is an absolute path C:\Users\marti\Desktop\DESARROLLOSW\BOILERPLATTE E-COMMERCE\src\components\ui\card
2025-09-20T01:42:38.046Z next:jsconfig-paths-plugin skipping request as it is an absolute path C:\Users\marti\Desktop\DESARROLLOSW\BOILERPLATTE E-COMMERCE\src\components\ui\badge
2025-09-20T01:42:38.046Z next:jsconfig-paths-plugin skipping request as it is an absolute path C:\Users\marti\Desktop\DESARROLLOSW\BOILERPLATTE E-COMMERCE\src\components\ui\progress
2025-09-20T01:42:38.046Z next:jsconfig-paths-plugin skipping request as it is an absolute path C:\Users\marti\Desktop\DESARROLLOSW\BOILERPLATTE E-COMMERCE\src\components\ui\separator
2025-09-20T01:42:38.047Z next:jsconfig-paths-plugin skipping request as it is an absolute path C:\Users\marti\Desktop\DESARROLLOSW\BOILERPLATTE E-COMMERCE\src\hooks\useGeolocation
2025-09-20T01:42:38.047Z next:jsconfig-paths-plugin skipping request as it is an absolute path C:\Users\marti\Desktop\DESARROLLOSW\BOILERPLATTE E-COMMERCE\src\hooks\useGeolocation
2025-09-20T01:42:38.048Z next:jsconfig-paths-plugin skipping request as it is an absolute path C:\Users\marti\Desktop\DESARROLLOSW\BOILERPLATTE E-COMMERCE\src\components\ui\SearchAutocompleteIntegrated
2025-09-20T01:42:38.048Z next:jsconfig-paths-plugin skipping request as it is an absolute path C:\Users\marti\Desktop\DESARROLLOSW\BOILERPLATTE E-COMMERCE\src\components\ui\SearchAutocompleteIntegrated
2025-09-20T01:42:38.048Z next:jsconfig-paths-plugin skipping request as it is an absolute path C:\Users\marti\Desktop\DESARROLLOSW\BOILERPLATTE E-COMMERCE\src\app\context\CartSidebarModalContext
2025-09-20T01:42:38.049Z next:jsconfig-paths-plugin skipping request as it is an absolute path C:\Users\marti\Desktop\DESARROLLOSW\BOILERPLATTE E-COMMERCE\src\app\context\CartSidebarModalContext
2025-09-20T01:42:38.050Z next:jsconfig-paths-plugin skipping request as it is an absolute path C:\Users\marti\Desktop\DESARROLLOSW\BOILERPLATTE E-COMMERCE\src\components\ui\button
2025-09-20T01:42:38.050Z next:jsconfig-paths-plugin skipping request as it is an absolute path C:\Users\marti\Desktop\DESARROLLOSW\BOILERPLATTE E-COMMERCE\src\components\ui\badge
2025-09-20T01:42:38.050Z next:jsconfig-paths-plugin skipping request as it is an absolute path C:\Users\marti\Desktop\DESARROLLOSW\BOILERPLATTE E-COMMERCE\src\components\ui\dropdown-menu
2025-09-20T01:42:38.050Z next:jsconfig-paths-plugin skipping request as it is an absolute path C:\Users\marti\Desktop\DESARROLLOSW\BOILERPLATTE E-COMMERCE\src\hooks\useAnalytics
2025-09-20T01:42:38.051Z next:jsconfig-paths-plugin skipping request as it is an absolute path C:\Users\marti\Desktop\DESARROLLOSW\BOILERPLATTE E-COMMERCE\src\hooks\useAnalytics
2025-09-20T01:42:38.051Z next:jsconfig-paths-plugin skipping request as it is an absolute path C:\Users\marti\Desktop\DESARROLLOSW\BOILERPLATTE E-COMMERCE\src\components\ui\button
2025-09-20T01:42:38.051Z next:jsconfig-paths-plugin skipping request as it is an absolute path C:\Users\marti\Desktop\DESARROLLOSW\BOILERPLATTE E-COMMERCE\src\components\ui\badge
2025-09-20T01:42:38.051Z next:jsconfig-paths-plugin skipping request as it is an absolute path C:\Users\marti\Desktop\DESARROLLOSW\BOILERPLATTE E-COMMERCE\src\components\ui\dropdown-menu
2025-09-20T01:42:38.054Z next:jsconfig-paths-plugin skipping request as it is a relative path ./useAuth
2025-09-20T01:42:38.054Z next:jsconfig-paths-plugin skipping request as it is a relative path ./useAuth
2025-09-20T01:42:38.055Z next:jsconfig-paths-plugin skipping request as it is an absolute path C:\Users\marti\Desktop\DESARROLLOSW\BOILERPLATTE E-COMMERCE\src\components\ui\card
2025-09-20T01:42:38.055Z next:jsconfig-paths-plugin skipping request as it is an absolute path C:\Users\marti\Desktop\DESARROLLOSW\BOILERPLATTE E-COMMERCE\src\components\ui\card
2025-09-20T01:42:38.060Z next:jsconfig-paths-plugin skipping request as it is an absolute path C:\Users\marti\Desktop\DESARROLLOSW\BOILERPLATTE E-COMMERCE\src\lib\utils
2025-09-20T01:42:38.061Z next:jsconfig-paths-plugin skipping request as it is an absolute path C:\Users\marti\Desktop\DESARROLLOSW\BOILERPLATTE E-COMMERCE\src\lib\utils
2025-09-20T01:42:38.064Z next:jsconfig-paths-plugin skipping request as it is an absolute path C:\Users\marti\Desktop\DESARROLLOSW\BOILERPLATTE E-COMMERCE\src\components\ui\card
2025-09-20T01:42:38.064Z next:jsconfig-paths-plugin skipping request as it is an absolute path C:\Users\marti\Desktop\DESARROLLOSW\BOILERPLATTE E-COMMERCE\src\components\ui\button
2025-09-20T01:42:38.064Z next:jsconfig-paths-plugin skipping request as it is an absolute path C:\Users\marti\Desktop\DESARROLLOSW\BOILERPLATTE E-COMMERCE\src\components\ui\badge
2025-09-20T01:42:38.064Z next:jsconfig-paths-plugin skipping request as it is an absolute path C:\Users\marti\Desktop\DESARROLLOSW\BOILERPLATTE E-COMMERCE\src\lib\core\utils
2025-09-20T01:42:38.064Z next:jsconfig-paths-plugin skipping request as it is an absolute path C:\Users\marti\Desktop\DESARROLLOSW\BOILERPLATTE E-COMMERCE\src\components\ui\button
2025-09-20T01:42:38.064Z next:jsconfig-paths-plugin skipping request as it is an absolute path C:\Users\marti\Desktop\DESARROLLOSW\BOILERPLATTE E-COMMERCE\src\components\ui\card
2025-09-20T01:42:38.065Z next:jsconfig-paths-plugin skipping request as it is an absolute path C:\Users\marti\Desktop\DESARROLLOSW\BOILERPLATTE E-COMMERCE\src\components\ui\card
2025-09-20T01:42:38.065Z next:jsconfig-paths-plugin skipping request as it is an absolute path C:\Users\marti\Desktop\DESARROLLOSW\BOILERPLATTE E-COMMERCE\src\components\ui\button
2025-09-20T01:42:38.065Z next:jsconfig-paths-plugin skipping request as it is an absolute path C:\Users\marti\Desktop\DESARROLLOSW\BOILERPLATTE E-COMMERCE\src\components\ui\badge
2025-09-20T01:42:38.065Z next:jsconfig-paths-plugin skipping request as it is an absolute path C:\Users\marti\Desktop\DESARROLLOSW\BOILERPLATTE E-COMMERCE\src\lib\core\utils
2025-09-20T01:42:38.065Z next:jsconfig-paths-plugin skipping request as it is an absolute path C:\Users\marti\Desktop\DESARROLLOSW\BOILERPLATTE E-COMMERCE\src\components\ui\button
2025-09-20T01:42:38.066Z next:jsconfig-paths-plugin skipping request as it is an absolute path C:\Users\marti\Desktop\DESARROLLOSW\BOILERPLATTE E-COMMERCE\src\components\ui\card
2025-09-20T01:42:38.068Z next:jsconfig-paths-plugin skipping request as it is an absolute path C:\Users\marti\Desktop\DESARROLLOSW\BOILERPLATTE E-COMMERCE\src\lib\integrations\analytics
2025-09-20T01:42:38.073Z next:jsconfig-paths-plugin skipping request as it is an absolute path C:\Users\marti\Desktop\DESARROLLOSW\BOILERPLATTE E-COMMERCE\src\lib\integrations\analytics
2025-09-20T01:42:38.074Z next:jsconfig-paths-plugin skipping request as it is a relative path ./AdminSidebar
2025-09-20T01:42:38.074Z next:jsconfig-paths-plugin skipping request as it is a relative path ./AdminSidebar
2025-09-20T01:42:38.074Z next:jsconfig-paths-plugin skipping request as it is a relative path ./AdminHeader
2025-09-20T01:42:38.075Z next:jsconfig-paths-plugin skipping request as it is a relative path ./AdminHeader
2025-09-20T01:42:38.075Z next:jsconfig-paths-plugin skipping request as it is an absolute path C:\Users\marti\Desktop\DESARROLLOSW\BOILERPLATTE E-COMMERCE\src\lib\core\utils
2025-09-20T01:42:38.075Z next:jsconfig-paths-plugin skipping request as it is an absolute path C:\Users\marti\Desktop\DESARROLLOSW\BOILERPLATTE E-COMMERCE\src\lib\core\utils
2025-09-20T01:42:38.076Z next:jsconfig-paths-plugin skipping request as it is an absolute path C:\Users\marti\Desktop\DESARROLLOSW\BOILERPLATTE E-COMMERCE\src\lib\core\utils
2025-09-20T01:42:38.076Z next:jsconfig-paths-plugin skipping request as it is an absolute path C:\Users\marti\Desktop\DESARROLLOSW\BOILERPLATTE E-COMMERCE\src\lib\core\utils
2025-09-20T01:42:38.077Z next:jsconfig-paths-plugin skipping request as it is an absolute path C:\Users\marti\Desktop\DESARROLLOSW\BOILERPLATTE E-COMMERCE\src\lib\error-boundary\error-boundary-manager
2025-09-20T01:42:38.080Z next:jsconfig-paths-plugin skipping request as it is an absolute path C:\Users\marti\Desktop\DESARROLLOSW\BOILERPLATTE E-COMMERCE\src\components\ui\card
2025-09-20T01:42:38.080Z next:jsconfig-paths-plugin skipping request as it is an absolute path C:\Users\marti\Desktop\DESARROLLOSW\BOILERPLATTE E-COMMERCE\src\components\ui\card
2025-09-20T01:42:38.080Z next:jsconfig-paths-plugin skipping request as it is an absolute path C:\Users\marti\Desktop\DESARROLLOSW\BOILERPLATTE E-COMMERCE\src\components\ui\card
2025-09-20T01:42:38.080Z next:jsconfig-paths-plugin skipping request as it is an absolute path C:\Users\marti\Desktop\DESARROLLOSW\BOILERPLATTE E-COMMERCE\src\components\ui\card
2025-09-20T01:42:38.081Z next:jsconfig-paths-plugin skipping request as it is an absolute path C:\Users\marti\Desktop\DESARROLLOSW\BOILERPLATTE E-COMMERCE\src\components\ui\badge
2025-09-20T01:42:38.081Z next:jsconfig-paths-plugin skipping request as it is an absolute path C:\Users\marti\Desktop\DESARROLLOSW\BOILERPLATTE E-COMMERCE\src\components\ui\badge
2025-09-20T01:42:38.081Z next:jsconfig-paths-plugin skipping request as it is an absolute path C:\Users\marti\Desktop\DESARROLLOSW\BOILERPLATTE E-COMMERCE\src\components\ui\badge
2025-09-20T01:42:38.081Z next:jsconfig-paths-plugin skipping request as it is an absolute path C:\Users\marti\Desktop\DESARROLLOSW\BOILERPLATTE E-COMMERCE\src\components\ui\badge
2025-09-20T01:42:38.081Z next:jsconfig-paths-plugin skipping request as it is an absolute path C:\Users\marti\Desktop\DESARROLLOSW\BOILERPLATTE E-COMMERCE\src\components\ui\progress
2025-09-20T01:42:38.081Z next:jsconfig-paths-plugin skipping request as it is an absolute path C:\Users\marti\Desktop\DESARROLLOSW\BOILERPLATTE E-COMMERCE\src\components\ui\progress
2025-09-20T01:42:38.081Z next:jsconfig-paths-plugin skipping request as it is an absolute path C:\Users\marti\Desktop\DESARROLLOSW\BOILERPLATTE E-COMMERCE\src\lib\core\utils
2025-09-20T01:42:38.081Z next:jsconfig-paths-plugin skipping request as it is an absolute path C:\Users\marti\Desktop\DESARROLLOSW\BOILERPLATTE E-COMMERCE\src\lib\core\utils
2025-09-20T01:42:38.081Z next:jsconfig-paths-plugin skipping request as it is an absolute path C:\Users\marti\Desktop\DESARROLLOSW\BOILERPLATTE E-COMMERCE\src\lib\core\utils
2025-09-20T01:42:38.081Z next:jsconfig-paths-plugin skipping request as it is an absolute path C:\Users\marti\Desktop\DESARROLLOSW\BOILERPLATTE E-COMMERCE\src\lib\core\utils
2025-09-20T01:42:38.081Z next:jsconfig-paths-plugin skipping request as it is an absolute path C:\Users\marti\Desktop\DESARROLLOSW\BOILERPLATTE E-COMMERCE\src\lib\core\utils
2025-09-20T01:42:38.081Z next:jsconfig-paths-plugin skipping request as it is an absolute path C:\Users\marti\Desktop\DESARROLLOSW\BOILERPLATTE E-COMMERCE\src\components\ui\button
2025-09-20T01:42:38.081Z next:jsconfig-paths-plugin skipping request as it is an absolute path C:\Users\marti\Desktop\DESARROLLOSW\BOILERPLATTE E-COMMERCE\src\components\ui\button
2025-09-20T01:42:38.081Z next:jsconfig-paths-plugin skipping request as it is an absolute path C:\Users\marti\Desktop\DESARROLLOSW\BOILERPLATTE E-COMMERCE\src\components\ui\button
2025-09-20T01:42:38.081Z next:jsconfig-paths-plugin skipping request as it is an absolute path C:\Users\marti\Desktop\DESARROLLOSW\BOILERPLATTE E-COMMERCE\src\components\ui\input
2025-09-20T01:42:38.081Z next:jsconfig-paths-plugin skipping request as it is an absolute path C:\Users\marti\Desktop\DESARROLLOSW\BOILERPLATTE E-COMMERCE\src\components\ui\select
2025-09-20T01:42:38.081Z next:jsconfig-paths-plugin skipping request as it is an absolute path C:\Users\marti\Desktop\DESARROLLOSW\BOILERPLATTE E-COMMERCE\src\components\ui\select
2025-09-20T01:42:38.081Z next:jsconfig-paths-plugin skipping request as it is an absolute path C:\Users\marti\Desktop\DESARROLLOSW\BOILERPLATTE E-COMMERCE\src\components\ui\dropdown-menu
2025-09-20T01:42:38.081Z next:jsconfig-paths-plugin skipping request as it is an absolute path C:\Users\marti\Desktop\DESARROLLOSW\BOILERPLATTE E-COMMERCE\src\components\ui\alert
2025-09-20T01:42:38.081Z next:jsconfig-paths-plugin skipping request as it is an absolute path C:\Users\marti\Desktop\DESARROLLOSW\BOILERPLATTE E-COMMERCE\src\components\ui\scroll-area
2025-09-20T01:42:38.085Z next:jsconfig-paths-plugin skipping request as it is an absolute path C:\Users\marti\Desktop\DESARROLLOSW\BOILERPLATTE E-COMMERCE\src\components\ui\card
2025-09-20T01:42:38.085Z next:jsconfig-paths-plugin skipping request as it is an absolute path C:\Users\marti\Desktop\DESARROLLOSW\BOILERPLATTE E-COMMERCE\src\components\ui\card
2025-09-20T01:42:38.085Z next:jsconfig-paths-plugin skipping request as it is an absolute path C:\Users\marti\Desktop\DESARROLLOSW\BOILERPLATTE E-COMMERCE\src\components\ui\card
2025-09-20T01:42:38.086Z next:jsconfig-paths-plugin skipping request as it is an absolute path C:\Users\marti\Desktop\DESARROLLOSW\BOILERPLATTE E-COMMERCE\src\components\ui\card
2025-09-20T01:42:38.086Z next:jsconfig-paths-plugin skipping request as it is an absolute path C:\Users\marti\Desktop\DESARROLLOSW\BOILERPLATTE E-COMMERCE\src\components\ui\badge
2025-09-20T01:42:38.086Z next:jsconfig-paths-plugin skipping request as it is an absolute path C:\Users\marti\Desktop\DESARROLLOSW\BOILERPLATTE E-COMMERCE\src\components\ui\badge
2025-09-20T01:42:38.086Z next:jsconfig-paths-plugin skipping request as it is an absolute path C:\Users\marti\Desktop\DESARROLLOSW\BOILERPLATTE E-COMMERCE\src\components\ui\badge
2025-09-20T01:42:38.086Z next:jsconfig-paths-plugin skipping request as it is an absolute path C:\Users\marti\Desktop\DESARROLLOSW\BOILERPLATTE E-COMMERCE\src\components\ui\badge
2025-09-20T01:42:38.086Z next:jsconfig-paths-plugin skipping request as it is an absolute path C:\Users\marti\Desktop\DESARROLLOSW\BOILERPLATTE E-COMMERCE\src\components\ui\progress
2025-09-20T01:42:38.086Z next:jsconfig-paths-plugin skipping request as it is an absolute path C:\Users\marti\Desktop\DESARROLLOSW\BOILERPLATTE E-COMMERCE\src\components\ui\progress
2025-09-20T01:42:38.086Z next:jsconfig-paths-plugin skipping request as it is an absolute path C:\Users\marti\Desktop\DESARROLLOSW\BOILERPLATTE E-COMMERCE\src\lib\core\utils
2025-09-20T01:42:38.086Z next:jsconfig-paths-plugin skipping request as it is an absolute path C:\Users\marti\Desktop\DESARROLLOSW\BOILERPLATTE E-COMMERCE\src\lib\core\utils
2025-09-20T01:42:38.086Z next:jsconfig-paths-plugin skipping request as it is an absolute path C:\Users\marti\Desktop\DESARROLLOSW\BOILERPLATTE E-COMMERCE\src\lib\core\utils
2025-09-20T01:42:38.086Z next:jsconfig-paths-plugin skipping request as it is an absolute path C:\Users\marti\Desktop\DESARROLLOSW\BOILERPLATTE E-COMMERCE\src\lib\core\utils
2025-09-20T01:42:38.086Z next:jsconfig-paths-plugin skipping request as it is an absolute path C:\Users\marti\Desktop\DESARROLLOSW\BOILERPLATTE E-COMMERCE\src\lib\core\utils
2025-09-20T01:42:38.086Z next:jsconfig-paths-plugin skipping request as it is an absolute path C:\Users\marti\Desktop\DESARROLLOSW\BOILERPLATTE E-COMMERCE\src\components\ui\button
2025-09-20T01:42:38.086Z next:jsconfig-paths-plugin skipping request as it is an absolute path C:\Users\marti\Desktop\DESARROLLOSW\BOILERPLATTE E-COMMERCE\src\components\ui\button
2025-09-20T01:42:38.086Z next:jsconfig-paths-plugin skipping request as it is an absolute path C:\Users\marti\Desktop\DESARROLLOSW\BOILERPLATTE E-COMMERCE\src\components\ui\button
2025-09-20T01:42:38.086Z next:jsconfig-paths-plugin skipping request as it is an absolute path C:\Users\marti\Desktop\DESARROLLOSW\BOILERPLATTE E-COMMERCE\src\components\ui\input
2025-09-20T01:42:38.086Z next:jsconfig-paths-plugin skipping request as it is an absolute path C:\Users\marti\Desktop\DESARROLLOSW\BOILERPLATTE E-COMMERCE\src\components\ui\select
2025-09-20T01:42:38.086Z next:jsconfig-paths-plugin skipping request as it is an absolute path C:\Users\marti\Desktop\DESARROLLOSW\BOILERPLATTE E-COMMERCE\src\components\ui\select
2025-09-20T01:42:38.086Z next:jsconfig-paths-plugin skipping request as it is an absolute path C:\Users\marti\Desktop\DESARROLLOSW\BOILERPLATTE E-COMMERCE\src\components\ui\dropdown-menu
2025-09-20T01:42:38.086Z next:jsconfig-paths-plugin skipping request as it is an absolute path C:\Users\marti\Desktop\DESARROLLOSW\BOILERPLATTE E-COMMERCE\src\components\ui\alert
2025-09-20T01:42:38.086Z next:jsconfig-paths-plugin skipping request as it is an absolute path C:\Users\marti\Desktop\DESARROLLOSW\BOILERPLATTE E-COMMERCE\src\components\ui\scroll-area
2025-09-20T01:42:38.091Z next:jsconfig-paths-plugin skipping request as it is an absolute path C:\Users\marti\Desktop\DESARROLLOSW\BOILERPLATTE E-COMMERCE\src\components\ui\table
2025-09-20T01:42:38.091Z next:jsconfig-paths-plugin skipping request as it is an absolute path C:\Users\marti\Desktop\DESARROLLOSW\BOILERPLATTE E-COMMERCE\src\components\ui\table
2025-09-20T01:42:38.092Z next:jsconfig-paths-plugin skipping request as it is an absolute path C:\Users\marti\Desktop\DESARROLLOSW\BOILERPLATTE E-COMMERCE\src\components\ui\table
2025-09-20T01:42:38.092Z next:jsconfig-paths-plugin skipping request as it is an absolute path C:\Users\marti\Desktop\DESARROLLOSW\BOILERPLATTE E-COMMERCE\src\components\ui\table
2025-09-20T01:42:38.093Z next:jsconfig-paths-plugin skipping request as it is an absolute path C:\Users\marti\Desktop\DESARROLLOSW\BOILERPLATTE E-COMMERCE\src\components\ui\checkbox
2025-09-20T01:42:38.093Z next:jsconfig-paths-plugin skipping request as it is an absolute path C:\Users\marti\Desktop\DESARROLLOSW\BOILERPLATTE E-COMMERCE\src\components\ui\checkbox
2025-09-20T01:42:38.097Z next:jsconfig-paths-plugin skipping request as it is an absolute path C:\Users\marti\Desktop\DESARROLLOSW\BOILERPLATTE E-COMMERCE\src\components\ui\button
2025-09-20T01:42:38.097Z next:jsconfig-paths-plugin skipping request as it is an absolute path C:\Users\marti\Desktop\DESARROLLOSW\BOILERPLATTE E-COMMERCE\src\components\ui\input
2025-09-20T01:42:38.097Z next:jsconfig-paths-plugin skipping request as it is an absolute path C:\Users\marti\Desktop\DESARROLLOSW\BOILERPLATTE E-COMMERCE\src\components\ui\select
2025-09-20T01:42:38.097Z next:jsconfig-paths-plugin skipping request as it is an absolute path C:\Users\marti\Desktop\DESARROLLOSW\BOILERPLATTE E-COMMERCE\src\lib\core\utils
2025-09-20T01:42:38.097Z next:jsconfig-paths-plugin skipping request as it is an absolute path C:\Users\marti\Desktop\DESARROLLOSW\BOILERPLATTE E-COMMERCE\src\components\ui\card
2025-09-20T01:42:38.100Z next:jsconfig-paths-plugin skipping request as it is an absolute path C:\Users\marti\Desktop\DESARROLLOSW\BOILERPLATTE E-COMMERCE\src\components\ui\button
2025-09-20T01:42:38.100Z next:jsconfig-paths-plugin skipping request as it is an absolute path C:\Users\marti\Desktop\DESARROLLOSW\BOILERPLATTE E-COMMERCE\src\components\ui\input
2025-09-20T01:42:38.100Z next:jsconfig-paths-plugin skipping request as it is an absolute path C:\Users\marti\Desktop\DESARROLLOSW\BOILERPLATTE E-COMMERCE\src\components\ui\select
2025-09-20T01:42:38.100Z next:jsconfig-paths-plugin skipping request as it is an absolute path C:\Users\marti\Desktop\DESARROLLOSW\BOILERPLATTE E-COMMERCE\src\components\ui\badge
2025-09-20T01:42:38.101Z next:jsconfig-paths-plugin skipping request as it is an absolute path C:\Users\marti\Desktop\DESARROLLOSW\BOILERPLATTE E-COMMERCE\src\components\ui\button
2025-09-20T01:42:38.101Z next:jsconfig-paths-plugin skipping request as it is an absolute path C:\Users\marti\Desktop\DESARROLLOSW\BOILERPLATTE E-COMMERCE\src\components\ui\input
2025-09-20T01:42:38.101Z next:jsconfig-paths-plugin skipping request as it is an absolute path C:\Users\marti\Desktop\DESARROLLOSW\BOILERPLATTE E-COMMERCE\src\components\ui\select
2025-09-20T01:42:38.101Z next:jsconfig-paths-plugin skipping request as it is an absolute path C:\Users\marti\Desktop\DESARROLLOSW\BOILERPLATTE E-COMMERCE\src\components\ui\card
2025-09-20T01:42:38.101Z next:jsconfig-paths-plugin skipping request as it is an absolute path C:\Users\marti\Desktop\DESARROLLOSW\BOILERPLATTE E-COMMERCE\src\components\ui\badge
2025-09-20T01:42:38.103Z next:jsconfig-paths-plugin skipping request as it is an absolute path C:\Users\marti\Desktop\DESARROLLOSW\BOILERPLATTE E-COMMERCE\src\components\ui\button
2025-09-20T01:42:38.103Z next:jsconfig-paths-plugin skipping request as it is an absolute path C:\Users\marti\Desktop\DESARROLLOSW\BOILERPLATTE E-COMMERCE\src\components\ui\input
2025-09-20T01:42:38.103Z next:jsconfig-paths-plugin skipping request as it is an absolute path C:\Users\marti\Desktop\DESARROLLOSW\BOILERPLATTE E-COMMERCE\src\components\ui\select
2025-09-20T01:42:38.103Z next:jsconfig-paths-plugin skipping request as it is an absolute path C:\Users\marti\Desktop\DESARROLLOSW\BOILERPLATTE E-COMMERCE\src\lib\core\utils
2025-09-20T01:42:38.103Z next:jsconfig-paths-plugin skipping request as it is an absolute path C:\Users\marti\Desktop\DESARROLLOSW\BOILERPLATTE E-COMMERCE\src\components\ui\card
2025-09-20T01:42:38.103Z next:jsconfig-paths-plugin skipping request as it is an absolute path C:\Users\marti\Desktop\DESARROLLOSW\BOILERPLATTE E-COMMERCE\src\components\ui\button
2025-09-20T01:42:38.103Z next:jsconfig-paths-plugin skipping request as it is an absolute path C:\Users\marti\Desktop\DESARROLLOSW\BOILERPLATTE E-COMMERCE\src\components\ui\input
2025-09-20T01:42:38.103Z next:jsconfig-paths-plugin skipping request as it is an absolute path C:\Users\marti\Desktop\DESARROLLOSW\BOILERPLATTE E-COMMERCE\src\components\ui\select
2025-09-20T01:42:38.103Z next:jsconfig-paths-plugin skipping request as it is an absolute path C:\Users\marti\Desktop\DESARROLLOSW\BOILERPLATTE E-COMMERCE\src\components\ui\badge
2025-09-20T01:42:38.103Z next:jsconfig-paths-plugin skipping request as it is an absolute path C:\Users\marti\Desktop\DESARROLLOSW\BOILERPLATTE E-COMMERCE\src\components\ui\button
2025-09-20T01:42:38.103Z next:jsconfig-paths-plugin skipping request as it is an absolute path C:\Users\marti\Desktop\DESARROLLOSW\BOILERPLATTE E-COMMERCE\src\components\ui\input
2025-09-20T01:42:38.103Z next:jsconfig-paths-plugin skipping request as it is an absolute path C:\Users\marti\Desktop\DESARROLLOSW\BOILERPLATTE E-COMMERCE\src\components\ui\select
2025-09-20T01:42:38.103Z next:jsconfig-paths-plugin skipping request as it is an absolute path C:\Users\marti\Desktop\DESARROLLOSW\BOILERPLATTE E-COMMERCE\src\components\ui\card
2025-09-20T01:42:38.103Z next:jsconfig-paths-plugin skipping request as it is an absolute path C:\Users\marti\Desktop\DESARROLLOSW\BOILERPLATTE E-COMMERCE\src\components\ui\badge
2025-09-20T01:42:38.111Z next:jsconfig-paths-plugin skipping request as it is an absolute path C:\Users\marti\Desktop\DESARROLLOSW\BOILERPLATTE E-COMMERCE\src\components\ui\dialog
2025-09-20T01:42:38.111Z next:jsconfig-paths-plugin skipping request as it is an absolute path C:\Users\marti\Desktop\DESARROLLOSW\BOILERPLATTE E-COMMERCE\src\components\ui\label
2025-09-20T01:42:38.111Z next:jsconfig-paths-plugin skipping request as it is an absolute path C:\Users\marti\Desktop\DESARROLLOSW\BOILERPLATTE E-COMMERCE\src\components\ui\textarea
2025-09-20T01:42:38.111Z next:jsconfig-paths-plugin skipping request as it is an absolute path C:\Users\marti\Desktop\DESARROLLOSW\BOILERPLATTE E-COMMERCE\src\components\ui\form
2025-09-20T01:42:38.111Z next:jsconfig-paths-plugin skipping request as it is an absolute path C:\Users\marti\Desktop\DESARROLLOSW\BOILERPLATTE E-COMMERCE\src\components\ui\separator
2025-09-20T01:42:38.111Z next:jsconfig-paths-plugin skipping request as it is an absolute path C:\Users\marti\Desktop\DESARROLLOSW\BOILERPLATTE E-COMMERCE\src\components\ui\tabs
2025-09-20T01:42:38.111Z next:jsconfig-paths-plugin skipping request as it is an absolute path C:\Users\marti\Desktop\DESARROLLOSW\BOILERPLATTE E-COMMERCE\src\components\ui\dialog
2025-09-20T01:42:38.111Z next:jsconfig-paths-plugin skipping request as it is an absolute path C:\Users\marti\Desktop\DESARROLLOSW\BOILERPLATTE E-COMMERCE\src\components\ui\dialog
2025-09-20T01:42:38.111Z next:jsconfig-paths-plugin skipping request as it is an absolute path C:\Users\marti\Desktop\DESARROLLOSW\BOILERPLATTE E-COMMERCE\src\components\ui\label
2025-09-20T01:42:38.111Z next:jsconfig-paths-plugin skipping request as it is an absolute path C:\Users\marti\Desktop\DESARROLLOSW\BOILERPLATTE E-COMMERCE\src\components\ui\textarea
2025-09-20T01:42:38.111Z next:jsconfig-paths-plugin skipping request as it is an absolute path C:\Users\marti\Desktop\DESARROLLOSW\BOILERPLATTE E-COMMERCE\src\components\ui\separator
2025-09-20T01:42:38.111Z next:jsconfig-paths-plugin skipping request as it is an absolute path C:\Users\marti\Desktop\DESARROLLOSW\BOILERPLATTE E-COMMERCE\src\components\ui\scroll-area
2025-09-20T01:42:38.111Z next:jsconfig-paths-plugin skipping request as it is an absolute path C:\Users\marti\Desktop\DESARROLLOSW\BOILERPLATTE E-COMMERCE\src\hooks\admin\useOrderNotifications
2025-09-20T01:42:38.114Z next:jsconfig-paths-plugin skipping request as it is an absolute path C:\Users\marti\Desktop\DESARROLLOSW\BOILERPLATTE E-COMMERCE\src\components\ui\dialog
2025-09-20T01:42:38.114Z next:jsconfig-paths-plugin skipping request as it is an absolute path C:\Users\marti\Desktop\DESARROLLOSW\BOILERPLATTE E-COMMERCE\src\components\ui\label
2025-09-20T01:42:38.114Z next:jsconfig-paths-plugin skipping request as it is an absolute path C:\Users\marti\Desktop\DESARROLLOSW\BOILERPLATTE E-COMMERCE\src\components\ui\textarea
2025-09-20T01:42:38.114Z next:jsconfig-paths-plugin skipping request as it is an absolute path C:\Users\marti\Desktop\DESARROLLOSW\BOILERPLATTE E-COMMERCE\src\components\ui\form
2025-09-20T01:42:38.114Z next:jsconfig-paths-plugin skipping request as it is an absolute path C:\Users\marti\Desktop\DESARROLLOSW\BOILERPLATTE E-COMMERCE\src\components\ui\separator
2025-09-20T01:42:38.114Z next:jsconfig-paths-plugin skipping request as it is an absolute path C:\Users\marti\Desktop\DESARROLLOSW\BOILERPLATTE E-COMMERCE\src\components\ui\tabs
2025-09-20T01:42:38.114Z next:jsconfig-paths-plugin skipping request as it is an absolute path C:\Users\marti\Desktop\DESARROLLOSW\BOILERPLATTE E-COMMERCE\src\components\ui\dialog
2025-09-20T01:42:38.114Z next:jsconfig-paths-plugin skipping request as it is an absolute path C:\Users\marti\Desktop\DESARROLLOSW\BOILERPLATTE E-COMMERCE\src\components\ui\dialog
2025-09-20T01:42:38.114Z next:jsconfig-paths-plugin skipping request as it is an absolute path C:\Users\marti\Desktop\DESARROLLOSW\BOILERPLATTE E-COMMERCE\src\components\ui\label
2025-09-20T01:42:38.114Z next:jsconfig-paths-plugin skipping request as it is an absolute path C:\Users\marti\Desktop\DESARROLLOSW\BOILERPLATTE E-COMMERCE\src\components\ui\textarea
2025-09-20T01:42:38.114Z next:jsconfig-paths-plugin skipping request as it is an absolute path C:\Users\marti\Desktop\DESARROLLOSW\BOILERPLATTE E-COMMERCE\src\components\ui\separator
2025-09-20T01:42:38.114Z next:jsconfig-paths-plugin skipping request as it is an absolute path C:\Users\marti\Desktop\DESARROLLOSW\BOILERPLATTE E-COMMERCE\src\components\ui\scroll-area
2025-09-20T01:42:38.114Z next:jsconfig-paths-plugin skipping request as it is an absolute path C:\Users\marti\Desktop\DESARROLLOSW\BOILERPLATTE E-COMMERCE\src\hooks\admin\useOrderNotifications
2025-09-20T01:42:38.118Z next:jsconfig-paths-plugin skipping request as it is an absolute path C:\Users\marti\Desktop\DESARROLLOSW\BOILERPLATTE E-COMMERCE\src\lib\error-boundary\error-boundary-manager
2025-09-20T01:42:38.119Z next:jsconfig-paths-plugin skipping request as it is an absolute path C:\Users\marti\Desktop\DESARROLLOSW\BOILERPLATTE E-COMMERCE\src\types\logistics
2025-09-20T01:42:38.119Z next:jsconfig-paths-plugin skipping request as it is an absolute path C:\Users\marti\Desktop\DESARROLLOSW\BOILERPLATTE E-COMMERCE\src\types\logistics
2025-09-20T01:42:38.119Z next:jsconfig-paths-plugin skipping request as it is an absolute path C:\Users\marti\Desktop\DESARROLLOSW\BOILERPLATTE E-COMMERCE\src\hooks\admin\useShipments
2025-09-20T01:42:38.119Z next:jsconfig-paths-plugin skipping request as it is an absolute path C:\Users\marti\Desktop\DESARROLLOSW\BOILERPLATTE E-COMMERCE\src\hooks\admin\useShipments
2025-09-20T01:42:38.120Z next:jsconfig-paths-plugin skipping request as it is an absolute path C:\Users\marti\Desktop\DESARROLLOSW\BOILERPLATTE E-COMMERCE\src\hooks\admin\useShipments
2025-09-20T01:42:38.120Z next:jsconfig-paths-plugin skipping request as it is an absolute path C:\Users\marti\Desktop\DESARROLLOSW\BOILERPLATTE E-COMMERCE\src\hooks\admin\useShipments
2025-09-20T01:42:38.121Z next:jsconfig-paths-plugin skipping request as it is an absolute path C:\Users\marti\Desktop\DESARROLLOSW\BOILERPLATTE E-COMMERCE\src\lib\utils\consolidated-utils
2025-09-20T01:42:38.121Z next:jsconfig-paths-plugin skipping request as it is an absolute path C:\Users\marti\Desktop\DESARROLLOSW\BOILERPLATTE E-COMMERCE\src\lib\utils\consolidated-utils
2025-09-20T01:42:38.121Z next:jsconfig-paths-plugin skipping request as it is an absolute path C:\Users\marti\Desktop\DESARROLLOSW\BOILERPLATTE E-COMMERCE\src\lib\utils\consolidated-utils
2025-09-20T01:42:38.121Z next:jsconfig-paths-plugin skipping request as it is an absolute path C:\Users\marti\Desktop\DESARROLLOSW\BOILERPLATTE E-COMMERCE\src\lib\utils\consolidated-utils
2025-09-20T01:42:38.121Z next:jsconfig-paths-plugin skipping request as it is an absolute path C:\Users\marti\Desktop\DESARROLLOSW\BOILERPLATTE E-COMMERCE\src\lib\utils\consolidated-utils
2025-09-20T01:42:38.122Z next:jsconfig-paths-plugin skipping request as it is an absolute path C:\Users\marti\Desktop\DESARROLLOSW\BOILERPLATTE E-COMMERCE\src\lib\utils\consolidated-utils
2025-09-20T01:42:38.122Z next:jsconfig-paths-plugin skipping request as it is an absolute path C:\Users\marti\Desktop\DESARROLLOSW\BOILERPLATTE E-COMMERCE\src\lib\utils\consolidated-utils
2025-09-20T01:42:38.122Z next:jsconfig-paths-plugin skipping request as it is an absolute path C:\Users\marti\Desktop\DESARROLLOSW\BOILERPLATTE E-COMMERCE\src\lib\utils\consolidated-utils
2025-09-20T01:42:38.122Z next:jsconfig-paths-plugin skipping request as it is an absolute path C:\Users\marti\Desktop\DESARROLLOSW\BOILERPLATTE E-COMMERCE\src\lib\utils\consolidated-utils
2025-09-20T01:42:38.122Z next:jsconfig-paths-plugin skipping request as it is an absolute path C:\Users\marti\Desktop\DESARROLLOSW\BOILERPLATTE E-COMMERCE\src\lib\utils\consolidated-utils
2025-09-20T01:42:38.125Z next:jsconfig-paths-plugin skipping request as it is an absolute path C:\Users\marti\Desktop\DESARROLLOSW\BOILERPLATTE E-COMMERCE\src\components\ui\button
2025-09-20T01:42:38.126Z next:jsconfig-paths-plugin skipping request as it is an absolute path C:\Users\marti\Desktop\DESARROLLOSW\BOILERPLATTE E-COMMERCE\src\components\ui\label
2025-09-20T01:42:38.126Z next:jsconfig-paths-plugin skipping request as it is an absolute path C:\Users\marti\Desktop\DESARROLLOSW\BOILERPLATTE E-COMMERCE\src\components\ui\select
2025-09-20T01:42:38.126Z next:jsconfig-paths-plugin skipping request as it is an absolute path C:\Users\marti\Desktop\DESARROLLOSW\BOILERPLATTE E-COMMERCE\src\components\ui\card
2025-09-20T01:42:38.126Z next:jsconfig-paths-plugin skipping request as it is an absolute path C:\Users\marti\Desktop\DESARROLLOSW\BOILERPLATTE E-COMMERCE\src\components\ui\separator
2025-09-20T01:42:38.126Z next:jsconfig-paths-plugin skipping request as it is an absolute path C:\Users\marti\Desktop\DESARROLLOSW\BOILERPLATTE E-COMMERCE\src\components\ui\input
2025-09-20T01:42:38.126Z next:jsconfig-paths-plugin skipping request as it is an absolute path C:\Users\marti\Desktop\DESARROLLOSW\BOILERPLATTE E-COMMERCE\src\hooks\admin\useOrderNotifications
2025-09-20T01:42:38.126Z next:jsconfig-paths-plugin skipping request as it is an absolute path C:\Users\marti\Desktop\DESARROLLOSW\BOILERPLATTE E-COMMERCE\src\components\ui\card
2025-09-20T01:42:38.126Z next:jsconfig-paths-plugin skipping request as it is an absolute path C:\Users\marti\Desktop\DESARROLLOSW\BOILERPLATTE E-COMMERCE\src\components\ui\button
2025-09-20T01:42:38.126Z next:jsconfig-paths-plugin skipping request as it is an absolute path C:\Users\marti\Desktop\DESARROLLOSW\BOILERPLATTE E-COMMERCE\src\components\ui\input
2025-09-20T01:42:38.126Z next:jsconfig-paths-plugin skipping request as it is an absolute path C:\Users\marti\Desktop\DESARROLLOSW\BOILERPLATTE E-COMMERCE\src\components\ui\badge
2025-09-20T01:42:38.126Z next:jsconfig-paths-plugin skipping request as it is an absolute path C:\Users\marti\Desktop\DESARROLLOSW\BOILERPLATTE E-COMMERCE\src\components\ui\select
2025-09-20T01:42:38.129Z next:jsconfig-paths-plugin skipping request as it is an absolute path C:\Users\marti\Desktop\DESARROLLOSW\BOILERPLATTE E-COMMERCE\src\components\ui\button
2025-09-20T01:42:38.129Z next:jsconfig-paths-plugin skipping request as it is an absolute path C:\Users\marti\Desktop\DESARROLLOSW\BOILERPLATTE E-COMMERCE\src\components\ui\label
2025-09-20T01:42:38.129Z next:jsconfig-paths-plugin skipping request as it is an absolute path C:\Users\marti\Desktop\DESARROLLOSW\BOILERPLATTE E-COMMERCE\src\components\ui\select
2025-09-20T01:42:38.129Z next:jsconfig-paths-plugin skipping request as it is an absolute path C:\Users\marti\Desktop\DESARROLLOSW\BOILERPLATTE E-COMMERCE\src\components\ui\card
2025-09-20T01:42:38.129Z next:jsconfig-paths-plugin skipping request as it is an absolute path C:\Users\marti\Desktop\DESARROLLOSW\BOILERPLATTE E-COMMERCE\src\components\ui\separator
2025-09-20T01:42:38.129Z next:jsconfig-paths-plugin skipping request as it is an absolute path C:\Users\marti\Desktop\DESARROLLOSW\BOILERPLATTE E-COMMERCE\src\components\ui\input
2025-09-20T01:42:38.129Z next:jsconfig-paths-plugin skipping request as it is an absolute path C:\Users\marti\Desktop\DESARROLLOSW\BOILERPLATTE E-COMMERCE\src\hooks\admin\useOrderNotifications
2025-09-20T01:42:38.129Z next:jsconfig-paths-plugin skipping request as it is an absolute path C:\Users\marti\Desktop\DESARROLLOSW\BOILERPLATTE E-COMMERCE\src\components\ui\card
2025-09-20T01:42:38.129Z next:jsconfig-paths-plugin skipping request as it is an absolute path C:\Users\marti\Desktop\DESARROLLOSW\BOILERPLATTE E-COMMERCE\src\components\ui\button
2025-09-20T01:42:38.129Z next:jsconfig-paths-plugin skipping request as it is an absolute path C:\Users\marti\Desktop\DESARROLLOSW\BOILERPLATTE E-COMMERCE\src\components\ui\input
2025-09-20T01:42:38.129Z next:jsconfig-paths-plugin skipping request as it is an absolute path C:\Users\marti\Desktop\DESARROLLOSW\BOILERPLATTE E-COMMERCE\src\components\ui\badge
2025-09-20T01:42:38.129Z next:jsconfig-paths-plugin skipping request as it is an absolute path C:\Users\marti\Desktop\DESARROLLOSW\BOILERPLATTE E-COMMERCE\src\components\ui\select
2025-09-20T01:42:38.137Z next:jsconfig-paths-plugin skipping request as it is an absolute path C:\Users\marti\Desktop\DESARROLLOSW\BOILERPLATTE E-COMMERCE\src\components\ui\checkbox
2025-09-20T01:42:38.137Z next:jsconfig-paths-plugin skipping request as it is an absolute path C:\Users\marti\Desktop\DESARROLLOSW\BOILERPLATTE E-COMMERCE\src\components\ui\checkbox
2025-09-20T01:42:38.137Z next:jsconfig-paths-plugin skipping request as it is an absolute path C:\Users\marti\Desktop\DESARROLLOSW\BOILERPLATTE E-COMMERCE\src\components\ui\table
2025-09-20T01:42:38.137Z next:jsconfig-paths-plugin skipping request as it is an absolute path C:\Users\marti\Desktop\DESARROLLOSW\BOILERPLATTE E-COMMERCE\src\components\ui\dropdown-menu
2025-09-20T01:42:38.138Z next:jsconfig-paths-plugin skipping request as it is an absolute path C:\Users\marti\Desktop\DESARROLLOSW\BOILERPLATTE E-COMMERCE\src\components\ui\checkbox
2025-09-20T01:42:38.138Z next:jsconfig-paths-plugin skipping request as it is an absolute path C:\Users\marti\Desktop\DESARROLLOSW\BOILERPLATTE E-COMMERCE\src\components\ui\checkbox
2025-09-20T01:42:38.138Z next:jsconfig-paths-plugin skipping request as it is an absolute path C:\Users\marti\Desktop\DESARROLLOSW\BOILERPLATTE E-COMMERCE\src\components\ui\table
2025-09-20T01:42:38.138Z next:jsconfig-paths-plugin skipping request as it is an absolute path C:\Users\marti\Desktop\DESARROLLOSW\BOILERPLATTE E-COMMERCE\src\components\ui\dropdown-menu
2025-09-20T01:42:38.140Z next:jsconfig-paths-plugin skipping request as it is an absolute path C:\Users\marti\Desktop\DESARROLLOSW\BOILERPLATTE E-COMMERCE\src\hooks\admin\useShippingQuote
2025-09-20T01:42:38.140Z next:jsconfig-paths-plugin skipping request as it is an absolute path C:\Users\marti\Desktop\DESARROLLOSW\BOILERPLATTE E-COMMERCE\src\hooks\admin\useShippingQuote
2025-09-20T01:42:38.141Z next:jsconfig-paths-plugin skipping request as it is a relative path ./RouteOptimizationPanel
2025-09-20T01:42:38.141Z next:jsconfig-paths-plugin skipping request as it is a relative path ./RouteOptimizationPanel
2025-09-20T01:42:38.142Z next:jsconfig-paths-plugin skipping request as it is a relative path ./RouteVisualization
2025-09-20T01:42:38.142Z next:jsconfig-paths-plugin skipping request as it is a relative path ./RouteVisualization
2025-09-20T01:42:38.144Z next:jsconfig-paths-plugin skipping request as it is an absolute path C:\Users\marti\Desktop\DESARROLLOSW\BOILERPLATTE E-COMMERCE\src\components\ui\card
2025-09-20T01:42:38.144Z next:jsconfig-paths-plugin skipping request as it is an absolute path C:\Users\marti\Desktop\DESARROLLOSW\BOILERPLATTE E-COMMERCE\src\components\ui\badge
2025-09-20T01:42:38.144Z next:jsconfig-paths-plugin skipping request as it is an absolute path C:\Users\marti\Desktop\DESARROLLOSW\BOILERPLATTE E-COMMERCE\src\components\ui\button
2025-09-20T01:42:38.144Z next:jsconfig-paths-plugin skipping request as it is an absolute path C:\Users\marti\Desktop\DESARROLLOSW\BOILERPLATTE E-COMMERCE\src\components\ui\dialog
2025-09-20T01:42:38.144Z next:jsconfig-paths-plugin skipping request as it is an absolute path C:\Users\marti\Desktop\DESARROLLOSW\BOILERPLATTE E-COMMERCE\src\components\ui\button
2025-09-20T01:42:38.145Z next:jsconfig-paths-plugin skipping request as it is an absolute path C:\Users\marti\Desktop\DESARROLLOSW\BOILERPLATTE E-COMMERCE\src\components\ui\badge
2025-09-20T01:42:38.145Z next:jsconfig-paths-plugin skipping request as it is an absolute path C:\Users\marti\Desktop\DESARROLLOSW\BOILERPLATTE E-COMMERCE\src\components\ui\card
2025-09-20T01:42:38.145Z next:jsconfig-paths-plugin skipping request as it is an absolute path C:\Users\marti\Desktop\DESARROLLOSW\BOILERPLATTE E-COMMERCE\src\components\ui\separator
2025-09-20T01:42:38.145Z next:jsconfig-paths-plugin skipping request as it is an absolute path C:\Users\marti\Desktop\DESARROLLOSW\BOILERPLATTE E-COMMERCE\src\components\ui\scroll-area
2025-09-20T01:42:38.145Z next:jsconfig-paths-plugin skipping request as it is an absolute path C:\Users\marti\Desktop\DESARROLLOSW\BOILERPLATTE E-COMMERCE\src\hooks\admin\useOrderNotifications
2025-09-20T01:42:38.145Z next:jsconfig-paths-plugin skipping request as it is an absolute path C:\Users\marti\Desktop\DESARROLLOSW\BOILERPLATTE E-COMMERCE\src\components\ui\dialog
2025-09-20T01:42:38.145Z next:jsconfig-paths-plugin skipping request as it is an absolute path C:\Users\marti\Desktop\DESARROLLOSW\BOILERPLATTE E-COMMERCE\src\components\ui\button
2025-09-20T01:42:38.145Z next:jsconfig-paths-plugin skipping request as it is an absolute path C:\Users\marti\Desktop\DESARROLLOSW\BOILERPLATTE E-COMMERCE\src\components\ui\input
2025-09-20T01:42:38.145Z next:jsconfig-paths-plugin skipping request as it is an absolute path C:\Users\marti\Desktop\DESARROLLOSW\BOILERPLATTE E-COMMERCE\src\components\ui\label
2025-09-20T01:42:38.145Z next:jsconfig-paths-plugin skipping request as it is an absolute path C:\Users\marti\Desktop\DESARROLLOSW\BOILERPLATTE E-COMMERCE\src\components\ui\select
2025-09-20T01:42:38.145Z next:jsconfig-paths-plugin skipping request as it is an absolute path C:\Users\marti\Desktop\DESARROLLOSW\BOILERPLATTE E-COMMERCE\src\components\ui\textarea
2025-09-20T01:42:38.145Z next:jsconfig-paths-plugin skipping request as it is an absolute path C:\Users\marti\Desktop\DESARROLLOSW\BOILERPLATTE E-COMMERCE\src\components\ui\card
2025-09-20T01:42:38.145Z next:jsconfig-paths-plugin skipping request as it is an absolute path C:\Users\marti\Desktop\DESARROLLOSW\BOILERPLATTE E-COMMERCE\src\components\ui\badge
2025-09-20T01:42:38.145Z next:jsconfig-paths-plugin skipping request as it is an absolute path C:\Users\marti\Desktop\DESARROLLOSW\BOILERPLATTE E-COMMERCE\src\components\ui\scroll-area
2025-09-20T01:42:38.145Z next:jsconfig-paths-plugin skipping request as it is an absolute path C:\Users\marti\Desktop\DESARROLLOSW\BOILERPLATTE E-COMMERCE\src\hooks\admin\useOrderNotifications
2025-09-20T01:42:38.148Z next:jsconfig-paths-plugin skipping request as it is an absolute path C:\Users\marti\Desktop\DESARROLLOSW\BOILERPLATTE E-COMMERCE\src\components\ui\card
2025-09-20T01:42:38.148Z next:jsconfig-paths-plugin skipping request as it is an absolute path C:\Users\marti\Desktop\DESARROLLOSW\BOILERPLATTE E-COMMERCE\src\components\ui\badge
2025-09-20T01:42:38.148Z next:jsconfig-paths-plugin skipping request as it is an absolute path C:\Users\marti\Desktop\DESARROLLOSW\BOILERPLATTE E-COMMERCE\src\components\ui\button
2025-09-20T01:42:38.149Z next:jsconfig-paths-plugin skipping request as it is an absolute path C:\Users\marti\Desktop\DESARROLLOSW\BOILERPLATTE E-COMMERCE\src\components\ui\dialog
2025-09-20T01:42:38.149Z next:jsconfig-paths-plugin skipping request as it is an absolute path C:\Users\marti\Desktop\DESARROLLOSW\BOILERPLATTE E-COMMERCE\src\components\ui\button
2025-09-20T01:42:38.149Z next:jsconfig-paths-plugin skipping request as it is an absolute path C:\Users\marti\Desktop\DESARROLLOSW\BOILERPLATTE E-COMMERCE\src\components\ui\badge
2025-09-20T01:42:38.149Z next:jsconfig-paths-plugin skipping request as it is an absolute path C:\Users\marti\Desktop\DESARROLLOSW\BOILERPLATTE E-COMMERCE\src\components\ui\card
2025-09-20T01:42:38.149Z next:jsconfig-paths-plugin skipping request as it is an absolute path C:\Users\marti\Desktop\DESARROLLOSW\BOILERPLATTE E-COMMERCE\src\components\ui\separator
2025-09-20T01:42:38.149Z next:jsconfig-paths-plugin skipping request as it is an absolute path C:\Users\marti\Desktop\DESARROLLOSW\BOILERPLATTE E-COMMERCE\src\components\ui\scroll-area
2025-09-20T01:42:38.149Z next:jsconfig-paths-plugin skipping request as it is an absolute path C:\Users\marti\Desktop\DESARROLLOSW\BOILERPLATTE E-COMMERCE\src\hooks\admin\useOrderNotifications
2025-09-20T01:42:38.149Z next:jsconfig-paths-plugin skipping request as it is an absolute path C:\Users\marti\Desktop\DESARROLLOSW\BOILERPLATTE E-COMMERCE\src\components\ui\dialog
2025-09-20T01:42:38.149Z next:jsconfig-paths-plugin skipping request as it is an absolute path C:\Users\marti\Desktop\DESARROLLOSW\BOILERPLATTE E-COMMERCE\src\components\ui\button
2025-09-20T01:42:38.149Z next:jsconfig-paths-plugin skipping request as it is an absolute path C:\Users\marti\Desktop\DESARROLLOSW\BOILERPLATTE E-COMMERCE\src\components\ui\input
2025-09-20T01:42:38.149Z next:jsconfig-paths-plugin skipping request as it is an absolute path C:\Users\marti\Desktop\DESARROLLOSW\BOILERPLATTE E-COMMERCE\src\components\ui\label
2025-09-20T01:42:38.149Z next:jsconfig-paths-plugin skipping request as it is an absolute path C:\Users\marti\Desktop\DESARROLLOSW\BOILERPLATTE E-COMMERCE\src\components\ui\select
2025-09-20T01:42:38.150Z next:jsconfig-paths-plugin skipping request as it is an absolute path C:\Users\marti\Desktop\DESARROLLOSW\BOILERPLATTE E-COMMERCE\src\components\ui\textarea
2025-09-20T01:42:38.150Z next:jsconfig-paths-plugin skipping request as it is an absolute path C:\Users\marti\Desktop\DESARROLLOSW\BOILERPLATTE E-COMMERCE\src\components\ui\card
2025-09-20T01:42:38.150Z next:jsconfig-paths-plugin skipping request as it is an absolute path C:\Users\marti\Desktop\DESARROLLOSW\BOILERPLATTE E-COMMERCE\src\components\ui\badge
2025-09-20T01:42:38.150Z next:jsconfig-paths-plugin skipping request as it is an absolute path C:\Users\marti\Desktop\DESARROLLOSW\BOILERPLATTE E-COMMERCE\src\components\ui\scroll-area
2025-09-20T01:42:38.150Z next:jsconfig-paths-plugin skipping request as it is an absolute path C:\Users\marti\Desktop\DESARROLLOSW\BOILERPLATTE E-COMMERCE\src\hooks\admin\useOrderNotifications
2025-09-20T01:42:38.155Z next:jsconfig-paths-plugin skipping request as it is an absolute path C:\Users\marti\Desktop\DESARROLLOSW\BOILERPLATTE E-COMMERCE\src\components\ui\use-toast
2025-09-20T01:42:38.155Z next:jsconfig-paths-plugin skipping request as it is an absolute path C:\Users\marti\Desktop\DESARROLLOSW\BOILERPLATTE E-COMMERCE\src\components\ui\tabs
2025-09-20T01:42:38.155Z next:jsconfig-paths-plugin skipping request as it is an absolute path C:\Users\marti\Desktop\DESARROLLOSW\BOILERPLATTE E-COMMERCE\src\components\ui\progress
2025-09-20T01:42:38.156Z next:jsconfig-paths-plugin skipping request as it is an absolute path C:\Users\marti\Desktop\DESARROLLOSW\BOILERPLATTE E-COMMERCE\src\components\ui\alert
2025-09-20T01:42:38.156Z next:jsconfig-paths-plugin skipping request as it is an absolute path C:\Users\marti\Desktop\DESARROLLOSW\BOILERPLATTE E-COMMERCE\src\components\ui\tabs
2025-09-20T01:42:38.156Z next:jsconfig-paths-plugin skipping request as it is an absolute path C:\Users\marti\Desktop\DESARROLLOSW\BOILERPLATTE E-COMMERCE\src\components\ui\tabs
2025-09-20T01:42:38.157Z next:jsconfig-paths-plugin skipping request as it is an absolute path C:\Users\marti\Desktop\DESARROLLOSW\BOILERPLATTE E-COMMERCE\src\components\ui\use-toast
2025-09-20T01:42:38.157Z next:jsconfig-paths-plugin skipping request as it is an absolute path C:\Users\marti\Desktop\DESARROLLOSW\BOILERPLATTE E-COMMERCE\src\components\ui\tabs
2025-09-20T01:42:38.157Z next:jsconfig-paths-plugin skipping request as it is an absolute path C:\Users\marti\Desktop\DESARROLLOSW\BOILERPLATTE E-COMMERCE\src\components\ui\progress
2025-09-20T01:42:38.157Z next:jsconfig-paths-plugin skipping request as it is an absolute path C:\Users\marti\Desktop\DESARROLLOSW\BOILERPLATTE E-COMMERCE\src\components\ui\alert
2025-09-20T01:42:38.157Z next:jsconfig-paths-plugin skipping request as it is an absolute path C:\Users\marti\Desktop\DESARROLLOSW\BOILERPLATTE E-COMMERCE\src\components\ui\tabs
2025-09-20T01:42:38.157Z next:jsconfig-paths-plugin skipping request as it is an absolute path C:\Users\marti\Desktop\DESARROLLOSW\BOILERPLATTE E-COMMERCE\src\components\ui\tabs
2025-09-20T01:42:38.159Z next:jsconfig-paths-plugin skipping request as it is an absolute path C:\Users\marti\Desktop\DESARROLLOSW\BOILERPLATTE E-COMMERCE\src\hooks\admin\useRouteOptimization
2025-09-20T01:42:38.159Z next:jsconfig-paths-plugin skipping request as it is an absolute path C:\Users\marti\Desktop\DESARROLLOSW\BOILERPLATTE E-COMMERCE\src\hooks\admin\useRouteOptimization
2025-09-20T01:42:38.160Z next:jsconfig-paths-plugin moduleName did not match any paths pattern perf_hooks
2025-09-20T01:42:38.160Z next:jsconfig-paths-plugin skipping request as it is an absolute path C:\Users\marti\Desktop\DESARROLLOSW\BOILERPLATTE E-COMMERCE\src\components\ui\card
2025-09-20T01:42:38.160Z next:jsconfig-paths-plugin skipping request as it is an absolute path C:\Users\marti\Desktop\DESARROLLOSW\BOILERPLATTE E-COMMERCE\src\components\ui\badge
2025-09-20T01:42:38.160Z next:jsconfig-paths-plugin skipping request as it is an absolute path C:\Users\marti\Desktop\DESARROLLOSW\BOILERPLATTE E-COMMERCE\src\components\ui\button
2025-09-20T01:42:38.160Z next:jsconfig-paths-plugin skipping request as it is an absolute path C:\Users\marti\Desktop\DESARROLLOSW\BOILERPLATTE E-COMMERCE\src\components\ui\tabs
2025-09-20T01:42:38.161Z next:jsconfig-paths-plugin skipping request as it is an absolute path C:\Users\marti\Desktop\DESARROLLOSW\BOILERPLATTE E-COMMERCE\src\components\ui\card
2025-09-20T01:42:38.162Z next:jsconfig-paths-plugin skipping request as it is an absolute path C:\Users\marti\Desktop\DESARROLLOSW\BOILERPLATTE E-COMMERCE\src\components\ui\badge
2025-09-20T01:42:38.162Z next:jsconfig-paths-plugin skipping request as it is an absolute path C:\Users\marti\Desktop\DESARROLLOSW\BOILERPLATTE E-COMMERCE\src\components\ui\button
2025-09-20T01:42:38.162Z next:jsconfig-paths-plugin skipping request as it is an absolute path C:\Users\marti\Desktop\DESARROLLOSW\BOILERPLATTE E-COMMERCE\src\components\ui\tabs
2025-09-20T01:42:38.164Z next:jsconfig-paths-plugin skipping request as it is an absolute path C:\Users\marti\Desktop\DESARROLLOSW\BOILERPLATTE E-COMMERCE\src\lib\orders-enterprise
2025-09-20T01:42:38.164Z next:jsconfig-paths-plugin skipping request as it is an absolute path C:\Users\marti\Desktop\DESARROLLOSW\BOILERPLATTE E-COMMERCE\src\lib\orders-enterprise
2025-09-20T01:42:38.165Z next:jsconfig-paths-plugin skipping request as it is an absolute path C:\Users\marti\Desktop\DESARROLLOSW\BOILERPLATTE E-COMMERCE\src\types\logistics
2025-09-20T01:42:38.165Z next:jsconfig-paths-plugin skipping request as it is an absolute path C:\Users\marti\Desktop\DESARROLLOSW\BOILERPLATTE E-COMMERCE\src\types\logistics
2025-09-20T01:42:38.173Z next:jsconfig-paths-plugin skipping request as it is an absolute path C:\Users\marti\Desktop\DESARROLLOSW\BOILERPLATTE E-COMMERCE\src\lib\utils
2025-09-20T01:42:38.174Z next:jsconfig-paths-plugin skipping request as it is an absolute path C:\Users\marti\Desktop\DESARROLLOSW\BOILERPLATTE E-COMMERCE\src\lib\utils
2025-09-20T01:42:38.178Z next:jsconfig-paths-plugin skipping request as it is a relative path ../ui/AdminCard
2025-09-20T01:42:38.178Z next:jsconfig-paths-plugin skipping request as it is a relative path ../ui/AdminCard
2025-09-20T01:42:38.179Z next:jsconfig-paths-plugin skipping request as it is an absolute path C:\Users\marti\Desktop\DESARROLLOSW\BOILERPLATTE E-COMMERCE\src\components\ui\card
2025-09-20T01:42:38.179Z next:jsconfig-paths-plugin skipping request as it is an absolute path C:\Users\marti\Desktop\DESARROLLOSW\BOILERPLATTE E-COMMERCE\src\components\ui\badge
2025-09-20T01:42:38.179Z next:jsconfig-paths-plugin skipping request as it is an absolute path C:\Users\marti\Desktop\DESARROLLOSW\BOILERPLATTE E-COMMERCE\src\components\ui\button
2025-09-20T01:42:38.179Z next:jsconfig-paths-plugin skipping request as it is an absolute path C:\Users\marti\Desktop\DESARROLLOSW\BOILERPLATTE E-COMMERCE\src\components\ui\progress
2025-09-20T01:42:38.179Z next:jsconfig-paths-plugin skipping request as it is an absolute path C:\Users\marti\Desktop\DESARROLLOSW\BOILERPLATTE E-COMMERCE\src\components\ui\breadcrumb
2025-09-20T01:42:38.180Z next:jsconfig-paths-plugin skipping request as it is an absolute path C:\Users\marti\Desktop\DESARROLLOSW\BOILERPLATTE E-COMMERCE\src\components\ui\card
2025-09-20T01:42:38.180Z next:jsconfig-paths-plugin skipping request as it is an absolute path C:\Users\marti\Desktop\DESARROLLOSW\BOILERPLATTE E-COMMERCE\src\components\ui\badge
2025-09-20T01:42:38.180Z next:jsconfig-paths-plugin skipping request as it is an absolute path C:\Users\marti\Desktop\DESARROLLOSW\BOILERPLATTE E-COMMERCE\src\components\ui\button
2025-09-20T01:42:38.180Z next:jsconfig-paths-plugin skipping request as it is an absolute path C:\Users\marti\Desktop\DESARROLLOSW\BOILERPLATTE E-COMMERCE\src\components\ui\progress
2025-09-20T01:42:38.180Z next:jsconfig-paths-plugin skipping request as it is an absolute path C:\Users\marti\Desktop\DESARROLLOSW\BOILERPLATTE E-COMMERCE\src\components\ui\breadcrumb
2025-09-20T01:42:38.182Z next:jsconfig-paths-plugin skipping request as it is an absolute path C:\Users\marti\Desktop\DESARROLLOSW\BOILERPLATTE E-COMMERCE\src\hooks\use-toast
2025-09-20T01:42:38.183Z next:jsconfig-paths-plugin skipping request as it is an absolute path C:\Users\marti\Desktop\DESARROLLOSW\BOILERPLATTE E-COMMERCE\src\hooks\use-toast
2025-09-20T01:42:38.183Z next:jsconfig-paths-plugin skipping request as it is an absolute path C:\Users\marti\Desktop\DESARROLLOSW\BOILERPLATTE E-COMMERCE\src\hooks\monitoring\useRenderMonitoring
2025-09-20T01:42:38.184Z next:jsconfig-paths-plugin skipping request as it is an absolute path C:\Users\marti\Desktop\DESARROLLOSW\BOILERPLATTE E-COMMERCE\src\hooks\admin\useOrdersEnterpriseStrict
2025-09-20T01:42:38.184Z next:jsconfig-paths-plugin skipping request as it is an absolute path C:\Users\marti\Desktop\DESARROLLOSW\BOILERPLATTE E-COMMERCE\src\hooks\admin\useOrdersEnterpriseStrict
2025-09-20T01:42:38.196Z next:jsconfig-paths-plugin skipping request as it is a relative path ./context/CartSidebarModalContext
2025-09-20T01:42:38.196Z next:jsconfig-paths-plugin skipping request as it is a relative path ./context/PreviewSliderContext
2025-09-20T01:42:38.196Z next:jsconfig-paths-plugin skipping request as it is a relative path ./context/CartSidebarModalContext
2025-09-20T01:42:38.196Z next:jsconfig-paths-plugin skipping request as it is a relative path ./context/PreviewSliderContext
2025-09-20T01:42:38.197Z next:jsconfig-paths-plugin skipping request as it is an absolute path C:\Users\marti\Desktop\DESARROLLOSW\BOILERPLATTE E-COMMERCE\src\providers\MonitoringProvider
2025-09-20T01:42:38.197Z next:jsconfig-paths-plugin skipping request as it is an absolute path C:\Users\marti\Desktop\DESARROLLOSW\BOILERPLATTE E-COMMERCE\src\providers\MonitoringProvider
2025-09-20T01:42:38.198Z next:jsconfig-paths-plugin skipping request as it is an absolute path C:\Users\marti\Desktop\DESARROLLOSW\BOILERPLATTE E-COMMERCE\src\hooks\monitoring\useRenderMonitoring
2025-09-20T01:42:38.199Z next:jsconfig-paths-plugin skipping request as it is a relative path ../lib/monitoring/proactive-monitoring
2025-09-20T01:42:38.199Z next:jsconfig-paths-plugin skipping request as it is a relative path ../lib/monitoring/proactive-monitoring
2025-09-20T01:42:38.199Z next:jsconfig-paths-plugin skipping request as it is an absolute path C:\Users\marti\Desktop\DESARROLLOSW\BOILERPLATTE E-COMMERCE\src\lib\enterprise\logger
2025-09-20T01:42:38.199Z next:jsconfig-paths-plugin skipping request as it is a relative path ../components/ErrorBoundary
2025-09-20T01:42:38.199Z next:jsconfig-paths-plugin skipping request as it is a relative path ../components/ErrorBoundary
2025-09-20T01:42:38.201Z next:jsconfig-paths-plugin skipping request as it is an absolute path C:\Users\marti\Desktop\DESARROLLOSW\BOILERPLATTE E-COMMERCE\src\components\ui\button
2025-09-20T01:42:38.201Z next:jsconfig-paths-plugin skipping request as it is an absolute path C:\Users\marti\Desktop\DESARROLLOSW\BOILERPLATTE E-COMMERCE\src\components\ui\card
2025-09-20T01:42:38.201Z next:jsconfig-paths-plugin skipping request as it is an absolute path C:\Users\marti\Desktop\DESARROLLOSW\BOILERPLATTE E-COMMERCE\src\components\ui\badge
2025-09-20T01:42:38.201Z next:jsconfig-paths-plugin skipping request as it is an absolute path C:\Users\marti\Desktop\DESARROLLOSW\BOILERPLATTE E-COMMERCE\src\components\ui\input
2025-09-20T01:42:38.201Z next:jsconfig-paths-plugin skipping request as it is an absolute path C:\Users\marti\Desktop\DESARROLLOSW\BOILERPLATTE E-COMMERCE\src\components\ui\select
2025-09-20T01:42:38.201Z next:jsconfig-paths-plugin skipping request as it is an absolute path C:\Users\marti\Desktop\DESARROLLOSW\BOILERPLATTE E-COMMERCE\src\components\ui\dropdown-menu
2025-09-20T01:42:38.201Z next:jsconfig-paths-plugin skipping request as it is an absolute path C:\Users\marti\Desktop\DESARROLLOSW\BOILERPLATTE E-COMMERCE\src\components\ui\dialog
2025-09-20T01:42:38.201Z next:jsconfig-paths-plugin skipping request as it is an absolute path C:\Users\marti\Desktop\DESARROLLOSW\BOILERPLATTE E-COMMERCE\src\lib\core\utils
2025-09-20T01:42:38.201Z next:jsconfig-paths-plugin skipping request as it is an absolute path C:\Users\marti\Desktop\DESARROLLOSW\BOILERPLATTE E-COMMERCE\src\lib\core\utils
2025-09-20T01:42:38.203Z next:jsconfig-paths-plugin skipping request as it is an absolute path C:\Users\marti\Desktop\DESARROLLOSW\BOILERPLATTE E-COMMERCE\src\components\ui\button
2025-09-20T01:42:38.203Z next:jsconfig-paths-plugin skipping request as it is an absolute path C:\Users\marti\Desktop\DESARROLLOSW\BOILERPLATTE E-COMMERCE\src\components\ui\card
2025-09-20T01:42:38.203Z next:jsconfig-paths-plugin skipping request as it is an absolute path C:\Users\marti\Desktop\DESARROLLOSW\BOILERPLATTE E-COMMERCE\src\components\ui\badge
2025-09-20T01:42:38.203Z next:jsconfig-paths-plugin skipping request as it is an absolute path C:\Users\marti\Desktop\DESARROLLOSW\BOILERPLATTE E-COMMERCE\src\components\ui\input
2025-09-20T01:42:38.203Z next:jsconfig-paths-plugin skipping request as it is an absolute path C:\Users\marti\Desktop\DESARROLLOSW\BOILERPLATTE E-COMMERCE\src\components\ui\select
2025-09-20T01:42:38.203Z next:jsconfig-paths-plugin skipping request as it is an absolute path C:\Users\marti\Desktop\DESARROLLOSW\BOILERPLATTE E-COMMERCE\src\components\ui\dropdown-menu
2025-09-20T01:42:38.204Z next:jsconfig-paths-plugin skipping request as it is an absolute path C:\Users\marti\Desktop\DESARROLLOSW\BOILERPLATTE E-COMMERCE\src\components\ui\dialog
2025-09-20T01:42:38.204Z next:jsconfig-paths-plugin skipping request as it is an absolute path C:\Users\marti\Desktop\DESARROLLOSW\BOILERPLATTE E-COMMERCE\src\lib\core\utils
2025-09-20T01:42:38.204Z next:jsconfig-paths-plugin skipping request as it is an absolute path C:\Users\marti\Desktop\DESARROLLOSW\BOILERPLATTE E-COMMERCE\src\lib\core\utils
2025-09-20T01:42:38.206Z next:jsconfig-paths-plugin skipping request as it is a relative path ./ProductImageManager
2025-09-20T01:42:38.206Z next:jsconfig-paths-plugin skipping request as it is a relative path ./ProductImageManager
2025-09-20T01:42:38.207Z next:jsconfig-paths-plugin skipping request as it is a relative path ./ProductVariantManager
2025-09-20T01:42:38.207Z next:jsconfig-paths-plugin skipping request as it is a relative path ./ProductVariantManager
2025-09-20T01:42:38.212Z next:jsconfig-paths-plugin skipping request as it is a relative path ./useAuth
2025-09-20T01:42:38.212Z next:jsconfig-paths-plugin skipping request as it is an absolute path C:\Users\marti\Desktop\DESARROLLOSW\BOILERPLATTE E-COMMERCE\src\lib\utils
2025-09-20T01:42:38.212Z next:jsconfig-paths-plugin skipping request as it is an absolute path C:\Users\marti\Desktop\DESARROLLOSW\BOILERPLATTE E-COMMERCE\src\hooks\useMobileCheckoutNavigation
2025-09-20T01:42:38.212Z next:jsconfig-paths-plugin skipping request as it is an absolute path C:\Users\marti\Desktop\DESARROLLOSW\BOILERPLATTE E-COMMERCE\src\components\ui\card
2025-09-20T01:42:38.212Z next:jsconfig-paths-plugin skipping request as it is an absolute path C:\Users\marti\Desktop\DESARROLLOSW\BOILERPLATTE E-COMMERCE\src\components\ui\button
2025-09-20T01:42:38.212Z next:jsconfig-paths-plugin skipping request as it is an absolute path C:\Users\marti\Desktop\DESARROLLOSW\BOILERPLATTE E-COMMERCE\src\lib\utils
2025-09-20T01:42:38.213Z next:jsconfig-paths-plugin skipping request as it is an absolute path C:\Users\marti\Desktop\DESARROLLOSW\BOILERPLATTE E-COMMERCE\src\lib\utils
2025-09-20T01:42:38.213Z next:jsconfig-paths-plugin skipping request as it is an absolute path C:\Users\marti\Desktop\DESARROLLOSW\BOILERPLATTE E-COMMERCE\src\lib\utils
2025-09-20T01:42:38.213Z next:jsconfig-paths-plugin skipping request as it is an absolute path C:\Users\marti\Desktop\DESARROLLOSW\BOILERPLATTE E-COMMERCE\src\lib\utils
2025-09-20T01:42:38.213Z next:jsconfig-paths-plugin skipping request as it is a relative path ./useAuth
2025-09-20T01:42:38.214Z next:jsconfig-paths-plugin skipping request as it is an absolute path C:\Users\marti\Desktop\DESARROLLOSW\BOILERPLATTE E-COMMERCE\src\hooks\useMobileCheckoutNavigation
2025-09-20T01:42:38.214Z next:jsconfig-paths-plugin skipping request as it is an absolute path C:\Users\marti\Desktop\DESARROLLOSW\BOILERPLATTE E-COMMERCE\src\components\ui\card
2025-09-20T01:42:38.214Z next:jsconfig-paths-plugin skipping request as it is an absolute path C:\Users\marti\Desktop\DESARROLLOSW\BOILERPLATTE E-COMMERCE\src\components\ui\button
2025-09-20T01:42:38.215Z next:jsconfig-paths-plugin skipping request as it is an absolute path C:\Users\marti\Desktop\DESARROLLOSW\BOILERPLATTE E-COMMERCE\src\lib\utils
2025-09-20T01:42:38.215Z next:jsconfig-paths-plugin skipping request as it is an absolute path C:\Users\marti\Desktop\DESARROLLOSW\BOILERPLATTE E-COMMERCE\src\lib\utils
2025-09-20T01:42:38.215Z next:jsconfig-paths-plugin skipping request as it is an absolute path C:\Users\marti\Desktop\DESARROLLOSW\BOILERPLATTE E-COMMERCE\src\lib\utils
2025-09-20T01:42:38.215Z next:jsconfig-paths-plugin skipping request as it is an absolute path C:\Users\marti\Desktop\DESARROLLOSW\BOILERPLATTE E-COMMERCE\src\lib\utils
2025-09-20T01:42:38.215Z next:jsconfig-paths-plugin skipping request as it is an absolute path C:\Users\marti\Desktop\DESARROLLOSW\BOILERPLATTE E-COMMERCE\src\lib\utils
2025-09-20T01:42:38.219Z next:jsconfig-paths-plugin skipping request as it is an absolute path C:\Users\marti\Desktop\DESARROLLOSW\BOILERPLATTE E-COMMERCE\src\redux\store
2025-09-20T01:42:38.219Z next:jsconfig-paths-plugin skipping request as it is an absolute path C:\Users\marti\Desktop\DESARROLLOSW\BOILERPLATTE E-COMMERCE\src\redux\features\cart-slice
2025-09-20T01:42:38.219Z next:jsconfig-paths-plugin skipping request as it is an absolute path C:\Users\marti\Desktop\DESARROLLOSW\BOILERPLATTE E-COMMERCE\src\lib\utils\consolidated-utils
2025-09-20T01:42:38.220Z next:jsconfig-paths-plugin skipping request as it is an absolute path C:\Users\marti\Desktop\DESARROLLOSW\BOILERPLATTE E-COMMERCE\src\components\ui\input
2025-09-20T01:42:38.220Z next:jsconfig-paths-plugin skipping request as it is an absolute path C:\Users\marti\Desktop\DESARROLLOSW\BOILERPLATTE E-COMMERCE\src\components\ui\label
2025-09-20T01:42:38.220Z next:jsconfig-paths-plugin skipping request as it is an absolute path C:\Users\marti\Desktop\DESARROLLOSW\BOILERPLATTE E-COMMERCE\src\lib\core\utils
2025-09-20T01:42:38.220Z next:jsconfig-paths-plugin skipping request as it is an absolute path C:\Users\marti\Desktop\DESARROLLOSW\BOILERPLATTE E-COMMERCE\src\components\ui\badge
2025-09-20T01:42:38.220Z next:jsconfig-paths-plugin skipping request as it is an absolute path C:\Users\marti\Desktop\DESARROLLOSW\BOILERPLATTE E-COMMERCE\src\components\ui\separator
2025-09-20T01:42:38.220Z next:jsconfig-paths-plugin skipping request as it is an absolute path C:\Users\marti\Desktop\DESARROLLOSW\BOILERPLATTE E-COMMERCE\src\components\ui\price-display
2025-09-20T01:42:38.220Z next:jsconfig-paths-plugin skipping request as it is an absolute path C:\Users\marti\Desktop\DESARROLLOSW\BOILERPLATTE E-COMMERCE\src\components\ui\shipping-info
2025-09-20T01:42:38.220Z next:jsconfig-paths-plugin skipping request as it is an absolute path C:\Users\marti\Desktop\DESARROLLOSW\BOILERPLATTE E-COMMERCE\src\components\ui\product-card-enhanced
2025-09-20T01:42:38.221Z next:jsconfig-paths-plugin skipping request as it is an absolute path C:\Users\marti\Desktop\DESARROLLOSW\BOILERPLATTE E-COMMERCE\src\redux\store
2025-09-20T01:42:38.221Z next:jsconfig-paths-plugin skipping request as it is an absolute path C:\Users\marti\Desktop\DESARROLLOSW\BOILERPLATTE E-COMMERCE\src\redux\features\cart-slice
2025-09-20T01:42:38.221Z next:jsconfig-paths-plugin skipping request as it is an absolute path C:\Users\marti\Desktop\DESARROLLOSW\BOILERPLATTE E-COMMERCE\src\lib\utils\consolidated-utils
2025-09-20T01:42:38.222Z next:jsconfig-paths-plugin skipping request as it is an absolute path C:\Users\marti\Desktop\DESARROLLOSW\BOILERPLATTE E-COMMERCE\src\components\ui\input
2025-09-20T01:42:38.222Z next:jsconfig-paths-plugin skipping request as it is an absolute path C:\Users\marti\Desktop\DESARROLLOSW\BOILERPLATTE E-COMMERCE\src\components\ui\label
2025-09-20T01:42:38.222Z next:jsconfig-paths-plugin skipping request as it is an absolute path C:\Users\marti\Desktop\DESARROLLOSW\BOILERPLATTE E-COMMERCE\src\lib\core\utils
2025-09-20T01:42:38.222Z next:jsconfig-paths-plugin skipping request as it is an absolute path C:\Users\marti\Desktop\DESARROLLOSW\BOILERPLATTE E-COMMERCE\src\components\ui\badge
2025-09-20T01:42:38.222Z next:jsconfig-paths-plugin skipping request as it is an absolute path C:\Users\marti\Desktop\DESARROLLOSW\BOILERPLATTE E-COMMERCE\src\components\ui\separator
2025-09-20T01:42:38.222Z next:jsconfig-paths-plugin skipping request as it is an absolute path C:\Users\marti\Desktop\DESARROLLOSW\BOILERPLATTE E-COMMERCE\src\components\ui\price-display
2025-09-20T01:42:38.222Z next:jsconfig-paths-plugin skipping request as it is an absolute path C:\Users\marti\Desktop\DESARROLLOSW\BOILERPLATTE E-COMMERCE\src\components\ui\shipping-info
2025-09-20T01:42:38.222Z next:jsconfig-paths-plugin skipping request as it is an absolute path C:\Users\marti\Desktop\DESARROLLOSW\BOILERPLATTE E-COMMERCE\src\components\ui\product-card-enhanced
2025-09-20T01:42:38.225Z next:jsconfig-paths-plugin skipping request as it is a relative path ./ProductPricing
2025-09-20T01:42:38.225Z next:jsconfig-paths-plugin skipping request as it is a relative path ./ProductPricing
2025-09-20T01:42:38.226Z next:jsconfig-paths-plugin skipping request as it is a relative path ./ProductInventory
2025-09-20T01:42:38.226Z next:jsconfig-paths-plugin skipping request as it is a relative path ./ProductInventory
2025-09-20T01:42:38.227Z next:jsconfig-paths-plugin skipping request as it is a relative path ./CategorySelector
2025-09-20T01:42:38.227Z next:jsconfig-paths-plugin skipping request as it is a relative path ./CategorySelector
2025-09-20T01:42:38.227Z next:jsconfig-paths-plugin skipping request as it is a relative path ./ProductSeo
2025-09-20T01:42:38.227Z next:jsconfig-paths-plugin skipping request as it is a relative path ./ProductSeo
2025-09-20T01:42:38.228Z next:jsconfig-paths-plugin skipping request as it is an absolute path C:\Users\marti\Desktop\DESARROLLOSW\BOILERPLATTE E-COMMERCE\src\hooks\admin\useProductNotifications
2025-09-20T01:42:38.228Z next:jsconfig-paths-plugin skipping request as it is an absolute path C:\Users\marti\Desktop\DESARROLLOSW\BOILERPLATTE E-COMMERCE\src\hooks\admin\useProductNotifications
2025-09-20T01:42:38.229Z next:jsconfig-paths-plugin skipping request as it is a relative path ../ui/AdminDataTable
2025-09-20T01:42:38.229Z next:jsconfig-paths-plugin skipping request as it is a relative path ../ui/AdminDataTable
2025-09-20T01:42:38.230Z next:jsconfig-paths-plugin skipping request as it is an absolute path C:\Users\marti\Desktop\DESARROLLOSW\BOILERPLATTE E-COMMERCE\src\hooks\optimization\useProductFormReducer
2025-09-20T01:42:38.230Z next:jsconfig-paths-plugin skipping request as it is an absolute path C:\Users\marti\Desktop\DESARROLLOSW\BOILERPLATTE E-COMMERCE\src\hooks\optimization\useProductFormReducer
2025-09-20T01:42:38.232Z next:jsconfig-paths-plugin skipping request as it is an absolute path C:\Users\marti\Desktop\DESARROLLOSW\BOILERPLATTE E-COMMERCE\src\lib\core\utils
2025-09-20T01:42:38.232Z next:jsconfig-paths-plugin skipping request as it is an absolute path C:\Users\marti\Desktop\DESARROLLOSW\BOILERPLATTE E-COMMERCE\src\lib\utils
2025-09-20T01:42:38.232Z next:jsconfig-paths-plugin skipping request as it is an absolute path C:\Users\marti\Desktop\DESARROLLOSW\BOILERPLATTE E-COMMERCE\src\lib\core\utils
2025-09-20T01:42:38.232Z next:jsconfig-paths-plugin skipping request as it is an absolute path C:\Users\marti\Desktop\DESARROLLOSW\BOILERPLATTE E-COMMERCE\src\lib\utils
2025-09-20T01:42:38.235Z next:jsconfig-paths-plugin skipping request as it is an absolute path C:\Users\marti\Desktop\DESARROLLOSW\BOILERPLATTE E-COMMERCE\src\lib\api\products
2025-09-20T01:42:38.235Z next:jsconfig-paths-plugin skipping request as it is an absolute path C:\Users\marti\Desktop\DESARROLLOSW\BOILERPLATTE E-COMMERCE\src\components\ui\card
2025-09-20T01:42:38.235Z next:jsconfig-paths-plugin skipping request as it is an absolute path C:\Users\marti\Desktop\DESARROLLOSW\BOILERPLATTE E-COMMERCE\src\components\ui\checkbox
2025-09-20T01:42:38.235Z next:jsconfig-paths-plugin skipping request as it is an absolute path C:\Users\marti\Desktop\DESARROLLOSW\BOILERPLATTE E-COMMERCE\src\components\ui\badge
2025-09-20T01:42:38.236Z next:jsconfig-paths-plugin skipping request as it is an absolute path C:\Users\marti\Desktop\DESARROLLOSW\BOILERPLATTE E-COMMERCE\src\lib\api\products
2025-09-20T01:42:38.236Z next:jsconfig-paths-plugin skipping request as it is an absolute path C:\Users\marti\Desktop\DESARROLLOSW\BOILERPLATTE E-COMMERCE\src\components\ui\card
2025-09-20T01:42:38.236Z next:jsconfig-paths-plugin skipping request as it is an absolute path C:\Users\marti\Desktop\DESARROLLOSW\BOILERPLATTE E-COMMERCE\src\components\ui\checkbox
2025-09-20T01:42:38.236Z next:jsconfig-paths-plugin skipping request as it is an absolute path C:\Users\marti\Desktop\DESARROLLOSW\BOILERPLATTE E-COMMERCE\src\components\ui\badge
2025-09-20T01:42:38.238Z next:jsconfig-paths-plugin skipping request as it is a relative path ./ProductFilters
2025-09-20T01:42:38.238Z next:jsconfig-paths-plugin skipping request as it is a relative path ./ProductFilters
2025-09-20T01:42:38.239Z next:jsconfig-paths-plugin moduleName did not match any paths pattern perf_hooks
2025-09-20T01:42:38.240Z next:jsconfig-paths-plugin skipping request as it is an absolute path C:\Users\marti\Desktop\DESARROLLOSW\BOILERPLATTE E-COMMERCE\src\lib\enterprise\logger
2025-09-20T01:42:38.241Z next:jsconfig-paths-plugin skipping request as it is a relative path ./ProductActions
2025-09-20T01:42:38.241Z next:jsconfig-paths-plugin skipping request as it is a relative path ./ProductActions
2025-09-20T01:42:38.242Z next:jsconfig-paths-plugin skipping request as it is an absolute path C:\Users\marti\Desktop\DESARROLLOSW\BOILERPLATTE E-COMMERCE\src\hooks\admin\useProductList
2025-09-20T01:42:38.242Z next:jsconfig-paths-plugin skipping request as it is an absolute path C:\Users\marti\Desktop\DESARROLLOSW\BOILERPLATTE E-COMMERCE\src\hooks\admin\useProductList
2025-09-20T01:42:38.246Z next:jsconfig-paths-plugin skipping request as it is a relative path ./context/QuickViewModalContext
2025-09-20T01:42:38.246Z next:jsconfig-paths-plugin skipping request as it is a relative path ./context/QuickViewModalContext
2025-09-20T01:42:38.247Z next:jsconfig-paths-plugin skipping request as it is an absolute path C:\Users\marti\Desktop\DESARROLLOSW\BOILERPLATTE E-COMMERCE\src\components\ui\card
2025-09-20T01:42:38.247Z next:jsconfig-paths-plugin skipping request as it is an absolute path C:\Users\marti\Desktop\DESARROLLOSW\BOILERPLATTE E-COMMERCE\src\components\ui\badge
2025-09-20T01:42:38.248Z next:jsconfig-paths-plugin skipping request as it is an absolute path C:\Users\marti\Desktop\DESARROLLOSW\BOILERPLATTE E-COMMERCE\src\components\ui\card
2025-09-20T01:42:38.248Z next:jsconfig-paths-plugin skipping request as it is an absolute path C:\Users\marti\Desktop\DESARROLLOSW\BOILERPLATTE E-COMMERCE\src\components\ui\badge
2025-09-20T01:42:38.250Z next:jsconfig-paths-plugin skipping request as it is an absolute path C:\Users\marti\Desktop\DESARROLLOSW\BOILERPLATTE E-COMMERCE\src\components\ui\input
2025-09-20T01:42:38.250Z next:jsconfig-paths-plugin skipping request as it is an absolute path C:\Users\marti\Desktop\DESARROLLOSW\BOILERPLATTE E-COMMERCE\src\components\ui\button
2025-09-20T01:42:38.250Z next:jsconfig-paths-plugin skipping request as it is an absolute path C:\Users\marti\Desktop\DESARROLLOSW\BOILERPLATTE E-COMMERCE\src\redux\features\wishlist-slice
2025-09-20T01:42:38.250Z next:jsconfig-paths-plugin skipping request as it is an absolute path C:\Users\marti\Desktop\DESARROLLOSW\BOILERPLATTE E-COMMERCE\src\redux\features\cart-slice
2025-09-20T01:42:38.250Z next:jsconfig-paths-plugin skipping request as it is an absolute path C:\Users\marti\Desktop\DESARROLLOSW\BOILERPLATTE E-COMMERCE\src\lib\adapters\product-adapter
2025-09-20T01:42:38.251Z next:jsconfig-paths-plugin skipping request as it is an absolute path C:\Users\marti\Desktop\DESARROLLOSW\BOILERPLATTE E-COMMERCE\src\components\ui\input
2025-09-20T01:42:38.251Z next:jsconfig-paths-plugin skipping request as it is an absolute path C:\Users\marti\Desktop\DESARROLLOSW\BOILERPLATTE E-COMMERCE\src\components\ui\button
2025-09-20T01:42:38.251Z next:jsconfig-paths-plugin skipping request as it is an absolute path C:\Users\marti\Desktop\DESARROLLOSW\BOILERPLATTE E-COMMERCE\src\redux\features\wishlist-slice
2025-09-20T01:42:38.252Z next:jsconfig-paths-plugin skipping request as it is an absolute path C:\Users\marti\Desktop\DESARROLLOSW\BOILERPLATTE E-COMMERCE\src\redux\features\cart-slice
2025-09-20T01:42:38.252Z next:jsconfig-paths-plugin skipping request as it is an absolute path C:\Users\marti\Desktop\DESARROLLOSW\BOILERPLATTE E-COMMERCE\src\lib\adapters\product-adapter
2025-09-20T01:42:38.254Z next:jsconfig-paths-plugin skipping request as it is an absolute path C:\Users\marti\Desktop\DESARROLLOSW\BOILERPLATTE E-COMMERCE\src\redux\provider
2025-09-20T01:42:38.255Z next:jsconfig-paths-plugin skipping request as it is an absolute path C:\Users\marti\Desktop\DESARROLLOSW\BOILERPLATTE E-COMMERCE\src\redux\provider
2025-09-20T01:42:38.255Z next:jsconfig-paths-plugin skipping request as it is an absolute path C:\Users\marti\Desktop\DESARROLLOSW\BOILERPLATTE E-COMMERCE\src\components\providers\CartPersistenceProvider
2025-09-20T01:42:38.255Z next:jsconfig-paths-plugin skipping request as it is an absolute path C:\Users\marti\Desktop\DESARROLLOSW\BOILERPLATTE E-COMMERCE\src\components\Analytics\SimpleAnalyticsProvider
2025-09-20T01:42:38.255Z next:jsconfig-paths-plugin skipping request as it is an absolute path C:\Users\marti\Desktop\DESARROLLOSW\BOILERPLATTE E-COMMERCE\src\components\Analytics\SimpleAnalyticsProvider
2025-09-20T01:42:38.256Z next:jsconfig-paths-plugin skipping request as it is an absolute path C:\Users\marti\Desktop\DESARROLLOSW\BOILERPLATTE E-COMMERCE\src\components\providers\QueryClientProvider
2025-09-20T01:42:38.256Z next:jsconfig-paths-plugin skipping request as it is an absolute path C:\Users\marti\Desktop\DESARROLLOSW\BOILERPLATTE E-COMMERCE\src\components\providers\NetworkErrorProvider
2025-09-20T01:42:38.256Z next:jsconfig-paths-plugin skipping request as it is a relative path ../components/Header/HeaderNextAuth
2025-09-20T01:42:38.256Z next:jsconfig-paths-plugin skipping request as it is a relative path ../components/Header/HeaderNextAuth
2025-09-20T01:42:38.260Z next:jsconfig-paths-plugin skipping request as it is a relative path ../components/layout/Footer
2025-09-20T01:42:38.261Z next:jsconfig-paths-plugin skipping request as it is an absolute path C:\Users\marti\Desktop\DESARROLLOSW\BOILERPLATTE E-COMMERCE\src\components\providers\CartPersistenceProvider
2025-09-20T01:42:38.261Z next:jsconfig-paths-plugin skipping request as it is an absolute path C:\Users\marti\Desktop\DESARROLLOSW\BOILERPLATTE E-COMMERCE\src\components\providers\QueryClientProvider
2025-09-20T01:42:38.261Z next:jsconfig-paths-plugin skipping request as it is an absolute path C:\Users\marti\Desktop\DESARROLLOSW\BOILERPLATTE E-COMMERCE\src\components\providers\NetworkErrorProvider
2025-09-20T01:42:38.262Z next:jsconfig-paths-plugin skipping request as it is an absolute path C:\Users\marti\Desktop\DESARROLLOSW\BOILERPLATTE E-COMMERCE\src\components\Common\QuickViewModal
2025-09-20T01:42:38.262Z next:jsconfig-paths-plugin skipping request as it is an absolute path C:\Users\marti\Desktop\DESARROLLOSW\BOILERPLATTE E-COMMERCE\src\components\Common\QuickViewModal
2025-09-20T01:42:38.263Z next:jsconfig-paths-plugin skipping request as it is an absolute path C:\Users\marti\Desktop\DESARROLLOSW\BOILERPLATTE E-COMMERCE\src\components\Common\CartSidebarModal
2025-09-20T01:42:38.263Z next:jsconfig-paths-plugin skipping request as it is an absolute path C:\Users\marti\Desktop\DESARROLLOSW\BOILERPLATTE E-COMMERCE\src\components\Common\PreviewSlider
2025-09-20T01:42:38.263Z next:jsconfig-paths-plugin skipping request as it is an absolute path C:\Users\marti\Desktop\DESARROLLOSW\BOILERPLATTE E-COMMERCE\src\components\Common\PreviewSlider
2025-09-20T01:42:38.267Z next:jsconfig-paths-plugin skipping request as it is an absolute path C:\Users\marti\Desktop\DESARROLLOSW\BOILERPLATTE E-COMMERCE\src\components\Common\ScrollToTop
2025-09-20T01:42:38.268Z next:jsconfig-paths-plugin skipping request as it is an absolute path C:\Users\marti\Desktop\DESARROLLOSW\BOILERPLATTE E-COMMERCE\src\components\Common\ScrollToTop
2025-09-20T01:42:38.268Z next:jsconfig-paths-plugin skipping request as it is an absolute path C:\Users\marti\Desktop\DESARROLLOSW\BOILERPLATTE E-COMMERCE\src\components\Common\PreLoader
2025-09-20T01:42:38.269Z next:jsconfig-paths-plugin skipping request as it is an absolute path C:\Users\marti\Desktop\DESARROLLOSW\BOILERPLATTE E-COMMERCE\src\components\Common\PreLoader
2025-09-20T01:42:38.269Z next:jsconfig-paths-plugin skipping request as it is a relative path ../components/layout/Footer
2025-09-20T01:42:38.271Z next:jsconfig-paths-plugin skipping request as it is an absolute path C:\Users\marti\Desktop\DESARROLLOSW\BOILERPLATTE E-COMMERCE\src\components\Common\CartSidebarModal
2025-09-20T01:42:38.271Z next:jsconfig-paths-plugin skipping request as it is an absolute path C:\Users\marti\Desktop\DESARROLLOSW\BOILERPLATTE E-COMMERCE\src\components\ui\floating-cart-button
2025-09-20T01:42:38.271Z next:jsconfig-paths-plugin skipping request as it is an absolute path C:\Users\marti\Desktop\DESARROLLOSW\BOILERPLATTE E-COMMERCE\src\components\ui\floating-cart-button
2025-09-20T01:42:38.272Z next:jsconfig-paths-plugin skipping request as it is an absolute path C:\Users\marti\Desktop\DESARROLLOSW\BOILERPLATTE E-COMMERCE\src\components\Common\CartNotification
2025-09-20T01:42:38.272Z next:jsconfig-paths-plugin skipping request as it is an absolute path C:\Users\marti\Desktop\DESARROLLOSW\BOILERPLATTE E-COMMERCE\src\components\Common\CartNotification
2025-09-20T01:42:38.273Z next:jsconfig-paths-plugin skipping request as it is an absolute path C:\Users\marti\Desktop\DESARROLLOSW\BOILERPLATTE E-COMMERCE\src\components\ui\toast
2025-09-20T01:42:38.273Z next:jsconfig-paths-plugin skipping request as it is an absolute path C:\Users\marti\Desktop\DESARROLLOSW\BOILERPLATTE E-COMMERCE\src\components\ui\toast
2025-09-20T01:42:38.274Z next:jsconfig-paths-plugin skipping request as it is an absolute path C:\Users\marti\Desktop\DESARROLLOSW\BOILERPLATTE E-COMMERCE\src\lib\google-analytics
2025-09-20T01:42:38.274Z next:jsconfig-paths-plugin skipping request as it is an absolute path C:\Users\marti\Desktop\DESARROLLOSW\BOILERPLATTE E-COMMERCE\src\lib\google-analytics
2025-09-20T01:42:38.275Z next:jsconfig-paths-plugin skipping request as it is an absolute path C:\Users\marti\Desktop\DESARROLLOSW\BOILERPLATTE E-COMMERCE\src\lib\core\utils
2025-09-20T01:42:38.275Z next:jsconfig-paths-plugin skipping request as it is an absolute path C:\Users\marti\Desktop\DESARROLLOSW\BOILERPLATTE E-COMMERCE\src\contexts\DriverContext
2025-09-20T01:42:38.275Z next:jsconfig-paths-plugin skipping request as it is an absolute path C:\Users\marti\Desktop\DESARROLLOSW\BOILERPLATTE E-COMMERCE\src\components\ui\badge
2025-09-20T01:42:38.276Z next:jsconfig-paths-plugin skipping request as it is an absolute path C:\Users\marti\Desktop\DESARROLLOSW\BOILERPLATTE E-COMMERCE\src\contexts\DriverContext
2025-09-20T01:42:38.276Z next:jsconfig-paths-plugin skipping request as it is an absolute path C:\Users\marti\Desktop\DESARROLLOSW\BOILERPLATTE E-COMMERCE\src\lib\core\utils
2025-09-20T01:42:38.276Z next:jsconfig-paths-plugin skipping request as it is an absolute path C:\Users\marti\Desktop\DESARROLLOSW\BOILERPLATTE E-COMMERCE\src\components\ui\badge
2025-09-20T01:42:38.280Z next:jsconfig-paths-plugin skipping request as it is a relative path ./useSwipeGestures
2025-09-20T01:42:38.280Z next:jsconfig-paths-plugin skipping request as it is a relative path ./useSwipeGestures
2025-09-20T01:42:38.287Z next:jsconfig-paths-plugin skipping request as it is an absolute path C:\Users\marti\Desktop\DESARROLLOSW\BOILERPLATTE E-COMMERCE\src\hooks\useProducts
2025-09-20T01:42:38.287Z next:jsconfig-paths-plugin skipping request as it is an absolute path C:\Users\marti\Desktop\DESARROLLOSW\BOILERPLATTE E-COMMERCE\src\hooks\useProducts
2025-09-20T01:42:38.288Z next:jsconfig-paths-plugin skipping request as it is an absolute path C:\Users\marti\Desktop\DESARROLLOSW\BOILERPLATTE E-COMMERCE\src\components\Common\ProductItem
2025-09-20T01:42:38.289Z next:jsconfig-paths-plugin skipping request as it is an absolute path C:\Users\marti\Desktop\DESARROLLOSW\BOILERPLATTE E-COMMERCE\src\components\Common\ProductItem
2025-09-20T01:42:38.289Z next:jsconfig-paths-plugin skipping request as it is an absolute path C:\Users\marti\Desktop\DESARROLLOSW\BOILERPLATTE E-COMMERCE\src\lib\adapters\productAdapter
2025-09-20T01:42:38.289Z next:jsconfig-paths-plugin skipping request as it is an absolute path C:\Users\marti\Desktop\DESARROLLOSW\BOILERPLATTE E-COMMERCE\src\lib\adapters\productAdapter
2025-09-20T01:42:38.291Z next:jsconfig-paths-plugin skipping request as it is an absolute path C:\Users\marti\Desktop\DESARROLLOSW\BOILERPLATTE E-COMMERCE\src\app\context\QuickViewModalContext
2025-09-20T01:42:38.291Z next:jsconfig-paths-plugin skipping request as it is an absolute path C:\Users\marti\Desktop\DESARROLLOSW\BOILERPLATTE E-COMMERCE\src\app\context\QuickViewModalContext
2025-09-20T01:42:38.291Z next:jsconfig-paths-plugin skipping request as it is an absolute path C:\Users\marti\Desktop\DESARROLLOSW\BOILERPLATTE E-COMMERCE\src\lib\adapters\productAdapter
2025-09-20T01:42:38.291Z next:jsconfig-paths-plugin skipping request as it is an absolute path C:\Users\marti\Desktop\DESARROLLOSW\BOILERPLATTE E-COMMERCE\src\lib\adapters\productAdapter
2025-09-20T01:42:38.291Z next:jsconfig-paths-plugin skipping request as it is an absolute path C:\Users\marti\Desktop\DESARROLLOSW\BOILERPLATTE E-COMMERCE\src\redux\features\quickView-slice
2025-09-20T01:42:38.291Z next:jsconfig-paths-plugin skipping request as it is an absolute path C:\Users\marti\Desktop\DESARROLLOSW\BOILERPLATTE E-COMMERCE\src\redux\features\quickView-slice
2025-09-20T01:42:38.291Z next:jsconfig-paths-plugin skipping request as it is an absolute path C:\Users\marti\Desktop\DESARROLLOSW\BOILERPLATTE E-COMMERCE\src\redux\features\cart-slice
2025-09-20T01:42:38.291Z next:jsconfig-paths-plugin skipping request as it is an absolute path C:\Users\marti\Desktop\DESARROLLOSW\BOILERPLATTE E-COMMERCE\src\redux\features\cart-slice
2025-09-20T01:42:38.291Z next:jsconfig-paths-plugin skipping request as it is an absolute path C:\Users\marti\Desktop\DESARROLLOSW\BOILERPLATTE E-COMMERCE\src\redux\features\wishlist-slice
2025-09-20T01:42:38.291Z next:jsconfig-paths-plugin skipping request as it is an absolute path C:\Users\marti\Desktop\DESARROLLOSW\BOILERPLATTE E-COMMERCE\src\redux\features\wishlist-slice
2025-09-20T01:42:38.291Z next:jsconfig-paths-plugin skipping request as it is an absolute path C:\Users\marti\Desktop\DESARROLLOSW\BOILERPLATTE E-COMMERCE\src\components\ui\product-card-commercial
2025-09-20T01:42:38.291Z next:jsconfig-paths-plugin skipping request as it is an absolute path C:\Users\marti\Desktop\DESARROLLOSW\BOILERPLATTE E-COMMERCE\src\components\ui\product-card-commercial
2025-09-20T01:42:38.296Z next:jsconfig-paths-plugin skipping request as it is an absolute path C:\Users\marti\Desktop\DESARROLLOSW\BOILERPLATTE E-COMMERCE\src\app\context\QuickViewModalContext
2025-09-20T01:42:38.296Z next:jsconfig-paths-plugin skipping request as it is an absolute path C:\Users\marti\Desktop\DESARROLLOSW\BOILERPLATTE E-COMMERCE\src\app\context\QuickViewModalContext
2025-09-20T01:42:38.296Z next:jsconfig-paths-plugin skipping request as it is an absolute path C:\Users\marti\Desktop\DESARROLLOSW\BOILERPLATTE E-COMMERCE\src\lib\adapters\productAdapter
2025-09-20T01:42:38.296Z next:jsconfig-paths-plugin skipping request as it is an absolute path C:\Users\marti\Desktop\DESARROLLOSW\BOILERPLATTE E-COMMERCE\src\lib\adapters\productAdapter
2025-09-20T01:42:38.296Z next:jsconfig-paths-plugin skipping request as it is an absolute path C:\Users\marti\Desktop\DESARROLLOSW\BOILERPLATTE E-COMMERCE\src\redux\features\quickView-slice
2025-09-20T01:42:38.296Z next:jsconfig-paths-plugin skipping request as it is an absolute path C:\Users\marti\Desktop\DESARROLLOSW\BOILERPLATTE E-COMMERCE\src\redux\features\quickView-slice
2025-09-20T01:42:38.296Z next:jsconfig-paths-plugin skipping request as it is an absolute path C:\Users\marti\Desktop\DESARROLLOSW\BOILERPLATTE E-COMMERCE\src\redux\features\cart-slice
2025-09-20T01:42:38.296Z next:jsconfig-paths-plugin skipping request as it is an absolute path C:\Users\marti\Desktop\DESARROLLOSW\BOILERPLATTE E-COMMERCE\src\redux\features\cart-slice
2025-09-20T01:42:38.296Z next:jsconfig-paths-plugin skipping request as it is an absolute path C:\Users\marti\Desktop\DESARROLLOSW\BOILERPLATTE E-COMMERCE\src\redux\features\wishlist-slice
2025-09-20T01:42:38.297Z next:jsconfig-paths-plugin skipping request as it is an absolute path C:\Users\marti\Desktop\DESARROLLOSW\BOILERPLATTE E-COMMERCE\src\redux\features\wishlist-slice
2025-09-20T01:42:38.297Z next:jsconfig-paths-plugin skipping request as it is an absolute path C:\Users\marti\Desktop\DESARROLLOSW\BOILERPLATTE E-COMMERCE\src\components\ui\product-card-commercial
2025-09-20T01:42:38.297Z next:jsconfig-paths-plugin skipping request as it is an absolute path C:\Users\marti\Desktop\DESARROLLOSW\BOILERPLATTE E-COMMERCE\src\components\ui\product-card-commercial
2025-09-20T01:42:38.305Z next:jsconfig-paths-plugin skipping request as it is an absolute path C:\Users\marti\Desktop\DESARROLLOSW\BOILERPLATTE E-COMMERCE\src\hooks\useCartWithBackend
2025-09-20T01:42:38.305Z next:jsconfig-paths-plugin skipping request as it is an absolute path C:\Users\marti\Desktop\DESARROLLOSW\BOILERPLATTE E-COMMERCE\src\hooks\useCartWithBackend
2025-09-20T01:42:38.306Z next:jsconfig-paths-plugin skipping request as it is an absolute path C:\Users\marti\Desktop\DESARROLLOSW\BOILERPLATTE E-COMMERCE\src\hooks\useCartWithBackend
2025-09-20T01:42:38.306Z next:jsconfig-paths-plugin skipping request as it is an absolute path C:\Users\marti\Desktop\DESARROLLOSW\BOILERPLATTE E-COMMERCE\src\hooks\useCartWithBackend
2025-09-20T01:42:38.307Z next:jsconfig-paths-plugin skipping request as it is an absolute path C:\Users\marti\Desktop\DESARROLLOSW\BOILERPLATTE E-COMMERCE\src\lib\api\categories
2025-09-20T01:42:38.307Z next:jsconfig-paths-plugin skipping request as it is an absolute path C:\Users\marti\Desktop\DESARROLLOSW\BOILERPLATTE E-COMMERCE\src\lib\api\categories
2025-09-20T01:42:38.434Z next:jsconfig-paths-plugin skipping request as it is an absolute path C:\Users\marti\Desktop\DESARROLLOSW\BOILERPLATTE E-COMMERCE\src\lib\utils
2025-09-20T01:42:38.435Z next:jsconfig-paths-plugin skipping request as it is an absolute path C:\Users\marti\Desktop\DESARROLLOSW\BOILERPLATTE E-COMMERCE\src\lib\utils
2025-09-20T01:42:38.438Z next:jsconfig-paths-plugin skipping request as it is an absolute path C:\Users\marti\Desktop\DESARROLLOSW\BOILERPLATTE E-COMMERCE\src\components\Common\HeroCarousel
2025-09-20T01:42:38.438Z next:jsconfig-paths-plugin skipping request as it is an absolute path C:\Users\marti\Desktop\DESARROLLOSW\BOILERPLATTE E-COMMERCE\src\components\Common\HeroCarousel
2025-09-20T01:42:38.439Z next:jsconfig-paths-plugin skipping request as it is an absolute path C:\Users\marti\Desktop\DESARROLLOSW\BOILERPLATTE E-COMMERCE\src\components\ui\button
2025-09-20T01:42:38.439Z next:jsconfig-paths-plugin skipping request as it is an absolute path C:\Users\marti\Desktop\DESARROLLOSW\BOILERPLATTE E-COMMERCE\src\components\ui\badge
2025-09-20T01:42:38.439Z next:jsconfig-paths-plugin skipping request as it is an absolute path C:\Users\marti\Desktop\DESARROLLOSW\BOILERPLATTE E-COMMERCE\src\components\ui\button
2025-09-20T01:42:38.439Z next:jsconfig-paths-plugin skipping request as it is an absolute path C:\Users\marti\Desktop\DESARROLLOSW\BOILERPLATTE E-COMMERCE\src\components\ui\badge
2025-09-20T01:42:38.440Z next:jsconfig-paths-plugin skipping request as it is an absolute path C:\Users\marti\Desktop\DESARROLLOSW\BOILERPLATTE E-COMMERCE\src\hooks\useCategoriesWithDynamicCounts
2025-09-20T01:42:38.440Z next:jsconfig-paths-plugin skipping request as it is an absolute path C:\Users\marti\Desktop\DESARROLLOSW\BOILERPLATTE E-COMMERCE\src\hooks\useCategoriesWithDynamicCounts
2025-09-20T01:42:38.441Z next:jsconfig-paths-plugin skipping request as it is a relative path ./testimonialsData
2025-09-20T01:42:38.442Z next:jsconfig-paths-plugin skipping request as it is a relative path ./testimonialsData
2025-09-20T01:42:38.442Z next:jsconfig-paths-plugin skipping request as it is a relative path ./SingleItem
2025-09-20T01:42:38.442Z next:jsconfig-paths-plugin skipping request as it is a relative path ./SingleItem
2025-09-20T01:42:38.443Z next:jsconfig-paths-plugin skipping request as it is an absolute path C:\Users\marti\Desktop\DESARROLLOSW\BOILERPLATTE E-COMMERCE\src\components\ui\card
2025-09-20T01:42:38.443Z next:jsconfig-paths-plugin skipping request as it is an absolute path C:\Users\marti\Desktop\DESARROLLOSW\BOILERPLATTE E-COMMERCE\src\components\ui\badge
2025-09-20T01:42:38.443Z next:jsconfig-paths-plugin skipping request as it is an absolute path C:\Users\marti\Desktop\DESARROLLOSW\BOILERPLATTE E-COMMERCE\src\components\ui\button
2025-09-20T01:42:38.443Z next:jsconfig-paths-plugin skipping request as it is an absolute path C:\Users\marti\Desktop\DESARROLLOSW\BOILERPLATTE E-COMMERCE\src\lib\optimized-imports
2025-09-20T01:42:38.444Z next:jsconfig-paths-plugin skipping request as it is an absolute path C:\Users\marti\Desktop\DESARROLLOSW\BOILERPLATTE E-COMMERCE\src\lib\optimized-imports
2025-09-20T01:42:38.444Z next:jsconfig-paths-plugin skipping request as it is an absolute path C:\Users\marti\Desktop\DESARROLLOSW\BOILERPLATTE E-COMMERCE\src\components\ui\card
2025-09-20T01:42:38.444Z next:jsconfig-paths-plugin skipping request as it is an absolute path C:\Users\marti\Desktop\DESARROLLOSW\BOILERPLATTE E-COMMERCE\src\components\ui\badge
2025-09-20T01:42:38.444Z next:jsconfig-paths-plugin skipping request as it is an absolute path C:\Users\marti\Desktop\DESARROLLOSW\BOILERPLATTE E-COMMERCE\src\components\ui\button
2025-09-20T01:42:38.446Z next:jsconfig-paths-plugin skipping request as it is an absolute path C:\Users\marti\Desktop\DESARROLLOSW\BOILERPLATTE E-COMMERCE\src\lib\optimized-imports
2025-09-20T01:42:38.446Z next:jsconfig-paths-plugin skipping request as it is an absolute path C:\Users\marti\Desktop\DESARROLLOSW\BOILERPLATTE E-COMMERCE\src\components\ui\button
2025-09-20T01:42:38.446Z next:jsconfig-paths-plugin skipping request as it is an absolute path C:\Users\marti\Desktop\DESARROLLOSW\BOILERPLATTE E-COMMERCE\src\components\ui\badge
2025-09-20T01:42:38.446Z next:jsconfig-paths-plugin skipping request as it is an absolute path C:\Users\marti\Desktop\DESARROLLOSW\BOILERPLATTE E-COMMERCE\src\components\ui\card
2025-09-20T01:42:38.447Z next:jsconfig-paths-plugin skipping request as it is an absolute path C:\Users\marti\Desktop\DESARROLLOSW\BOILERPLATTE E-COMMERCE\src\lib\optimized-imports
2025-09-20T01:42:38.447Z next:jsconfig-paths-plugin skipping request as it is an absolute path C:\Users\marti\Desktop\DESARROLLOSW\BOILERPLATTE E-COMMERCE\src\components\ui\button
2025-09-20T01:42:38.447Z next:jsconfig-paths-plugin skipping request as it is an absolute path C:\Users\marti\Desktop\DESARROLLOSW\BOILERPLATTE E-COMMERCE\src\components\ui\badge
2025-09-20T01:42:38.447Z next:jsconfig-paths-plugin skipping request as it is an absolute path C:\Users\marti\Desktop\DESARROLLOSW\BOILERPLATTE E-COMMERCE\src\components\ui\card
2025-09-20T01:42:38.448Z next:jsconfig-paths-plugin skipping request as it is a relative path ./SingleItem
2025-09-20T01:42:38.449Z next:jsconfig-paths-plugin skipping request as it is a relative path ./SingleItem
2025-09-20T01:42:38.450Z next:jsconfig-paths-plugin skipping request as it is an absolute path C:\Users\marti\Desktop\DESARROLLOSW\BOILERPLATTE E-COMMERCE\src\components\ui\badge
2025-09-20T01:42:38.450Z next:jsconfig-paths-plugin skipping request as it is an absolute path C:\Users\marti\Desktop\DESARROLLOSW\BOILERPLATTE E-COMMERCE\src\components\ui\button
2025-09-20T01:42:38.450Z next:jsconfig-paths-plugin skipping request as it is an absolute path C:\Users\marti\Desktop\DESARROLLOSW\BOILERPLATTE E-COMMERCE\src\components\ui\card
2025-09-20T01:42:38.450Z next:jsconfig-paths-plugin skipping request as it is an absolute path C:\Users\marti\Desktop\DESARROLLOSW\BOILERPLATTE E-COMMERCE\src\components\ui\separator
2025-09-20T01:42:38.451Z next:jsconfig-paths-plugin skipping request as it is an absolute path C:\Users\marti\Desktop\DESARROLLOSW\BOILERPLATTE E-COMMERCE\src\components\ui\badge
2025-09-20T01:42:38.451Z next:jsconfig-paths-plugin skipping request as it is an absolute path C:\Users\marti\Desktop\DESARROLLOSW\BOILERPLATTE E-COMMERCE\src\components\ui\button
2025-09-20T01:42:38.451Z next:jsconfig-paths-plugin skipping request as it is an absolute path C:\Users\marti\Desktop\DESARROLLOSW\BOILERPLATTE E-COMMERCE\src\components\ui\card
2025-09-20T01:42:38.451Z next:jsconfig-paths-plugin skipping request as it is an absolute path C:\Users\marti\Desktop\DESARROLLOSW\BOILERPLATTE E-COMMERCE\src\components\ui\separator
2025-09-20T01:42:38.455Z next:jsconfig-paths-plugin skipping request as it is an absolute path C:\Users\marti\Desktop\DESARROLLOSW\BOILERPLATTE E-COMMERCE\src\lib\api\brands
2025-09-20T01:42:38.455Z next:jsconfig-paths-plugin skipping request as it is an absolute path C:\Users\marti\Desktop\DESARROLLOSW\BOILERPLATTE E-COMMERCE\src\hooks\useAuth
2025-09-20T01:42:38.455Z next:jsconfig-paths-plugin skipping request as it is an absolute path C:\Users\marti\Desktop\DESARROLLOSW\BOILERPLATTE E-COMMERCE\src\hooks\useUserRole
2025-09-20T01:42:38.455Z next:jsconfig-paths-plugin skipping request as it is an absolute path C:\Users\marti\Desktop\DESARROLLOSW\BOILERPLATTE E-COMMERCE\src\components\ui\checkbox
2025-09-20T01:42:38.455Z next:jsconfig-paths-plugin skipping request as it is an absolute path C:\Users\marti\Desktop\DESARROLLOSW\BOILERPLATTE E-COMMERCE\src\components\ui\input
2025-09-20T01:42:38.455Z next:jsconfig-paths-plugin skipping request as it is an absolute path C:\Users\marti\Desktop\DESARROLLOSW\BOILERPLATTE E-COMMERCE\src\lib\api\brands
2025-09-20T01:42:38.456Z next:jsconfig-paths-plugin skipping request as it is an absolute path C:\Users\marti\Desktop\DESARROLLOSW\BOILERPLATTE E-COMMERCE\src\lib\api\brands
2025-09-20T01:42:38.456Z next:jsconfig-paths-plugin skipping request as it is an absolute path C:\Users\marti\Desktop\DESARROLLOSW\BOILERPLATTE E-COMMERCE\src\hooks\useAuth
2025-09-20T01:42:38.456Z next:jsconfig-paths-plugin skipping request as it is an absolute path C:\Users\marti\Desktop\DESARROLLOSW\BOILERPLATTE E-COMMERCE\src\hooks\useUserRole
2025-09-20T01:42:38.457Z next:jsconfig-paths-plugin skipping request as it is an absolute path C:\Users\marti\Desktop\DESARROLLOSW\BOILERPLATTE E-COMMERCE\src\components\ui\checkbox
2025-09-20T01:42:38.457Z next:jsconfig-paths-plugin skipping request as it is an absolute path C:\Users\marti\Desktop\DESARROLLOSW\BOILERPLATTE E-COMMERCE\src\components\ui\input
2025-09-20T01:42:38.457Z next:jsconfig-paths-plugin skipping request as it is an absolute path C:\Users\marti\Desktop\DESARROLLOSW\BOILERPLATTE E-COMMERCE\src\lib\api\brands
2025-09-20T01:42:38.459Z next:jsconfig-paths-plugin skipping request as it is an absolute path C:\Users\marti\Desktop\DESARROLLOSW\BOILERPLATTE E-COMMERCE\src\hooks\useFilteredProducts
2025-09-20T01:42:38.460Z next:jsconfig-paths-plugin skipping request as it is an absolute path C:\Users\marti\Desktop\DESARROLLOSW\BOILERPLATTE E-COMMERCE\src\hooks\useFilteredProducts
2025-09-20T01:42:38.461Z next:jsconfig-paths-plugin skipping request as it is an absolute path C:\Users\marti\Desktop\DESARROLLOSW\BOILERPLATTE E-COMMERCE\src\components\ui\button
2025-09-20T01:42:38.461Z next:jsconfig-paths-plugin skipping request as it is an absolute path C:\Users\marti\Desktop\DESARROLLOSW\BOILERPLATTE E-COMMERCE\src\components\ui\badge
2025-09-20T01:42:38.461Z next:jsconfig-paths-plugin skipping request as it is an absolute path C:\Users\marti\Desktop\DESARROLLOSW\BOILERPLATTE E-COMMERCE\src\components\ui\card
2025-09-20T01:42:38.462Z next:jsconfig-paths-plugin skipping request as it is an absolute path C:\Users\marti\Desktop\DESARROLLOSW\BOILERPLATTE E-COMMERCE\src\components\ui\button
2025-09-20T01:42:38.462Z next:jsconfig-paths-plugin skipping request as it is an absolute path C:\Users\marti\Desktop\DESARROLLOSW\BOILERPLATTE E-COMMERCE\src\components\ui\badge
2025-09-20T01:42:38.462Z next:jsconfig-paths-plugin skipping request as it is an absolute path C:\Users\marti\Desktop\DESARROLLOSW\BOILERPLATTE E-COMMERCE\src\components\ui\card
2025-09-20T01:42:38.465Z next:jsconfig-paths-plugin skipping request as it is an absolute path C:\Users\marti\Desktop\DESARROLLOSW\BOILERPLATTE E-COMMERCE\src\components\Common\ProductItem
2025-09-20T01:42:38.465Z next:jsconfig-paths-plugin skipping request as it is an absolute path C:\Users\marti\Desktop\DESARROLLOSW\BOILERPLATTE E-COMMERCE\src\hooks\useFilteredProducts
2025-09-20T01:42:38.465Z next:jsconfig-paths-plugin skipping request as it is an absolute path C:\Users\marti\Desktop\DESARROLLOSW\BOILERPLATTE E-COMMERCE\src\lib\adapters\product-adapter
2025-09-20T01:42:38.465Z next:jsconfig-paths-plugin skipping request as it is an absolute path C:\Users\marti\Desktop\DESARROLLOSW\BOILERPLATTE E-COMMERCE\src\components\ui\button
2025-09-20T01:42:38.465Z next:jsconfig-paths-plugin skipping request as it is an absolute path C:\Users\marti\Desktop\DESARROLLOSW\BOILERPLATTE E-COMMERCE\src\components\ui\badge
2025-09-20T01:42:38.465Z next:jsconfig-paths-plugin skipping request as it is an absolute path C:\Users\marti\Desktop\DESARROLLOSW\BOILERPLATTE E-COMMERCE\src\components\ui\card
2025-09-20T01:42:38.465Z next:jsconfig-paths-plugin skipping request as it is an absolute path C:\Users\marti\Desktop\DESARROLLOSW\BOILERPLATTE E-COMMERCE\src\lib\optimized-imports
2025-09-20T01:42:38.467Z next:jsconfig-paths-plugin skipping request as it is an absolute path C:\Users\marti\Desktop\DESARROLLOSW\BOILERPLATTE E-COMMERCE\src\hooks\useFilteredProducts
2025-09-20T01:42:38.467Z next:jsconfig-paths-plugin skipping request as it is an absolute path C:\Users\marti\Desktop\DESARROLLOSW\BOILERPLATTE E-COMMERCE\src\lib\optimized-imports
2025-09-20T01:42:38.467Z next:jsconfig-paths-plugin skipping request as it is an absolute path C:\Users\marti\Desktop\DESARROLLOSW\BOILERPLATTE E-COMMERCE\src\components\Common\ProductItem
2025-09-20T01:42:38.467Z next:jsconfig-paths-plugin skipping request as it is an absolute path C:\Users\marti\Desktop\DESARROLLOSW\BOILERPLATTE E-COMMERCE\src\lib\adapters\product-adapter
2025-09-20T01:42:38.467Z next:jsconfig-paths-plugin skipping request as it is an absolute path C:\Users\marti\Desktop\DESARROLLOSW\BOILERPLATTE E-COMMERCE\src\components\ui\button
2025-09-20T01:42:38.467Z next:jsconfig-paths-plugin skipping request as it is an absolute path C:\Users\marti\Desktop\DESARROLLOSW\BOILERPLATTE E-COMMERCE\src\components\ui\badge
2025-09-20T01:42:38.467Z next:jsconfig-paths-plugin skipping request as it is an absolute path C:\Users\marti\Desktop\DESARROLLOSW\BOILERPLATTE E-COMMERCE\src\components\ui\card
2025-09-20T01:42:38.473Z next:jsconfig-paths-plugin skipping request as it is an absolute path C:\Users\marti\Desktop\DESARROLLOSW\BOILERPLATTE E-COMMERCE\src\components\ui\card
2025-09-20T01:42:38.473Z next:jsconfig-paths-plugin skipping request as it is an absolute path C:\Users\marti\Desktop\DESARROLLOSW\BOILERPLATTE E-COMMERCE\src\components\ui\card
2025-09-20T01:42:38.473Z next:jsconfig-paths-plugin skipping request as it is an absolute path C:\Users\marti\Desktop\DESARROLLOSW\BOILERPLATTE E-COMMERCE\src\components\ui\badge
2025-09-20T01:42:38.473Z next:jsconfig-paths-plugin skipping request as it is an absolute path C:\Users\marti\Desktop\DESARROLLOSW\BOILERPLATTE E-COMMERCE\src\components\ui\badge
2025-09-20T01:42:38.473Z next:jsconfig-paths-plugin skipping request as it is an absolute path C:\Users\marti\Desktop\DESARROLLOSW\BOILERPLATTE E-COMMERCE\src\components\ui\button
2025-09-20T01:42:38.473Z next:jsconfig-paths-plugin skipping request as it is an absolute path C:\Users\marti\Desktop\DESARROLLOSW\BOILERPLATTE E-COMMERCE\src\components\ui\button
2025-09-20T01:42:38.473Z next:jsconfig-paths-plugin skipping request as it is an absolute path C:\Users\marti\Desktop\DESARROLLOSW\BOILERPLATTE E-COMMERCE\src\components\ui\tabs
2025-09-20T01:42:38.473Z next:jsconfig-paths-plugin skipping request as it is an absolute path C:\Users\marti\Desktop\DESARROLLOSW\BOILERPLATTE E-COMMERCE\src\components\ui\tabs
2025-09-20T01:42:38.473Z next:jsconfig-paths-plugin skipping request as it is an absolute path C:\Users\marti\Desktop\DESARROLLOSW\BOILERPLATTE E-COMMERCE\src\components\ui\alert
2025-09-20T01:42:38.473Z next:jsconfig-paths-plugin skipping request as it is an absolute path C:\Users\marti\Desktop\DESARROLLOSW\BOILERPLATTE E-COMMERCE\src\components\ui\progress
2025-09-20T01:42:38.473Z next:jsconfig-paths-plugin skipping request as it is an absolute path C:\Users\marti\Desktop\DESARROLLOSW\BOILERPLATTE E-COMMERCE\src\components\ui\scroll-area
2025-09-20T01:42:38.473Z next:jsconfig-paths-plugin skipping request as it is an absolute path C:\Users\marti\Desktop\DESARROLLOSW\BOILERPLATTE E-COMMERCE\src\components\ui\scroll-area
2025-09-20T01:42:38.473Z next:jsconfig-paths-plugin skipping request as it is an absolute path C:\Users\marti\Desktop\DESARROLLOSW\BOILERPLATTE E-COMMERCE\src\hooks\monitoring\useRenderMonitoring
2025-09-20T01:42:38.473Z next:jsconfig-paths-plugin skipping request as it is an absolute path C:\Users\marti\Desktop\DESARROLLOSW\BOILERPLATTE E-COMMERCE\src\providers\MonitoringProvider
2025-09-20T01:42:38.474Z next:jsconfig-paths-plugin skipping request as it is an absolute path C:\Users\marti\Desktop\DESARROLLOSW\BOILERPLATTE E-COMMERCE\src\hooks\use-toast
2025-09-20T01:42:38.477Z next:jsconfig-paths-plugin skipping request as it is an absolute path C:\Users\marti\Desktop\DESARROLLOSW\BOILERPLATTE E-COMMERCE\src\providers\MonitoringProvider
2025-09-20T01:42:38.477Z next:jsconfig-paths-plugin skipping request as it is an absolute path C:\Users\marti\Desktop\DESARROLLOSW\BOILERPLATTE E-COMMERCE\src\hooks\use-toast
2025-09-20T01:42:38.477Z next:jsconfig-paths-plugin skipping request as it is an absolute path C:\Users\marti\Desktop\DESARROLLOSW\BOILERPLATTE E-COMMERCE\src\components\ui\card
2025-09-20T01:42:38.477Z next:jsconfig-paths-plugin skipping request as it is an absolute path C:\Users\marti\Desktop\DESARROLLOSW\BOILERPLATTE E-COMMERCE\src\components\ui\card
2025-09-20T01:42:38.477Z next:jsconfig-paths-plugin skipping request as it is an absolute path C:\Users\marti\Desktop\DESARROLLOSW\BOILERPLATTE E-COMMERCE\src\components\ui\badge
2025-09-20T01:42:38.477Z next:jsconfig-paths-plugin skipping request as it is an absolute path C:\Users\marti\Desktop\DESARROLLOSW\BOILERPLATTE E-COMMERCE\src\components\ui\badge
2025-09-20T01:42:38.477Z next:jsconfig-paths-plugin skipping request as it is an absolute path C:\Users\marti\Desktop\DESARROLLOSW\BOILERPLATTE E-COMMERCE\src\components\ui\button
2025-09-20T01:42:38.477Z next:jsconfig-paths-plugin skipping request as it is an absolute path C:\Users\marti\Desktop\DESARROLLOSW\BOILERPLATTE E-COMMERCE\src\components\ui\button
2025-09-20T01:42:38.477Z next:jsconfig-paths-plugin skipping request as it is an absolute path C:\Users\marti\Desktop\DESARROLLOSW\BOILERPLATTE E-COMMERCE\src\components\ui\tabs
2025-09-20T01:42:38.477Z next:jsconfig-paths-plugin skipping request as it is an absolute path C:\Users\marti\Desktop\DESARROLLOSW\BOILERPLATTE E-COMMERCE\src\components\ui\tabs
2025-09-20T01:42:38.477Z next:jsconfig-paths-plugin skipping request as it is an absolute path C:\Users\marti\Desktop\DESARROLLOSW\BOILERPLATTE E-COMMERCE\src\components\ui\alert
2025-09-20T01:42:38.477Z next:jsconfig-paths-plugin skipping request as it is an absolute path C:\Users\marti\Desktop\DESARROLLOSW\BOILERPLATTE E-COMMERCE\src\components\ui\progress
2025-09-20T01:42:38.477Z next:jsconfig-paths-plugin skipping request as it is an absolute path C:\Users\marti\Desktop\DESARROLLOSW\BOILERPLATTE E-COMMERCE\src\components\ui\scroll-area
2025-09-20T01:42:38.477Z next:jsconfig-paths-plugin skipping request as it is an absolute path C:\Users\marti\Desktop\DESARROLLOSW\BOILERPLATTE E-COMMERCE\src\components\ui\scroll-area
2025-09-20T01:42:38.477Z next:jsconfig-paths-plugin skipping request as it is an absolute path C:\Users\marti\Desktop\DESARROLLOSW\BOILERPLATTE E-COMMERCE\src\hooks\monitoring\useRenderMonitoring
2025-09-20T01:42:38.480Z next:jsconfig-paths-plugin skipping request as it is an absolute path C:\Users\marti\Desktop\DESARROLLOSW\BOILERPLATTE E-COMMERCE\src\utils\api-monitoring
2025-09-20T01:42:38.481Z next:jsconfig-paths-plugin skipping request as it is an absolute path C:\Users\marti\Desktop\DESARROLLOSW\BOILERPLATTE E-COMMERCE\src\utils\api-monitoring
2025-09-20T01:42:38.482Z next:jsconfig-paths-plugin skipping request as it is an absolute path C:\Users\marti\Desktop\DESARROLLOSW\BOILERPLATTE E-COMMERCE\src\lib\integrations\analytics\analytics-optimized
2025-09-20T01:42:38.483Z next:jsconfig-paths-plugin skipping request as it is an absolute path C:\Users\marti\Desktop\DESARROLLOSW\BOILERPLATTE E-COMMERCE\src\lib\integrations\analytics\analytics-optimized
2025-09-20T01:42:38.484Z next:jsconfig-paths-plugin skipping request as it is an absolute path C:\Users\marti\Desktop\DESARROLLOSW\BOILERPLATTE E-COMMERCE\src\lib\core\utils
2025-09-20T01:42:38.484Z next:jsconfig-paths-plugin skipping request as it is an absolute path C:\Users\marti\Desktop\DESARROLLOSW\BOILERPLATTE E-COMMERCE\src\lib\core\utils
2025-09-20T01:42:38.485Z next:jsconfig-paths-plugin skipping request as it is an absolute path C:\Users\marti\Desktop\DESARROLLOSW\BOILERPLATTE E-COMMERCE\src\lib\core\utils
2025-09-20T01:42:38.485Z next:jsconfig-paths-plugin skipping request as it is an absolute path C:\Users\marti\Desktop\DESARROLLOSW\BOILERPLATTE E-COMMERCE\src\lib\core\utils
2025-09-20T01:42:38.490Z next:jsconfig-paths-plugin skipping request as it is a relative path ./card
2025-09-20T01:42:38.490Z next:jsconfig-paths-plugin skipping request as it is a relative path ./card
2025-09-20T01:42:38.491Z next:jsconfig-paths-plugin skipping request as it is a relative path ./automated-testing-manager
2025-09-20T01:42:38.491Z next:jsconfig-paths-plugin skipping request as it is a relative path ./automated-testing-manager
2025-09-20T01:42:38.493Z next:jsconfig-paths-plugin skipping request as it is a relative path ./card
2025-09-20T01:42:38.493Z next:jsconfig-paths-plugin skipping request as it is a relative path ./price-display
2025-09-20T01:42:38.493Z next:jsconfig-paths-plugin skipping request as it is a relative path ./stock-indicator
2025-09-20T01:42:38.493Z next:jsconfig-paths-plugin skipping request as it is an absolute path C:\Users\marti\Desktop\DESARROLLOSW\BOILERPLATTE E-COMMERCE\src\components\ui\badge
2025-09-20T01:42:38.493Z next:jsconfig-paths-plugin skipping request as it is an absolute path C:\Users\marti\Desktop\DESARROLLOSW\BOILERPLATTE E-COMMERCE\src\components\ui\badge
2025-09-20T01:42:38.493Z next:jsconfig-paths-plugin skipping request as it is a relative path ./card
2025-09-20T01:42:38.493Z next:jsconfig-paths-plugin skipping request as it is a relative path ./price-display
2025-09-20T01:42:38.493Z next:jsconfig-paths-plugin skipping request as it is a relative path ./stock-indicator
2025-09-20T01:42:38.494Z next:jsconfig-paths-plugin skipping request as it is an absolute path C:\Users\marti\Desktop\DESARROLLOSW\BOILERPLATTE E-COMMERCE\src\components\ui\badge
2025-09-20T01:42:38.494Z next:jsconfig-paths-plugin skipping request as it is an absolute path C:\Users\marti\Desktop\DESARROLLOSW\BOILERPLATTE E-COMMERCE\src\components\ui\badge
2025-09-20T01:42:38.498Z next:jsconfig-paths-plugin skipping request as it is a relative path ./button
2025-09-20T01:42:38.498Z next:jsconfig-paths-plugin skipping request as it is a relative path ./input
2025-09-20T01:42:38.498Z next:jsconfig-paths-plugin skipping request as it is a relative path ./textarea
2025-09-20T01:42:38.498Z next:jsconfig-paths-plugin skipping request as it is a relative path ./select
2025-09-20T01:42:38.498Z next:jsconfig-paths-plugin skipping request as it is a relative path ./checkbox
2025-09-20T01:42:38.498Z next:jsconfig-paths-plugin skipping request as it is a relative path ./separator
2025-09-20T01:42:38.498Z next:jsconfig-paths-plugin skipping request as it is a relative path ./tabs
2025-09-20T01:42:38.498Z next:jsconfig-paths-plugin skipping request as it is a relative path ./badge
2025-09-20T01:42:38.498Z next:jsconfig-paths-plugin skipping request as it is a relative path ./progress
2025-09-20T01:42:38.498Z next:jsconfig-paths-plugin skipping request as it is a relative path ./skeleton
2025-09-20T01:42:38.498Z next:jsconfig-paths-plugin skipping request as it is a relative path ./toast
2025-09-20T01:42:38.498Z next:jsconfig-paths-plugin skipping request as it is a relative path ./use-toast
2025-09-20T01:42:38.498Z next:jsconfig-paths-plugin skipping request as it is a relative path ./breadcrumb
2025-09-20T01:42:38.498Z next:jsconfig-paths-plugin skipping request as it is a relative path ./dialog
2025-09-20T01:42:38.498Z next:jsconfig-paths-plugin skipping request as it is a relative path ./alert-dialog
2025-09-20T01:42:38.498Z next:jsconfig-paths-plugin skipping request as it is a relative path ./form
2025-09-20T01:42:38.498Z next:jsconfig-paths-plugin skipping request as it is a relative path ./shipping-info
2025-09-20T01:42:38.498Z next:jsconfig-paths-plugin skipping request as it is a relative path ./product-card-enhanced
2025-09-20T01:42:38.498Z next:jsconfig-paths-plugin skipping request as it is a relative path ./cart-summary
2025-09-20T01:42:38.498Z next:jsconfig-paths-plugin skipping request as it is a relative path ../../lib/utils
2025-09-20T01:42:38.499Z next:jsconfig-paths-plugin skipping request as it is a relative path ./button
2025-09-20T01:42:38.499Z next:jsconfig-paths-plugin skipping request as it is a relative path ./input
2025-09-20T01:42:38.499Z next:jsconfig-paths-plugin skipping request as it is a relative path ./textarea
2025-09-20T01:42:38.499Z next:jsconfig-paths-plugin skipping request as it is a relative path ./select
2025-09-20T01:42:38.499Z next:jsconfig-paths-plugin skipping request as it is a relative path ./checkbox
2025-09-20T01:42:38.500Z next:jsconfig-paths-plugin skipping request as it is a relative path ./separator
2025-09-20T01:42:38.500Z next:jsconfig-paths-plugin skipping request as it is a relative path ./tabs
2025-09-20T01:42:38.500Z next:jsconfig-paths-plugin skipping request as it is a relative path ./badge
2025-09-20T01:42:38.500Z next:jsconfig-paths-plugin skipping request as it is a relative path ./progress
2025-09-20T01:42:38.500Z next:jsconfig-paths-plugin skipping request as it is a relative path ./skeleton
2025-09-20T01:42:38.500Z next:jsconfig-paths-plugin skipping request as it is a relative path ./toast
2025-09-20T01:42:38.500Z next:jsconfig-paths-plugin skipping request as it is a relative path ./use-toast
2025-09-20T01:42:38.500Z next:jsconfig-paths-plugin skipping request as it is a relative path ./breadcrumb
2025-09-20T01:42:38.500Z next:jsconfig-paths-plugin skipping request as it is a relative path ./dialog
2025-09-20T01:42:38.500Z next:jsconfig-paths-plugin skipping request as it is a relative path ./alert-dialog
2025-09-20T01:42:38.500Z next:jsconfig-paths-plugin skipping request as it is a relative path ./form
2025-09-20T01:42:38.500Z next:jsconfig-paths-plugin skipping request as it is a relative path ./shipping-info
2025-09-20T01:42:38.500Z next:jsconfig-paths-plugin skipping request as it is a relative path ./product-card-enhanced
2025-09-20T01:42:38.500Z next:jsconfig-paths-plugin skipping request as it is a relative path ./cart-summary
2025-09-20T01:42:38.501Z next:jsconfig-paths-plugin skipping request as it is a relative path ../../lib/utils
2025-09-20T01:42:38.502Z next:jsconfig-paths-plugin skipping request as it is an absolute path C:\Users\marti\Desktop\DESARROLLOSW\BOILERPLATTE E-COMMERCE\src\components\ui\card
2025-09-20T01:42:38.502Z next:jsconfig-paths-plugin skipping request as it is an absolute path C:\Users\marti\Desktop\DESARROLLOSW\BOILERPLATTE E-COMMERCE\src\components\ui\card
2025-09-20T01:42:38.502Z next:jsconfig-paths-plugin skipping request as it is an absolute path C:\Users\marti\Desktop\DESARROLLOSW\BOILERPLATTE E-COMMERCE\src\components\ui\button
2025-09-20T01:42:38.502Z next:jsconfig-paths-plugin skipping request as it is an absolute path C:\Users\marti\Desktop\DESARROLLOSW\BOILERPLATTE E-COMMERCE\src\components\ui\button
2025-09-20T01:42:38.503Z next:jsconfig-paths-plugin skipping request as it is an absolute path C:\Users\marti\Desktop\DESARROLLOSW\BOILERPLATTE E-COMMERCE\src\components\ui\card
2025-09-20T01:42:38.503Z next:jsconfig-paths-plugin skipping request as it is an absolute path C:\Users\marti\Desktop\DESARROLLOSW\BOILERPLATTE E-COMMERCE\src\components\ui\card
2025-09-20T01:42:38.503Z next:jsconfig-paths-plugin skipping request as it is an absolute path C:\Users\marti\Desktop\DESARROLLOSW\BOILERPLATTE E-COMMERCE\src\components\ui\button
2025-09-20T01:42:38.503Z next:jsconfig-paths-plugin skipping request as it is an absolute path C:\Users\marti\Desktop\DESARROLLOSW\BOILERPLATTE E-COMMERCE\src\components\ui\button
2025-09-20T01:42:38.507Z next:jsconfig-paths-plugin skipping request as it is an absolute path C:\Users\marti\Desktop\DESARROLLOSW\BOILERPLATTE E-COMMERCE\src\lib\json-utils
2025-09-20T01:42:38.507Z next:jsconfig-paths-plugin skipping request as it is an absolute path C:\Users\marti\Desktop\DESARROLLOSW\BOILERPLATTE E-COMMERCE\src\lib\json-utils
2025-09-20T01:42:38.508Z next:jsconfig-paths-plugin skipping request as it is an absolute path C:\Users\marti\Desktop\DESARROLLOSW\BOILERPLATTE E-COMMERCE\src\lib\json-utils
2025-09-20T01:42:38.508Z next:jsconfig-paths-plugin skipping request as it is an absolute path C:\Users\marti\Desktop\DESARROLLOSW\BOILERPLATTE E-COMMERCE\src\lib\json-utils
2025-09-20T01:42:38.509Z next:jsconfig-paths-plugin skipping request as it is an absolute path C:\Users\marti\Desktop\DESARROLLOSW\BOILERPLATTE E-COMMERCE\src\lib\design-system-config
2025-09-20T01:42:38.509Z next:jsconfig-paths-plugin skipping request as it is an absolute path C:\Users\marti\Desktop\DESARROLLOSW\BOILERPLATTE E-COMMERCE\src\lib\design-system-config
2025-09-20T01:42:38.511Z next:jsconfig-paths-plugin skipping request as it is an absolute path C:\Users\marti\Desktop\DESARROLLOSW\BOILERPLATTE E-COMMERCE\src\redux\store
2025-09-20T01:42:38.511Z next:jsconfig-paths-plugin skipping request as it is an absolute path C:\Users\marti\Desktop\DESARROLLOSW\BOILERPLATTE E-COMMERCE\src\redux\features\cart-slice
2025-09-20T01:42:38.511Z next:jsconfig-paths-plugin skipping request as it is an absolute path C:\Users\marti\Desktop\DESARROLLOSW\BOILERPLATTE E-COMMERCE\src\lib\core\utils
2025-09-20T01:42:38.511Z next:jsconfig-paths-plugin skipping request as it is an absolute path C:\Users\marti\Desktop\DESARROLLOSW\BOILERPLATTE E-COMMERCE\src\components\ui\card
2025-09-20T01:42:38.512Z next:jsconfig-paths-plugin skipping request as it is an absolute path C:\Users\marti\Desktop\DESARROLLOSW\BOILERPLATTE E-COMMERCE\src\lib\core\utils
2025-09-20T01:42:38.512Z next:jsconfig-paths-plugin skipping request as it is an absolute path C:\Users\marti\Desktop\DESARROLLOSW\BOILERPLATTE E-COMMERCE\src\components\ui\card
2025-09-20T01:42:38.512Z next:jsconfig-paths-plugin skipping request as it is an absolute path C:\Users\marti\Desktop\DESARROLLOSW\BOILERPLATTE E-COMMERCE\src\components\ui\button
2025-09-20T01:42:38.512Z next:jsconfig-paths-plugin skipping request as it is an absolute path C:\Users\marti\Desktop\DESARROLLOSW\BOILERPLATTE E-COMMERCE\src\components\ui\badge
2025-09-20T01:42:38.512Z next:jsconfig-paths-plugin skipping request as it is an absolute path C:\Users\marti\Desktop\DESARROLLOSW\BOILERPLATTE E-COMMERCE\src\lib\core\utils
2025-09-20T01:42:38.513Z next:jsconfig-paths-plugin skipping request as it is an absolute path C:\Users\marti\Desktop\DESARROLLOSW\BOILERPLATTE E-COMMERCE\src\redux\store
2025-09-20T01:42:38.513Z next:jsconfig-paths-plugin skipping request as it is an absolute path C:\Users\marti\Desktop\DESARROLLOSW\BOILERPLATTE E-COMMERCE\src\redux\features\cart-slice
2025-09-20T01:42:38.513Z next:jsconfig-paths-plugin skipping request as it is an absolute path C:\Users\marti\Desktop\DESARROLLOSW\BOILERPLATTE E-COMMERCE\src\lib\core\utils
2025-09-20T01:42:38.513Z next:jsconfig-paths-plugin skipping request as it is an absolute path C:\Users\marti\Desktop\DESARROLLOSW\BOILERPLATTE E-COMMERCE\src\components\ui\card
2025-09-20T01:42:38.513Z next:jsconfig-paths-plugin skipping request as it is an absolute path C:\Users\marti\Desktop\DESARROLLOSW\BOILERPLATTE E-COMMERCE\src\lib\core\utils
2025-09-20T01:42:38.513Z next:jsconfig-paths-plugin skipping request as it is an absolute path C:\Users\marti\Desktop\DESARROLLOSW\BOILERPLATTE E-COMMERCE\src\components\ui\card
2025-09-20T01:42:38.513Z next:jsconfig-paths-plugin skipping request as it is an absolute path C:\Users\marti\Desktop\DESARROLLOSW\BOILERPLATTE E-COMMERCE\src\components\ui\button
2025-09-20T01:42:38.513Z next:jsconfig-paths-plugin skipping request as it is an absolute path C:\Users\marti\Desktop\DESARROLLOSW\BOILERPLATTE E-COMMERCE\src\components\ui\badge
2025-09-20T01:42:38.513Z next:jsconfig-paths-plugin skipping request as it is an absolute path C:\Users\marti\Desktop\DESARROLLOSW\BOILERPLATTE E-COMMERCE\src\lib\core\utils
2025-09-20T01:42:38.518Z next:jsconfig-paths-plugin skipping request as it is an absolute path C:\Users\marti\Desktop\DESARROLLOSW\BOILERPLATTE E-COMMERCE\src\contexts\ModalContext
2025-09-20T01:42:38.518Z next:jsconfig-paths-plugin skipping request as it is an absolute path C:\Users\marti\Desktop\DESARROLLOSW\BOILERPLATTE E-COMMERCE\src\contexts\ModalContext
2025-09-20T01:42:38.519Z next:jsconfig-paths-plugin skipping request as it is a relative path ./radio-group
2025-09-20T01:42:38.519Z next:jsconfig-paths-plugin skipping request as it is a relative path ./radio-group
2025-09-20T01:42:38.520Z next:jsconfig-paths-plugin skipping request as it is a relative path ./spinner
2025-09-20T01:42:38.520Z next:jsconfig-paths-plugin skipping request as it is a relative path ./spinner
2025-09-20T01:42:38.520Z next:jsconfig-paths-plugin skipping request as it is a relative path ./navigation-menu
2025-09-20T01:42:38.520Z next:jsconfig-paths-plugin skipping request as it is a relative path ./navigation-menu
2025-09-20T01:42:38.520Z next:jsconfig-paths-plugin skipping request as it is a relative path ./popover
2025-09-20T01:42:38.520Z next:jsconfig-paths-plugin skipping request as it is a relative path ./popover
2025-09-20T01:42:38.520Z next:jsconfig-paths-plugin skipping request as it is a relative path ./tooltip
2025-09-20T01:42:38.521Z next:jsconfig-paths-plugin skipping request as it is a relative path ./tooltip
2025-09-20T01:42:38.521Z next:jsconfig-paths-plugin skipping request as it is a relative path ./modal
2025-09-20T01:42:38.521Z next:jsconfig-paths-plugin skipping request as it is a relative path ./modal
2025-09-20T01:42:38.522Z next:jsconfig-paths-plugin skipping request as it is a relative path ./calendar
2025-09-20T01:42:38.522Z next:jsconfig-paths-plugin skipping request as it is a relative path ./calendar
2025-09-20T01:42:38.527Z next:jsconfig-paths-plugin skipping request as it is a relative path ./date-picker
2025-09-20T01:42:38.527Z next:jsconfig-paths-plugin skipping request as it is a relative path ./date-picker
2025-09-20T01:42:38.528Z next:jsconfig-paths-plugin skipping request as it is a relative path ./checkout-flow
2025-09-20T01:42:38.528Z next:jsconfig-paths-plugin skipping request as it is a relative path ./checkout-flow
2025-09-20T01:42:38.528Z next:jsconfig-paths-plugin skipping request as it is a relative path ./product-comparison
2025-09-20T01:42:38.528Z next:jsconfig-paths-plugin skipping request as it is a relative path ./product-comparison
2025-09-20T01:42:38.528Z next:jsconfig-paths-plugin skipping request as it is a relative path ./wishlist-card
2025-09-20T01:42:38.528Z next:jsconfig-paths-plugin skipping request as it is a relative path ./wishlist-card
2025-09-20T01:42:38.529Z next:jsconfig-paths-plugin skipping request as it is a relative path ../hooks/useDesignSystemConfig
2025-09-20T01:42:38.529Z next:jsconfig-paths-plugin skipping request as it is a relative path ./types
2025-09-20T01:42:38.529Z next:jsconfig-paths-plugin skipping request as it is a relative path ./types
2025-09-20T01:42:38.535Z next:jsconfig-paths-plugin skipping request as it is a relative path ../hooks/useDesignSystemConfig
2025-09-20T01:42:38.535Z next:jsconfig-paths-plugin skipping request as it is a relative path ./RouteInfoDashboard
2025-09-20T01:42:38.535Z next:jsconfig-paths-plugin skipping request as it is a relative path ./RouteInfoDashboard
2025-09-20T01:42:38.536Z next:jsconfig-paths-plugin skipping request as it is a relative path ./TurnByTurnNavigation
2025-09-20T01:42:38.536Z next:jsconfig-paths-plugin skipping request as it is a relative path ./TurnByTurnNavigation
2025-09-20T01:42:38.536Z next:jsconfig-paths-plugin skipping request as it is a relative path ./RealTimeTracker
2025-09-20T01:42:38.537Z next:jsconfig-paths-plugin skipping request as it is a relative path ./RealTimeTracker
2025-09-20T01:42:38.537Z next:jsconfig-paths-plugin skipping request as it is a relative path ./AdvancedNavigationControls
2025-09-20T01:42:38.537Z next:jsconfig-paths-plugin skipping request as it is a relative path ./AdvancedNavigationControls
2025-09-20T01:42:38.548Z next:jsconfig-paths-plugin skipping request as it is a relative path ./FloatingActionButtons
2025-09-20T01:42:38.549Z next:jsconfig-paths-plugin skipping request as it is a relative path ./FloatingActionButtons
2025-09-20T01:42:38.549Z next:jsconfig-paths-plugin skipping request as it is a relative path ./MobileModalOverlay
2025-09-20T01:42:38.549Z next:jsconfig-paths-plugin skipping request as it is a relative path ./MobileModalOverlay
2025-09-20T01:42:38.550Z next:jsconfig-paths-plugin skipping request as it is a relative path ./GPSDebugInfo
2025-09-20T01:42:38.550Z next:jsconfig-paths-plugin skipping request as it is a relative path ./GPSDebugInfo
2025-09-20T01:42:38.551Z next:jsconfig-paths-plugin skipping request as it is an absolute path C:\Users\marti\Desktop\DESARROLLOSW\BOILERPLATTE E-COMMERCE\src\lib\utils\geolocation
2025-09-20T01:42:38.551Z next:jsconfig-paths-plugin skipping request as it is an absolute path C:\Users\marti\Desktop\DESARROLLOSW\BOILERPLATTE E-COMMERCE\src\lib\utils\geolocation
2025-09-20T01:42:38.563Z next:jsconfig-paths-plugin moduleName did not match any paths pattern styled-jsx/style
2025-09-20T01:42:38.574Z next:jsconfig-paths-plugin moduleName did not match any paths pattern styled-jsx/style
2025-09-20T01:42:38.631Z next:jsconfig-paths-plugin skipping request as it is an absolute path C:\Users\marti\Desktop\DESARROLLOSW\BOILERPLATTE E-COMMERCE\src\lib\utils
2025-09-20T01:42:38.632Z next:jsconfig-paths-plugin skipping request as it is an absolute path C:\Users\marti\Desktop\DESARROLLOSW\BOILERPLATTE E-COMMERCE\src\lib\utils
2025-09-20T01:42:38.635Z next:jsconfig-paths-plugin skipping request as it is an absolute path C:\Users\marti\Desktop\DESARROLLOSW\BOILERPLATTE E-COMMERCE\src\components\ui\label
2025-09-20T01:42:38.635Z next:jsconfig-paths-plugin skipping request as it is an absolute path C:\Users\marti\Desktop\DESARROLLOSW\BOILERPLATTE E-COMMERCE\src\components\ui\label
2025-09-20T01:42:38.660Z next:jsconfig-paths-plugin skipping request as it is an absolute path C:\Users\marti\Desktop\DESARROLLOSW\BOILERPLATTE E-COMMERCE\src\lib\optimized-imports
2025-09-20T01:42:38.660Z next:jsconfig-paths-plugin skipping request as it is an absolute path C:\Users\marti\Desktop\DESARROLLOSW\BOILERPLATTE E-COMMERCE\src\lib\utils
2025-09-20T01:42:38.660Z next:jsconfig-paths-plugin skipping request as it is an absolute path C:\Users\marti\Desktop\DESARROLLOSW\BOILERPLATTE E-COMMERCE\src\lib\optimized-imports
2025-09-20T01:42:38.660Z next:jsconfig-paths-plugin skipping request as it is an absolute path C:\Users\marti\Desktop\DESARROLLOSW\BOILERPLATTE E-COMMERCE\src\lib\utils
2025-09-20T01:42:38.666Z next:jsconfig-paths-plugin skipping request as it is an absolute path C:\Users\marti\Desktop\DESARROLLOSW\BOILERPLATTE E-COMMERCE\src\components\ui\card
2025-09-20T01:42:38.666Z next:jsconfig-paths-plugin skipping request as it is an absolute path C:\Users\marti\Desktop\DESARROLLOSW\BOILERPLATTE E-COMMERCE\src\components\ui\switch
2025-09-20T01:42:38.666Z next:jsconfig-paths-plugin skipping request as it is an absolute path C:\Users\marti\Desktop\DESARROLLOSW\BOILERPLATTE E-COMMERCE\src\components\ui\label
2025-09-20T01:42:38.666Z next:jsconfig-paths-plugin skipping request as it is an absolute path C:\Users\marti\Desktop\DESARROLLOSW\BOILERPLATTE E-COMMERCE\src\components\ui\button
2025-09-20T01:42:38.667Z next:jsconfig-paths-plugin skipping request as it is an absolute path C:\Users\marti\Desktop\DESARROLLOSW\BOILERPLATTE E-COMMERCE\src\components\ui\card
2025-09-20T01:42:38.667Z next:jsconfig-paths-plugin skipping request as it is an absolute path C:\Users\marti\Desktop\DESARROLLOSW\BOILERPLATTE E-COMMERCE\src\components\ui\switch
2025-09-20T01:42:38.667Z next:jsconfig-paths-plugin skipping request as it is an absolute path C:\Users\marti\Desktop\DESARROLLOSW\BOILERPLATTE E-COMMERCE\src\components\ui\label
2025-09-20T01:42:38.667Z next:jsconfig-paths-plugin skipping request as it is an absolute path C:\Users\marti\Desktop\DESARROLLOSW\BOILERPLATTE E-COMMERCE\src\components\ui\button
2025-09-20T01:42:38.669Z next:jsconfig-paths-plugin skipping request as it is an absolute path C:\Users\marti\Desktop\DESARROLLOSW\BOILERPLATTE E-COMMERCE\src\components\ui\card
2025-09-20T01:42:38.670Z next:jsconfig-paths-plugin skipping request as it is an absolute path C:\Users\marti\Desktop\DESARROLLOSW\BOILERPLATTE E-COMMERCE\src\components\ui\label
2025-09-20T01:42:38.670Z next:jsconfig-paths-plugin skipping request as it is an absolute path C:\Users\marti\Desktop\DESARROLLOSW\BOILERPLATTE E-COMMERCE\src\components\ui\button
2025-09-20T01:42:38.670Z next:jsconfig-paths-plugin skipping request as it is an absolute path C:\Users\marti\Desktop\DESARROLLOSW\BOILERPLATTE E-COMMERCE\src\components\ui\card
2025-09-20T01:42:38.670Z next:jsconfig-paths-plugin skipping request as it is an absolute path C:\Users\marti\Desktop\DESARROLLOSW\BOILERPLATTE E-COMMERCE\src\components\ui\switch
2025-09-20T01:42:38.670Z next:jsconfig-paths-plugin skipping request as it is an absolute path C:\Users\marti\Desktop\DESARROLLOSW\BOILERPLATTE E-COMMERCE\src\components\ui\label
2025-09-20T01:42:38.670Z next:jsconfig-paths-plugin skipping request as it is an absolute path C:\Users\marti\Desktop\DESARROLLOSW\BOILERPLATTE E-COMMERCE\src\components\ui\button
2025-09-20T01:42:38.671Z next:jsconfig-paths-plugin skipping request as it is an absolute path C:\Users\marti\Desktop\DESARROLLOSW\BOILERPLATTE E-COMMERCE\src\components\ui\card
2025-09-20T01:42:38.671Z next:jsconfig-paths-plugin skipping request as it is an absolute path C:\Users\marti\Desktop\DESARROLLOSW\BOILERPLATTE E-COMMERCE\src\components\ui\label
2025-09-20T01:42:38.671Z next:jsconfig-paths-plugin skipping request as it is an absolute path C:\Users\marti\Desktop\DESARROLLOSW\BOILERPLATTE E-COMMERCE\src\components\ui\button
2025-09-20T01:42:38.671Z next:jsconfig-paths-plugin skipping request as it is an absolute path C:\Users\marti\Desktop\DESARROLLOSW\BOILERPLATTE E-COMMERCE\src\components\ui\card
2025-09-20T01:42:38.671Z next:jsconfig-paths-plugin skipping request as it is an absolute path C:\Users\marti\Desktop\DESARROLLOSW\BOILERPLATTE E-COMMERCE\src\components\ui\switch
2025-09-20T01:42:38.671Z next:jsconfig-paths-plugin skipping request as it is an absolute path C:\Users\marti\Desktop\DESARROLLOSW\BOILERPLATTE E-COMMERCE\src\components\ui\label
2025-09-20T01:42:38.671Z next:jsconfig-paths-plugin skipping request as it is an absolute path C:\Users\marti\Desktop\DESARROLLOSW\BOILERPLATTE E-COMMERCE\src\components\ui\button
2025-09-20T01:42:38.675Z next:jsconfig-paths-plugin skipping request as it is an absolute path C:\Users\marti\Desktop\DESARROLLOSW\BOILERPLATTE E-COMMERCE\src\components\ui\select
2025-09-20T01:42:38.676Z next:jsconfig-paths-plugin skipping request as it is an absolute path C:\Users\marti\Desktop\DESARROLLOSW\BOILERPLATTE E-COMMERCE\src\components\ui\select
2025-09-20T01:42:38.678Z next:jsconfig-paths-plugin skipping request as it is an absolute path C:\Users\marti\Desktop\DESARROLLOSW\BOILERPLATTE E-COMMERCE\src\lib\core\utils
2025-09-20T01:42:38.678Z next:jsconfig-paths-plugin skipping request as it is an absolute path C:\Users\marti\Desktop\DESARROLLOSW\BOILERPLATTE E-COMMERCE\src\lib\core\utils
2025-09-20T01:42:38.681Z next:jsconfig-paths-plugin skipping request as it is an absolute path C:\Users\marti\Desktop\DESARROLLOSW\BOILERPLATTE E-COMMERCE\src\components\ui\button
2025-09-20T01:42:38.682Z next:jsconfig-paths-plugin skipping request as it is an absolute path C:\Users\marti\Desktop\DESARROLLOSW\BOILERPLATTE E-COMMERCE\src\components\ui\input
2025-09-20T01:42:38.682Z next:jsconfig-paths-plugin skipping request as it is an absolute path C:\Users\marti\Desktop\DESARROLLOSW\BOILERPLATTE E-COMMERCE\src\components\ui\badge
2025-09-20T01:42:38.682Z next:jsconfig-paths-plugin skipping request as it is an absolute path C:\Users\marti\Desktop\DESARROLLOSW\BOILERPLATTE E-COMMERCE\src\components\ui\card
2025-09-20T01:42:38.682Z next:jsconfig-paths-plugin skipping request as it is an absolute path C:\Users\marti\Desktop\DESARROLLOSW\BOILERPLATTE E-COMMERCE\src\components\ui\select
2025-09-20T01:42:38.683Z next:jsconfig-paths-plugin skipping request as it is an absolute path C:\Users\marti\Desktop\DESARROLLOSW\BOILERPLATTE E-COMMERCE\src\components\ui\button
2025-09-20T01:42:38.683Z next:jsconfig-paths-plugin skipping request as it is an absolute path C:\Users\marti\Desktop\DESARROLLOSW\BOILERPLATTE E-COMMERCE\src\components\ui\input
2025-09-20T01:42:38.683Z next:jsconfig-paths-plugin skipping request as it is an absolute path C:\Users\marti\Desktop\DESARROLLOSW\BOILERPLATTE E-COMMERCE\src\components\ui\badge
2025-09-20T01:42:38.683Z next:jsconfig-paths-plugin skipping request as it is an absolute path C:\Users\marti\Desktop\DESARROLLOSW\BOILERPLATTE E-COMMERCE\src\components\ui\card
2025-09-20T01:42:38.683Z next:jsconfig-paths-plugin skipping request as it is an absolute path C:\Users\marti\Desktop\DESARROLLOSW\BOILERPLATTE E-COMMERCE\src\components\ui\select
2025-09-20T01:42:38.684Z next:jsconfig-paths-plugin skipping request as it is an absolute path C:\Users\marti\Desktop\DESARROLLOSW\BOILERPLATTE E-COMMERCE\src\hooks\useUserActivity
2025-09-20T01:42:38.685Z next:jsconfig-paths-plugin skipping request as it is an absolute path C:\Users\marti\Desktop\DESARROLLOSW\BOILERPLATTE E-COMMERCE\src\hooks\useUserActivity
2025-09-20T01:42:38.686Z next:jsconfig-paths-plugin skipping request as it is an absolute path C:\Users\marti\Desktop\DESARROLLOSW\BOILERPLATTE E-COMMERCE\src\hooks\useUserPreferences
2025-09-20T01:42:38.686Z next:jsconfig-paths-plugin skipping request as it is an absolute path C:\Users\marti\Desktop\DESARROLLOSW\BOILERPLATTE E-COMMERCE\src\hooks\useUserPreferences
2025-09-20T01:42:38.686Z next:jsconfig-paths-plugin skipping request as it is an absolute path C:\Users\marti\Desktop\DESARROLLOSW\BOILERPLATTE E-COMMERCE\src\hooks\useUserPreferences
2025-09-20T01:42:38.686Z next:jsconfig-paths-plugin skipping request as it is an absolute path C:\Users\marti\Desktop\DESARROLLOSW\BOILERPLATTE E-COMMERCE\src\hooks\useUserPreferences
2025-09-20T01:42:38.686Z next:jsconfig-paths-plugin skipping request as it is an absolute path C:\Users\marti\Desktop\DESARROLLOSW\BOILERPLATTE E-COMMERCE\src\hooks\useUserPreferences
2025-09-20T01:42:38.686Z next:jsconfig-paths-plugin skipping request as it is an absolute path C:\Users\marti\Desktop\DESARROLLOSW\BOILERPLATTE E-COMMERCE\src\hooks\useUserPreferences
2025-09-20T01:42:38.691Z next:jsconfig-paths-plugin skipping request as it is an absolute path C:\Users\marti\Desktop\DESARROLLOSW\BOILERPLATTE E-COMMERCE\src\lib\optimized-imports
2025-09-20T01:42:38.691Z next:jsconfig-paths-plugin skipping request as it is an absolute path C:\Users\marti\Desktop\DESARROLLOSW\BOILERPLATTE E-COMMERCE\src\lib\utils
2025-09-20T01:42:38.691Z next:jsconfig-paths-plugin skipping request as it is an absolute path C:\Users\marti\Desktop\DESARROLLOSW\BOILERPLATTE E-COMMERCE\src\lib\utils
2025-09-20T01:42:38.691Z next:jsconfig-paths-plugin skipping request as it is an absolute path C:\Users\marti\Desktop\DESARROLLOSW\BOILERPLATTE E-COMMERCE\src\lib\optimized-imports
2025-09-20T01:42:38.692Z next:jsconfig-paths-plugin skipping request as it is an absolute path C:\Users\marti\Desktop\DESARROLLOSW\BOILERPLATTE E-COMMERCE\src\lib\utils
2025-09-20T01:42:38.692Z next:jsconfig-paths-plugin skipping request as it is an absolute path C:\Users\marti\Desktop\DESARROLLOSW\BOILERPLATTE E-COMMERCE\src\lib\utils
2025-09-20T01:42:38.698Z next:jsconfig-paths-plugin skipping request as it is a relative path ./search-autocomplete
2025-09-20T01:42:38.698Z next:jsconfig-paths-plugin skipping request as it is a relative path ./search-autocomplete
2025-09-20T01:42:38.704Z next:jsconfig-paths-plugin skipping request as it is an absolute path C:\Users\marti\Desktop\DESARROLLOSW\BOILERPLATTE E-COMMERCE\src\hooks\useSearchOptimized
2025-09-20T01:42:38.704Z next:jsconfig-paths-plugin skipping request as it is an absolute path C:\Users\marti\Desktop\DESARROLLOSW\BOILERPLATTE E-COMMERCE\src\hooks\useSearchOptimized
2025-09-20T01:42:38.706Z next:jsconfig-paths-plugin skipping request as it is an absolute path C:\Users\marti\Desktop\DESARROLLOSW\BOILERPLATTE E-COMMERCE\src\lib\utils
2025-09-20T01:42:38.707Z next:jsconfig-paths-plugin skipping request as it is an absolute path C:\Users\marti\Desktop\DESARROLLOSW\BOILERPLATTE E-COMMERCE\src\lib\utils
2025-09-20T01:42:38.711Z next:jsconfig-paths-plugin skipping request as it is an absolute path C:\Users\marti\Desktop\DESARROLLOSW\BOILERPLATTE E-COMMERCE\src\components\ui\card
2025-09-20T01:42:38.711Z next:jsconfig-paths-plugin skipping request as it is an absolute path C:\Users\marti\Desktop\DESARROLLOSW\BOILERPLATTE E-COMMERCE\src\components\ui\button
2025-09-20T01:42:38.711Z next:jsconfig-paths-plugin skipping request as it is an absolute path C:\Users\marti\Desktop\DESARROLLOSW\BOILERPLATTE E-COMMERCE\src\components\ui\badge
2025-09-20T01:42:38.711Z next:jsconfig-paths-plugin skipping request as it is an absolute path C:\Users\marti\Desktop\DESARROLLOSW\BOILERPLATTE E-COMMERCE\src\components\ui\input
2025-09-20T01:42:38.712Z next:jsconfig-paths-plugin skipping request as it is an absolute path C:\Users\marti\Desktop\DESARROLLOSW\BOILERPLATTE E-COMMERCE\src\components\ui\card
2025-09-20T01:42:38.712Z next:jsconfig-paths-plugin skipping request as it is an absolute path C:\Users\marti\Desktop\DESARROLLOSW\BOILERPLATTE E-COMMERCE\src\components\ui\button
2025-09-20T01:42:38.712Z next:jsconfig-paths-plugin skipping request as it is an absolute path C:\Users\marti\Desktop\DESARROLLOSW\BOILERPLATTE E-COMMERCE\src\components\ui\badge
2025-09-20T01:42:38.712Z next:jsconfig-paths-plugin skipping request as it is an absolute path C:\Users\marti\Desktop\DESARROLLOSW\BOILERPLATTE E-COMMERCE\src\components\ui\input
2025-09-20T01:42:38.716Z next:jsconfig-paths-plugin skipping request as it is an absolute path C:\Users\marti\Desktop\DESARROLLOSW\BOILERPLATTE E-COMMERCE\src\components\ui\select
2025-09-20T01:42:38.716Z next:jsconfig-paths-plugin skipping request as it is an absolute path C:\Users\marti\Desktop\DESARROLLOSW\BOILERPLATTE E-COMMERCE\src\components\ui\dialog
2025-09-20T01:42:38.716Z next:jsconfig-paths-plugin skipping request as it is an absolute path C:\Users\marti\Desktop\DESARROLLOSW\BOILERPLATTE E-COMMERCE\src\hooks\admin\useRouteOptimization
2025-09-20T01:42:38.716Z next:jsconfig-paths-plugin skipping request as it is an absolute path C:\Users\marti\Desktop\DESARROLLOSW\BOILERPLATTE E-COMMERCE\src\components\ui\card
2025-09-20T01:42:38.716Z next:jsconfig-paths-plugin skipping request as it is an absolute path C:\Users\marti\Desktop\DESARROLLOSW\BOILERPLATTE E-COMMERCE\src\components\ui\button
2025-09-20T01:42:38.716Z next:jsconfig-paths-plugin skipping request as it is an absolute path C:\Users\marti\Desktop\DESARROLLOSW\BOILERPLATTE E-COMMERCE\src\components\ui\badge
2025-09-20T01:42:38.717Z next:jsconfig-paths-plugin skipping request as it is an absolute path C:\Users\marti\Desktop\DESARROLLOSW\BOILERPLATTE E-COMMERCE\src\components\ui\select
2025-09-20T01:42:38.717Z next:jsconfig-paths-plugin skipping request as it is an absolute path C:\Users\marti\Desktop\DESARROLLOSW\BOILERPLATTE E-COMMERCE\src\components\ui\dialog
2025-09-20T01:42:38.717Z next:jsconfig-paths-plugin skipping request as it is an absolute path C:\Users\marti\Desktop\DESARROLLOSW\BOILERPLATTE E-COMMERCE\src\hooks\admin\useRouteOptimization
2025-09-20T01:42:38.717Z next:jsconfig-paths-plugin skipping request as it is an absolute path C:\Users\marti\Desktop\DESARROLLOSW\BOILERPLATTE E-COMMERCE\src\components\ui\card
2025-09-20T01:42:38.717Z next:jsconfig-paths-plugin skipping request as it is an absolute path C:\Users\marti\Desktop\DESARROLLOSW\BOILERPLATTE E-COMMERCE\src\components\ui\button
2025-09-20T01:42:38.717Z next:jsconfig-paths-plugin skipping request as it is an absolute path C:\Users\marti\Desktop\DESARROLLOSW\BOILERPLATTE E-COMMERCE\src\components\ui\badge
2025-09-20T01:42:38.720Z next:jsconfig-paths-plugin skipping request as it is an absolute path C:\Users\marti\Desktop\DESARROLLOSW\BOILERPLATTE E-COMMERCE\src\components\ui\loading-skeleton
2025-09-20T01:42:38.720Z next:jsconfig-paths-plugin skipping request as it is an absolute path C:\Users\marti\Desktop\DESARROLLOSW\BOILERPLATTE E-COMMERCE\src\components\ui\loading-skeleton
2025-09-20T01:42:38.723Z next:jsconfig-paths-plugin skipping request as it is an absolute path C:\Users\marti\Desktop\DESARROLLOSW\BOILERPLATTE E-COMMERCE\src\hooks\use-toast
2025-09-20T01:42:38.723Z next:jsconfig-paths-plugin skipping request as it is an absolute path C:\Users\marti\Desktop\DESARROLLOSW\BOILERPLATTE E-COMMERCE\src\utils\api-monitoring
2025-09-20T01:42:38.723Z next:jsconfig-paths-plugin skipping request as it is an absolute path C:\Users\marti\Desktop\DESARROLLOSW\BOILERPLATTE E-COMMERCE\src\hooks\use-toast
2025-09-20T01:42:38.723Z next:jsconfig-paths-plugin skipping request as it is an absolute path C:\Users\marti\Desktop\DESARROLLOSW\BOILERPLATTE E-COMMERCE\src\utils\api-monitoring
2025-09-20T01:42:38.725Z next:jsconfig-paths-plugin skipping request as it is an absolute path C:\Users\marti\Desktop\DESARROLLOSW\BOILERPLATTE E-COMMERCE\src\types\orders-enterprise
2025-09-20T01:42:38.725Z next:jsconfig-paths-plugin skipping request as it is an absolute path C:\Users\marti\Desktop\DESARROLLOSW\BOILERPLATTE E-COMMERCE\src\types\orders-enterprise
2025-09-20T01:42:38.727Z next:jsconfig-paths-plugin skipping request as it is an absolute path C:\Users\marti\Desktop\DESARROLLOSW\BOILERPLATTE E-COMMERCE\src\types\api-strict
2025-09-20T01:42:38.727Z next:jsconfig-paths-plugin skipping request as it is an absolute path C:\Users\marti\Desktop\DESARROLLOSW\BOILERPLATTE E-COMMERCE\src\types\api-strict
2025-09-20T01:42:38.728Z next:jsconfig-paths-plugin skipping request as it is a relative path ./useOrdersCache
2025-09-20T01:42:38.728Z next:jsconfig-paths-plugin skipping request as it is a relative path ./useOrdersCache
2025-09-20T01:42:38.733Z next:jsconfig-paths-plugin skipping request as it is a relative path ./useOrdersApi
2025-09-20T01:42:38.733Z next:jsconfig-paths-plugin skipping request as it is a relative path ./useOrdersApi
2025-09-20T01:42:38.733Z next:jsconfig-paths-plugin skipping request as it is a relative path ./useOrdersState
2025-09-20T01:42:38.733Z next:jsconfig-paths-plugin skipping request as it is a relative path ./useOrdersState
2025-09-20T01:42:38.734Z next:jsconfig-paths-plugin skipping request as it is a relative path ./useOrdersDevPersistence
2025-09-20T01:42:38.734Z next:jsconfig-paths-plugin skipping request as it is a relative path ./useOrdersDevPersistence
2025-09-20T01:42:38.773Z next:jsconfig-paths-plugin skipping request as it is a relative path ../ui/AdminCard
2025-09-20T01:42:38.773Z next:jsconfig-paths-plugin skipping request as it is a relative path ../ui/AdminCard
2025-09-20T01:42:38.773Z next:jsconfig-paths-plugin skipping request as it is an absolute path C:\Users\marti\Desktop\DESARROLLOSW\BOILERPLATTE E-COMMERCE\src\lib\core\utils
2025-09-20T01:42:38.773Z next:jsconfig-paths-plugin skipping request as it is a relative path ../ui/AdminCard
2025-09-20T01:42:38.773Z next:jsconfig-paths-plugin skipping request as it is a relative path ../ui/AdminCard
2025-09-20T01:42:38.774Z next:jsconfig-paths-plugin skipping request as it is an absolute path C:\Users\marti\Desktop\DESARROLLOSW\BOILERPLATTE E-COMMERCE\src\lib\core\utils
2025-09-20T01:42:38.777Z next:jsconfig-paths-plugin skipping request as it is a relative path ./ui/button
2025-09-20T01:42:38.777Z next:jsconfig-paths-plugin skipping request as it is a relative path ./ui/card
2025-09-20T01:42:38.777Z next:jsconfig-paths-plugin skipping request as it is a relative path ./ui/alert
2025-09-20T01:42:38.777Z next:jsconfig-paths-plugin skipping request as it is a relative path ../lib/monitoring/proactive-monitoring
2025-09-20T01:42:38.777Z next:jsconfig-paths-plugin skipping request as it is a relative path ../enterprise/logger
2025-09-20T01:42:38.778Z next:jsconfig-paths-plugin skipping request as it is a relative path ./ui/button
2025-09-20T01:42:38.778Z next:jsconfig-paths-plugin skipping request as it is a relative path ./ui/card
2025-09-20T01:42:38.778Z next:jsconfig-paths-plugin skipping request as it is a relative path ./ui/alert
2025-09-20T01:42:38.778Z next:jsconfig-paths-plugin skipping request as it is a relative path ../lib/monitoring/proactive-monitoring
2025-09-20T01:42:38.778Z next:jsconfig-paths-plugin skipping request as it is a relative path ../enterprise/logger
2025-09-20T01:42:38.779Z next:jsconfig-paths-plugin skipping request as it is an absolute path C:\Users\marti\Desktop\DESARROLLOSW\BOILERPLATTE E-COMMERCE\src\lib\enterprise\logger
2025-09-20T01:42:38.779Z next:jsconfig-paths-plugin skipping request as it is an absolute path C:\Users\marti\Desktop\DESARROLLOSW\BOILERPLATTE E-COMMERCE\src\lib\enterprise\logger
2025-09-20T01:42:38.781Z next:jsconfig-paths-plugin skipping request as it is a relative path ../ui/AdminCard
2025-09-20T01:42:38.781Z next:jsconfig-paths-plugin skipping request as it is a relative path ../ui/AdminCard
2025-09-20T01:42:38.781Z next:jsconfig-paths-plugin skipping request as it is a relative path ../ui/AdminCard
2025-09-20T01:42:38.782Z next:jsconfig-paths-plugin skipping request as it is an absolute path C:\Users\marti\Desktop\DESARROLLOSW\BOILERPLATTE E-COMMERCE\src\components\ui\use-toast
2025-09-20T01:42:38.782Z next:jsconfig-paths-plugin skipping request as it is an absolute path C:\Users\marti\Desktop\DESARROLLOSW\BOILERPLATTE E-COMMERCE\src\redux\store
2025-09-20T01:42:38.782Z next:jsconfig-paths-plugin skipping request as it is an absolute path C:\Users\marti\Desktop\DESARROLLOSW\BOILERPLATTE E-COMMERCE\src\redux\features\cart-slice
2025-09-20T01:42:38.782Z next:jsconfig-paths-plugin skipping request as it is an absolute path C:\Users\marti\Desktop\DESARROLLOSW\BOILERPLATTE E-COMMERCE\src\app\context\CartSidebarModalContext
2025-09-20T01:42:38.782Z next:jsconfig-paths-plugin skipping request as it is an absolute path C:\Users\marti\Desktop\DESARROLLOSW\BOILERPLATTE E-COMMERCE\src\components\ui\SearchAutocompleteIntegrated
2025-09-20T01:42:38.782Z next:jsconfig-paths-plugin skipping request as it is an absolute path C:\Users\marti\Desktop\DESARROLLOSW\BOILERPLATTE E-COMMERCE\src\hooks\useGeolocation
2025-09-20T01:42:38.782Z next:jsconfig-paths-plugin skipping request as it is an absolute path C:\Users\marti\Desktop\DESARROLLOSW\BOILERPLATTE E-COMMERCE\src\hooks\useAuth
2025-09-20T01:42:38.782Z next:jsconfig-paths-plugin skipping request as it is an absolute path C:\Users\marti\Desktop\DESARROLLOSW\BOILERPLATTE E-COMMERCE\src\components\ui\button
2025-09-20T01:42:38.782Z next:jsconfig-paths-plugin skipping request as it is an absolute path C:\Users\marti\Desktop\DESARROLLOSW\BOILERPLATTE E-COMMERCE\src\lib\core\utils
2025-09-20T01:42:38.782Z next:jsconfig-paths-plugin skipping request as it is an absolute path C:\Users\marti\Desktop\DESARROLLOSW\BOILERPLATTE E-COMMERCE\src\lib\core\utils
2025-09-20T01:42:38.782Z next:jsconfig-paths-plugin skipping request as it is an absolute path C:\Users\marti\Desktop\DESARROLLOSW\BOILERPLATTE E-COMMERCE\src\lib\core\utils
2025-09-20T01:42:38.782Z next:jsconfig-paths-plugin skipping request as it is an absolute path C:\Users\marti\Desktop\DESARROLLOSW\BOILERPLATTE E-COMMERCE\src\lib\core\utils
2025-09-20T01:42:38.782Z next:jsconfig-paths-plugin skipping request as it is an absolute path C:\Users\marti\Desktop\DESARROLLOSW\BOILERPLATTE E-COMMERCE\src\lib\core\utils
2025-09-20T01:42:38.782Z next:jsconfig-paths-plugin skipping request as it is an absolute path C:\Users\marti\Desktop\DESARROLLOSW\BOILERPLATTE E-COMMERCE\src\lib\core\utils
2025-09-20T01:42:38.782Z next:jsconfig-paths-plugin skipping request as it is an absolute path C:\Users\marti\Desktop\DESARROLLOSW\BOILERPLATTE E-COMMERCE\src\lib\core\utils
2025-09-20T01:42:38.782Z next:jsconfig-paths-plugin skipping request as it is an absolute path C:\Users\marti\Desktop\DESARROLLOSW\BOILERPLATTE E-COMMERCE\src\lib\core\utils
2025-09-20T01:42:38.782Z next:jsconfig-paths-plugin skipping request as it is an absolute path C:\Users\marti\Desktop\DESARROLLOSW\BOILERPLATTE E-COMMERCE\src\hooks\admin\useProductNotifications
2025-09-20T01:42:38.783Z next:jsconfig-paths-plugin skipping request as it is a relative path ../ui/AdminCard
2025-09-20T01:42:38.783Z next:jsconfig-paths-plugin skipping request as it is a relative path ../ui/AdminCard
2025-09-20T01:42:38.783Z next:jsconfig-paths-plugin skipping request as it is a relative path ../ui/AdminCard
2025-09-20T01:42:38.785Z next:jsconfig-paths-plugin skipping request as it is an absolute path C:\Users\marti\Desktop\DESARROLLOSW\BOILERPLATTE E-COMMERCE\src\redux\store
2025-09-20T01:42:38.785Z next:jsconfig-paths-plugin skipping request as it is an absolute path C:\Users\marti\Desktop\DESARROLLOSW\BOILERPLATTE E-COMMERCE\src\hooks\useGeolocation
2025-09-20T01:42:38.785Z next:jsconfig-paths-plugin skipping request as it is an absolute path C:\Users\marti\Desktop\DESARROLLOSW\BOILERPLATTE E-COMMERCE\src\hooks\useAuth
2025-09-20T01:42:38.785Z next:jsconfig-paths-plugin skipping request as it is an absolute path C:\Users\marti\Desktop\DESARROLLOSW\BOILERPLATTE E-COMMERCE\src\components\ui\use-toast
2025-09-20T01:42:38.785Z next:jsconfig-paths-plugin skipping request as it is an absolute path C:\Users\marti\Desktop\DESARROLLOSW\BOILERPLATTE E-COMMERCE\src\redux\features\cart-slice
2025-09-20T01:42:38.785Z next:jsconfig-paths-plugin skipping request as it is an absolute path C:\Users\marti\Desktop\DESARROLLOSW\BOILERPLATTE E-COMMERCE\src\app\context\CartSidebarModalContext
2025-09-20T01:42:38.785Z next:jsconfig-paths-plugin skipping request as it is an absolute path C:\Users\marti\Desktop\DESARROLLOSW\BOILERPLATTE E-COMMERCE\src\components\ui\SearchAutocompleteIntegrated
2025-09-20T01:42:38.785Z next:jsconfig-paths-plugin skipping request as it is an absolute path C:\Users\marti\Desktop\DESARROLLOSW\BOILERPLATTE E-COMMERCE\src\components\ui\button
2025-09-20T01:42:38.786Z next:jsconfig-paths-plugin skipping request as it is an absolute path C:\Users\marti\Desktop\DESARROLLOSW\BOILERPLATTE E-COMMERCE\src\lib\core\utils
2025-09-20T01:42:38.786Z next:jsconfig-paths-plugin skipping request as it is an absolute path C:\Users\marti\Desktop\DESARROLLOSW\BOILERPLATTE E-COMMERCE\src\lib\core\utils
2025-09-20T01:42:38.786Z next:jsconfig-paths-plugin skipping request as it is an absolute path C:\Users\marti\Desktop\DESARROLLOSW\BOILERPLATTE E-COMMERCE\src\lib\core\utils
2025-09-20T01:42:38.786Z next:jsconfig-paths-plugin skipping request as it is an absolute path C:\Users\marti\Desktop\DESARROLLOSW\BOILERPLATTE E-COMMERCE\src\lib\core\utils
2025-09-20T01:42:38.786Z next:jsconfig-paths-plugin skipping request as it is an absolute path C:\Users\marti\Desktop\DESARROLLOSW\BOILERPLATTE E-COMMERCE\src\lib\core\utils
2025-09-20T01:42:38.786Z next:jsconfig-paths-plugin skipping request as it is an absolute path C:\Users\marti\Desktop\DESARROLLOSW\BOILERPLATTE E-COMMERCE\src\lib\core\utils
2025-09-20T01:42:38.786Z next:jsconfig-paths-plugin skipping request as it is an absolute path C:\Users\marti\Desktop\DESARROLLOSW\BOILERPLATTE E-COMMERCE\src\lib\core\utils
2025-09-20T01:42:38.786Z next:jsconfig-paths-plugin skipping request as it is an absolute path C:\Users\marti\Desktop\DESARROLLOSW\BOILERPLATTE E-COMMERCE\src\lib\core\utils
2025-09-20T01:42:38.786Z next:jsconfig-paths-plugin skipping request as it is an absolute path C:\Users\marti\Desktop\DESARROLLOSW\BOILERPLATTE E-COMMERCE\src\hooks\admin\useProductNotifications
2025-09-20T01:42:38.792Z next:jsconfig-paths-plugin skipping request as it is a relative path ./store
2025-09-20T01:42:38.792Z next:jsconfig-paths-plugin skipping request as it is a relative path ./store
2025-09-20T01:42:38.796Z next:jsconfig-paths-plugin skipping request as it is an absolute path C:\Users\marti\Desktop\DESARROLLOSW\BOILERPLATTE E-COMMERCE\src\hooks\use-toast
2025-09-20T01:42:38.797Z next:jsconfig-paths-plugin skipping request as it is an absolute path C:\Users\marti\Desktop\DESARROLLOSW\BOILERPLATTE E-COMMERCE\src\hooks\use-toast
2025-09-20T01:42:38.798Z next:jsconfig-paths-plugin skipping request as it is a relative path ./enterprise-metrics
2025-09-20T01:42:38.798Z next:jsconfig-paths-plugin skipping request as it is a relative path ./enterprise-metrics
2025-09-20T01:42:38.798Z next:jsconfig-paths-plugin skipping request as it is a relative path ./alert-system
2025-09-20T01:42:38.798Z next:jsconfig-paths-plugin skipping request as it is a relative path ./alert-system
2025-09-20T01:42:38.799Z next:jsconfig-paths-plugin skipping request as it is a relative path ../notifications/email
2025-09-20T01:42:38.799Z next:jsconfig-paths-plugin skipping request as it is a relative path ../notifications/slack
2025-09-20T01:42:38.799Z next:jsconfig-paths-plugin skipping request as it is an absolute path C:\Users\marti\Desktop\DESARROLLOSW\BOILERPLATTE E-COMMERCE\src\components\ui\optimized-cart-icon
2025-09-20T01:42:38.800Z next:jsconfig-paths-plugin skipping request as it is an absolute path C:\Users\marti\Desktop\DESARROLLOSW\BOILERPLATTE E-COMMERCE\src\components\ui\optimized-cart-icon
2025-09-20T01:42:38.800Z next:jsconfig-paths-plugin skipping request as it is an absolute path C:\Users\marti\Desktop\DESARROLLOSW\BOILERPLATTE E-COMMERCE\src\hooks\useCartAnimation
2025-09-20T01:42:38.801Z next:jsconfig-paths-plugin skipping request as it is an absolute path C:\Users\marti\Desktop\DESARROLLOSW\BOILERPLATTE E-COMMERCE\src\hooks\useCartAnimation
2025-09-20T01:42:38.801Z next:jsconfig-paths-plugin skipping request as it is an absolute path C:\Users\marti\Desktop\DESARROLLOSW\BOILERPLATTE E-COMMERCE\src\components\ui\OptimizedLogo
2025-09-20T01:42:38.802Z next:jsconfig-paths-plugin skipping request as it is an absolute path C:\Users\marti\Desktop\DESARROLLOSW\BOILERPLATTE E-COMMERCE\src\components\ui\OptimizedLogo
2025-09-20T01:42:38.804Z next:jsconfig-paths-plugin skipping request as it is a relative path ./use-toast
2025-09-20T01:42:38.804Z next:jsconfig-paths-plugin skipping request as it is an absolute path C:\Users\marti\Desktop\DESARROLLOSW\BOILERPLATTE E-COMMERCE\src\lib\utils
2025-09-20T01:42:38.804Z next:jsconfig-paths-plugin skipping request as it is an absolute path C:\Users\marti\Desktop\DESARROLLOSW\BOILERPLATTE E-COMMERCE\src\lib\utils
2025-09-20T01:42:38.804Z next:jsconfig-paths-plugin skipping request as it is a relative path ./use-toast
2025-09-20T01:42:38.805Z next:jsconfig-paths-plugin skipping request as it is an absolute path C:\Users\marti\Desktop\DESARROLLOSW\BOILERPLATTE E-COMMERCE\src\lib\utils
2025-09-20T01:42:38.805Z next:jsconfig-paths-plugin skipping request as it is an absolute path C:\Users\marti\Desktop\DESARROLLOSW\BOILERPLATTE E-COMMERCE\src\lib\utils
2025-09-20T01:42:38.809Z next:jsconfig-paths-plugin moduleName did not match any paths pattern styled-jsx/style
2025-09-20T01:42:38.809Z next:jsconfig-paths-plugin skipping request as it is a relative path ./useCategories
2025-09-20T01:42:38.810Z next:jsconfig-paths-plugin skipping request as it is a relative path ./useFilteredProducts
2025-09-20T01:42:38.811Z next:jsconfig-paths-plugin moduleName did not match any paths pattern styled-jsx/style
2025-09-20T01:42:38.811Z next:jsconfig-paths-plugin skipping request as it is a relative path ./useCategories
2025-09-20T01:42:38.811Z next:jsconfig-paths-plugin skipping request as it is a relative path ./useFilteredProducts
2025-09-20T01:42:38.812Z next:jsconfig-paths-plugin skipping request as it is an absolute path C:\Users\marti\Desktop\DESARROLLOSW\BOILERPLATTE E-COMMERCE\src\app\context\PreviewSliderContext
2025-09-20T01:42:38.812Z next:jsconfig-paths-plugin skipping request as it is an absolute path C:\Users\marti\Desktop\DESARROLLOSW\BOILERPLATTE E-COMMERCE\src\app\context\PreviewSliderContext
2025-09-20T01:42:38.812Z next:jsconfig-paths-plugin skipping request as it is an absolute path C:\Users\marti\Desktop\DESARROLLOSW\BOILERPLATTE E-COMMERCE\src\redux\store
2025-09-20T01:42:38.812Z next:jsconfig-paths-plugin skipping request as it is an absolute path C:\Users\marti\Desktop\DESARROLLOSW\BOILERPLATTE E-COMMERCE\src\redux\store
2025-09-20T01:42:38.812Z next:jsconfig-paths-plugin skipping request as it is an absolute path C:\Users\marti\Desktop\DESARROLLOSW\BOILERPLATTE E-COMMERCE\src\redux\store
2025-09-20T01:42:38.812Z next:jsconfig-paths-plugin skipping request as it is an absolute path C:\Users\marti\Desktop\DESARROLLOSW\BOILERPLATTE E-COMMERCE\src\app\context\QuickViewModalContext
2025-09-20T01:42:38.812Z next:jsconfig-paths-plugin skipping request as it is an absolute path C:\Users\marti\Desktop\DESARROLLOSW\BOILERPLATTE E-COMMERCE\src\app\context\QuickViewModalContext
2025-09-20T01:42:38.812Z next:jsconfig-paths-plugin skipping request as it is an absolute path C:\Users\marti\Desktop\DESARROLLOSW\BOILERPLATTE E-COMMERCE\src\redux\features\cart-slice
2025-09-20T01:42:38.812Z next:jsconfig-paths-plugin skipping request as it is an absolute path C:\Users\marti\Desktop\DESARROLLOSW\BOILERPLATTE E-COMMERCE\src\redux\features\cart-slice
2025-09-20T01:42:38.812Z next:jsconfig-paths-plugin skipping request as it is an absolute path C:\Users\marti\Desktop\DESARROLLOSW\BOILERPLATTE E-COMMERCE\src\redux\features\product-details
2025-09-20T01:42:38.812Z next:jsconfig-paths-plugin skipping request as it is an absolute path C:\Users\marti\Desktop\DESARROLLOSW\BOILERPLATTE E-COMMERCE\src\redux\features\product-details
2025-09-20T01:42:38.812Z next:jsconfig-paths-plugin skipping request as it is an absolute path C:\Users\marti\Desktop\DESARROLLOSW\BOILERPLATTE E-COMMERCE\src\components\ui\button
2025-09-20T01:42:38.812Z next:jsconfig-paths-plugin skipping request as it is an absolute path C:\Users\marti\Desktop\DESARROLLOSW\BOILERPLATTE E-COMMERCE\src\components\ui\button
2025-09-20T01:42:38.812Z next:jsconfig-paths-plugin skipping request as it is an absolute path C:\Users\marti\Desktop\DESARROLLOSW\BOILERPLATTE E-COMMERCE\src\components\ui\optimized-cart-icon
2025-09-20T01:42:38.812Z next:jsconfig-paths-plugin skipping request as it is an absolute path C:\Users\marti\Desktop\DESARROLLOSW\BOILERPLATTE E-COMMERCE\src\app\context\CartSidebarModalContext
2025-09-20T01:42:38.812Z next:jsconfig-paths-plugin skipping request as it is an absolute path C:\Users\marti\Desktop\DESARROLLOSW\BOILERPLATTE E-COMMERCE\src\redux\store
2025-09-20T01:42:38.812Z next:jsconfig-paths-plugin skipping request as it is an absolute path C:\Users\marti\Desktop\DESARROLLOSW\BOILERPLATTE E-COMMERCE\src\redux\features\cart-slice
2025-09-20T01:42:38.812Z next:jsconfig-paths-plugin skipping request as it is an absolute path C:\Users\marti\Desktop\DESARROLLOSW\BOILERPLATTE E-COMMERCE\src\hooks\useCartAnimation
2025-09-20T01:42:38.812Z next:jsconfig-paths-plugin skipping request as it is an absolute path C:\Users\marti\Desktop\DESARROLLOSW\BOILERPLATTE E-COMMERCE\src\app\context\CartSidebarModalContext
2025-09-20T01:42:38.812Z next:jsconfig-paths-plugin skipping request as it is an absolute path C:\Users\marti\Desktop\DESARROLLOSW\BOILERPLATTE E-COMMERCE\src\redux\features\quickView-slice
2025-09-20T01:42:38.812Z next:jsconfig-paths-plugin skipping request as it is an absolute path C:\Users\marti\Desktop\DESARROLLOSW\BOILERPLATTE E-COMMERCE\src\redux\features\wishlist-slice
2025-09-20T01:42:38.812Z next:jsconfig-paths-plugin skipping request as it is an absolute path C:\Users\marti\Desktop\DESARROLLOSW\BOILERPLATTE E-COMMERCE\src\components\ui\product-card-commercial
2025-09-20T01:42:38.816Z next:jsconfig-paths-plugin skipping request as it is an absolute path C:\Users\marti\Desktop\DESARROLLOSW\BOILERPLATTE E-COMMERCE\src\redux\store
2025-09-20T01:42:38.816Z next:jsconfig-paths-plugin skipping request as it is an absolute path C:\Users\marti\Desktop\DESARROLLOSW\BOILERPLATTE E-COMMERCE\src\redux\store
2025-09-20T01:42:38.816Z next:jsconfig-paths-plugin skipping request as it is an absolute path C:\Users\marti\Desktop\DESARROLLOSW\BOILERPLATTE E-COMMERCE\src\redux\store
2025-09-20T01:42:38.816Z next:jsconfig-paths-plugin skipping request as it is an absolute path C:\Users\marti\Desktop\DESARROLLOSW\BOILERPLATTE E-COMMERCE\src\redux\store
2025-09-20T01:42:38.816Z next:jsconfig-paths-plugin skipping request as it is an absolute path C:\Users\marti\Desktop\DESARROLLOSW\BOILERPLATTE E-COMMERCE\src\hooks\useCartAnimation
2025-09-20T01:42:38.816Z next:jsconfig-paths-plugin skipping request as it is an absolute path C:\Users\marti\Desktop\DESARROLLOSW\BOILERPLATTE E-COMMERCE\src\app\context\PreviewSliderContext
2025-09-20T01:42:38.816Z next:jsconfig-paths-plugin skipping request as it is an absolute path C:\Users\marti\Desktop\DESARROLLOSW\BOILERPLATTE E-COMMERCE\src\app\context\PreviewSliderContext
2025-09-20T01:42:38.816Z next:jsconfig-paths-plugin skipping request as it is an absolute path C:\Users\marti\Desktop\DESARROLLOSW\BOILERPLATTE E-COMMERCE\src\app\context\QuickViewModalContext
2025-09-20T01:42:38.816Z next:jsconfig-paths-plugin skipping request as it is an absolute path C:\Users\marti\Desktop\DESARROLLOSW\BOILERPLATTE E-COMMERCE\src\app\context\QuickViewModalContext
2025-09-20T01:42:38.816Z next:jsconfig-paths-plugin skipping request as it is an absolute path C:\Users\marti\Desktop\DESARROLLOSW\BOILERPLATTE E-COMMERCE\src\redux\features\cart-slice
2025-09-20T01:42:38.816Z next:jsconfig-paths-plugin skipping request as it is an absolute path C:\Users\marti\Desktop\DESARROLLOSW\BOILERPLATTE E-COMMERCE\src\redux\features\cart-slice
2025-09-20T01:42:38.816Z next:jsconfig-paths-plugin skipping request as it is an absolute path C:\Users\marti\Desktop\DESARROLLOSW\BOILERPLATTE E-COMMERCE\src\redux\features\product-details
2025-09-20T01:42:38.816Z next:jsconfig-paths-plugin skipping request as it is an absolute path C:\Users\marti\Desktop\DESARROLLOSW\BOILERPLATTE E-COMMERCE\src\redux\features\product-details
2025-09-20T01:42:38.816Z next:jsconfig-paths-plugin skipping request as it is an absolute path C:\Users\marti\Desktop\DESARROLLOSW\BOILERPLATTE E-COMMERCE\src\components\ui\button
2025-09-20T01:42:38.816Z next:jsconfig-paths-plugin skipping request as it is an absolute path C:\Users\marti\Desktop\DESARROLLOSW\BOILERPLATTE E-COMMERCE\src\components\ui\button
2025-09-20T01:42:38.816Z next:jsconfig-paths-plugin skipping request as it is an absolute path C:\Users\marti\Desktop\DESARROLLOSW\BOILERPLATTE E-COMMERCE\src\components\ui\optimized-cart-icon
2025-09-20T01:42:38.816Z next:jsconfig-paths-plugin skipping request as it is an absolute path C:\Users\marti\Desktop\DESARROLLOSW\BOILERPLATTE E-COMMERCE\src\app\context\CartSidebarModalContext
2025-09-20T01:42:38.817Z next:jsconfig-paths-plugin skipping request as it is an absolute path C:\Users\marti\Desktop\DESARROLLOSW\BOILERPLATTE E-COMMERCE\src\redux\features\cart-slice
2025-09-20T01:42:38.817Z next:jsconfig-paths-plugin skipping request as it is an absolute path C:\Users\marti\Desktop\DESARROLLOSW\BOILERPLATTE E-COMMERCE\src\app\context\CartSidebarModalContext
2025-09-20T01:42:38.817Z next:jsconfig-paths-plugin skipping request as it is an absolute path C:\Users\marti\Desktop\DESARROLLOSW\BOILERPLATTE E-COMMERCE\src\redux\features\quickView-slice
2025-09-20T01:42:38.817Z next:jsconfig-paths-plugin skipping request as it is an absolute path C:\Users\marti\Desktop\DESARROLLOSW\BOILERPLATTE E-COMMERCE\src\redux\features\wishlist-slice
2025-09-20T01:42:38.817Z next:jsconfig-paths-plugin skipping request as it is an absolute path C:\Users\marti\Desktop\DESARROLLOSW\BOILERPLATTE E-COMMERCE\src\components\ui\product-card-commercial
2025-09-20T01:42:38.821Z next:jsconfig-paths-plugin skipping request as it is a relative path ../notifications/email
2025-09-20T01:42:38.821Z next:jsconfig-paths-plugin skipping request as it is a relative path ../notifications/slack
2025-09-20T01:42:38.822Z next:jsconfig-paths-plugin skipping request as it is an absolute path C:\Users\marti\Desktop\DESARROLLOSW\BOILERPLATTE E-COMMERCE\src\redux\store
2025-09-20T01:42:38.822Z next:jsconfig-paths-plugin skipping request as it is an absolute path C:\Users\marti\Desktop\DESARROLLOSW\BOILERPLATTE E-COMMERCE\src\redux\features\cart-slice
2025-09-20T01:42:38.822Z next:jsconfig-paths-plugin skipping request as it is an absolute path C:\Users\marti\Desktop\DESARROLLOSW\BOILERPLATTE E-COMMERCE\src\redux\middleware\cartPersistence
2025-09-20T01:42:38.823Z next:jsconfig-paths-plugin skipping request as it is an absolute path C:\Users\marti\Desktop\DESARROLLOSW\BOILERPLATTE E-COMMERCE\src\redux\store
2025-09-20T01:42:38.823Z next:jsconfig-paths-plugin skipping request as it is an absolute path C:\Users\marti\Desktop\DESARROLLOSW\BOILERPLATTE E-COMMERCE\src\redux\features\cart-slice
2025-09-20T01:42:38.823Z next:jsconfig-paths-plugin skipping request as it is an absolute path C:\Users\marti\Desktop\DESARROLLOSW\BOILERPLATTE E-COMMERCE\src\redux\middleware\cartPersistence
2025-09-20T01:42:38.824Z next:jsconfig-paths-plugin skipping request as it is a relative path ./UserAvatarDropdown
2025-09-20T01:42:38.824Z next:jsconfig-paths-plugin skipping request as it is a relative path ./UserAvatarDropdown
2025-09-20T01:42:38.824Z next:jsconfig-paths-plugin skipping request as it is an absolute path C:\Users\marti\Desktop\DESARROLLOSW\BOILERPLATTE E-COMMERCE\src\hooks\useNetworkErrorHandler
2025-09-20T01:42:38.825Z next:jsconfig-paths-plugin skipping request as it is an absolute path C:\Users\marti\Desktop\DESARROLLOSW\BOILERPLATTE E-COMMERCE\src\hooks\useNetworkErrorHandler
2025-09-20T01:42:38.827Z next:jsconfig-paths-plugin skipping request as it is a relative path ./dialog
2025-09-20T01:42:38.827Z next:jsconfig-paths-plugin skipping request as it is a relative path ./alert-dialog
2025-09-20T01:42:38.827Z next:jsconfig-paths-plugin skipping request as it is an absolute path C:\Users\marti\Desktop\DESARROLLOSW\BOILERPLATTE E-COMMERCE\src\lib\utils
2025-09-20T01:42:38.827Z next:jsconfig-paths-plugin skipping request as it is an absolute path C:\Users\marti\Desktop\DESARROLLOSW\BOILERPLATTE E-COMMERCE\src\lib\utils
2025-09-20T01:42:38.827Z next:jsconfig-paths-plugin skipping request as it is an absolute path C:\Users\marti\Desktop\DESARROLLOSW\BOILERPLATTE E-COMMERCE\src\lib\utils
2025-09-20T01:42:38.827Z next:jsconfig-paths-plugin skipping request as it is an absolute path C:\Users\marti\Desktop\DESARROLLOSW\BOILERPLATTE E-COMMERCE\src\lib\utils
2025-09-20T01:42:38.828Z next:jsconfig-paths-plugin skipping request as it is an absolute path C:\Users\marti\Desktop\DESARROLLOSW\BOILERPLATTE E-COMMERCE\src\lib\optimized-imports
2025-09-20T01:42:38.828Z next:jsconfig-paths-plugin skipping request as it is an absolute path C:\Users\marti\Desktop\DESARROLLOSW\BOILERPLATTE E-COMMERCE\src\lib\utils
2025-09-20T01:42:38.828Z next:jsconfig-paths-plugin skipping request as it is an absolute path C:\Users\marti\Desktop\DESARROLLOSW\BOILERPLATTE E-COMMERCE\src\components\ui\button
2025-09-20T01:42:38.828Z next:jsconfig-paths-plugin skipping request as it is an absolute path C:\Users\marti\Desktop\DESARROLLOSW\BOILERPLATTE E-COMMERCE\src\lib\utils
2025-09-20T01:42:38.828Z next:jsconfig-paths-plugin skipping request as it is an absolute path C:\Users\marti\Desktop\DESARROLLOSW\BOILERPLATTE E-COMMERCE\src\lib\utils
2025-09-20T01:42:38.828Z next:jsconfig-paths-plugin skipping request as it is an absolute path C:\Users\marti\Desktop\DESARROLLOSW\BOILERPLATTE E-COMMERCE\src\lib\optimized-imports
2025-09-20T01:42:38.828Z next:jsconfig-paths-plugin skipping request as it is an absolute path C:\Users\marti\Desktop\DESARROLLOSW\BOILERPLATTE E-COMMERCE\src\lib\utils
2025-09-20T01:42:38.828Z next:jsconfig-paths-plugin skipping request as it is an absolute path C:\Users\marti\Desktop\DESARROLLOSW\BOILERPLATTE E-COMMERCE\src\components\ui\button
2025-09-20T01:42:38.828Z next:jsconfig-paths-plugin skipping request as it is an absolute path C:\Users\marti\Desktop\DESARROLLOSW\BOILERPLATTE E-COMMERCE\src\components\ui\card
2025-09-20T01:42:38.828Z next:jsconfig-paths-plugin skipping request as it is an absolute path C:\Users\marti\Desktop\DESARROLLOSW\BOILERPLATTE E-COMMERCE\src\components\ui\button
2025-09-20T01:42:38.828Z next:jsconfig-paths-plugin skipping request as it is an absolute path C:\Users\marti\Desktop\DESARROLLOSW\BOILERPLATTE E-COMMERCE\src\components\ui\badge
2025-09-20T01:42:38.828Z next:jsconfig-paths-plugin skipping request as it is an absolute path C:\Users\marti\Desktop\DESARROLLOSW\BOILERPLATTE E-COMMERCE\src\lib\utils
2025-09-20T01:42:38.829Z next:jsconfig-paths-plugin skipping request as it is a relative path ./dialog
2025-09-20T01:42:38.829Z next:jsconfig-paths-plugin skipping request as it is a relative path ./alert-dialog
2025-09-20T01:42:38.833Z next:jsconfig-paths-plugin skipping request as it is an absolute path C:\Users\marti\Desktop\DESARROLLOSW\BOILERPLATTE E-COMMERCE\src\lib\optimized-imports
2025-09-20T01:42:38.833Z next:jsconfig-paths-plugin skipping request as it is an absolute path C:\Users\marti\Desktop\DESARROLLOSW\BOILERPLATTE E-COMMERCE\src\lib\optimized-imports
2025-09-20T01:42:38.833Z next:jsconfig-paths-plugin skipping request as it is an absolute path C:\Users\marti\Desktop\DESARROLLOSW\BOILERPLATTE E-COMMERCE\src\components\ui\button
2025-09-20T01:42:38.833Z next:jsconfig-paths-plugin skipping request as it is an absolute path C:\Users\marti\Desktop\DESARROLLOSW\BOILERPLATTE E-COMMERCE\src\components\ui\button
2025-09-20T01:42:38.833Z next:jsconfig-paths-plugin skipping request as it is an absolute path C:\Users\marti\Desktop\DESARROLLOSW\BOILERPLATTE E-COMMERCE\src\components\ui\card
2025-09-20T01:42:38.833Z next:jsconfig-paths-plugin skipping request as it is an absolute path C:\Users\marti\Desktop\DESARROLLOSW\BOILERPLATTE E-COMMERCE\src\components\ui\button
2025-09-20T01:42:38.833Z next:jsconfig-paths-plugin skipping request as it is an absolute path C:\Users\marti\Desktop\DESARROLLOSW\BOILERPLATTE E-COMMERCE\src\components\ui\badge
2025-09-20T01:42:38.834Z next:jsconfig-paths-plugin skipping request as it is an absolute path C:\Users\marti\Desktop\DESARROLLOSW\BOILERPLATTE E-COMMERCE\src\lib\utils
2025-09-20T01:42:38.834Z next:jsconfig-paths-plugin skipping request as it is an absolute path C:\Users\marti\Desktop\DESARROLLOSW\BOILERPLATTE E-COMMERCE\src\lib\utils
2025-09-20T01:42:38.834Z next:jsconfig-paths-plugin skipping request as it is an absolute path C:\Users\marti\Desktop\DESARROLLOSW\BOILERPLATTE E-COMMERCE\src\lib\utils
2025-09-20T01:42:38.834Z next:jsconfig-paths-plugin skipping request as it is an absolute path C:\Users\marti\Desktop\DESARROLLOSW\BOILERPLATTE E-COMMERCE\src\lib\utils
2025-09-20T01:42:38.834Z next:jsconfig-paths-plugin skipping request as it is an absolute path C:\Users\marti\Desktop\DESARROLLOSW\BOILERPLATTE E-COMMERCE\src\lib\utils
2025-09-20T01:42:38.835Z next:jsconfig-paths-plugin skipping request as it is an absolute path C:\Users\marti\Desktop\DESARROLLOSW\BOILERPLATTE E-COMMERCE\src\lib\utils
2025-09-20T01:42:38.835Z next:jsconfig-paths-plugin skipping request as it is an absolute path C:\Users\marti\Desktop\DESARROLLOSW\BOILERPLATTE E-COMMERCE\src\lib\utils
2025-09-20T01:42:38.835Z next:jsconfig-paths-plugin skipping request as it is an absolute path C:\Users\marti\Desktop\DESARROLLOSW\BOILERPLATTE E-COMMERCE\src\lib\utils
2025-09-20T01:42:38.835Z next:jsconfig-paths-plugin skipping request as it is an absolute path C:\Users\marti\Desktop\DESARROLLOSW\BOILERPLATTE E-COMMERCE\src\lib\utils
2025-09-20T01:42:38.841Z next:jsconfig-paths-plugin skipping request as it is an absolute path C:\Users\marti\Desktop\DESARROLLOSW\BOILERPLATTE E-COMMERCE\src\lib\json-utils
2025-09-20T01:42:38.841Z next:jsconfig-paths-plugin skipping request as it is an absolute path C:\Users\marti\Desktop\DESARROLLOSW\BOILERPLATTE E-COMMERCE\src\components\ui\calendar
2025-09-20T01:42:38.841Z next:jsconfig-paths-plugin skipping request as it is an absolute path C:\Users\marti\Desktop\DESARROLLOSW\BOILERPLATTE E-COMMERCE\src\components\ui\popover
2025-09-20T01:42:38.841Z next:jsconfig-paths-plugin skipping request as it is an absolute path C:\Users\marti\Desktop\DESARROLLOSW\BOILERPLATTE E-COMMERCE\src\components\ui\progress
2025-09-20T01:42:38.841Z next:jsconfig-paths-plugin skipping request as it is an absolute path C:\Users\marti\Desktop\DESARROLLOSW\BOILERPLATTE E-COMMERCE\src\components\ui\cart-summary
2025-09-20T01:42:38.841Z next:jsconfig-paths-plugin skipping request as it is an absolute path C:\Users\marti\Desktop\DESARROLLOSW\BOILERPLATTE E-COMMERCE\src\app\context\QuickViewModalContext
2025-09-20T01:42:38.841Z next:jsconfig-paths-plugin skipping request as it is an absolute path C:\Users\marti\Desktop\DESARROLLOSW\BOILERPLATTE E-COMMERCE\src\redux\features\quickView-slice
2025-09-20T01:42:38.841Z next:jsconfig-paths-plugin skipping request as it is an absolute path C:\Users\marti\Desktop\DESARROLLOSW\BOILERPLATTE E-COMMERCE\src\redux\features\cart-slice
2025-09-20T01:42:38.841Z next:jsconfig-paths-plugin skipping request as it is an absolute path C:\Users\marti\Desktop\DESARROLLOSW\BOILERPLATTE E-COMMERCE\src\redux\features\wishlist-slice
2025-09-20T01:42:38.841Z next:jsconfig-paths-plugin skipping request as it is an absolute path C:\Users\marti\Desktop\DESARROLLOSW\BOILERPLATTE E-COMMERCE\src\components\ui\product-card-commercial
2025-09-20T01:42:38.842Z next:jsconfig-paths-plugin skipping request as it is an absolute path C:\Users\marti\Desktop\DESARROLLOSW\BOILERPLATTE E-COMMERCE\src\lib\json-utils
2025-09-20T01:42:38.843Z next:jsconfig-paths-plugin skipping request as it is an absolute path C:\Users\marti\Desktop\DESARROLLOSW\BOILERPLATTE E-COMMERCE\src\components\ui\calendar
2025-09-20T01:42:38.843Z next:jsconfig-paths-plugin skipping request as it is an absolute path C:\Users\marti\Desktop\DESARROLLOSW\BOILERPLATTE E-COMMERCE\src\components\ui\popover
2025-09-20T01:42:38.843Z next:jsconfig-paths-plugin skipping request as it is an absolute path C:\Users\marti\Desktop\DESARROLLOSW\BOILERPLATTE E-COMMERCE\src\components\ui\progress
2025-09-20T01:42:38.843Z next:jsconfig-paths-plugin skipping request as it is an absolute path C:\Users\marti\Desktop\DESARROLLOSW\BOILERPLATTE E-COMMERCE\src\components\ui\cart-summary
2025-09-20T01:42:38.843Z next:jsconfig-paths-plugin skipping request as it is an absolute path C:\Users\marti\Desktop\DESARROLLOSW\BOILERPLATTE E-COMMERCE\src\app\context\QuickViewModalContext
2025-09-20T01:42:38.843Z next:jsconfig-paths-plugin skipping request as it is an absolute path C:\Users\marti\Desktop\DESARROLLOSW\BOILERPLATTE E-COMMERCE\src\redux\features\quickView-slice
2025-09-20T01:42:38.843Z next:jsconfig-paths-plugin skipping request as it is an absolute path C:\Users\marti\Desktop\DESARROLLOSW\BOILERPLATTE E-COMMERCE\src\redux\features\cart-slice
2025-09-20T01:42:38.843Z next:jsconfig-paths-plugin skipping request as it is an absolute path C:\Users\marti\Desktop\DESARROLLOSW\BOILERPLATTE E-COMMERCE\src\redux\features\wishlist-slice
2025-09-20T01:42:38.843Z next:jsconfig-paths-plugin skipping request as it is an absolute path C:\Users\marti\Desktop\DESARROLLOSW\BOILERPLATTE E-COMMERCE\src\components\ui\product-card-commercial
2025-09-20T01:42:38.846Z next:jsconfig-paths-plugin skipping request as it is an absolute path C:\Users\marti\Desktop\DESARROLLOSW\BOILERPLATTE E-COMMERCE\src\app\context\CartSidebarModalContext
2025-09-20T01:42:38.846Z next:jsconfig-paths-plugin skipping request as it is an absolute path C:\Users\marti\Desktop\DESARROLLOSW\BOILERPLATTE E-COMMERCE\src\redux\features\cart-slice
2025-09-20T01:42:38.846Z next:jsconfig-paths-plugin skipping request as it is an absolute path C:\Users\marti\Desktop\DESARROLLOSW\BOILERPLATTE E-COMMERCE\src\redux\store
2025-09-20T01:42:38.846Z next:jsconfig-paths-plugin skipping request as it is an absolute path C:\Users\marti\Desktop\DESARROLLOSW\BOILERPLATTE E-COMMERCE\src\hooks\useCartWithBackend
2025-09-20T01:42:38.847Z next:jsconfig-paths-plugin skipping request as it is an absolute path C:\Users\marti\Desktop\DESARROLLOSW\BOILERPLATTE E-COMMERCE\src\redux\store
2025-09-20T01:42:38.847Z next:jsconfig-paths-plugin skipping request as it is an absolute path C:\Users\marti\Desktop\DESARROLLOSW\BOILERPLATTE E-COMMERCE\src\hooks\useCartWithBackend
2025-09-20T01:42:38.847Z next:jsconfig-paths-plugin skipping request as it is an absolute path C:\Users\marti\Desktop\DESARROLLOSW\BOILERPLATTE E-COMMERCE\src\app\context\CartSidebarModalContext
2025-09-20T01:42:38.847Z next:jsconfig-paths-plugin skipping request as it is an absolute path C:\Users\marti\Desktop\DESARROLLOSW\BOILERPLATTE E-COMMERCE\src\redux\features\cart-slice
2025-09-20T01:42:38.848Z next:jsconfig-paths-plugin skipping request as it is an absolute path C:\Users\marti\Desktop\DESARROLLOSW\BOILERPLATTE E-COMMERCE\src\lib\query-client
2025-09-20T01:42:38.849Z next:jsconfig-paths-plugin skipping request as it is an absolute path C:\Users\marti\Desktop\DESARROLLOSW\BOILERPLATTE E-COMMERCE\src\lib\query-client
2025-09-20T01:42:38.849Z next:jsconfig-paths-plugin skipping request as it is a relative path ./SingleItem
2025-09-20T01:42:38.849Z next:jsconfig-paths-plugin skipping request as it is a relative path ./SingleItem
2025-09-20T01:42:38.849Z next:jsconfig-paths-plugin skipping request as it is a relative path ./EmptyCart
2025-09-20T01:42:38.849Z next:jsconfig-paths-plugin skipping request as it is a relative path ./EmptyCart
2025-09-20T01:42:38.850Z next:jsconfig-paths-plugin skipping request as it is an absolute path C:\Users\marti\Desktop\DESARROLLOSW\BOILERPLATTE E-COMMERCE\src\components\ui\shipping-progress-bar
2025-09-20T01:42:38.850Z next:jsconfig-paths-plugin skipping request as it is an absolute path C:\Users\marti\Desktop\DESARROLLOSW\BOILERPLATTE E-COMMERCE\src\components\ui\shipping-progress-bar
2025-09-20T01:42:38.853Z next:jsconfig-paths-plugin skipping request as it is an absolute path C:\Users\marti\Desktop\DESARROLLOSW\BOILERPLATTE E-COMMERCE\src\components\ui\card
2025-09-20T01:42:38.853Z next:jsconfig-paths-plugin skipping request as it is an absolute path C:\Users\marti\Desktop\DESARROLLOSW\BOILERPLATTE E-COMMERCE\src\components\ui\button
2025-09-20T01:42:38.853Z next:jsconfig-paths-plugin skipping request as it is an absolute path C:\Users\marti\Desktop\DESARROLLOSW\BOILERPLATTE E-COMMERCE\src\components\ui\badge
2025-09-20T01:42:38.853Z next:jsconfig-paths-plugin skipping request as it is an absolute path C:\Users\marti\Desktop\DESARROLLOSW\BOILERPLATTE E-COMMERCE\src\components\ui\price-display
2025-09-20T01:42:38.853Z next:jsconfig-paths-plugin skipping request as it is an absolute path C:\Users\marti\Desktop\DESARROLLOSW\BOILERPLATTE E-COMMERCE\src\components\ui\shipping-info
2025-09-20T01:42:38.853Z next:jsconfig-paths-plugin skipping request as it is an absolute path C:\Users\marti\Desktop\DESARROLLOSW\BOILERPLATTE E-COMMERCE\src\lib\utils
2025-09-20T01:42:38.853Z next:jsconfig-paths-plugin skipping request as it is an absolute path C:\Users\marti\Desktop\DESARROLLOSW\BOILERPLATTE E-COMMERCE\src\components\ui\card
2025-09-20T01:42:38.853Z next:jsconfig-paths-plugin skipping request as it is an absolute path C:\Users\marti\Desktop\DESARROLLOSW\BOILERPLATTE E-COMMERCE\src\components\ui\button
2025-09-20T01:42:38.853Z next:jsconfig-paths-plugin skipping request as it is an absolute path C:\Users\marti\Desktop\DESARROLLOSW\BOILERPLATTE E-COMMERCE\src\components\ui\badge
2025-09-20T01:42:38.853Z next:jsconfig-paths-plugin skipping request as it is an absolute path C:\Users\marti\Desktop\DESARROLLOSW\BOILERPLATTE E-COMMERCE\src\components\ui\price-display
2025-09-20T01:42:38.853Z next:jsconfig-paths-plugin skipping request as it is an absolute path C:\Users\marti\Desktop\DESARROLLOSW\BOILERPLATTE E-COMMERCE\src\components\ui\shipping-info
2025-09-20T01:42:38.853Z next:jsconfig-paths-plugin skipping request as it is an absolute path C:\Users\marti\Desktop\DESARROLLOSW\BOILERPLATTE E-COMMERCE\src\lib\utils
2025-09-20T01:42:38.853Z next:jsconfig-paths-plugin skipping request as it is an absolute path C:\Users\marti\Desktop\DESARROLLOSW\BOILERPLATTE E-COMMERCE\src\lib\core\utils
2025-09-20T01:42:38.853Z next:jsconfig-paths-plugin skipping request as it is an absolute path C:\Users\marti\Desktop\DESARROLLOSW\BOILERPLATTE E-COMMERCE\src\lib\core\utils
2025-09-20T01:42:38.853Z next:jsconfig-paths-plugin skipping request as it is an absolute path C:\Users\marti\Desktop\DESARROLLOSW\BOILERPLATTE E-COMMERCE\src\lib\core\utils
2025-09-20T01:42:38.853Z next:jsconfig-paths-plugin skipping request as it is an absolute path C:\Users\marti\Desktop\DESARROLLOSW\BOILERPLATTE E-COMMERCE\src\lib\core\utils
2025-09-20T01:42:38.853Z next:jsconfig-paths-plugin skipping request as it is an absolute path C:\Users\marti\Desktop\DESARROLLOSW\BOILERPLATTE E-COMMERCE\src\lib\utils\geolocation
2025-09-20T01:42:38.853Z next:jsconfig-paths-plugin skipping request as it is an absolute path C:\Users\marti\Desktop\DESARROLLOSW\BOILERPLATTE E-COMMERCE\src\lib\core\utils
2025-09-20T01:42:38.853Z next:jsconfig-paths-plugin skipping request as it is an absolute path C:\Users\marti\Desktop\DESARROLLOSW\BOILERPLATTE E-COMMERCE\src\contexts\ModalContext
2025-09-20T01:42:38.853Z next:jsconfig-paths-plugin skipping request as it is an absolute path C:\Users\marti\Desktop\DESARROLLOSW\BOILERPLATTE E-COMMERCE\src\lib\core\utils
2025-09-20T01:42:38.853Z next:jsconfig-paths-plugin skipping request as it is an absolute path C:\Users\marti\Desktop\DESARROLLOSW\BOILERPLATTE E-COMMERCE\src\lib\core\utils
2025-09-20T01:42:38.853Z next:jsconfig-paths-plugin skipping request as it is an absolute path C:\Users\marti\Desktop\DESARROLLOSW\BOILERPLATTE E-COMMERCE\src\contexts\ModalContext
2025-09-20T01:42:38.857Z next:jsconfig-paths-plugin skipping request as it is an absolute path C:\Users\marti\Desktop\DESARROLLOSW\BOILERPLATTE E-COMMERCE\src\contexts\ModalContext
2025-09-20T01:42:38.857Z next:jsconfig-paths-plugin skipping request as it is an absolute path C:\Users\marti\Desktop\DESARROLLOSW\BOILERPLATTE E-COMMERCE\src\contexts\ModalContext
2025-09-20T01:42:38.857Z next:jsconfig-paths-plugin skipping request as it is an absolute path C:\Users\marti\Desktop\DESARROLLOSW\BOILERPLATTE E-COMMERCE\src\components\ui\card
2025-09-20T01:42:38.857Z next:jsconfig-paths-plugin skipping request as it is an absolute path C:\Users\marti\Desktop\DESARROLLOSW\BOILERPLATTE E-COMMERCE\src\components\ui\button
2025-09-20T01:42:38.857Z next:jsconfig-paths-plugin skipping request as it is an absolute path C:\Users\marti\Desktop\DESARROLLOSW\BOILERPLATTE E-COMMERCE\src\components\ui\badge
2025-09-20T01:42:38.857Z next:jsconfig-paths-plugin skipping request as it is an absolute path C:\Users\marti\Desktop\DESARROLLOSW\BOILERPLATTE E-COMMERCE\src\components\ui\price-display
2025-09-20T01:42:38.857Z next:jsconfig-paths-plugin skipping request as it is an absolute path C:\Users\marti\Desktop\DESARROLLOSW\BOILERPLATTE E-COMMERCE\src\components\ui\shipping-info
2025-09-20T01:42:38.857Z next:jsconfig-paths-plugin skipping request as it is an absolute path C:\Users\marti\Desktop\DESARROLLOSW\BOILERPLATTE E-COMMERCE\src\components\ui\card
2025-09-20T01:42:38.857Z next:jsconfig-paths-plugin skipping request as it is an absolute path C:\Users\marti\Desktop\DESARROLLOSW\BOILERPLATTE E-COMMERCE\src\components\ui\button
2025-09-20T01:42:38.857Z next:jsconfig-paths-plugin skipping request as it is an absolute path C:\Users\marti\Desktop\DESARROLLOSW\BOILERPLATTE E-COMMERCE\src\components\ui\badge
2025-09-20T01:42:38.857Z next:jsconfig-paths-plugin skipping request as it is an absolute path C:\Users\marti\Desktop\DESARROLLOSW\BOILERPLATTE E-COMMERCE\src\components\ui\price-display
2025-09-20T01:42:38.857Z next:jsconfig-paths-plugin skipping request as it is an absolute path C:\Users\marti\Desktop\DESARROLLOSW\BOILERPLATTE E-COMMERCE\src\components\ui\shipping-info
2025-09-20T01:42:38.857Z next:jsconfig-paths-plugin skipping request as it is an absolute path C:\Users\marti\Desktop\DESARROLLOSW\BOILERPLATTE E-COMMERCE\src\lib\core\utils
2025-09-20T01:42:38.857Z next:jsconfig-paths-plugin skipping request as it is an absolute path C:\Users\marti\Desktop\DESARROLLOSW\BOILERPLATTE E-COMMERCE\src\lib\core\utils
2025-09-20T01:42:38.857Z next:jsconfig-paths-plugin skipping request as it is an absolute path C:\Users\marti\Desktop\DESARROLLOSW\BOILERPLATTE E-COMMERCE\src\lib\core\utils
2025-09-20T01:42:38.857Z next:jsconfig-paths-plugin skipping request as it is an absolute path C:\Users\marti\Desktop\DESARROLLOSW\BOILERPLATTE E-COMMERCE\src\lib\core\utils
2025-09-20T01:42:38.857Z next:jsconfig-paths-plugin skipping request as it is an absolute path C:\Users\marti\Desktop\DESARROLLOSW\BOILERPLATTE E-COMMERCE\src\lib\utils\geolocation
2025-09-20T01:42:38.857Z next:jsconfig-paths-plugin skipping request as it is an absolute path C:\Users\marti\Desktop\DESARROLLOSW\BOILERPLATTE E-COMMERCE\src\lib\core\utils
2025-09-20T01:42:38.857Z next:jsconfig-paths-plugin skipping request as it is an absolute path C:\Users\marti\Desktop\DESARROLLOSW\BOILERPLATTE E-COMMERCE\src\lib\core\utils
2025-09-20T01:42:38.857Z next:jsconfig-paths-plugin skipping request as it is an absolute path C:\Users\marti\Desktop\DESARROLLOSW\BOILERPLATTE E-COMMERCE\src\lib\core\utils
2025-09-20T01:42:38.859Z next:jsconfig-paths-plugin skipping request as it is an absolute path C:\Users\marti\Desktop\DESARROLLOSW\BOILERPLATTE E-COMMERCE\src\lib\utils
2025-09-20T01:42:38.859Z next:jsconfig-paths-plugin skipping request as it is an absolute path C:\Users\marti\Desktop\DESARROLLOSW\BOILERPLATTE E-COMMERCE\src\lib\utils
2025-09-20T01:42:38.867Z next:jsconfig-paths-plugin skipping request as it is an absolute path C:\Users\marti\Desktop\DESARROLLOSW\BOILERPLATTE E-COMMERCE\src\components\ui\stock-indicator
2025-09-20T01:42:38.867Z next:jsconfig-paths-plugin skipping request as it is an absolute path C:\Users\marti\Desktop\DESARROLLOSW\BOILERPLATTE E-COMMERCE\src\components\ui\stock-indicator
2025-09-20T01:42:38.867Z next:jsconfig-paths-plugin skipping request as it is an absolute path C:\Users\marti\Desktop\DESARROLLOSW\BOILERPLATTE E-COMMERCE\src\lib\adapters\product-adapter
2025-09-20T01:42:38.867Z next:jsconfig-paths-plugin skipping request as it is an absolute path C:\Users\marti\Desktop\DESARROLLOSW\BOILERPLATTE E-COMMERCE\src\lib\adapters\product-adapter
2025-09-20T01:42:38.868Z next:jsconfig-paths-plugin skipping request as it is an absolute path C:\Users\marti\Desktop\DESARROLLOSW\BOILERPLATTE E-COMMERCE\src\components\ui\stock-indicator
2025-09-20T01:42:38.868Z next:jsconfig-paths-plugin skipping request as it is an absolute path C:\Users\marti\Desktop\DESARROLLOSW\BOILERPLATTE E-COMMERCE\src\components\ui\stock-indicator
2025-09-20T01:42:38.868Z next:jsconfig-paths-plugin skipping request as it is an absolute path C:\Users\marti\Desktop\DESARROLLOSW\BOILERPLATTE E-COMMERCE\src\lib\adapters\product-adapter
2025-09-20T01:42:38.868Z next:jsconfig-paths-plugin skipping request as it is an absolute path C:\Users\marti\Desktop\DESARROLLOSW\BOILERPLATTE E-COMMERCE\src\lib\adapters\product-adapter
2025-09-20T01:42:38.869Z next:jsconfig-paths-plugin skipping request as it is an absolute path C:\Users\marti\Desktop\DESARROLLOSW\BOILERPLATTE E-COMMERCE\src\components\ui\checkout-transition-animation
2025-09-20T01:42:38.870Z next:jsconfig-paths-plugin skipping request as it is an absolute path C:\Users\marti\Desktop\DESARROLLOSW\BOILERPLATTE E-COMMERCE\src\components\ui\checkout-transition-animation
2025-09-20T01:42:38.870Z next:jsconfig-paths-plugin skipping request as it is an absolute path C:\Users\marti\Desktop\DESARROLLOSW\BOILERPLATTE E-COMMERCE\src\hooks\useCheckoutTransition
2025-09-20T01:42:38.870Z next:jsconfig-paths-plugin skipping request as it is an absolute path C:\Users\marti\Desktop\DESARROLLOSW\BOILERPLATTE E-COMMERCE\src\hooks\useCheckoutTransition
2025-09-20T01:42:38.877Z next:jsconfig-paths-plugin moduleName did not match any paths pattern perf_hooks
2025-09-20T01:42:38.878Z next:jsconfig-paths-plugin moduleName did not match any paths pattern perf_hooks
2025-09-20T01:42:38.928Z next:jsconfig-paths-plugin skipping request as it is a relative path ./badge
2025-09-20T01:42:38.928Z next:jsconfig-paths-plugin skipping request as it is an absolute path C:\Users\marti\Desktop\DESARROLLOSW\BOILERPLATTE E-COMMERCE\src\lib\api\products
2025-09-20T01:42:38.928Z next:jsconfig-paths-plugin skipping request as it is an absolute path C:\Users\marti\Desktop\DESARROLLOSW\BOILERPLATTE E-COMMERCE\src\lib\utils
2025-09-20T01:42:38.928Z next:jsconfig-paths-plugin skipping request as it is a relative path ./badge
2025-09-20T01:42:38.929Z next:jsconfig-paths-plugin skipping request as it is an absolute path C:\Users\marti\Desktop\DESARROLLOSW\BOILERPLATTE E-COMMERCE\src\lib\api\products
2025-09-20T01:42:38.929Z next:jsconfig-paths-plugin skipping request as it is an absolute path C:\Users\marti\Desktop\DESARROLLOSW\BOILERPLATTE E-COMMERCE\src\lib\utils
2025-09-20T01:42:38.933Z next:jsconfig-paths-plugin skipping request as it is an absolute path C:\Users\marti\Desktop\DESARROLLOSW\BOILERPLATTE E-COMMERCE\src\lib\query-client
2025-09-20T01:42:38.933Z next:jsconfig-paths-plugin skipping request as it is an absolute path C:\Users\marti\Desktop\DESARROLLOSW\BOILERPLATTE E-COMMERCE\src\constants\shop
2025-09-20T01:42:38.933Z next:jsconfig-paths-plugin skipping request as it is an absolute path C:\Users\marti\Desktop\DESARROLLOSW\BOILERPLATTE E-COMMERCE\src\lib\api\products
2025-09-20T01:42:38.933Z next:jsconfig-paths-plugin skipping request as it is an absolute path C:\Users\marti\Desktop\DESARROLLOSW\BOILERPLATTE E-COMMERCE\src\constants\shop
2025-09-20T01:42:38.934Z next:jsconfig-paths-plugin skipping request as it is an absolute path C:\Users\marti\Desktop\DESARROLLOSW\BOILERPLATTE E-COMMERCE\src\lib\query-client
2025-09-20T01:42:38.934Z next:jsconfig-paths-plugin skipping request as it is an absolute path C:\Users\marti\Desktop\DESARROLLOSW\BOILERPLATTE E-COMMERCE\src\constants\shop
2025-09-20T01:42:38.934Z next:jsconfig-paths-plugin skipping request as it is an absolute path C:\Users\marti\Desktop\DESARROLLOSW\BOILERPLATTE E-COMMERCE\src\constants\shop
2025-09-20T01:42:38.935Z next:jsconfig-paths-plugin skipping request as it is an absolute path C:\Users\marti\Desktop\DESARROLLOSW\BOILERPLATTE E-COMMERCE\src\lib\api\products
2025-09-20T01:42:38.943Z next:jsconfig-paths-plugin skipping request as it is a relative path ./useTrendingSearches
2025-09-20T01:42:38.943Z next:jsconfig-paths-plugin skipping request as it is a relative path ./useTrendingSearches
2025-09-20T01:42:38.943Z next:jsconfig-paths-plugin skipping request as it is an absolute path C:\Users\marti\Desktop\DESARROLLOSW\BOILERPLATTE E-COMMERCE\src\hooks\useTrendingSearches
2025-09-20T01:42:38.944Z next:jsconfig-paths-plugin skipping request as it is an absolute path C:\Users\marti\Desktop\DESARROLLOSW\BOILERPLATTE E-COMMERCE\src\hooks\useTrendingSearches
2025-09-20T01:42:38.946Z next:jsconfig-paths-plugin skipping request as it is a relative path ./useRecentSearches
2025-09-20T01:42:38.946Z next:jsconfig-paths-plugin skipping request as it is a relative path ./useRecentSearches
2025-09-20T01:42:38.947Z next:jsconfig-paths-plugin skipping request as it is an absolute path C:\Users\marti\Desktop\DESARROLLOSW\BOILERPLATTE E-COMMERCE\src\hooks\useRecentSearches
2025-09-20T01:42:38.947Z next:jsconfig-paths-plugin skipping request as it is an absolute path C:\Users\marti\Desktop\DESARROLLOSW\BOILERPLATTE E-COMMERCE\src\hooks\useRecentSearches
2025-09-20T01:42:38.947Z next:jsconfig-paths-plugin skipping request as it is a relative path ./useSearchErrorHandler
2025-09-20T01:42:38.948Z next:jsconfig-paths-plugin skipping request as it is a relative path ./useSearchErrorHandler
2025-09-20T01:42:38.948Z next:jsconfig-paths-plugin skipping request as it is a relative path ./useSearchToast
2025-09-20T01:42:38.948Z next:jsconfig-paths-plugin skipping request as it is a relative path ./useSearchToast
2025-09-20T01:42:38.948Z next:jsconfig-paths-plugin skipping request as it is a relative path ./useSearchNavigation
2025-09-20T01:42:38.949Z next:jsconfig-paths-plugin skipping request as it is a relative path ./useSearchNavigation
2025-09-20T01:42:38.964Z next:jsconfig-paths-plugin skipping request as it is an absolute path C:\Users\marti\Desktop\DESARROLLOSW\BOILERPLATTE E-COMMERCE\src\types\api-strict
2025-09-20T01:42:38.965Z next:jsconfig-paths-plugin skipping request as it is an absolute path C:\Users\marti\Desktop\DESARROLLOSW\BOILERPLATTE E-COMMERCE\src\types\api-strict
2025-09-20T01:42:39.070Z next:jsconfig-paths-plugin skipping request as it is a relative path ./alert-system
2025-09-20T01:42:39.070Z next:jsconfig-paths-plugin skipping request as it is a relative path ./alert-system
2025-09-20T01:42:39.074Z next:jsconfig-paths-plugin skipping request as it is an absolute path C:\Users\marti\Desktop\DESARROLLOSW\BOILERPLATTE E-COMMERCE\src\lib\enterprise\logger
2025-09-20T01:42:39.074Z next:jsconfig-paths-plugin skipping request as it is an absolute path C:\Users\marti\Desktop\DESARROLLOSW\BOILERPLATTE E-COMMERCE\src\lib\enterprise\logger
2025-09-20T01:42:39.074Z next:jsconfig-paths-plugin skipping request as it is an absolute path C:\Users\marti\Desktop\DESARROLLOSW\BOILERPLATTE E-COMMERCE\src\lib\notifications\email
2025-09-20T01:42:39.074Z next:jsconfig-paths-plugin skipping request as it is an absolute path C:\Users\marti\Desktop\DESARROLLOSW\BOILERPLATTE E-COMMERCE\src\lib\notifications\slack
2025-09-20T01:42:39.075Z next:jsconfig-paths-plugin skipping request as it is an absolute path C:\Users\marti\Desktop\DESARROLLOSW\BOILERPLATTE E-COMMERCE\src\lib\notifications\email
2025-09-20T01:42:39.075Z next:jsconfig-paths-plugin skipping request as it is an absolute path C:\Users\marti\Desktop\DESARROLLOSW\BOILERPLATTE E-COMMERCE\src\lib\notifications\slack
2025-09-20T01:42:39.076Z next:jsconfig-paths-plugin skipping request as it is an absolute path C:\Users\marti\Desktop\DESARROLLOSW\BOILERPLATTE E-COMMERCE\src\lib\enterprise\logger
2025-09-20T01:42:39.076Z next:jsconfig-paths-plugin skipping request as it is an absolute path C:\Users\marti\Desktop\DESARROLLOSW\BOILERPLATTE E-COMMERCE\src\lib\enterprise\logger
2025-09-20T01:42:39.078Z next:jsconfig-paths-plugin skipping request as it is an absolute path C:\Users\marti\Desktop\DESARROLLOSW\BOILERPLATTE E-COMMERCE\src\lib\core\utils
2025-09-20T01:42:39.078Z next:jsconfig-paths-plugin skipping request as it is an absolute path C:\Users\marti\Desktop\DESARROLLOSW\BOILERPLATTE E-COMMERCE\src\lib\core\utils
2025-09-20T01:42:39.081Z next:jsconfig-paths-plugin skipping request as it is an absolute path C:\Users\marti\Desktop\DESARROLLOSW\BOILERPLATTE E-COMMERCE\src\app\context\CartSidebarModalContext
2025-09-20T01:42:39.082Z next:jsconfig-paths-plugin skipping request as it is an absolute path C:\Users\marti\Desktop\DESARROLLOSW\BOILERPLATTE E-COMMERCE\src\app\context\CartSidebarModalContext
2025-09-20T01:42:39.083Z next:jsconfig-paths-plugin skipping request as it is an absolute path C:\Users\marti\Desktop\DESARROLLOSW\BOILERPLATTE E-COMMERCE\src\lib\integrations\supabase
2025-09-20T01:42:39.084Z next:jsconfig-paths-plugin skipping request as it is an absolute path C:\Users\marti\Desktop\DESARROLLOSW\BOILERPLATTE E-COMMERCE\src\lib\integrations\supabase
2025-09-20T01:42:39.084Z next:jsconfig-paths-plugin skipping request as it is an absolute path C:\Users\marti\Desktop\DESARROLLOSW\BOILERPLATTE E-COMMERCE\src\lib\cache-manager
2025-09-20T01:42:39.084Z next:jsconfig-paths-plugin skipping request as it is an absolute path C:\Users\marti\Desktop\DESARROLLOSW\BOILERPLATTE E-COMMERCE\src\lib\cache-manager
2025-09-20T01:42:39.085Z next:jsconfig-paths-plugin skipping request as it is an absolute path C:\Users\marti\Desktop\DESARROLLOSW\BOILERPLATTE E-COMMERCE\src\lib\cache-manager
2025-09-20T01:42:39.085Z next:jsconfig-paths-plugin skipping request as it is an absolute path C:\Users\marti\Desktop\DESARROLLOSW\BOILERPLATTE E-COMMERCE\src\lib\cache-manager
2025-09-20T01:42:39.092Z next:jsconfig-paths-plugin skipping request as it is an absolute path C:\Users\marti\Desktop\DESARROLLOSW\BOILERPLATTE E-COMMERCE\src\utils\imageOptimization
2025-09-20T01:42:39.092Z next:jsconfig-paths-plugin skipping request as it is an absolute path C:\Users\marti\Desktop\DESARROLLOSW\BOILERPLATTE E-COMMERCE\src\utils\imageOptimization
2025-09-20T01:42:39.094Z next:jsconfig-paths-plugin skipping request as it is an absolute path C:\Users\marti\Desktop\DESARROLLOSW\BOILERPLATTE E-COMMERCE\src\lib\integrations\supabase
2025-09-20T01:42:39.095Z next:jsconfig-paths-plugin skipping request as it is an absolute path C:\Users\marti\Desktop\DESARROLLOSW\BOILERPLATTE E-COMMERCE\src\lib\integrations\supabase
2025-09-20T01:42:39.096Z next:jsconfig-paths-plugin skipping request as it is an absolute path C:\Users\marti\Desktop\DESARROLLOSW\BOILERPLATTE E-COMMERCE\src\hooks\useAuth
2025-09-20T01:42:39.097Z next:jsconfig-paths-plugin skipping request as it is an absolute path C:\Users\marti\Desktop\DESARROLLOSW\BOILERPLATTE E-COMMERCE\src\components\ui\dropdown-menu
2025-09-20T01:42:39.097Z next:jsconfig-paths-plugin skipping request as it is an absolute path C:\Users\marti\Desktop\DESARROLLOSW\BOILERPLATTE E-COMMERCE\src\components\ui\avatar
2025-09-20T01:42:39.097Z next:jsconfig-paths-plugin skipping request as it is an absolute path C:\Users\marti\Desktop\DESARROLLOSW\BOILERPLATTE E-COMMERCE\src\components\ui\button
2025-09-20T01:42:39.097Z next:jsconfig-paths-plugin skipping request as it is an absolute path C:\Users\marti\Desktop\DESARROLLOSW\BOILERPLATTE E-COMMERCE\src\lib\utils
2025-09-20T01:42:39.097Z next:jsconfig-paths-plugin skipping request as it is an absolute path C:\Users\marti\Desktop\DESARROLLOSW\BOILERPLATTE E-COMMERCE\src\app\context\CartSidebarModalContext
2025-09-20T01:42:39.097Z next:jsconfig-paths-plugin skipping request as it is an absolute path C:\Users\marti\Desktop\DESARROLLOSW\BOILERPLATTE E-COMMERCE\src\redux\features\cart-slice
2025-09-20T01:42:39.098Z next:jsconfig-paths-plugin skipping request as it is an absolute path C:\Users\marti\Desktop\DESARROLLOSW\BOILERPLATTE E-COMMERCE\src\hooks\useAuth
2025-09-20T01:42:39.098Z next:jsconfig-paths-plugin skipping request as it is an absolute path C:\Users\marti\Desktop\DESARROLLOSW\BOILERPLATTE E-COMMERCE\src\components\ui\dropdown-menu
2025-09-20T01:42:39.098Z next:jsconfig-paths-plugin skipping request as it is an absolute path C:\Users\marti\Desktop\DESARROLLOSW\BOILERPLATTE E-COMMERCE\src\components\ui\avatar
2025-09-20T01:42:39.098Z next:jsconfig-paths-plugin skipping request as it is an absolute path C:\Users\marti\Desktop\DESARROLLOSW\BOILERPLATTE E-COMMERCE\src\components\ui\button
2025-09-20T01:42:39.098Z next:jsconfig-paths-plugin skipping request as it is an absolute path C:\Users\marti\Desktop\DESARROLLOSW\BOILERPLATTE E-COMMERCE\src\app\context\CartSidebarModalContext
2025-09-20T01:42:39.098Z next:jsconfig-paths-plugin skipping request as it is an absolute path C:\Users\marti\Desktop\DESARROLLOSW\BOILERPLATTE E-COMMERCE\src\redux\features\cart-slice
2025-09-20T01:42:39.099Z next:jsconfig-paths-plugin skipping request as it is an absolute path C:\Users\marti\Desktop\DESARROLLOSW\BOILERPLATTE E-COMMERCE\src\lib\utils
2025-09-20T01:42:39.104Z next:jsconfig-paths-plugin skipping request as it is an absolute path C:\Users\marti\Desktop\DESARROLLOSW\BOILERPLATTE E-COMMERCE\src\lib\api\products
2025-09-20T01:42:39.104Z next:jsconfig-paths-plugin skipping request as it is an absolute path C:\Users\marti\Desktop\DESARROLLOSW\BOILERPLATTE E-COMMERCE\src\components\ui\button
2025-09-20T01:42:39.104Z next:jsconfig-paths-plugin skipping request as it is an absolute path C:\Users\marti\Desktop\DESARROLLOSW\BOILERPLATTE E-COMMERCE\src\components\ui\button
2025-09-20T01:42:39.104Z next:jsconfig-paths-plugin skipping request as it is an absolute path C:\Users\marti\Desktop\DESARROLLOSW\BOILERPLATTE E-COMMERCE\src\lib\optimized-imports
2025-09-20T01:42:39.104Z next:jsconfig-paths-plugin skipping request as it is an absolute path C:\Users\marti\Desktop\DESARROLLOSW\BOILERPLATTE E-COMMERCE\src\lib\optimized-imports
2025-09-20T01:42:39.104Z next:jsconfig-paths-plugin skipping request as it is an absolute path C:\Users\marti\Desktop\DESARROLLOSW\BOILERPLATTE E-COMMERCE\src\lib\adapters\product-adapter
2025-09-20T01:42:39.105Z next:jsconfig-paths-plugin skipping request as it is an absolute path C:\Users\marti\Desktop\DESARROLLOSW\BOILERPLATTE E-COMMERCE\src\lib\api\products
2025-09-20T01:42:39.105Z next:jsconfig-paths-plugin skipping request as it is an absolute path C:\Users\marti\Desktop\DESARROLLOSW\BOILERPLATTE E-COMMERCE\src\lib\optimized-imports
2025-09-20T01:42:39.105Z next:jsconfig-paths-plugin skipping request as it is an absolute path C:\Users\marti\Desktop\DESARROLLOSW\BOILERPLATTE E-COMMERCE\src\lib\optimized-imports
2025-09-20T01:42:39.105Z next:jsconfig-paths-plugin skipping request as it is an absolute path C:\Users\marti\Desktop\DESARROLLOSW\BOILERPLATTE E-COMMERCE\src\components\ui\button
2025-09-20T01:42:39.106Z next:jsconfig-paths-plugin skipping request as it is an absolute path C:\Users\marti\Desktop\DESARROLLOSW\BOILERPLATTE E-COMMERCE\src\components\ui\button
2025-09-20T01:42:39.106Z next:jsconfig-paths-plugin skipping request as it is an absolute path C:\Users\marti\Desktop\DESARROLLOSW\BOILERPLATTE E-COMMERCE\src\lib\adapters\product-adapter
2025-09-20T01:42:39.108Z next:jsconfig-paths-plugin skipping request as it is an absolute path C:\Users\marti\Desktop\DESARROLLOSW\BOILERPLATTE E-COMMERCE\src\components\ui\use-toast
2025-09-20T01:42:39.108Z next:jsconfig-paths-plugin skipping request as it is an absolute path C:\Users\marti\Desktop\DESARROLLOSW\BOILERPLATTE E-COMMERCE\src\components\ui\use-toast
2025-09-20T01:42:39.108Z next:jsconfig-paths-plugin skipping request as it is an absolute path C:\Users\marti\Desktop\DESARROLLOSW\BOILERPLATTE E-COMMERCE\src\components\ui\use-toast
2025-09-20T01:42:39.108Z next:jsconfig-paths-plugin skipping request as it is an absolute path C:\Users\marti\Desktop\DESARROLLOSW\BOILERPLATTE E-COMMERCE\src\components\ui\use-toast
2025-09-20T01:42:39.110Z next:jsconfig-paths-plugin skipping request as it is an absolute path C:\Users\marti\Desktop\DESARROLLOSW\BOILERPLATTE E-COMMERCE\src\components\ui\quick-add-suggestions
2025-09-20T01:42:39.110Z next:jsconfig-paths-plugin skipping request as it is an absolute path C:\Users\marti\Desktop\DESARROLLOSW\BOILERPLATTE E-COMMERCE\src\components\ui\quick-add-suggestions
2025-09-20T01:42:39.156Z next:jsconfig-paths-plugin moduleName did not match any paths pattern #crypto
2025-09-20T01:42:39.157Z next:jsconfig-paths-plugin moduleName did not match any paths pattern #fetch
2025-09-20T01:42:39.157Z next:jsconfig-paths-plugin moduleName did not match any paths pattern #crypto
2025-09-20T01:42:39.157Z next:jsconfig-paths-plugin moduleName did not match any paths pattern #fetch
2025-09-20T01:42:39.163Z next:jsconfig-paths-plugin skipping request as it is an absolute path C:\Users\marti\Desktop\DESARROLLOSW\BOILERPLATTE E-COMMERCE\src\lib\query-client
2025-09-20T01:42:39.163Z next:jsconfig-paths-plugin skipping request as it is an absolute path C:\Users\marti\Desktop\DESARROLLOSW\BOILERPLATTE E-COMMERCE\src\lib\json-utils
2025-09-20T01:42:39.164Z next:jsconfig-paths-plugin skipping request as it is an absolute path C:\Users\marti\Desktop\DESARROLLOSW\BOILERPLATTE E-COMMERCE\src\lib\query-client
2025-09-20T01:42:39.164Z next:jsconfig-paths-plugin skipping request as it is an absolute path C:\Users\marti\Desktop\DESARROLLOSW\BOILERPLATTE E-COMMERCE\src\lib\json-utils
2025-09-20T01:42:39.180Z next:jsconfig-paths-plugin skipping request as it is inside node_modules crypto
2025-09-20T01:42:39.180Z next:jsconfig-paths-plugin skipping request as it is inside node_modules crypto
2025-09-20T01:42:39.180Z next:jsconfig-paths-plugin skipping request as it is inside node_modules crypto
2025-09-20T01:42:39.216Z next:jsconfig-paths-plugin skipping request as it is a relative path ./enterprise/logger
2025-09-20T01:42:39.216Z next:jsconfig-paths-plugin skipping request as it is a relative path ./enterprise/logger
2025-09-20T01:42:39.219Z next:jsconfig-paths-plugin skipping request as it is an absolute path C:\Users\marti\Desktop\DESARROLLOSW\BOILERPLATTE E-COMMERCE\src\components\ui\button
2025-09-20T01:42:39.219Z next:jsconfig-paths-plugin skipping request as it is an absolute path C:\Users\marti\Desktop\DESARROLLOSW\BOILERPLATTE E-COMMERCE\src\lib\optimized-imports
2025-09-20T01:42:39.219Z next:jsconfig-paths-plugin skipping request as it is an absolute path C:\Users\marti\Desktop\DESARROLLOSW\BOILERPLATTE E-COMMERCE\src\lib\utils
2025-09-20T01:42:39.219Z next:jsconfig-paths-plugin skipping request as it is an absolute path C:\Users\marti\Desktop\DESARROLLOSW\BOILERPLATTE E-COMMERCE\src\lib\api\products
2025-09-20T01:42:39.219Z next:jsconfig-paths-plugin skipping request as it is an absolute path C:\Users\marti\Desktop\DESARROLLOSW\BOILERPLATTE E-COMMERCE\src\lib\adapters\product-adapter
2025-09-20T01:42:39.219Z next:jsconfig-paths-plugin skipping request as it is an absolute path C:\Users\marti\Desktop\DESARROLLOSW\BOILERPLATTE E-COMMERCE\src\redux\features\cart-slice
2025-09-20T01:42:39.220Z next:jsconfig-paths-plugin skipping request as it is an absolute path C:\Users\marti\Desktop\DESARROLLOSW\BOILERPLATTE E-COMMERCE\src\lib\optimized-imports
2025-09-20T01:42:39.220Z next:jsconfig-paths-plugin skipping request as it is an absolute path C:\Users\marti\Desktop\DESARROLLOSW\BOILERPLATTE E-COMMERCE\src\components\ui\button
2025-09-20T01:42:39.220Z next:jsconfig-paths-plugin skipping request as it is an absolute path C:\Users\marti\Desktop\DESARROLLOSW\BOILERPLATTE E-COMMERCE\src\lib\api\products
2025-09-20T01:42:39.220Z next:jsconfig-paths-plugin skipping request as it is an absolute path C:\Users\marti\Desktop\DESARROLLOSW\BOILERPLATTE E-COMMERCE\src\lib\adapters\product-adapter
2025-09-20T01:42:39.220Z next:jsconfig-paths-plugin skipping request as it is an absolute path C:\Users\marti\Desktop\DESARROLLOSW\BOILERPLATTE E-COMMERCE\src\redux\features\cart-slice
2025-09-20T01:42:39.221Z next:jsconfig-paths-plugin skipping request as it is an absolute path C:\Users\marti\Desktop\DESARROLLOSW\BOILERPLATTE E-COMMERCE\src\lib\utils
2025-09-20T01:42:39.236Z next:jsconfig-paths-plugin skipping request as it is a relative path ./integrations/redis
2025-09-20T01:42:39.236Z next:jsconfig-paths-plugin skipping request as it is a relative path ../../../../lib/env-config
2025-09-20T01:42:39.243Z next:jsconfig-paths-plugin skipping request as it is a relative path ./integrations/redis
2025-09-20T01:42:39.244Z next:jsconfig-paths-plugin skipping request as it is a relative path ../../../../lib/env-config
2025-09-20T01:42:39.244Z next:jsconfig-paths-plugin skipping request as it is inside node_modules crypto
2025-09-20T01:42:39.244Z next:jsconfig-paths-plugin skipping request as it is inside node_modules crypto
2025-09-20T01:42:39.244Z next:jsconfig-paths-plugin skipping request as it is inside node_modules crypto
2025-09-20T01:42:39.285Z next:jsconfig-paths-plugin skipping request as it is inside node_modules node:crypto
2025-09-20T01:42:39.352Z next:jsconfig-paths-plugin skipping request as it is a relative path ../../enterprise/logger
2025-09-20T01:42:39.353Z next:jsconfig-paths-plugin skipping request as it is a relative path ../../enterprise/logger
2025-09-20T01:42:39.373Z next:jsconfig-paths-plugin skipping request as it is inside node_modules node:crypto
2025-09-20T01:42:39.451Z next:jsconfig-paths-plugin skipping request as it is inside node_modules crypto
2025-09-20T01:42:39.451Z next:jsconfig-paths-plugin skipping request as it is inside node_modules process
2025-09-20T01:42:39.466Z next:jsconfig-paths-plugin skipping request as it is inside node_modules crypto
2025-09-20T01:42:39.486Z next:jsconfig-paths-plugin skipping request as it is inside node_modules process
2025-09-20T01:42:39.495Z next:jsconfig-paths-plugin skipping request as it is inside node_modules node:fs
2025-09-20T01:42:39.495Z next:jsconfig-paths-plugin skipping request as it is inside node_modules node:path
2025-09-20T01:42:39.496Z next:jsconfig-paths-plugin skipping request as it is inside node_modules node:http
2025-09-20T01:42:39.496Z next:jsconfig-paths-plugin skipping request as it is inside node_modules node:https
2025-09-20T01:42:39.496Z next:jsconfig-paths-plugin skipping request as it is inside node_modules node:zlib
2025-09-20T01:42:39.496Z next:jsconfig-paths-plugin skipping request as it is inside node_modules node:stream
2025-09-20T01:42:39.496Z next:jsconfig-paths-plugin skipping request as it is inside node_modules node:buffer
2025-09-20T01:42:39.496Z next:jsconfig-paths-plugin skipping request as it is inside node_modules node:util
2025-09-20T01:42:39.496Z next:jsconfig-paths-plugin skipping request as it is inside node_modules node:url
2025-09-20T01:42:39.496Z next:jsconfig-paths-plugin skipping request as it is inside node_modules node:net
2025-09-20T01:42:39.496Z next:jsconfig-paths-plugin skipping request as it is inside node_modules events
2025-09-20T01:42:39.501Z next:jsconfig-paths-plugin skipping request as it is inside node_modules events
2025-09-20T01:42:39.516Z next:jsconfig-paths-plugin skipping request as it is inside node_modules stream
2025-09-20T01:42:39.516Z next:jsconfig-paths-plugin skipping request as it is inside node_modules util
2025-09-20T01:42:39.522Z next:jsconfig-paths-plugin skipping request as it is inside node_modules net
2025-09-20T01:42:39.522Z next:jsconfig-paths-plugin skipping request as it is inside node_modules tls
2025-09-20T01:42:39.529Z next:jsconfig-paths-plugin skipping request as it is inside node_modules node:http
2025-09-20T01:42:39.529Z next:jsconfig-paths-plugin skipping request as it is inside node_modules node:https
2025-09-20T01:42:39.529Z next:jsconfig-paths-plugin skipping request as it is inside node_modules node:zlib
2025-09-20T01:42:39.529Z next:jsconfig-paths-plugin skipping request as it is inside node_modules node:stream
2025-09-20T01:42:39.536Z next:jsconfig-paths-plugin skipping request as it is inside node_modules node:buffer
2025-09-20T01:42:39.536Z next:jsconfig-paths-plugin skipping request as it is inside node_modules node:util
2025-09-20T01:42:39.536Z next:jsconfig-paths-plugin skipping request as it is inside node_modules node:url
2025-09-20T01:42:39.536Z next:jsconfig-paths-plugin skipping request as it is inside node_modules node:net
2025-09-20T01:42:39.536Z next:jsconfig-paths-plugin skipping request as it is inside node_modules node:fs
2025-09-20T01:42:39.537Z next:jsconfig-paths-plugin skipping request as it is inside node_modules node:path
2025-09-20T01:42:39.537Z next:jsconfig-paths-plugin skipping request as it is inside node_modules node:stream/web
2025-09-20T01:42:39.537Z next:jsconfig-paths-plugin skipping request as it is inside node_modules node:process
2025-09-20T01:42:39.537Z next:jsconfig-paths-plugin skipping request as it is inside node_modules buffer
2025-09-20T01:42:39.537Z next:jsconfig-paths-plugin skipping request as it is inside node_modules worker_threads
2025-09-20T01:42:39.538Z next:jsconfig-paths-plugin skipping request as it is inside node_modules node:fs
2025-09-20T01:42:39.539Z next:jsconfig-paths-plugin skipping request as it is inside node_modules node:http
2025-09-20T01:42:39.539Z next:jsconfig-paths-plugin skipping request as it is inside node_modules node:path
2025-09-20T01:42:39.539Z next:jsconfig-paths-plugin skipping request as it is inside node_modules node:stream
2025-09-20T01:42:39.540Z next:jsconfig-paths-plugin skipping request as it is inside node_modules node:https
2025-09-20T01:42:39.540Z next:jsconfig-paths-plugin skipping request as it is inside node_modules node:zlib
2025-09-20T01:42:39.540Z next:jsconfig-paths-plugin skipping request as it is inside node_modules node:util
2025-09-20T01:42:39.540Z next:jsconfig-paths-plugin skipping request as it is inside node_modules node:buffer
2025-09-20T01:42:39.541Z next:jsconfig-paths-plugin skipping request as it is inside node_modules node:url
2025-09-20T01:42:39.541Z next:jsconfig-paths-plugin skipping request as it is inside node_modules node:net
2025-09-20T01:42:39.541Z next:jsconfig-paths-plugin skipping request as it is inside node_modules events
2025-09-20T01:42:39.542Z next:jsconfig-paths-plugin skipping request as it is inside node_modules events
2025-09-20T01:42:39.543Z next:jsconfig-paths-plugin skipping request as it is inside node_modules node:stream/web
2025-09-20T01:42:39.544Z next:jsconfig-paths-plugin skipping request as it is inside node_modules node:http
2025-09-20T01:42:39.544Z next:jsconfig-paths-plugin skipping request as it is inside node_modules node:https
2025-09-20T01:42:39.544Z next:jsconfig-paths-plugin skipping request as it is inside node_modules node:zlib
2025-09-20T01:42:39.544Z next:jsconfig-paths-plugin skipping request as it is inside node_modules node:stream
2025-09-20T01:42:39.544Z next:jsconfig-paths-plugin skipping request as it is inside node_modules node:buffer
2025-09-20T01:42:39.544Z next:jsconfig-paths-plugin skipping request as it is inside node_modules node:util
2025-09-20T01:42:39.544Z next:jsconfig-paths-plugin skipping request as it is inside node_modules node:url
2025-09-20T01:42:39.544Z next:jsconfig-paths-plugin skipping request as it is inside node_modules node:net
2025-09-20T01:42:39.544Z next:jsconfig-paths-plugin skipping request as it is inside node_modules node:fs
2025-09-20T01:42:39.544Z next:jsconfig-paths-plugin skipping request as it is inside node_modules node:path
2025-09-20T01:42:39.556Z next:jsconfig-paths-plugin skipping request as it is inside node_modules util
2025-09-20T01:42:39.557Z next:jsconfig-paths-plugin skipping request as it is inside node_modules stream
2025-09-20T01:42:39.559Z next:jsconfig-paths-plugin skipping request as it is inside node_modules events
2025-09-20T01:42:39.559Z next:jsconfig-paths-plugin skipping request as it is inside node_modules events
2025-09-20T01:42:39.564Z next:jsconfig-paths-plugin skipping request as it is inside node_modules net
2025-09-20T01:42:39.567Z next:jsconfig-paths-plugin skipping request as it is inside node_modules dns
2025-09-20T01:42:39.568Z next:jsconfig-paths-plugin skipping request as it is inside node_modules url
2025-09-20T01:42:39.574Z next:jsconfig-paths-plugin skipping request as it is inside node_modules net
2025-09-20T01:42:39.575Z next:jsconfig-paths-plugin skipping request as it is inside node_modules net
2025-09-20T01:42:39.575Z next:jsconfig-paths-plugin skipping request as it is inside node_modules tls
2025-09-20T01:42:39.575Z next:jsconfig-paths-plugin skipping request as it is inside node_modules node:process
2025-09-20T01:42:39.576Z next:jsconfig-paths-plugin skipping request as it is inside node_modules buffer
2025-09-20T01:42:39.576Z next:jsconfig-paths-plugin skipping request as it is inside node_modules worker_threads
2025-09-20T01:42:39.576Z next:jsconfig-paths-plugin skipping request as it is inside node_modules node:fs
2025-09-20T01:42:39.576Z next:jsconfig-paths-plugin skipping request as it is inside node_modules node:path
2025-09-20T01:42:39.576Z next:jsconfig-paths-plugin skipping request as it is inside node_modules node:http
2025-09-20T01:42:39.576Z next:jsconfig-paths-plugin skipping request as it is inside node_modules node:https
2025-09-20T01:42:39.576Z next:jsconfig-paths-plugin skipping request as it is inside node_modules node:zlib
2025-09-20T01:42:39.576Z next:jsconfig-paths-plugin skipping request as it is inside node_modules node:stream
2025-09-20T01:42:39.577Z next:jsconfig-paths-plugin skipping request as it is inside node_modules node:buffer
2025-09-20T01:42:39.577Z next:jsconfig-paths-plugin skipping request as it is inside node_modules node:util
2025-09-20T01:42:39.577Z next:jsconfig-paths-plugin skipping request as it is inside node_modules node:url
2025-09-20T01:42:39.577Z next:jsconfig-paths-plugin skipping request as it is inside node_modules node:net
2025-09-20T01:42:39.581Z next:jsconfig-paths-plugin skipping request as it is inside node_modules crypto
2025-09-20T01:42:39.581Z next:jsconfig-paths-plugin skipping request as it is inside node_modules net
2025-09-20T01:42:39.582Z next:jsconfig-paths-plugin skipping request as it is inside node_modules tls
2025-09-20T01:42:39.582Z next:jsconfig-paths-plugin skipping request as it is inside node_modules crypto
2025-09-20T01:42:39.582Z next:jsconfig-paths-plugin skipping request as it is inside node_modules net
2025-09-20T01:42:39.582Z next:jsconfig-paths-plugin skipping request as it is inside node_modules tls
2025-09-20T01:42:39.584Z next:jsconfig-paths-plugin skipping request as it is inside node_modules node:fs
2025-09-20T01:42:39.584Z next:jsconfig-paths-plugin skipping request as it is inside node_modules node:path
2025-09-20T01:42:39.584Z next:jsconfig-paths-plugin skipping request as it is inside node_modules node:http
2025-09-20T01:42:39.584Z next:jsconfig-paths-plugin skipping request as it is inside node_modules node:https
2025-09-20T01:42:39.584Z next:jsconfig-paths-plugin skipping request as it is inside node_modules node:zlib
2025-09-20T01:42:39.584Z next:jsconfig-paths-plugin skipping request as it is inside node_modules node:stream
2025-09-20T01:42:39.584Z next:jsconfig-paths-plugin skipping request as it is inside node_modules node:buffer
2025-09-20T01:42:39.584Z next:jsconfig-paths-plugin skipping request as it is inside node_modules node:util
2025-09-20T01:42:39.584Z next:jsconfig-paths-plugin skipping request as it is inside node_modules node:url
2025-09-20T01:42:39.584Z next:jsconfig-paths-plugin skipping request as it is inside node_modules node:net
2025-09-20T01:42:39.589Z next:jsconfig-paths-plugin skipping request as it is inside node_modules dns
2025-09-20T01:42:39.590Z next:jsconfig-paths-plugin skipping request as it is inside node_modules url
2025-09-20T01:42:39.592Z next:jsconfig-paths-plugin skipping request as it is inside node_modules assert
2025-09-20T01:42:39.592Z next:jsconfig-paths-plugin skipping request as it is inside node_modules assert
2025-09-20T01:42:39.592Z next:jsconfig-paths-plugin skipping request as it is inside node_modules util
2025-09-20T01:42:39.593Z next:jsconfig-paths-plugin skipping request as it is inside node_modules stream
2025-09-20T01:42:39.593Z next:jsconfig-paths-plugin skipping request as it is inside node_modules http
2025-09-20T01:42:39.593Z next:jsconfig-paths-plugin skipping request as it is inside node_modules https
2025-09-20T01:42:39.593Z next:jsconfig-paths-plugin skipping request as it is inside node_modules zlib
2025-09-20T01:42:39.593Z next:jsconfig-paths-plugin skipping request as it is inside node_modules url
2025-09-20T01:42:39.595Z next:jsconfig-paths-plugin skipping request as it is inside node_modules util
2025-09-20T01:42:39.595Z next:jsconfig-paths-plugin skipping request as it is inside node_modules stream
2025-09-20T01:42:39.596Z next:jsconfig-paths-plugin skipping request as it is inside node_modules url
2025-09-20T01:42:39.598Z next:jsconfig-paths-plugin skipping request as it is inside node_modules assert
2025-09-20T01:42:39.598Z next:jsconfig-paths-plugin skipping request as it is inside node_modules assert
2025-09-20T01:42:39.600Z next:jsconfig-paths-plugin skipping request as it is inside node_modules https
2025-09-20T01:42:39.600Z next:jsconfig-paths-plugin skipping request as it is inside node_modules zlib
2025-09-20T01:42:39.602Z next:jsconfig-paths-plugin skipping request as it is inside node_modules http
2025-09-20T01:42:39.603Z next:jsconfig-paths-plugin skipping request as it is inside node_modules tty
2025-09-20T01:42:39.603Z next:jsconfig-paths-plugin skipping request as it is inside node_modules util
2025-09-20T01:42:39.604Z next:jsconfig-paths-plugin skipping request as it is inside node_modules buffer
2025-09-20T01:42:39.604Z next:jsconfig-paths-plugin skipping request as it is inside node_modules string_decoder
2025-09-20T01:42:39.605Z next:jsconfig-paths-plugin skipping request as it is inside node_modules util
2025-09-20T01:42:39.605Z next:jsconfig-paths-plugin skipping request as it is inside node_modules buffer
2025-09-20T01:42:39.608Z next:jsconfig-paths-plugin skipping request as it is inside node_modules tty
2025-09-20T01:42:39.608Z next:jsconfig-paths-plugin skipping request as it is inside node_modules string_decoder
2025-09-20T01:42:39.609Z next:jsconfig-paths-plugin skipping request as it is inside node_modules os
2025-09-20T01:42:39.609Z next:jsconfig-paths-plugin skipping request as it is inside node_modules tty
2025-09-20T01:42:39.610Z next:jsconfig-paths-plugin skipping request as it is inside node_modules tty
2025-09-20T01:42:39.611Z next:jsconfig-paths-plugin skipping request as it is inside node_modules os
warn  - Compiled with warnings

./src/app/access-denied/page.tsx
Attempted import error: 'ShieldX' is not exported from 'lucide-react' (imported as 'ShieldX').

Import trace for requested module:
./src/app/access-denied/page.tsx

./src/app/access-denied/page.tsx
Attempted import error: 'ShieldX' is not exported from 'lucide-react' (imported as 'ShieldX').

Import trace for requested module:
./src/app/access-denied/page.tsx

./src/app/admin/logistics/page.tsx
Attempted import error: 'Route' is not exported from 'lucide-react' (imported as 'Route').

Import trace for requested module:
./src/app/admin/logistics/page.tsx

./src/app/admin/logistics/page.tsx
Attempted import error: 'Route' is not exported from 'lucide-react' (imported as 'Route').

Import trace for requested module:
./src/app/admin/logistics/page.tsx

./src/app/driver/profile/page.tsx
Attempted import error: 'Route' is not exported from 'lucide-react' (imported as 'Route').

Import trace for requested module:
./src/app/driver/profile/page.tsx

./src/app/driver/routes/page.tsx
Attempted import error: 'Route' is not exported from 'lucide-react' (imported as 'Route').

Import trace for requested module:
./src/app/driver/routes/page.tsx

./src/app/driver/routes/page.tsx
Attempted import error: 'Route' is not exported from 'lucide-react' (imported as 'Route').

Import trace for requested module:
./src/app/driver/routes/page.tsx

./src/app/driver/routes/page.tsx
Attempted import error: 'Route' is not exported from 'lucide-react' (imported as 'Route').

Import trace for requested module:
./src/app/driver/routes/page.tsx

./src/app/driver/routes/page.tsx
Attempted import error: 'Route' is not exported from 'lucide-react' (imported as 'Route').

Import trace for requested module:
./src/app/driver/routes/page.tsx

./src/app/driver/routes/page.tsx
Attempted import error: 'Route' is not exported from 'lucide-react' (imported as 'Route').

Import trace for requested module:
./src/app/driver/routes/page.tsx

./src/components/Checkout/ExpressForm.tsx
Attempted import error: 'IdCard' is not exported from 'lucide-react' (imported as 'IdCard').

Import trace for requested module:
./src/components/Checkout/ExpressForm.tsx
./src/components/Checkout/CheckoutExpress.tsx

./src/components/Checkout/ExpressForm.tsx
Attempted import error: 'IdCard' is not exported from 'lucide-react' (imported as 'IdCard').

Import trace for requested module:
./src/components/Checkout/ExpressForm.tsx
./src/components/Checkout/CheckoutExpress.tsx

./src/components/ShopWithoutSidebar/index.tsx
Attempted import error: 'Grid3X3' is not exported from 'lucide-react' (imported as 'Grid3X3').

Import trace for requested module:
./src/components/ShopWithoutSidebar/index.tsx

./src/components/admin/logistics/GoogleMapsLogistics.tsx
Attempted import error: 'Route' is not exported from 'lucide-react' (imported as 'Route').

Import trace for requested module:
./src/components/admin/logistics/GoogleMapsLogistics.tsx
./src/app/admin/logistics/page.tsx

./src/components/admin/logistics/GoogleMapsLogistics.tsx
Attempted import error: 'Route' is not exported from 'lucide-react' (imported as 'Route').

Import trace for requested module:
./src/components/admin/logistics/GoogleMapsLogistics.tsx
./src/app/admin/logistics/page.tsx

./src/components/admin/logistics/RouteOptimizationPanel.tsx
Attempted import error: 'Route' is not exported from 'lucide-react' (imported as 'Route').

Import trace for requested module:
./src/components/admin/logistics/RouteOptimizationPanel.tsx
./src/components/admin/logistics/GoogleMapsLogistics.tsx
./src/app/admin/logistics/page.tsx

./src/components/admin/logistics/RouteOptimizationPanel.tsx
Attempted import error: 'Route' is not exported from 'lucide-react' (imported as 'Route').

Import trace for requested module:
./src/components/admin/logistics/RouteOptimizationPanel.tsx
./src/components/admin/logistics/GoogleMapsLogistics.tsx
./src/app/admin/logistics/page.tsx

./src/components/admin/logistics/RouteOptimizationPanel.tsx
Attempted import error: 'Route' is not exported from 'lucide-react' (imported as 'Route').

Import trace for requested module:
./src/components/admin/logistics/RouteOptimizationPanel.tsx
./src/components/admin/logistics/GoogleMapsLogistics.tsx
./src/app/admin/logistics/page.tsx

./src/components/admin/logistics/RouteVisualization.tsx
Attempted import error: 'Route' is not exported from 'lucide-react' (imported as 'Route').

Import trace for requested module:
./src/components/admin/logistics/RouteVisualization.tsx
./src/components/admin/logistics/GoogleMapsLogistics.tsx
./src/app/admin/logistics/page.tsx

./src/components/admin/logistics/RouteVisualization.tsx
Attempted import error: 'Route' is not exported from 'lucide-react' (imported as 'Route').

Import trace for requested module:
./src/components/admin/logistics/RouteVisualization.tsx
./src/components/admin/logistics/GoogleMapsLogistics.tsx
./src/app/admin/logistics/page.tsx

./src/components/driver/FloatingActionButtons.tsx
Attempted import error: 'Route' is not exported from 'lucide-react' (imported as 'Route').

Import trace for requested module:
./src/components/driver/FloatingActionButtons.tsx
./src/components/driver/GPSNavigationMap.tsx
./src/app/driver/route/[id]/page.tsx

./src/components/driver/FloatingActionButtons.tsx
Attempted import error: 'Route' is not exported from 'lucide-react' (imported as 'Route').

Import trace for requested module:
./src/components/driver/FloatingActionButtons.tsx
./src/components/driver/GPSNavigationMap.tsx
./src/app/driver/route/[id]/page.tsx

./src/components/driver/LiveNavigationMap.tsx
Attempted import error: 'Route' is not exported from 'lucide-react' (imported as 'Route').

Import trace for requested module:
./src/components/driver/LiveNavigationMap.tsx
./src/app/driver/dashboard/page.tsx

./src/components/driver/PendingOrdersList.tsx
Attempted import error: 'Route' is not exported from 'lucide-react' (imported as 'Route').

Import trace for requested module:
./src/components/driver/PendingOrdersList.tsx
./src/app/driver/dashboard/page.tsx

./src/components/driver/RouteInfoDashboard.tsx
Attempted import error: 'Route' is not exported from 'lucide-react' (imported as 'Route').

Import trace for requested module:
./src/components/driver/RouteInfoDashboard.tsx
./src/components/driver/GPSNavigationMap.tsx
./src/app/driver/route/[id]/page.tsx

./src/components/driver/RouteInfoDashboard.tsx
Attempted import error: 'Route' is not exported from 'lucide-react' (imported as 'Route').

Import trace for requested module:
./src/components/driver/RouteInfoDashboard.tsx
./src/components/driver/GPSNavigationMap.tsx
./src/app/driver/route/[id]/page.tsx

./node_modules/@supabase/realtime-js/dist/main/RealtimeClient.js
Critical dependency: the request of a dependency is an expression

Import trace for requested module:
./node_modules/@supabase/realtime-js/dist/main/RealtimeClient.js
./node_modules/@supabase/realtime-js/dist/main/index.js
./node_modules/@supabase/supabase-js/dist/main/index.js
./src/lib/integrations/supabase/index.ts
./src/lib/monitoring/enterprise-metrics.ts
./src/lib/monitoring/proactive-monitoring.ts
./src/providers/MonitoringProvider.tsx
./src/app/admin/page.tsx

./src/app/access-denied/page.tsx
Attempted import error: 'ShieldX' is not exported from 'lucide-react' (imported as 'ShieldX').

Import trace for requested module:
./src/app/access-denied/page.tsx

./src/app/access-denied/page.tsx
Attempted import error: 'ShieldX' is not exported from 'lucide-react' (imported as 'ShieldX').

Import trace for requested module:
./src/app/access-denied/page.tsx

./src/app/admin/logistics/page.tsx
Attempted import error: 'Route' is not exported from 'lucide-react' (imported as 'Route').

Import trace for requested module:
./src/app/admin/logistics/page.tsx

./src/app/admin/logistics/page.tsx
Attempted import error: 'Route' is not exported from 'lucide-react' (imported as 'Route').

Import trace for requested module:
./src/app/admin/logistics/page.tsx

./src/app/driver/profile/page.tsx
Attempted import error: 'Route' is not exported from 'lucide-react' (imported as 'Route').

Import trace for requested module:
./src/app/driver/profile/page.tsx

./src/app/driver/routes/page.tsx
Attempted import error: 'Route' is not exported from 'lucide-react' (imported as 'Route').

Import trace for requested module:
./src/app/driver/routes/page.tsx

./src/app/driver/routes/page.tsx
Attempted import error: 'Route' is not exported from 'lucide-react' (imported as 'Route').

Import trace for requested module:
./src/app/driver/routes/page.tsx

./src/app/driver/routes/page.tsx
Attempted import error: 'Route' is not exported from 'lucide-react' (imported as 'Route').

Import trace for requested module:
./src/app/driver/routes/page.tsx

./src/app/driver/routes/page.tsx
Attempted import error: 'Route' is not exported from 'lucide-react' (imported as 'Route').

Import trace for requested module:
./src/app/driver/routes/page.tsx

./src/app/driver/routes/page.tsx
Attempted import error: 'Route' is not exported from 'lucide-react' (imported as 'Route').

Import trace for requested module:
./src/app/driver/routes/page.tsx

./src/components/Checkout/ExpressForm.tsx
Attempted import error: 'IdCard' is not exported from 'lucide-react' (imported as 'IdCard').

Import trace for requested module:
./src/components/Checkout/ExpressForm.tsx
./src/components/Checkout/CheckoutExpress.tsx

./src/components/Checkout/ExpressForm.tsx
Attempted import error: 'IdCard' is not exported from 'lucide-react' (imported as 'IdCard').

Import trace for requested module:
./src/components/Checkout/ExpressForm.tsx
./src/components/Checkout/CheckoutExpress.tsx

./src/components/ShopWithoutSidebar/index.tsx
Attempted import error: 'Grid3X3' is not exported from 'lucide-react' (imported as 'Grid3X3').

Import trace for requested module:
./src/components/ShopWithoutSidebar/index.tsx

./src/components/admin/logistics/GoogleMapsLogistics.tsx
Attempted import error: 'Route' is not exported from 'lucide-react' (imported as 'Route').

Import trace for requested module:
./src/components/admin/logistics/GoogleMapsLogistics.tsx
./src/app/admin/logistics/page.tsx

./src/components/admin/logistics/GoogleMapsLogistics.tsx
Attempted import error: 'Route' is not exported from 'lucide-react' (imported as 'Route').

Import trace for requested module:
./src/components/admin/logistics/GoogleMapsLogistics.tsx
./src/app/admin/logistics/page.tsx

./src/components/admin/logistics/RouteOptimizationPanel.tsx
Attempted import error: 'Route' is not exported from 'lucide-react' (imported as 'Route').

Import trace for requested module:
./src/components/admin/logistics/RouteOptimizationPanel.tsx
./src/components/admin/logistics/GoogleMapsLogistics.tsx
./src/app/admin/logistics/page.tsx

./src/components/admin/logistics/RouteOptimizationPanel.tsx
Attempted import error: 'Route' is not exported from 'lucide-react' (imported as 'Route').

Import trace for requested module:
./src/components/admin/logistics/RouteOptimizationPanel.tsx
./src/components/admin/logistics/GoogleMapsLogistics.tsx
./src/app/admin/logistics/page.tsx

./src/components/admin/logistics/RouteOptimizationPanel.tsx
Attempted import error: 'Route' is not exported from 'lucide-react' (imported as 'Route').

Import trace for requested module:
./src/components/admin/logistics/RouteOptimizationPanel.tsx
./src/components/admin/logistics/GoogleMapsLogistics.tsx
./src/app/admin/logistics/page.tsx

./src/components/admin/logistics/RouteVisualization.tsx
Attempted import error: 'Route' is not exported from 'lucide-react' (imported as 'Route').

Import trace for requested module:
./src/components/admin/logistics/RouteVisualization.tsx
./src/components/admin/logistics/GoogleMapsLogistics.tsx
./src/app/admin/logistics/page.tsx

./src/components/admin/logistics/RouteVisualization.tsx
Attempted import error: 'Route' is not exported from 'lucide-react' (imported as 'Route').

Import trace for requested module:
./src/components/admin/logistics/RouteVisualization.tsx
./src/components/admin/logistics/GoogleMapsLogistics.tsx
./src/app/admin/logistics/page.tsx

./src/components/driver/FloatingActionButtons.tsx
Attempted import error: 'Route' is not exported from 'lucide-react' (imported as 'Route').

Import trace for requested module:
./src/components/driver/FloatingActionButtons.tsx
./src/components/driver/GPSNavigationMap.tsx
./src/app/driver/route/[id]/page.tsx

./src/components/driver/FloatingActionButtons.tsx
Attempted import error: 'Route' is not exported from 'lucide-react' (imported as 'Route').

Import trace for requested module:
./src/components/driver/FloatingActionButtons.tsx
./src/components/driver/GPSNavigationMap.tsx
./src/app/driver/route/[id]/page.tsx

./src/components/driver/LiveNavigationMap.tsx
Attempted import error: 'Route' is not exported from 'lucide-react' (imported as 'Route').

Import trace for requested module:
./src/components/driver/LiveNavigationMap.tsx
./src/app/driver/dashboard/page.tsx

./src/components/driver/PendingOrdersList.tsx
Attempted import error: 'Route' is not exported from 'lucide-react' (imported as 'Route').

Import trace for requested module:
./src/components/driver/PendingOrdersList.tsx
./src/app/driver/dashboard/page.tsx

./src/components/driver/RouteInfoDashboard.tsx
Attempted import error: 'Route' is not exported from 'lucide-react' (imported as 'Route').

Import trace for requested module:
./src/components/driver/RouteInfoDashboard.tsx
./src/components/driver/GPSNavigationMap.tsx
./src/app/driver/route/[id]/page.tsx

./src/components/driver/RouteInfoDashboard.tsx
Attempted import error: 'Route' is not exported from 'lucide-react' (imported as 'Route').

Import trace for requested module:
./src/components/driver/RouteInfoDashboard.tsx
./src/components/driver/GPSNavigationMap.tsx
./src/app/driver/route/[id]/page.tsx

info  - Skipping validation of types
info  - Skipping linting
info  - Collecting page data...
warn  - Statically exporting a Next.js application via `next export` disables API routes and middleware.
This command is meant for static-only hosts, and is not necessary to make your application static.
Pages in your application without server-side data dependencies will be automatically statically exported by `next build`, including pages powered by `getStaticProps`.
Learn more: https://nextjs.org/docs/messages/api-routes-static-export
info  - Generating static pages (0/107)
TypeError: Cannot convert undefined or null to object
    at Function.entries (<anonymous>)
    at AlternatesMetadata (C:\Users\marti\Desktop\DESARROLLOSW\BOILERPLATTE E-COMMERCE\node_modules\next\dist\lib\metadata\generate\alternate.js:17:23)
    at T (C:\Users\marti\Desktop\DESARROLLOSW\BOILERPLATTE E-COMMERCE\.next\server\chunks\9065.js:22083:25)
    at Ma (C:\Users\marti\Desktop\DESARROLLOSW\BOILERPLATTE E-COMMERCE\.next\server\chunks\9065.js:22246:33)
    at Array.toJSON (C:\Users\marti\Desktop\DESARROLLOSW\BOILERPLATTE E-COMMERCE\.next\server\chunks\9065.js:22039:32)
    at stringify (<anonymous>)
    at V (C:\Users\marti\Desktop\DESARROLLOSW\BOILERPLATTE E-COMMERCE\.next\server\chunks\9065.js:22338:53)
    at ping (C:\Users\marti\Desktop\DESARROLLOSW\BOILERPLATTE E-COMMERCE\.next\server\chunks\9065.js:22138:43)
TypeError: Cannot convert undefined or null to object
    at Function.entries (<anonymous>)
    at AlternatesMetadata (C:\Users\marti\Desktop\DESARROLLOSW\BOILERPLATTE E-COMMERCE\node_modules\next\dist\lib\metadata\generate\alternate.js:17:23)
    at T (C:\Users\marti\Desktop\DESARROLLOSW\BOILERPLATTE E-COMMERCE\.next\server\chunks\9065.js:22083:25)
    at Ma (C:\Users\marti\Desktop\DESARROLLOSW\BOILERPLATTE E-COMMERCE\.next\server\chunks\9065.js:22246:33)
    at Array.toJSON (C:\Users\marti\Desktop\DESARROLLOSW\BOILERPLATTE E-COMMERCE\.next\server\chunks\9065.js:22039:32)
    at stringify (<anonymous>)
    at V (C:\Users\marti\Desktop\DESARROLLOSW\BOILERPLATTE E-COMMERCE\.next\server\chunks\9065.js:22338:53)
    at ping (C:\Users\marti\Desktop\DESARROLLOSW\BOILERPLATTE E-COMMERCE\.next\server\chunks\9065.js:22138:43)
TypeError: Cannot convert undefined or null to object
    at Function.entries (<anonymous>)
    at AlternatesMetadata (C:\Users\marti\Desktop\DESARROLLOSW\BOILERPLATTE E-COMMERCE\node_modules\next\dist\lib\metadata\generate\alternate.js:17:23)
    at T (C:\Users\marti\Desktop\DESARROLLOSW\BOILERPLATTE E-COMMERCE\.next\server\chunks\9065.js:22083:25)
    at Ma (C:\Users\marti\Desktop\DESARROLLOSW\BOILERPLATTE E-COMMERCE\.next\server\chunks\9065.js:22246:33)
    at Array.toJSON (C:\Users\marti\Desktop\DESARROLLOSW\BOILERPLATTE E-COMMERCE\.next\server\chunks\9065.js:22039:32)
    at stringify (<anonymous>)
    at V (C:\Users\marti\Desktop\DESARROLLOSW\BOILERPLATTE E-COMMERCE\.next\server\chunks\9065.js:22338:53)
    at ping (C:\Users\marti\Desktop\DESARROLLOSW\BOILERPLATTE E-COMMERCE\.next\server\chunks\9065.js:22138:43)
TypeError: Cannot convert undefined or null to object
    at Function.entries (<anonymous>)
    at AlternatesMetadata (C:\Users\marti\Desktop\DESARROLLOSW\BOILERPLATTE E-COMMERCE\node_modules\next\dist\lib\metadata\generate\alternate.js:17:23)
    at T (C:\Users\marti\Desktop\DESARROLLOSW\BOILERPLATTE E-COMMERCE\.next\server\chunks\9065.js:22083:25)
    at Ma (C:\Users\marti\Desktop\DESARROLLOSW\BOILERPLATTE E-COMMERCE\.next\server\chunks\9065.js:22246:33)
    at Array.toJSON (C:\Users\marti\Desktop\DESARROLLOSW\BOILERPLATTE E-COMMERCE\.next\server\chunks\9065.js:22039:32)
    at stringify (<anonymous>)
    at V (C:\Users\marti\Desktop\DESARROLLOSW\BOILERPLATTE E-COMMERCE\.next\server\chunks\9065.js:22338:53)
    at ping (C:\Users\marti\Desktop\DESARROLLOSW\BOILERPLATTE E-COMMERCE\.next\server\chunks\9065.js:22138:43)
TypeError: Cannot convert undefined or null to object
    at Function.entries (<anonymous>)
    at AlternatesMetadata (C:\Users\marti\Desktop\DESARROLLOSW\BOILERPLATTE E-COMMERCE\node_modules\next\dist\lib\metadata\generate\alternate.js:17:23)
    at T (C:\Users\marti\Desktop\DESARROLLOSW\BOILERPLATTE E-COMMERCE\.next\server\chunks\9065.js:22083:25)
    at Ma (C:\Users\marti\Desktop\DESARROLLOSW\BOILERPLATTE E-COMMERCE\.next\server\chunks\9065.js:22246:33)
    at Array.toJSON (C:\Users\marti\Desktop\DESARROLLOSW\BOILERPLATTE E-COMMERCE\.next\server\chunks\9065.js:22039:32)
    at stringify (<anonymous>)
    at V (C:\Users\marti\Desktop\DESARROLLOSW\BOILERPLATTE E-COMMERCE\.next\server\chunks\9065.js:22338:53)
    at ping (C:\Users\marti\Desktop\DESARROLLOSW\BOILERPLATTE E-COMMERCE\.next\server\chunks\9065.js:22138:43)
TypeError: Cannot convert undefined or null to object
    at Function.entries (<anonymous>)
    at AlternatesMetadata (C:\Users\marti\Desktop\DESARROLLOSW\BOILERPLATTE E-COMMERCE\node_modules\next\dist\lib\metadata\generate\alternate.js:17:23)
    at T (C:\Users\marti\Desktop\DESARROLLOSW\BOILERPLATTE E-COMMERCE\.next\server\chunks\9065.js:22083:25)
    at Ma (C:\Users\marti\Desktop\DESARROLLOSW\BOILERPLATTE E-COMMERCE\.next\server\chunks\9065.js:22246:33)
    at Array.toJSON (C:\Users\marti\Desktop\DESARROLLOSW\BOILERPLATTE E-COMMERCE\.next\server\chunks\9065.js:22039:32)
    at stringify (<anonymous>)
    at V (C:\Users\marti\Desktop\DESARROLLOSW\BOILERPLATTE E-COMMERCE\.next\server\chunks\9065.js:22338:53)
    at ping (C:\Users\marti\Desktop\DESARROLLOSW\BOILERPLATTE E-COMMERCE\.next\server\chunks\9065.js:22138:43)
TypeError: Cannot convert undefined or null to object
    at Function.entries (<anonymous>)
    at AlternatesMetadata (C:\Users\marti\Desktop\DESARROLLOSW\BOILERPLATTE E-COMMERCE\node_modules\next\dist\lib\metadata\generate\alternate.js:17:23)
    at T (C:\Users\marti\Desktop\DESARROLLOSW\BOILERPLATTE E-COMMERCE\.next\server\chunks\9065.js:22083:25)
    at Ma (C:\Users\marti\Desktop\DESARROLLOSW\BOILERPLATTE E-COMMERCE\.next\server\chunks\9065.js:22246:33)
    at Array.toJSON (C:\Users\marti\Desktop\DESARROLLOSW\BOILERPLATTE E-COMMERCE\.next\server\chunks\9065.js:22039:32)
    at stringify (<anonymous>)
    at V (C:\Users\marti\Desktop\DESARROLLOSW\BOILERPLATTE E-COMMERCE\.next\server\chunks\9065.js:22338:53)
    at ping (C:\Users\marti\Desktop\DESARROLLOSW\BOILERPLATTE E-COMMERCE\.next\server\chunks\9065.js:22138:43)
TypeError: Cannot convert undefined or null to object
    at Function.entries (<anonymous>)
    at AlternatesMetadata (C:\Users\marti\Desktop\DESARROLLOSW\BOILERPLATTE E-COMMERCE\node_modules\next\dist\lib\metadata\generate\alternate.js:17:23)
    at T (C:\Users\marti\Desktop\DESARROLLOSW\BOILERPLATTE E-COMMERCE\.next\server\chunks\9065.js:22083:25)
    at Ma (C:\Users\marti\Desktop\DESARROLLOSW\BOILERPLATTE E-COMMERCE\.next\server\chunks\9065.js:22246:33)
    at Array.toJSON (C:\Users\marti\Desktop\DESARROLLOSW\BOILERPLATTE E-COMMERCE\.next\server\chunks\9065.js:22039:32)
    at stringify (<anonymous>)
    at V (C:\Users\marti\Desktop\DESARROLLOSW\BOILERPLATTE E-COMMERCE\.next\server\chunks\9065.js:22338:53)
    at ping (C:\Users\marti\Desktop\DESARROLLOSW\BOILERPLATTE E-COMMERCE\.next\server\chunks\9065.js:22138:43)
TypeError: Cannot convert undefined or null to object
    at Function.entries (<anonymous>)
    at AlternatesMetadata (C:\Users\marti\Desktop\DESARROLLOSW\BOILERPLATTE E-COMMERCE\node_modules\next\dist\lib\metadata\generate\alternate.js:17:23)
    at T (C:\Users\marti\Desktop\DESARROLLOSW\BOILERPLATTE E-COMMERCE\.next\server\chunks\9065.js:22083:25)
    at Ma (C:\Users\marti\Desktop\DESARROLLOSW\BOILERPLATTE E-COMMERCE\.next\server\chunks\9065.js:22246:33)
    at Array.toJSON (C:\Users\marti\Desktop\DESARROLLOSW\BOILERPLATTE E-COMMERCE\.next\server\chunks\9065.js:22039:32)
    at stringify (<anonymous>)
    at V (C:\Users\marti\Desktop\DESARROLLOSW\BOILERPLATTE E-COMMERCE\.next\server\chunks\9065.js:22338:53)
    at ping (C:\Users\marti\Desktop\DESARROLLOSW\BOILERPLATTE E-COMMERCE\.next\server\chunks\9065.js:22138:43)
TypeError: Cannot convert undefined or null to object
    at Function.entries (<anonymous>)
    at AlternatesMetadata (C:\Users\marti\Desktop\DESARROLLOSW\BOILERPLATTE E-COMMERCE\node_modules\next\dist\lib\metadata\generate\alternate.js:17:23)
    at T (C:\Users\marti\Desktop\DESARROLLOSW\BOILERPLATTE E-COMMERCE\.next\server\chunks\9065.js:22083:25)
    at Ma (C:\Users\marti\Desktop\DESARROLLOSW\BOILERPLATTE E-COMMERCE\.next\server\chunks\9065.js:22246:33)
    at Array.toJSON (C:\Users\marti\Desktop\DESARROLLOSW\BOILERPLATTE E-COMMERCE\.next\server\chunks\9065.js:22039:32)
    at stringify (<anonymous>)
    at V (C:\Users\marti\Desktop\DESARROLLOSW\BOILERPLATTE E-COMMERCE\.next\server\chunks\9065.js:22338:53)
    at ping (C:\Users\marti\Desktop\DESARROLLOSW\BOILERPLATTE E-COMMERCE\.next\server\chunks\9065.js:22138:43)
TypeError: Cannot convert undefined or null to object
    at Function.entries (<anonymous>)
    at AlternatesMetadata (C:\Users\marti\Desktop\DESARROLLOSW\BOILERPLATTE E-COMMERCE\node_modules\next\dist\lib\metadata\generate\alternate.js:17:23)
    at T (C:\Users\marti\Desktop\DESARROLLOSW\BOILERPLATTE E-COMMERCE\.next\server\chunks\9065.js:22083:25)
    at Ma (C:\Users\marti\Desktop\DESARROLLOSW\BOILERPLATTE E-COMMERCE\.next\server\chunks\9065.js:22246:33)
    at Array.toJSON (C:\Users\marti\Desktop\DESARROLLOSW\BOILERPLATTE E-COMMERCE\.next\server\chunks\9065.js:22039:32)
    at stringify (<anonymous>)
    at V (C:\Users\marti\Desktop\DESARROLLOSW\BOILERPLATTE E-COMMERCE\.next\server\chunks\9065.js:22338:53)
    at ping (C:\Users\marti\Desktop\DESARROLLOSW\BOILERPLATTE E-COMMERCE\.next\server\chunks\9065.js:22138:43)
TypeError: Cannot convert undefined or null to object
    at Function.entries (<anonymous>)
    at AlternatesMetadata (C:\Users\marti\Desktop\DESARROLLOSW\BOILERPLATTE E-COMMERCE\node_modules\next\dist\lib\metadata\generate\alternate.js:17:23)
    at T (C:\Users\marti\Desktop\DESARROLLOSW\BOILERPLATTE E-COMMERCE\.next\server\chunks\9065.js:22083:25)
    at Ma (C:\Users\marti\Desktop\DESARROLLOSW\BOILERPLATTE E-COMMERCE\.next\server\chunks\9065.js:22246:33)
    at Array.toJSON (C:\Users\marti\Desktop\DESARROLLOSW\BOILERPLATTE E-COMMERCE\.next\server\chunks\9065.js:22039:32)
    at stringify (<anonymous>)
    at V (C:\Users\marti\Desktop\DESARROLLOSW\BOILERPLATTE E-COMMERCE\.next\server\chunks\9065.js:22338:53)
    at ping (C:\Users\marti\Desktop\DESARROLLOSW\BOILERPLATTE E-COMMERCE\.next\server\chunks\9065.js:22138:43)
TypeError: Cannot convert undefined or null to object
    at Function.entries (<anonymous>)
    at AlternatesMetadata (C:\Users\marti\Desktop\DESARROLLOSW\BOILERPLATTE E-COMMERCE\node_modules\next\dist\lib\metadata\generate\alternate.js:17:23)
    at T (C:\Users\marti\Desktop\DESARROLLOSW\BOILERPLATTE E-COMMERCE\.next\server\chunks\9065.js:22083:25)
    at Ma (C:\Users\marti\Desktop\DESARROLLOSW\BOILERPLATTE E-COMMERCE\.next\server\chunks\9065.js:22246:33)
    at Array.toJSON (C:\Users\marti\Desktop\DESARROLLOSW\BOILERPLATTE E-COMMERCE\.next\server\chunks\9065.js:22039:32)
    at stringify (<anonymous>)
    at V (C:\Users\marti\Desktop\DESARROLLOSW\BOILERPLATTE E-COMMERCE\.next\server\chunks\9065.js:22338:53)
    at ping (C:\Users\marti\Desktop\DESARROLLOSW\BOILERPLATTE E-COMMERCE\.next\server\chunks\9065.js:22138:43)
TypeError: Cannot convert undefined or null to object
    at Function.entries (<anonymous>)
    at AlternatesMetadata (C:\Users\marti\Desktop\DESARROLLOSW\BOILERPLATTE E-COMMERCE\node_modules\next\dist\lib\metadata\generate\alternate.js:17:23)
    at T (C:\Users\marti\Desktop\DESARROLLOSW\BOILERPLATTE E-COMMERCE\.next\server\chunks\9065.js:22083:25)
    at Ma (C:\Users\marti\Desktop\DESARROLLOSW\BOILERPLATTE E-COMMERCE\.next\server\chunks\9065.js:22246:33)
    at Array.toJSON (C:\Users\marti\Desktop\DESARROLLOSW\BOILERPLATTE E-COMMERCE\.next\server\chunks\9065.js:22039:32)
    at stringify (<anonymous>)
    at V (C:\Users\marti\Desktop\DESARROLLOSW\BOILERPLATTE E-COMMERCE\.next\server\chunks\9065.js:22338:53)
    at ping (C:\Users\marti\Desktop\DESARROLLOSW\BOILERPLATTE E-COMMERCE\.next\server\chunks\9065.js:22138:43)
TypeError: Cannot convert undefined or null to object
    at Function.entries (<anonymous>)
    at AlternatesMetadata (C:\Users\marti\Desktop\DESARROLLOSW\BOILERPLATTE E-COMMERCE\node_modules\next\dist\lib\metadata\generate\alternate.js:17:23)
    at T (C:\Users\marti\Desktop\DESARROLLOSW\BOILERPLATTE E-COMMERCE\.next\server\chunks\9065.js:22083:25)
    at Ma (C:\Users\marti\Desktop\DESARROLLOSW\BOILERPLATTE E-COMMERCE\.next\server\chunks\9065.js:22246:33)
    at Array.toJSON (C:\Users\marti\Desktop\DESARROLLOSW\BOILERPLATTE E-COMMERCE\.next\server\chunks\9065.js:22039:32)
    at stringify (<anonymous>)
    at V (C:\Users\marti\Desktop\DESARROLLOSW\BOILERPLATTE E-COMMERCE\.next\server\chunks\9065.js:22338:53)
    at ping (C:\Users\marti\Desktop\DESARROLLOSW\BOILERPLATTE E-COMMERCE\.next\server\chunks\9065.js:22138:43)
2025-09-20T01:43:12.555Z ioredis:redis status[your-redis-host.upstash.io:6379]: wait -> wait
2025-09-20T01:43:12.571Z ioredis:redis status[your-redis-host.upstash.io:6379]: wait -> wait
2025-09-20T01:43:12.622Z ioredis:redis status[your-redis-host.upstash.io:6379]: wait -> wait
2025-09-20T01:43:12.665Z ioredis:redis status[your-redis-host.upstash.io:6379]: wait -> wait
2025-09-20T01:43:12.669Z ioredis:redis status[your-redis-host.upstash.io:6379]: wait -> wait
2025-09-20T01:43:12.684Z ioredis:redis status[your-redis-host.upstash.io:6379]: wait -> wait
2025-09-20T01:43:12.687Z ioredis:redis status[your-redis-host.upstash.io:6379]: wait -> wait
2025-09-20T01:43:12.690Z ioredis:redis status[your-redis-host.upstash.io:6379]: wait -> wait
2025-09-20T01:43:12.701Z ioredis:redis status[your-redis-host.upstash.io:6379]: wait -> wait
2025-09-20T01:43:12.730Z ioredis:redis status[your-redis-host.upstash.io:6379]: wait -> wait
2025-09-20T01:43:12.732Z ioredis:redis status[your-redis-host.upstash.io:6379]: wait -> wait

Error occurred prerendering page "/error". Read more: https://nextjs.org/docs/messages/prerender-error
TypeError: Cannot convert undefined or null to object
    at Function.entries (<anonymous>)
    at AlternatesMetadata (C:\Users\marti\Desktop\DESARROLLOSW\BOILERPLATTE E-COMMERCE\node_modules\next\dist\lib\metadata\generate\alternate.js:17:23)
    at T (C:\Users\marti\Desktop\DESARROLLOSW\BOILERPLATTE E-COMMERCE\.next\server\chunks\9065.js:22083:25)
    at Ma (C:\Users\marti\Desktop\DESARROLLOSW\BOILERPLATTE E-COMMERCE\.next\server\chunks\9065.js:22246:33)
    at Array.toJSON (C:\Users\marti\Desktop\DESARROLLOSW\BOILERPLATTE E-COMMERCE\.next\server\chunks\9065.js:22039:32)
    at stringify (<anonymous>)
    at V (C:\Users\marti\Desktop\DESARROLLOSW\BOILERPLATTE E-COMMERCE\.next\server\chunks\9065.js:22338:53)
    at ping (C:\Users\marti\Desktop\DESARROLLOSW\BOILERPLATTE E-COMMERCE\.next\server\chunks\9065.js:22138:43)
2025-09-20T01:43:12.744Z ioredis:redis status[your-redis-host.upstash.io:6379]: wait -> wait
2025-09-20T01:43:12.751Z ioredis:redis status[your-redis-host.upstash.io:6379]: wait -> wait

Error occurred prerendering page "/mail-success". Read more: https://nextjs.org/docs/messages/prerender-error
TypeError: Cannot convert undefined or null to object
    at Function.entries (<anonymous>)
    at AlternatesMetadata (C:\Users\marti\Desktop\DESARROLLOSW\BOILERPLATTE E-COMMERCE\node_modules\next\dist\lib\metadata\generate\alternate.js:17:23)
    at T (C:\Users\marti\Desktop\DESARROLLOSW\BOILERPLATTE E-COMMERCE\.next\server\chunks\9065.js:22083:25)
    at Ma (C:\Users\marti\Desktop\DESARROLLOSW\BOILERPLATTE E-COMMERCE\.next\server\chunks\9065.js:22246:33)
    at Array.toJSON (C:\Users\marti\Desktop\DESARROLLOSW\BOILERPLATTE E-COMMERCE\.next\server\chunks\9065.js:22039:32)
    at stringify (<anonymous>)
    at V (C:\Users\marti\Desktop\DESARROLLOSW\BOILERPLATTE E-COMMERCE\.next\server\chunks\9065.js:22338:53)
    at ping (C:\Users\marti\Desktop\DESARROLLOSW\BOILERPLATTE E-COMMERCE\.next\server\chunks\9065.js:22138:43)
2025-09-20T01:43:12.754Z ioredis:redis status[your-redis-host.upstash.io:6379]: wait -> wait

Error occurred prerendering page "/dashboard/preferences". Read more: https://nextjs.org/docs/messages/prerender-error
TypeError: Cannot convert undefined or null to object
    at Function.entries (<anonymous>)
    at AlternatesMetadata (C:\Users\marti\Desktop\DESARROLLOSW\BOILERPLATTE E-COMMERCE\node_modules\next\dist\lib\metadata\generate\alternate.js:17:23)
    at T (C:\Users\marti\Desktop\DESARROLLOSW\BOILERPLATTE E-COMMERCE\.next\server\chunks\9065.js:22083:25)
    at Ma (C:\Users\marti\Desktop\DESARROLLOSW\BOILERPLATTE E-COMMERCE\.next\server\chunks\9065.js:22246:33)
    at Array.toJSON (C:\Users\marti\Desktop\DESARROLLOSW\BOILERPLATTE E-COMMERCE\.next\server\chunks\9065.js:22039:32)
    at stringify (<anonymous>)
    at V (C:\Users\marti\Desktop\DESARROLLOSW\BOILERPLATTE E-COMMERCE\.next\server\chunks\9065.js:22338:53)
    at ping (C:\Users\marti\Desktop\DESARROLLOSW\BOILERPLATTE E-COMMERCE\.next\server\chunks\9065.js:22138:43)

Error occurred prerendering page "/mock/mercadopago/checkout". Read more: https://nextjs.org/docs/messages/prerender-error
TypeError: Cannot convert undefined or null to object
    at Function.entries (<anonymous>)
    at AlternatesMetadata (C:\Users\marti\Desktop\DESARROLLOSW\BOILERPLATTE E-COMMERCE\node_modules\next\dist\lib\metadata\generate\alternate.js:17:23)
    at T (C:\Users\marti\Desktop\DESARROLLOSW\BOILERPLATTE E-COMMERCE\.next\server\chunks\9065.js:22083:25)
    at Ma (C:\Users\marti\Desktop\DESARROLLOSW\BOILERPLATTE E-COMMERCE\.next\server\chunks\9065.js:22246:33)
    at Array.toJSON (C:\Users\marti\Desktop\DESARROLLOSW\BOILERPLATTE E-COMMERCE\.next\server\chunks\9065.js:22039:32)
    at stringify (<anonymous>)
    at V (C:\Users\marti\Desktop\DESARROLLOSW\BOILERPLATTE E-COMMERCE\.next\server\chunks\9065.js:22338:53)
    at ping (C:\Users\marti\Desktop\DESARROLLOSW\BOILERPLATTE E-COMMERCE\.next\server\chunks\9065.js:22138:43)
TypeError: Cannot convert undefined or null to object
    at Function.entries (<anonymous>)
    at AlternatesMetadata (C:\Users\marti\Desktop\DESARROLLOSW\BOILERPLATTE E-COMMERCE\node_modules\next\dist\lib\metadata\generate\alternate.js:17:23)
    at T (C:\Users\marti\Desktop\DESARROLLOSW\BOILERPLATTE E-COMMERCE\.next\server\chunks\9065.js:22083:25)
    at Ma (C:\Users\marti\Desktop\DESARROLLOSW\BOILERPLATTE E-COMMERCE\.next\server\chunks\9065.js:22246:33)
    at Array.toJSON (C:\Users\marti\Desktop\DESARROLLOSW\BOILERPLATTE E-COMMERCE\.next\server\chunks\9065.js:22039:32)
    at stringify (<anonymous>)
    at V (C:\Users\marti\Desktop\DESARROLLOSW\BOILERPLATTE E-COMMERCE\.next\server\chunks\9065.js:22338:53)
    at ping (C:\Users\marti\Desktop\DESARROLLOSW\BOILERPLATTE E-COMMERCE\.next\server\chunks\9065.js:22138:43)

Error occurred prerendering page "/blogs/blog-details". Read more: https://nextjs.org/docs/messages/prerender-error
TypeError: Cannot convert undefined or null to object
    at Function.entries (<anonymous>)
    at AlternatesMetadata (C:\Users\marti\Desktop\DESARROLLOSW\BOILERPLATTE E-COMMERCE\node_modules\next\dist\lib\metadata\generate\alternate.js:17:23)
    at T (C:\Users\marti\Desktop\DESARROLLOSW\BOILERPLATTE E-COMMERCE\.next\server\chunks\9065.js:22083:25)
    at Ma (C:\Users\marti\Desktop\DESARROLLOSW\BOILERPLATTE E-COMMERCE\.next\server\chunks\9065.js:22246:33)
    at Array.toJSON (C:\Users\marti\Desktop\DESARROLLOSW\BOILERPLATTE E-COMMERCE\.next\server\chunks\9065.js:22039:32)
    at stringify (<anonymous>)
    at V (C:\Users\marti\Desktop\DESARROLLOSW\BOILERPLATTE E-COMMERCE\.next\server\chunks\9065.js:22338:53)
    at ping (C:\Users\marti\Desktop\DESARROLLOSW\BOILERPLATTE E-COMMERCE\.next\server\chunks\9065.js:22138:43)
2025-09-20T01:43:12.823Z ioredis:redis status[your-redis-host.upstash.io:6379]: wait -> wait

Error occurred prerendering page "/profile". Read more: https://nextjs.org/docs/messages/prerender-error
TypeError: Cannot convert undefined or null to object
    at Function.entries (<anonymous>)
    at AlternatesMetadata (C:\Users\marti\Desktop\DESARROLLOSW\BOILERPLATTE E-COMMERCE\node_modules\next\dist\lib\metadata\generate\alternate.js:17:23)
    at T (C:\Users\marti\Desktop\DESARROLLOSW\BOILERPLATTE E-COMMERCE\.next\server\chunks\9065.js:22083:25)
    at Ma (C:\Users\marti\Desktop\DESARROLLOSW\BOILERPLATTE E-COMMERCE\.next\server\chunks\9065.js:22246:33)
    at Array.toJSON (C:\Users\marti\Desktop\DESARROLLOSW\BOILERPLATTE E-COMMERCE\.next\server\chunks\9065.js:22039:32)
    at stringify (<anonymous>)
    at V (C:\Users\marti\Desktop\DESARROLLOSW\BOILERPLATTE E-COMMERCE\.next\server\chunks\9065.js:22338:53)
    at ping (C:\Users\marti\Desktop\DESARROLLOSW\BOILERPLATTE E-COMMERCE\.next\server\chunks\9065.js:22138:43)
TypeError: Cannot convert undefined or null to object
    at Function.entries (<anonymous>)
    at AlternatesMetadata (C:\Users\marti\Desktop\DESARROLLOSW\BOILERPLATTE E-COMMERCE\node_modules\next\dist\lib\metadata\generate\alternate.js:17:23)
    at T (C:\Users\marti\Desktop\DESARROLLOSW\BOILERPLATTE E-COMMERCE\.next\server\chunks\9065.js:22083:25)
    at Ma (C:\Users\marti\Desktop\DESARROLLOSW\BOILERPLATTE E-COMMERCE\.next\server\chunks\9065.js:22246:33)
    at Array.toJSON (C:\Users\marti\Desktop\DESARROLLOSW\BOILERPLATTE E-COMMERCE\.next\server\chunks\9065.js:22039:32)
    at stringify (<anonymous>)
    at V (C:\Users\marti\Desktop\DESARROLLOSW\BOILERPLATTE E-COMMERCE\.next\server\chunks\9065.js:22338:53)
    at ping (C:\Users\marti\Desktop\DESARROLLOSW\BOILERPLATTE E-COMMERCE\.next\server\chunks\9065.js:22138:43)

Error occurred prerendering page "/orders". Read more: https://nextjs.org/docs/messages/prerender-error
TypeError: Cannot convert undefined or null to object
    at Function.entries (<anonymous>)
    at AlternatesMetadata (C:\Users\marti\Desktop\DESARROLLOSW\BOILERPLATTE E-COMMERCE\node_modules\next\dist\lib\metadata\generate\alternate.js:17:23)
    at T (C:\Users\marti\Desktop\DESARROLLOSW\BOILERPLATTE E-COMMERCE\.next\server\chunks\9065.js:22083:25)
    at Ma (C:\Users\marti\Desktop\DESARROLLOSW\BOILERPLATTE E-COMMERCE\.next\server\chunks\9065.js:22246:33)
    at Array.toJSON (C:\Users\marti\Desktop\DESARROLLOSW\BOILERPLATTE E-COMMERCE\.next\server\chunks\9065.js:22039:32)
    at stringify (<anonymous>)
    at V (C:\Users\marti\Desktop\DESARROLLOSW\BOILERPLATTE E-COMMERCE\.next\server\chunks\9065.js:22338:53)
    at ping (C:\Users\marti\Desktop\DESARROLLOSW\BOILERPLATTE E-COMMERCE\.next\server\chunks\9065.js:22138:43)

Error occurred prerendering page "/shop-test". Read more: https://nextjs.org/docs/messages/prerender-error
TypeError: Cannot convert undefined or null to object
    at Function.entries (<anonymous>)
    at AlternatesMetadata (C:\Users\marti\Desktop\DESARROLLOSW\BOILERPLATTE E-COMMERCE\node_modules\next\dist\lib\metadata\generate\alternate.js:17:23)
    at T (C:\Users\marti\Desktop\DESARROLLOSW\BOILERPLATTE E-COMMERCE\.next\server\chunks\9065.js:22083:25)
    at Ma (C:\Users\marti\Desktop\DESARROLLOSW\BOILERPLATTE E-COMMERCE\.next\server\chunks\9065.js:22246:33)
    at Array.toJSON (C:\Users\marti\Desktop\DESARROLLOSW\BOILERPLATTE E-COMMERCE\.next\server\chunks\9065.js:22039:32)
    at stringify (<anonymous>)
    at V (C:\Users\marti\Desktop\DESARROLLOSW\BOILERPLATTE E-COMMERCE\.next\server\chunks\9065.js:22338:53)
    at ping (C:\Users\marti\Desktop\DESARROLLOSW\BOILERPLATTE E-COMMERCE\.next\server\chunks\9065.js:22138:43)
TypeError: Cannot convert undefined or null to object
    at Function.entries (<anonymous>)
    at AlternatesMetadata (C:\Users\marti\Desktop\DESARROLLOSW\BOILERPLATTE E-COMMERCE\node_modules\next\dist\lib\metadata\generate\alternate.js:17:23)
    at T (C:\Users\marti\Desktop\DESARROLLOSW\BOILERPLATTE E-COMMERCE\.next\server\chunks\9065.js:22083:25)
    at Ma (C:\Users\marti\Desktop\DESARROLLOSW\BOILERPLATTE E-COMMERCE\.next\server\chunks\9065.js:22246:33)
    at Array.toJSON (C:\Users\marti\Desktop\DESARROLLOSW\BOILERPLATTE E-COMMERCE\.next\server\chunks\9065.js:22039:32)
    at stringify (<anonymous>)
    at V (C:\Users\marti\Desktop\DESARROLLOSW\BOILERPLATTE E-COMMERCE\.next\server\chunks\9065.js:22338:53)
    at ping (C:\Users\marti\Desktop\DESARROLLOSW\BOILERPLATTE E-COMMERCE\.next\server\chunks\9065.js:22138:43)

Error occurred prerendering page "/shop-details/[id]". Read more: https://nextjs.org/docs/messages/prerender-error
TypeError: Cannot convert undefined or null to object
    at Function.entries (<anonymous>)
    at AlternatesMetadata (C:\Users\marti\Desktop\DESARROLLOSW\BOILERPLATTE E-COMMERCE\node_modules\next\dist\lib\metadata\generate\alternate.js:17:23)
    at T (C:\Users\marti\Desktop\DESARROLLOSW\BOILERPLATTE E-COMMERCE\.next\server\chunks\9065.js:22083:25)
    at Ma (C:\Users\marti\Desktop\DESARROLLOSW\BOILERPLATTE E-COMMERCE\.next\server\chunks\9065.js:22246:33)
    at Array.toJSON (C:\Users\marti\Desktop\DESARROLLOSW\BOILERPLATTE E-COMMERCE\.next\server\chunks\9065.js:22039:32)
    at stringify (<anonymous>)
    at V (C:\Users\marti\Desktop\DESARROLLOSW\BOILERPLATTE E-COMMERCE\.next\server\chunks\9065.js:22338:53)
    at ping (C:\Users\marti\Desktop\DESARROLLOSW\BOILERPLATTE E-COMMERCE\.next\server\chunks\9065.js:22138:43)
TypeError: Cannot convert undefined or null to object
    at Function.entries (<anonymous>)
    at AlternatesMetadata (C:\Users\marti\Desktop\DESARROLLOSW\BOILERPLATTE E-COMMERCE\node_modules\next\dist\lib\metadata\generate\alternate.js:17:23)
    at T (C:\Users\marti\Desktop\DESARROLLOSW\BOILERPLATTE E-COMMERCE\.next\server\chunks\9065.js:22083:25)
    at Ma (C:\Users\marti\Desktop\DESARROLLOSW\BOILERPLATTE E-COMMERCE\.next\server\chunks\9065.js:22246:33)
    at Array.toJSON (C:\Users\marti\Desktop\DESARROLLOSW\BOILERPLATTE E-COMMERCE\.next\server\chunks\9065.js:22039:32)
    at stringify (<anonymous>)
    at V (C:\Users\marti\Desktop\DESARROLLOSW\BOILERPLATTE E-COMMERCE\.next\server\chunks\9065.js:22338:53)
    at ping (C:\Users\marti\Desktop\DESARROLLOSW\BOILERPLATTE E-COMMERCE\.next\server\chunks\9065.js:22138:43)

Error occurred prerendering page "/demo/header". Read more: https://nextjs.org/docs/messages/prerender-error
TypeError: Cannot convert undefined or null to object
    at Function.entries (<anonymous>)
    at AlternatesMetadata (C:\Users\marti\Desktop\DESARROLLOSW\BOILERPLATTE E-COMMERCE\node_modules\next\dist\lib\metadata\generate\alternate.js:17:23)
    at T (C:\Users\marti\Desktop\DESARROLLOSW\BOILERPLATTE E-COMMERCE\.next\server\chunks\9065.js:22083:25)
    at Ma (C:\Users\marti\Desktop\DESARROLLOSW\BOILERPLATTE E-COMMERCE\.next\server\chunks\9065.js:22246:33)
    at Array.toJSON (C:\Users\marti\Desktop\DESARROLLOSW\BOILERPLATTE E-COMMERCE\.next\server\chunks\9065.js:22039:32)
    at stringify (<anonymous>)
    at V (C:\Users\marti\Desktop\DESARROLLOSW\BOILERPLATTE E-COMMERCE\.next\server\chunks\9065.js:22338:53)
    at ping (C:\Users\marti\Desktop\DESARROLLOSW\BOILERPLATTE E-COMMERCE\.next\server\chunks\9065.js:22138:43)

Error occurred prerendering page "/blogs/blog-grid-with-sidebar". Read more: https://nextjs.org/docs/messages/prerender-error
TypeError: Cannot convert undefined or null to object
    at Function.entries (<anonymous>)
    at AlternatesMetadata (C:\Users\marti\Desktop\DESARROLLOSW\BOILERPLATTE E-COMMERCE\node_modules\next\dist\lib\metadata\generate\alternate.js:17:23)
    at T (C:\Users\marti\Desktop\DESARROLLOSW\BOILERPLATTE E-COMMERCE\.next\server\chunks\9065.js:22083:25)
    at Ma (C:\Users\marti\Desktop\DESARROLLOSW\BOILERPLATTE E-COMMERCE\.next\server\chunks\9065.js:22246:33)
    at Array.toJSON (C:\Users\marti\Desktop\DESARROLLOSW\BOILERPLATTE E-COMMERCE\.next\server\chunks\9065.js:22039:32)
    at stringify (<anonymous>)
    at V (C:\Users\marti\Desktop\DESARROLLOSW\BOILERPLATTE E-COMMERCE\.next\server\chunks\9065.js:22338:53)
    at ping (C:\Users\marti\Desktop\DESARROLLOSW\BOILERPLATTE E-COMMERCE\.next\server\chunks\9065.js:22138:43)
TypeError: Cannot convert undefined or null to object
    at Function.entries (<anonymous>)
    at AlternatesMetadata (C:\Users\marti\Desktop\DESARROLLOSW\BOILERPLATTE E-COMMERCE\node_modules\next\dist\lib\metadata\generate\alternate.js:17:23)
    at T (C:\Users\marti\Desktop\DESARROLLOSW\BOILERPLATTE E-COMMERCE\.next\server\chunks\9065.js:22083:25)
    at Ma (C:\Users\marti\Desktop\DESARROLLOSW\BOILERPLATTE E-COMMERCE\.next\server\chunks\9065.js:22246:33)
    at Array.toJSON (C:\Users\marti\Desktop\DESARROLLOSW\BOILERPLATTE E-COMMERCE\.next\server\chunks\9065.js:22039:32)
    at stringify (<anonymous>)
    at V (C:\Users\marti\Desktop\DESARROLLOSW\BOILERPLATTE E-COMMERCE\.next\server\chunks\9065.js:22338:53)
    at ping (C:\Users\marti\Desktop\DESARROLLOSW\BOILERPLATTE E-COMMERCE\.next\server\chunks\9065.js:22138:43)

Error occurred prerendering page "/calculator". Read more: https://nextjs.org/docs/messages/prerender-error
TypeError: Cannot convert undefined or null to object
    at Function.entries (<anonymous>)
    at AlternatesMetadata (C:\Users\marti\Desktop\DESARROLLOSW\BOILERPLATTE E-COMMERCE\node_modules\next\dist\lib\metadata\generate\alternate.js:17:23)
    at T (C:\Users\marti\Desktop\DESARROLLOSW\BOILERPLATTE E-COMMERCE\.next\server\chunks\9065.js:22083:25)
    at Ma (C:\Users\marti\Desktop\DESARROLLOSW\BOILERPLATTE E-COMMERCE\.next\server\chunks\9065.js:22246:33)
    at Array.toJSON (C:\Users\marti\Desktop\DESARROLLOSW\BOILERPLATTE E-COMMERCE\.next\server\chunks\9065.js:22039:32)
    at stringify (<anonymous>)
    at V (C:\Users\marti\Desktop\DESARROLLOSW\BOILERPLATTE E-COMMERCE\.next\server\chunks\9065.js:22338:53)
    at ping (C:\Users\marti\Desktop\DESARROLLOSW\BOILERPLATTE E-COMMERCE\.next\server\chunks\9065.js:22138:43)
TypeError: Cannot convert undefined or null to object
    at Function.entries (<anonymous>)
    at AlternatesMetadata (C:\Users\marti\Desktop\DESARROLLOSW\BOILERPLATTE E-COMMERCE\node_modules\next\dist\lib\metadata\generate\alternate.js:17:23)
    at T (C:\Users\marti\Desktop\DESARROLLOSW\BOILERPLATTE E-COMMERCE\.next\server\chunks\9065.js:22083:25)
    at Ma (C:\Users\marti\Desktop\DESARROLLOSW\BOILERPLATTE E-COMMERCE\.next\server\chunks\9065.js:22246:33)
    at Array.toJSON (C:\Users\marti\Desktop\DESARROLLOSW\BOILERPLATTE E-COMMERCE\.next\server\chunks\9065.js:22039:32)
    at stringify (<anonymous>)
    at V (C:\Users\marti\Desktop\DESARROLLOSW\BOILERPLATTE E-COMMERCE\.next\server\chunks\9065.js:22338:53)
    at ping (C:\Users\marti\Desktop\DESARROLLOSW\BOILERPLATTE E-COMMERCE\.next\server\chunks\9065.js:22138:43)

Error occurred prerendering page "/menu". Read more: https://nextjs.org/docs/messages/prerender-error
TypeError: Cannot convert undefined or null to object
    at Function.entries (<anonymous>)
    at AlternatesMetadata (C:\Users\marti\Desktop\DESARROLLOSW\BOILERPLATTE E-COMMERCE\node_modules\next\dist\lib\metadata\generate\alternate.js:17:23)
    at T (C:\Users\marti\Desktop\DESARROLLOSW\BOILERPLATTE E-COMMERCE\.next\server\chunks\9065.js:22083:25)
    at Ma (C:\Users\marti\Desktop\DESARROLLOSW\BOILERPLATTE E-COMMERCE\.next\server\chunks\9065.js:22246:33)
    at Array.toJSON (C:\Users\marti\Desktop\DESARROLLOSW\BOILERPLATTE E-COMMERCE\.next\server\chunks\9065.js:22039:32)
    at stringify (<anonymous>)
    at V (C:\Users\marti\Desktop\DESARROLLOSW\BOILERPLATTE E-COMMERCE\.next\server\chunks\9065.js:22338:53)
    at ping (C:\Users\marti\Desktop\DESARROLLOSW\BOILERPLATTE E-COMMERCE\.next\server\chunks\9065.js:22138:43)

Error occurred prerendering page "/blogs/blog-grid". Read more: https://nextjs.org/docs/messages/prerender-error
TypeError: Cannot convert undefined or null to object
    at Function.entries (<anonymous>)
    at AlternatesMetadata (C:\Users\marti\Desktop\DESARROLLOSW\BOILERPLATTE E-COMMERCE\node_modules\next\dist\lib\metadata\generate\alternate.js:17:23)
    at T (C:\Users\marti\Desktop\DESARROLLOSW\BOILERPLATTE E-COMMERCE\.next\server\chunks\9065.js:22083:25)
    at Ma (C:\Users\marti\Desktop\DESARROLLOSW\BOILERPLATTE E-COMMERCE\.next\server\chunks\9065.js:22246:33)
    at Array.toJSON (C:\Users\marti\Desktop\DESARROLLOSW\BOILERPLATTE E-COMMERCE\.next\server\chunks\9065.js:22039:32)
    at stringify (<anonymous>)
    at V (C:\Users\marti\Desktop\DESARROLLOSW\BOILERPLATTE E-COMMERCE\.next\server\chunks\9065.js:22338:53)
    at ping (C:\Users\marti\Desktop\DESARROLLOSW\BOILERPLATTE E-COMMERCE\.next\server\chunks\9065.js:22138:43)

Error occurred prerendering page "/shop-details". Read more: https://nextjs.org/docs/messages/prerender-error
TypeError: Cannot convert undefined or null to object
    at Function.entries (<anonymous>)
    at AlternatesMetadata (C:\Users\marti\Desktop\DESARROLLOSW\BOILERPLATTE E-COMMERCE\node_modules\next\dist\lib\metadata\generate\alternate.js:17:23)
    at T (C:\Users\marti\Desktop\DESARROLLOSW\BOILERPLATTE E-COMMERCE\.next\server\chunks\9065.js:22083:25)
    at Ma (C:\Users\marti\Desktop\DESARROLLOSW\BOILERPLATTE E-COMMERCE\.next\server\chunks\9065.js:22246:33)
    at Array.toJSON (C:\Users\marti\Desktop\DESARROLLOSW\BOILERPLATTE E-COMMERCE\.next\server\chunks\9065.js:22039:32)
    at stringify (<anonymous>)
    at V (C:\Users\marti\Desktop\DESARROLLOSW\BOILERPLATTE E-COMMERCE\.next\server\chunks\9065.js:22338:53)
    at ping (C:\Users\marti\Desktop\DESARROLLOSW\BOILERPLATTE E-COMMERCE\.next\server\chunks\9065.js:22138:43)
TypeError: Cannot convert undefined or null to object
    at Function.entries (<anonymous>)
    at AlternatesMetadata (C:\Users\marti\Desktop\DESARROLLOSW\BOILERPLATTE E-COMMERCE\node_modules\next\dist\lib\metadata\generate\alternate.js:17:23)
    at T (C:\Users\marti\Desktop\DESARROLLOSW\BOILERPLATTE E-COMMERCE\.next\server\chunks\9065.js:22083:25)
    at Ma (C:\Users\marti\Desktop\DESARROLLOSW\BOILERPLATTE E-COMMERCE\.next\server\chunks\9065.js:22246:33)
    at Array.toJSON (C:\Users\marti\Desktop\DESARROLLOSW\BOILERPLATTE E-COMMERCE\.next\server\chunks\9065.js:22039:32)
    at stringify (<anonymous>)
    at V (C:\Users\marti\Desktop\DESARROLLOSW\BOILERPLATTE E-COMMERCE\.next\server\chunks\9065.js:22338:53)
    at ping (C:\Users\marti\Desktop\DESARROLLOSW\BOILERPLATTE E-COMMERCE\.next\server\chunks\9065.js:22138:43)

Error occurred prerendering page "/_disabled/admin-bypass". Read more: https://nextjs.org/docs/messages/prerender-error
TypeError: Cannot convert undefined or null to object
    at Function.entries (<anonymous>)
    at AlternatesMetadata (C:\Users\marti\Desktop\DESARROLLOSW\BOILERPLATTE E-COMMERCE\node_modules\next\dist\lib\metadata\generate\alternate.js:17:23)
    at T (C:\Users\marti\Desktop\DESARROLLOSW\BOILERPLATTE E-COMMERCE\.next\server\chunks\9065.js:22083:25)
    at Ma (C:\Users\marti\Desktop\DESARROLLOSW\BOILERPLATTE E-COMMERCE\.next\server\chunks\9065.js:22246:33)
    at Array.toJSON (C:\Users\marti\Desktop\DESARROLLOSW\BOILERPLATTE E-COMMERCE\.next\server\chunks\9065.js:22039:32)
    at stringify (<anonymous>)
    at V (C:\Users\marti\Desktop\DESARROLLOSW\BOILERPLATTE E-COMMERCE\.next\server\chunks\9065.js:22338:53)
    at ping (C:\Users\marti\Desktop\DESARROLLOSW\BOILERPLATTE E-COMMERCE\.next\server\chunks\9065.js:22138:43)

Error occurred prerendering page "/shop-without-sidebar". Read more: https://nextjs.org/docs/messages/prerender-error
TypeError: Cannot convert undefined or null to object
    at Function.entries (<anonymous>)
    at AlternatesMetadata (C:\Users\marti\Desktop\DESARROLLOSW\BOILERPLATTE E-COMMERCE\node_modules\next\dist\lib\metadata\generate\alternate.js:17:23)
    at T (C:\Users\marti\Desktop\DESARROLLOSW\BOILERPLATTE E-COMMERCE\.next\server\chunks\9065.js:22083:25)
    at Ma (C:\Users\marti\Desktop\DESARROLLOSW\BOILERPLATTE E-COMMERCE\.next\server\chunks\9065.js:22246:33)
    at Array.toJSON (C:\Users\marti\Desktop\DESARROLLOSW\BOILERPLATTE E-COMMERCE\.next\server\chunks\9065.js:22039:32)
    at stringify (<anonymous>)
    at V (C:\Users\marti\Desktop\DESARROLLOSW\BOILERPLATTE E-COMMERCE\.next\server\chunks\9065.js:22338:53)
    at ping (C:\Users\marti\Desktop\DESARROLLOSW\BOILERPLATTE E-COMMERCE\.next\server\chunks\9065.js:22138:43)
TypeError: Cannot convert undefined or null to object
    at Function.entries (<anonymous>)
    at AlternatesMetadata (C:\Users\marti\Desktop\DESARROLLOSW\BOILERPLATTE E-COMMERCE\node_modules\next\dist\lib\metadata\generate\alternate.js:17:23)
    at T (C:\Users\marti\Desktop\DESARROLLOSW\BOILERPLATTE E-COMMERCE\.next\server\chunks\9065.js:22083:25)
    at Ma (C:\Users\marti\Desktop\DESARROLLOSW\BOILERPLATTE E-COMMERCE\.next\server\chunks\9065.js:22246:33)
    at Array.toJSON (C:\Users\marti\Desktop\DESARROLLOSW\BOILERPLATTE E-COMMERCE\.next\server\chunks\9065.js:22039:32)
    at stringify (<anonymous>)
    at V (C:\Users\marti\Desktop\DESARROLLOSW\BOILERPLATTE E-COMMERCE\.next\server\chunks\9065.js:22338:53)
    at ping (C:\Users\marti\Desktop\DESARROLLOSW\BOILERPLATTE E-COMMERCE\.next\server\chunks\9065.js:22138:43)

Error occurred prerendering page "/". Read more: https://nextjs.org/docs/messages/prerender-error
TypeError: Cannot convert undefined or null to object
    at Function.entries (<anonymous>)
    at AlternatesMetadata (C:\Users\marti\Desktop\DESARROLLOSW\BOILERPLATTE E-COMMERCE\node_modules\next\dist\lib\metadata\generate\alternate.js:17:23)
    at T (C:\Users\marti\Desktop\DESARROLLOSW\BOILERPLATTE E-COMMERCE\.next\server\chunks\9065.js:22083:25)
    at Ma (C:\Users\marti\Desktop\DESARROLLOSW\BOILERPLATTE E-COMMERCE\.next\server\chunks\9065.js:22246:33)
    at Array.toJSON (C:\Users\marti\Desktop\DESARROLLOSW\BOILERPLATTE E-COMMERCE\.next\server\chunks\9065.js:22039:32)
    at stringify (<anonymous>)
    at V (C:\Users\marti\Desktop\DESARROLLOSW\BOILERPLATTE E-COMMERCE\.next\server\chunks\9065.js:22338:53)
    at ping (C:\Users\marti\Desktop\DESARROLLOSW\BOILERPLATTE E-COMMERCE\.next\server\chunks\9065.js:22138:43)
TypeError: Cannot convert undefined or null to object
    at Function.entries (<anonymous>)
    at AlternatesMetadata (C:\Users\marti\Desktop\DESARROLLOSW\BOILERPLATTE E-COMMERCE\node_modules\next\dist\lib\metadata\generate\alternate.js:17:23)
    at T (C:\Users\marti\Desktop\DESARROLLOSW\BOILERPLATTE E-COMMERCE\.next\server\chunks\9065.js:22083:25)
    at Ma (C:\Users\marti\Desktop\DESARROLLOSW\BOILERPLATTE E-COMMERCE\.next\server\chunks\9065.js:22246:33)
    at Array.toJSON (C:\Users\marti\Desktop\DESARROLLOSW\BOILERPLATTE E-COMMERCE\.next\server\chunks\9065.js:22039:32)
    at stringify (<anonymous>)
    at V (C:\Users\marti\Desktop\DESARROLLOSW\BOILERPLATTE E-COMMERCE\.next\server\chunks\9065.js:22338:53)
    at ping (C:\Users\marti\Desktop\DESARROLLOSW\BOILERPLATTE E-COMMERCE\.next\server\chunks\9065.js:22138:43)

Error occurred prerendering page "/_disabled/debug-auth". Read more: https://nextjs.org/docs/messages/prerender-error
TypeError: Cannot convert undefined or null to object
    at Function.entries (<anonymous>)
    at AlternatesMetadata (C:\Users\marti\Desktop\DESARROLLOSW\BOILERPLATTE E-COMMERCE\node_modules\next\dist\lib\metadata\generate\alternate.js:17:23)
    at T (C:\Users\marti\Desktop\DESARROLLOSW\BOILERPLATTE E-COMMERCE\.next\server\chunks\9065.js:22083:25)
    at Ma (C:\Users\marti\Desktop\DESARROLLOSW\BOILERPLATTE E-COMMERCE\.next\server\chunks\9065.js:22246:33)
    at Array.toJSON (C:\Users\marti\Desktop\DESARROLLOSW\BOILERPLATTE E-COMMERCE\.next\server\chunks\9065.js:22039:32)
    at stringify (<anonymous>)
    at V (C:\Users\marti\Desktop\DESARROLLOSW\BOILERPLATTE E-COMMERCE\.next\server\chunks\9065.js:22338:53)
    at ping (C:\Users\marti\Desktop\DESARROLLOSW\BOILERPLATTE E-COMMERCE\.next\server\chunks\9065.js:22138:43)

Error occurred prerendering page "/test-address". Read more: https://nextjs.org/docs/messages/prerender-error
TypeError: Cannot convert undefined or null to object
    at Function.entries (<anonymous>)
    at AlternatesMetadata (C:\Users\marti\Desktop\DESARROLLOSW\BOILERPLATTE E-COMMERCE\node_modules\next\dist\lib\metadata\generate\alternate.js:17:23)
    at T (C:\Users\marti\Desktop\DESARROLLOSW\BOILERPLATTE E-COMMERCE\.next\server\chunks\9065.js:22083:25)
    at Ma (C:\Users\marti\Desktop\DESARROLLOSW\BOILERPLATTE E-COMMERCE\.next\server\chunks\9065.js:22246:33)
    at Array.toJSON (C:\Users\marti\Desktop\DESARROLLOSW\BOILERPLATTE E-COMMERCE\.next\server\chunks\9065.js:22039:32)
    at stringify (<anonymous>)
    at V (C:\Users\marti\Desktop\DESARROLLOSW\BOILERPLATTE E-COMMERCE\.next\server\chunks\9065.js:22338:53)
    at ping (C:\Users\marti\Desktop\DESARROLLOSW\BOILERPLATTE E-COMMERCE\.next\server\chunks\9065.js:22138:43)

Error occurred prerendering page "/wishlist". Read more: https://nextjs.org/docs/messages/prerender-error
TypeError: Cannot convert undefined or null to object
    at Function.entries (<anonymous>)
    at AlternatesMetadata (C:\Users\marti\Desktop\DESARROLLOSW\BOILERPLATTE E-COMMERCE\node_modules\next\dist\lib\metadata\generate\alternate.js:17:23)
    at T (C:\Users\marti\Desktop\DESARROLLOSW\BOILERPLATTE E-COMMERCE\.next\server\chunks\9065.js:22083:25)
    at Ma (C:\Users\marti\Desktop\DESARROLLOSW\BOILERPLATTE E-COMMERCE\.next\server\chunks\9065.js:22246:33)
    at Array.toJSON (C:\Users\marti\Desktop\DESARROLLOSW\BOILERPLATTE E-COMMERCE\.next\server\chunks\9065.js:22039:32)
    at stringify (<anonymous>)
    at V (C:\Users\marti\Desktop\DESARROLLOSW\BOILERPLATTE E-COMMERCE\.next\server\chunks\9065.js:22338:53)
    at ping (C:\Users\marti\Desktop\DESARROLLOSW\BOILERPLATTE E-COMMERCE\.next\server\chunks\9065.js:22138:43)

Error occurred prerendering page "/blogs/blog-details-with-sidebar". Read more: https://nextjs.org/docs/messages/prerender-error
TypeError: Cannot convert undefined or null to object
    at Function.entries (<anonymous>)
    at AlternatesMetadata (C:\Users\marti\Desktop\DESARROLLOSW\BOILERPLATTE E-COMMERCE\node_modules\next\dist\lib\metadata\generate\alternate.js:17:23)
    at T (C:\Users\marti\Desktop\DESARROLLOSW\BOILERPLATTE E-COMMERCE\.next\server\chunks\9065.js:22083:25)
    at Ma (C:\Users\marti\Desktop\DESARROLLOSW\BOILERPLATTE E-COMMERCE\.next\server\chunks\9065.js:22246:33)
    at Array.toJSON (C:\Users\marti\Desktop\DESARROLLOSW\BOILERPLATTE E-COMMERCE\.next\server\chunks\9065.js:22039:32)
    at stringify (<anonymous>)
    at V (C:\Users\marti\Desktop\DESARROLLOSW\BOILERPLATTE E-COMMERCE\.next\server\chunks\9065.js:22338:53)
    at ping (C:\Users\marti\Desktop\DESARROLLOSW\BOILERPLATTE E-COMMERCE\.next\server\chunks\9065.js:22138:43)
TypeError: Cannot convert undefined or null to object
    at Function.entries (<anonymous>)
    at AlternatesMetadata (C:\Users\marti\Desktop\DESARROLLOSW\BOILERPLATTE E-COMMERCE\node_modules\next\dist\lib\metadata\generate\alternate.js:17:23)
    at T (C:\Users\marti\Desktop\DESARROLLOSW\BOILERPLATTE E-COMMERCE\.next\server\chunks\9065.js:22083:25)
    at Ma (C:\Users\marti\Desktop\DESARROLLOSW\BOILERPLATTE E-COMMERCE\.next\server\chunks\9065.js:22246:33)
    at Array.toJSON (C:\Users\marti\Desktop\DESARROLLOSW\BOILERPLATTE E-COMMERCE\.next\server\chunks\9065.js:22039:32)
    at stringify (<anonymous>)
    at V (C:\Users\marti\Desktop\DESARROLLOSW\BOILERPLATTE E-COMMERCE\.next\server\chunks\9065.js:22338:53)
    at ping (C:\Users\marti\Desktop\DESARROLLOSW\BOILERPLATTE E-COMMERCE\.next\server\chunks\9065.js:22138:43)

Error occurred prerendering page "/_disabled/debug-redirect". Read more: https://nextjs.org/docs/messages/prerender-error
TypeError: Cannot convert undefined or null to object
    at Function.entries (<anonymous>)
    at AlternatesMetadata (C:\Users\marti\Desktop\DESARROLLOSW\BOILERPLATTE E-COMMERCE\node_modules\next\dist\lib\metadata\generate\alternate.js:17:23)
    at T (C:\Users\marti\Desktop\DESARROLLOSW\BOILERPLATTE E-COMMERCE\.next\server\chunks\9065.js:22083:25)
    at Ma (C:\Users\marti\Desktop\DESARROLLOSW\BOILERPLATTE E-COMMERCE\.next\server\chunks\9065.js:22246:33)
    at Array.toJSON (C:\Users\marti\Desktop\DESARROLLOSW\BOILERPLATTE E-COMMERCE\.next\server\chunks\9065.js:22039:32)
    at stringify (<anonymous>)
    at V (C:\Users\marti\Desktop\DESARROLLOSW\BOILERPLATTE E-COMMERCE\.next\server\chunks\9065.js:22338:53)
    at ping (C:\Users\marti\Desktop\DESARROLLOSW\BOILERPLATTE E-COMMERCE\.next\server\chunks\9065.js:22138:43)

Error occurred prerendering page "/shop". Read more: https://nextjs.org/docs/messages/prerender-error
TypeError: Cannot convert undefined or null to object
    at Function.entries (<anonymous>)
    at AlternatesMetadata (C:\Users\marti\Desktop\DESARROLLOSW\BOILERPLATTE E-COMMERCE\node_modules\next\dist\lib\metadata\generate\alternate.js:17:23)
    at T (C:\Users\marti\Desktop\DESARROLLOSW\BOILERPLATTE E-COMMERCE\.next\server\chunks\9065.js:22083:25)
    at Ma (C:\Users\marti\Desktop\DESARROLLOSW\BOILERPLATTE E-COMMERCE\.next\server\chunks\9065.js:22246:33)
    at Array.toJSON (C:\Users\marti\Desktop\DESARROLLOSW\BOILERPLATTE E-COMMERCE\.next\server\chunks\9065.js:22039:32)
    at stringify (<anonymous>)
    at V (C:\Users\marti\Desktop\DESARROLLOSW\BOILERPLATTE E-COMMERCE\.next\server\chunks\9065.js:22338:53)
    at ping (C:\Users\marti\Desktop\DESARROLLOSW\BOILERPLATTE E-COMMERCE\.next\server\chunks\9065.js:22138:43)
info  - Generating static pages (26/107)
TypeError: Cannot convert undefined or null to object
    at Function.entries (<anonymous>)
    at AlternatesMetadata (C:\Users\marti\Desktop\DESARROLLOSW\BOILERPLATTE E-COMMERCE\node_modules\next\dist\lib\metadata\generate\alternate.js:17:23)
    at T (C:\Users\marti\Desktop\DESARROLLOSW\BOILERPLATTE E-COMMERCE\.next\server\chunks\9065.js:22083:25)
    at Ma (C:\Users\marti\Desktop\DESARROLLOSW\BOILERPLATTE E-COMMERCE\.next\server\chunks\9065.js:22246:33)
    at Array.toJSON (C:\Users\marti\Desktop\DESARROLLOSW\BOILERPLATTE E-COMMERCE\.next\server\chunks\9065.js:22039:32)
    at stringify (<anonymous>)
    at V (C:\Users\marti\Desktop\DESARROLLOSW\BOILERPLATTE E-COMMERCE\.next\server\chunks\9065.js:22338:53)
    at ping (C:\Users\marti\Desktop\DESARROLLOSW\BOILERPLATTE E-COMMERCE\.next\server\chunks\9065.js:22138:43)

Error occurred prerendering page "/_disabled/debug-clerk". Read more: https://nextjs.org/docs/messages/prerender-error
TypeError: Cannot convert undefined or null to object
    at Function.entries (<anonymous>)
    at AlternatesMetadata (C:\Users\marti\Desktop\DESARROLLOSW\BOILERPLATTE E-COMMERCE\node_modules\next\dist\lib\metadata\generate\alternate.js:17:23)
    at T (C:\Users\marti\Desktop\DESARROLLOSW\BOILERPLATTE E-COMMERCE\.next\server\chunks\9065.js:22083:25)
    at Ma (C:\Users\marti\Desktop\DESARROLLOSW\BOILERPLATTE E-COMMERCE\.next\server\chunks\9065.js:22246:33)
    at Array.toJSON (C:\Users\marti\Desktop\DESARROLLOSW\BOILERPLATTE E-COMMERCE\.next\server\chunks\9065.js:22039:32)
    at stringify (<anonymous>)
    at V (C:\Users\marti\Desktop\DESARROLLOSW\BOILERPLATTE E-COMMERCE\.next\server\chunks\9065.js:22338:53)
    at ping (C:\Users\marti\Desktop\DESARROLLOSW\BOILERPLATTE E-COMMERCE\.next\server\chunks\9065.js:22138:43)
TypeError: Cannot convert undefined or null to object
    at Function.entries (<anonymous>)
    at AlternatesMetadata (C:\Users\marti\Desktop\DESARROLLOSW\BOILERPLATTE E-COMMERCE\node_modules\next\dist\lib\metadata\generate\alternate.js:17:23)
    at T (C:\Users\marti\Desktop\DESARROLLOSW\BOILERPLATTE E-COMMERCE\.next\server\chunks\9065.js:22083:25)
    at Ma (C:\Users\marti\Desktop\DESARROLLOSW\BOILERPLATTE E-COMMERCE\.next\server\chunks\9065.js:22246:33)
    at Array.toJSON (C:\Users\marti\Desktop\DESARROLLOSW\BOILERPLATTE E-COMMERCE\.next\server\chunks\9065.js:22039:32)
    at stringify (<anonymous>)
    at V (C:\Users\marti\Desktop\DESARROLLOSW\BOILERPLATTE E-COMMERCE\.next\server\chunks\9065.js:22338:53)
    at ping (C:\Users\marti\Desktop\DESARROLLOSW\BOILERPLATTE E-COMMERCE\.next\server\chunks\9065.js:22138:43)

Error occurred prerendering page "/_disabled/debug-products". Read more: https://nextjs.org/docs/messages/prerender-error
TypeError: Cannot convert undefined or null to object
    at Function.entries (<anonymous>)
    at AlternatesMetadata (C:\Users\marti\Desktop\DESARROLLOSW\BOILERPLATTE E-COMMERCE\node_modules\next\dist\lib\metadata\generate\alternate.js:17:23)
    at T (C:\Users\marti\Desktop\DESARROLLOSW\BOILERPLATTE E-COMMERCE\.next\server\chunks\9065.js:22083:25)
    at Ma (C:\Users\marti\Desktop\DESARROLLOSW\BOILERPLATTE E-COMMERCE\.next\server\chunks\9065.js:22246:33)
    at Array.toJSON (C:\Users\marti\Desktop\DESARROLLOSW\BOILERPLATTE E-COMMERCE\.next\server\chunks\9065.js:22039:32)
    at stringify (<anonymous>)
    at V (C:\Users\marti\Desktop\DESARROLLOSW\BOILERPLATTE E-COMMERCE\.next\server\chunks\9065.js:22338:53)
    at ping (C:\Users\marti\Desktop\DESARROLLOSW\BOILERPLATTE E-COMMERCE\.next\server\chunks\9065.js:22138:43)

Error occurred prerendering page "/shop-with-sidebar". Read more: https://nextjs.org/docs/messages/prerender-error
TypeError: Cannot convert undefined or null to object
    at Function.entries (<anonymous>)
    at AlternatesMetadata (C:\Users\marti\Desktop\DESARROLLOSW\BOILERPLATTE E-COMMERCE\node_modules\next\dist\lib\metadata\generate\alternate.js:17:23)
    at T (C:\Users\marti\Desktop\DESARROLLOSW\BOILERPLATTE E-COMMERCE\.next\server\chunks\9065.js:22083:25)
    at Ma (C:\Users\marti\Desktop\DESARROLLOSW\BOILERPLATTE E-COMMERCE\.next\server\chunks\9065.js:22246:33)
    at Array.toJSON (C:\Users\marti\Desktop\DESARROLLOSW\BOILERPLATTE E-COMMERCE\.next\server\chunks\9065.js:22039:32)
    at stringify (<anonymous>)
    at V (C:\Users\marti\Desktop\DESARROLLOSW\BOILERPLATTE E-COMMERCE\.next\server\chunks\9065.js:22338:53)
    at ping (C:\Users\marti\Desktop\DESARROLLOSW\BOILERPLATTE E-COMMERCE\.next\server\chunks\9065.js:22138:43)
TypeError: Cannot convert undefined or null to object
    at Function.entries (<anonymous>)
    at AlternatesMetadata (C:\Users\marti\Desktop\DESARROLLOSW\BOILERPLATTE E-COMMERCE\node_modules\next\dist\lib\metadata\generate\alternate.js:17:23)
    at T (C:\Users\marti\Desktop\DESARROLLOSW\BOILERPLATTE E-COMMERCE\.next\server\chunks\9065.js:22083:25)
    at Ma (C:\Users\marti\Desktop\DESARROLLOSW\BOILERPLATTE E-COMMERCE\.next\server\chunks\9065.js:22246:33)
    at Array.toJSON (C:\Users\marti\Desktop\DESARROLLOSW\BOILERPLATTE E-COMMERCE\.next\server\chunks\9065.js:22039:32)
    at stringify (<anonymous>)
    at V (C:\Users\marti\Desktop\DESARROLLOSW\BOILERPLATTE E-COMMERCE\.next\server\chunks\9065.js:22338:53)
    at ping (C:\Users\marti\Desktop\DESARROLLOSW\BOILERPLATTE E-COMMERCE\.next\server\chunks\9065.js:22138:43)

Error occurred prerendering page "/_disabled/refresh-session". Read more: https://nextjs.org/docs/messages/prerender-error
TypeError: Cannot convert undefined or null to object
    at Function.entries (<anonymous>)
    at AlternatesMetadata (C:\Users\marti\Desktop\DESARROLLOSW\BOILERPLATTE E-COMMERCE\node_modules\next\dist\lib\metadata\generate\alternate.js:17:23)
    at T (C:\Users\marti\Desktop\DESARROLLOSW\BOILERPLATTE E-COMMERCE\.next\server\chunks\9065.js:22083:25)
    at Ma (C:\Users\marti\Desktop\DESARROLLOSW\BOILERPLATTE E-COMMERCE\.next\server\chunks\9065.js:22246:33)
    at Array.toJSON (C:\Users\marti\Desktop\DESARROLLOSW\BOILERPLATTE E-COMMERCE\.next\server\chunks\9065.js:22039:32)
    at stringify (<anonymous>)
    at V (C:\Users\marti\Desktop\DESARROLLOSW\BOILERPLATTE E-COMMERCE\.next\server\chunks\9065.js:22338:53)
    at ping (C:\Users\marti\Desktop\DESARROLLOSW\BOILERPLATTE E-COMMERCE\.next\server\chunks\9065.js:22138:43)
TypeError: Cannot convert undefined or null to object
    at Function.entries (<anonymous>)
    at AlternatesMetadata (C:\Users\marti\Desktop\DESARROLLOSW\BOILERPLATTE E-COMMERCE\node_modules\next\dist\lib\metadata\generate\alternate.js:17:23)
    at T (C:\Users\marti\Desktop\DESARROLLOSW\BOILERPLATTE E-COMMERCE\.next\server\chunks\9065.js:22083:25)
    at Ma (C:\Users\marti\Desktop\DESARROLLOSW\BOILERPLATTE E-COMMERCE\.next\server\chunks\9065.js:22246:33)
    at Array.toJSON (C:\Users\marti\Desktop\DESARROLLOSW\BOILERPLATTE E-COMMERCE\.next\server\chunks\9065.js:22039:32)
    at stringify (<anonymous>)
    at V (C:\Users\marti\Desktop\DESARROLLOSW\BOILERPLATTE E-COMMERCE\.next\server\chunks\9065.js:22338:53)
    at ping (C:\Users\marti\Desktop\DESARROLLOSW\BOILERPLATTE E-COMMERCE\.next\server\chunks\9065.js:22138:43)

Error occurred prerendering page "/_disabled/test-admin-access". Read more: https://nextjs.org/docs/messages/prerender-error
TypeError: Cannot convert undefined or null to object
    at Function.entries (<anonymous>)
    at AlternatesMetadata (C:\Users\marti\Desktop\DESARROLLOSW\BOILERPLATTE E-COMMERCE\node_modules\next\dist\lib\metadata\generate\alternate.js:17:23)
    at T (C:\Users\marti\Desktop\DESARROLLOSW\BOILERPLATTE E-COMMERCE\.next\server\chunks\9065.js:22083:25)
    at Ma (C:\Users\marti\Desktop\DESARROLLOSW\BOILERPLATTE E-COMMERCE\.next\server\chunks\9065.js:22246:33)
    at Array.toJSON (C:\Users\marti\Desktop\DESARROLLOSW\BOILERPLATTE E-COMMERCE\.next\server\chunks\9065.js:22039:32)
    at stringify (<anonymous>)
    at V (C:\Users\marti\Desktop\DESARROLLOSW\BOILERPLATTE E-COMMERCE\.next\server\chunks\9065.js:22338:53)
    at ping (C:\Users\marti\Desktop\DESARROLLOSW\BOILERPLATTE E-COMMERCE\.next\server\chunks\9065.js:22138:43)
TypeError: Cannot convert undefined or null to object
    at Function.entries (<anonymous>)
    at AlternatesMetadata (C:\Users\marti\Desktop\DESARROLLOSW\BOILERPLATTE E-COMMERCE\node_modules\next\dist\lib\metadata\generate\alternate.js:17:23)
    at T (C:\Users\marti\Desktop\DESARROLLOSW\BOILERPLATTE E-COMMERCE\.next\server\chunks\9065.js:22083:25)
    at Ma (C:\Users\marti\Desktop\DESARROLLOSW\BOILERPLATTE E-COMMERCE\.next\server\chunks\9065.js:22246:33)
    at Array.toJSON (C:\Users\marti\Desktop\DESARROLLOSW\BOILERPLATTE E-COMMERCE\.next\server\chunks\9065.js:22039:32)
    at stringify (<anonymous>)
    at V (C:\Users\marti\Desktop\DESARROLLOSW\BOILERPLATTE E-COMMERCE\.next\server\chunks\9065.js:22338:53)
    at ping (C:\Users\marti\Desktop\DESARROLLOSW\BOILERPLATTE E-COMMERCE\.next\server\chunks\9065.js:22138:43)

Error occurred prerendering page "/_disabled/test-admin-simple". Read more: https://nextjs.org/docs/messages/prerender-error
TypeError: Cannot convert undefined or null to object
    at Function.entries (<anonymous>)
    at AlternatesMetadata (C:\Users\marti\Desktop\DESARROLLOSW\BOILERPLATTE E-COMMERCE\node_modules\next\dist\lib\metadata\generate\alternate.js:17:23)
    at T (C:\Users\marti\Desktop\DESARROLLOSW\BOILERPLATTE E-COMMERCE\.next\server\chunks\9065.js:22083:25)
    at Ma (C:\Users\marti\Desktop\DESARROLLOSW\BOILERPLATTE E-COMMERCE\.next\server\chunks\9065.js:22246:33)
    at Array.toJSON (C:\Users\marti\Desktop\DESARROLLOSW\BOILERPLATTE E-COMMERCE\.next\server\chunks\9065.js:22039:32)
    at stringify (<anonymous>)
    at V (C:\Users\marti\Desktop\DESARROLLOSW\BOILERPLATTE E-COMMERCE\.next\server\chunks\9065.js:22338:53)
    at ping (C:\Users\marti\Desktop\DESARROLLOSW\BOILERPLATTE E-COMMERCE\.next\server\chunks\9065.js:22138:43)
TypeError: Cannot convert undefined or null to object
    at Function.entries (<anonymous>)
    at AlternatesMetadata (C:\Users\marti\Desktop\DESARROLLOSW\BOILERPLATTE E-COMMERCE\node_modules\next\dist\lib\metadata\generate\alternate.js:17:23)
    at T (C:\Users\marti\Desktop\DESARROLLOSW\BOILERPLATTE E-COMMERCE\.next\server\chunks\9065.js:22083:25)
    at Ma (C:\Users\marti\Desktop\DESARROLLOSW\BOILERPLATTE E-COMMERCE\.next\server\chunks\9065.js:22246:33)
    at Array.toJSON (C:\Users\marti\Desktop\DESARROLLOSW\BOILERPLATTE E-COMMERCE\.next\server\chunks\9065.js:22039:32)
    at stringify (<anonymous>)
    at V (C:\Users\marti\Desktop\DESARROLLOSW\BOILERPLATTE E-COMMERCE\.next\server\chunks\9065.js:22338:53)
    at ping (C:\Users\marti\Desktop\DESARROLLOSW\BOILERPLATTE E-COMMERCE\.next\server\chunks\9065.js:22138:43)

Error occurred prerendering page "/_disabled/test-admin". Read more: https://nextjs.org/docs/messages/prerender-error
TypeError: Cannot convert undefined or null to object
    at Function.entries (<anonymous>)
    at AlternatesMetadata (C:\Users\marti\Desktop\DESARROLLOSW\BOILERPLATTE E-COMMERCE\node_modules\next\dist\lib\metadata\generate\alternate.js:17:23)
    at T (C:\Users\marti\Desktop\DESARROLLOSW\BOILERPLATTE E-COMMERCE\.next\server\chunks\9065.js:22083:25)
    at Ma (C:\Users\marti\Desktop\DESARROLLOSW\BOILERPLATTE E-COMMERCE\.next\server\chunks\9065.js:22246:33)
    at Array.toJSON (C:\Users\marti\Desktop\DESARROLLOSW\BOILERPLATTE E-COMMERCE\.next\server\chunks\9065.js:22039:32)
    at stringify (<anonymous>)
    at V (C:\Users\marti\Desktop\DESARROLLOSW\BOILERPLATTE E-COMMERCE\.next\server\chunks\9065.js:22338:53)
    at ping (C:\Users\marti\Desktop\DESARROLLOSW\BOILERPLATTE E-COMMERCE\.next\server\chunks\9065.js:22138:43)
TypeError: Cannot convert undefined or null to object
    at Function.entries (<anonymous>)
    at AlternatesMetadata (C:\Users\marti\Desktop\DESARROLLOSW\BOILERPLATTE E-COMMERCE\node_modules\next\dist\lib\metadata\generate\alternate.js:17:23)
    at T (C:\Users\marti\Desktop\DESARROLLOSW\BOILERPLATTE E-COMMERCE\.next\server\chunks\9065.js:22083:25)
    at Ma (C:\Users\marti\Desktop\DESARROLLOSW\BOILERPLATTE E-COMMERCE\.next\server\chunks\9065.js:22246:33)
    at Array.toJSON (C:\Users\marti\Desktop\DESARROLLOSW\BOILERPLATTE E-COMMERCE\.next\server\chunks\9065.js:22039:32)
    at stringify (<anonymous>)
    at V (C:\Users\marti\Desktop\DESARROLLOSW\BOILERPLATTE E-COMMERCE\.next\server\chunks\9065.js:22338:53)
    at ping (C:\Users\marti\Desktop\DESARROLLOSW\BOILERPLATTE E-COMMERCE\.next\server\chunks\9065.js:22138:43)

Error occurred prerendering page "/_disabled/test-auth-status". Read more: https://nextjs.org/docs/messages/prerender-error
TypeError: Cannot convert undefined or null to object
    at Function.entries (<anonymous>)
    at AlternatesMetadata (C:\Users\marti\Desktop\DESARROLLOSW\BOILERPLATTE E-COMMERCE\node_modules\next\dist\lib\metadata\generate\alternate.js:17:23)
    at T (C:\Users\marti\Desktop\DESARROLLOSW\BOILERPLATTE E-COMMERCE\.next\server\chunks\9065.js:22083:25)
    at Ma (C:\Users\marti\Desktop\DESARROLLOSW\BOILERPLATTE E-COMMERCE\.next\server\chunks\9065.js:22246:33)
    at Array.toJSON (C:\Users\marti\Desktop\DESARROLLOSW\BOILERPLATTE E-COMMERCE\.next\server\chunks\9065.js:22039:32)
    at stringify (<anonymous>)
    at V (C:\Users\marti\Desktop\DESARROLLOSW\BOILERPLATTE E-COMMERCE\.next\server\chunks\9065.js:22338:53)
    at ping (C:\Users\marti\Desktop\DESARROLLOSW\BOILERPLATTE E-COMMERCE\.next\server\chunks\9065.js:22138:43)
TypeError: Cannot convert undefined or null to object
    at Function.entries (<anonymous>)
    at AlternatesMetadata (C:\Users\marti\Desktop\DESARROLLOSW\BOILERPLATTE E-COMMERCE\node_modules\next\dist\lib\metadata\generate\alternate.js:17:23)
    at T (C:\Users\marti\Desktop\DESARROLLOSW\BOILERPLATTE E-COMMERCE\.next\server\chunks\9065.js:22083:25)
    at Ma (C:\Users\marti\Desktop\DESARROLLOSW\BOILERPLATTE E-COMMERCE\.next\server\chunks\9065.js:22246:33)
    at Array.toJSON (C:\Users\marti\Desktop\DESARROLLOSW\BOILERPLATTE E-COMMERCE\.next\server\chunks\9065.js:22039:32)
    at stringify (<anonymous>)
    at V (C:\Users\marti\Desktop\DESARROLLOSW\BOILERPLATTE E-COMMERCE\.next\server\chunks\9065.js:22338:53)
    at ping (C:\Users\marti\Desktop\DESARROLLOSW\BOILERPLATTE E-COMMERCE\.next\server\chunks\9065.js:22138:43)

Error occurred prerendering page "/_disabled/test-dashboard". Read more: https://nextjs.org/docs/messages/prerender-error
TypeError: Cannot convert undefined or null to object
    at Function.entries (<anonymous>)
    at AlternatesMetadata (C:\Users\marti\Desktop\DESARROLLOSW\BOILERPLATTE E-COMMERCE\node_modules\next\dist\lib\metadata\generate\alternate.js:17:23)
    at T (C:\Users\marti\Desktop\DESARROLLOSW\BOILERPLATTE E-COMMERCE\.next\server\chunks\9065.js:22083:25)
    at Ma (C:\Users\marti\Desktop\DESARROLLOSW\BOILERPLATTE E-COMMERCE\.next\server\chunks\9065.js:22246:33)
    at Array.toJSON (C:\Users\marti\Desktop\DESARROLLOSW\BOILERPLATTE E-COMMERCE\.next\server\chunks\9065.js:22039:32)
    at stringify (<anonymous>)
    at V (C:\Users\marti\Desktop\DESARROLLOSW\BOILERPLATTE E-COMMERCE\.next\server\chunks\9065.js:22338:53)
    at ping (C:\Users\marti\Desktop\DESARROLLOSW\BOILERPLATTE E-COMMERCE\.next\server\chunks\9065.js:22138:43)
TypeError: Cannot convert undefined or null to object
    at Function.entries (<anonymous>)
    at AlternatesMetadata (C:\Users\marti\Desktop\DESARROLLOSW\BOILERPLATTE E-COMMERCE\node_modules\next\dist\lib\metadata\generate\alternate.js:17:23)
    at T (C:\Users\marti\Desktop\DESARROLLOSW\BOILERPLATTE E-COMMERCE\.next\server\chunks\9065.js:22083:25)
    at Ma (C:\Users\marti\Desktop\DESARROLLOSW\BOILERPLATTE E-COMMERCE\.next\server\chunks\9065.js:22246:33)
    at Array.toJSON (C:\Users\marti\Desktop\DESARROLLOSW\BOILERPLATTE E-COMMERCE\.next\server\chunks\9065.js:22039:32)
    at stringify (<anonymous>)
    at V (C:\Users\marti\Desktop\DESARROLLOSW\BOILERPLATTE E-COMMERCE\.next\server\chunks\9065.js:22338:53)
    at ping (C:\Users\marti\Desktop\DESARROLLOSW\BOILERPLATTE E-COMMERCE\.next\server\chunks\9065.js:22138:43)

Error occurred prerendering page "/about". Read more: https://nextjs.org/docs/messages/prerender-error
TypeError: Cannot convert undefined or null to object
    at Function.entries (<anonymous>)
    at AlternatesMetadata (C:\Users\marti\Desktop\DESARROLLOSW\BOILERPLATTE E-COMMERCE\node_modules\next\dist\lib\metadata\generate\alternate.js:17:23)
    at T (C:\Users\marti\Desktop\DESARROLLOSW\BOILERPLATTE E-COMMERCE\.next\server\chunks\9065.js:22083:25)
    at Ma (C:\Users\marti\Desktop\DESARROLLOSW\BOILERPLATTE E-COMMERCE\.next\server\chunks\9065.js:22246:33)
    at Array.toJSON (C:\Users\marti\Desktop\DESARROLLOSW\BOILERPLATTE E-COMMERCE\.next\server\chunks\9065.js:22039:32)
    at stringify (<anonymous>)
    at V (C:\Users\marti\Desktop\DESARROLLOSW\BOILERPLATTE E-COMMERCE\.next\server\chunks\9065.js:22338:53)
    at ping (C:\Users\marti\Desktop\DESARROLLOSW\BOILERPLATTE E-COMMERCE\.next\server\chunks\9065.js:22138:43)
TypeError: Cannot convert undefined or null to object
    at Function.entries (<anonymous>)
    at AlternatesMetadata (C:\Users\marti\Desktop\DESARROLLOSW\BOILERPLATTE E-COMMERCE\node_modules\next\dist\lib\metadata\generate\alternate.js:17:23)
    at T (C:\Users\marti\Desktop\DESARROLLOSW\BOILERPLATTE E-COMMERCE\.next\server\chunks\9065.js:22083:25)
    at Ma (C:\Users\marti\Desktop\DESARROLLOSW\BOILERPLATTE E-COMMERCE\.next\server\chunks\9065.js:22246:33)
    at Array.toJSON (C:\Users\marti\Desktop\DESARROLLOSW\BOILERPLATTE E-COMMERCE\.next\server\chunks\9065.js:22039:32)
    at stringify (<anonymous>)
    at V (C:\Users\marti\Desktop\DESARROLLOSW\BOILERPLATTE E-COMMERCE\.next\server\chunks\9065.js:22338:53)
    at ping (C:\Users\marti\Desktop\DESARROLLOSW\BOILERPLATTE E-COMMERCE\.next\server\chunks\9065.js:22138:43)

Error occurred prerendering page "/access-denied". Read more: https://nextjs.org/docs/messages/prerender-error
TypeError: Cannot convert undefined or null to object
    at Function.entries (<anonymous>)
    at AlternatesMetadata (C:\Users\marti\Desktop\DESARROLLOSW\BOILERPLATTE E-COMMERCE\node_modules\next\dist\lib\metadata\generate\alternate.js:17:23)
    at T (C:\Users\marti\Desktop\DESARROLLOSW\BOILERPLATTE E-COMMERCE\.next\server\chunks\9065.js:22083:25)
    at Ma (C:\Users\marti\Desktop\DESARROLLOSW\BOILERPLATTE E-COMMERCE\.next\server\chunks\9065.js:22246:33)
    at Array.toJSON (C:\Users\marti\Desktop\DESARROLLOSW\BOILERPLATTE E-COMMERCE\.next\server\chunks\9065.js:22039:32)
    at stringify (<anonymous>)
    at V (C:\Users\marti\Desktop\DESARROLLOSW\BOILERPLATTE E-COMMERCE\.next\server\chunks\9065.js:22338:53)
    at ping (C:\Users\marti\Desktop\DESARROLLOSW\BOILERPLATTE E-COMMERCE\.next\server\chunks\9065.js:22138:43)
TypeError: Cannot convert undefined or null to object
    at Function.entries (<anonymous>)
    at AlternatesMetadata (C:\Users\marti\Desktop\DESARROLLOSW\BOILERPLATTE E-COMMERCE\node_modules\next\dist\lib\metadata\generate\alternate.js:17:23)
    at T (C:\Users\marti\Desktop\DESARROLLOSW\BOILERPLATTE E-COMMERCE\.next\server\chunks\9065.js:22083:25)
    at Ma (C:\Users\marti\Desktop\DESARROLLOSW\BOILERPLATTE E-COMMERCE\.next\server\chunks\9065.js:22246:33)
    at Array.toJSON (C:\Users\marti\Desktop\DESARROLLOSW\BOILERPLATTE E-COMMERCE\.next\server\chunks\9065.js:22039:32)
    at stringify (<anonymous>)
    at V (C:\Users\marti\Desktop\DESARROLLOSW\BOILERPLATTE E-COMMERCE\.next\server\chunks\9065.js:22338:53)
    at ping (C:\Users\marti\Desktop\DESARROLLOSW\BOILERPLATTE E-COMMERCE\.next\server\chunks\9065.js:22138:43)

Error occurred prerendering page "/admin-simple". Read more: https://nextjs.org/docs/messages/prerender-error
TypeError: Cannot convert undefined or null to object
    at Function.entries (<anonymous>)
    at AlternatesMetadata (C:\Users\marti\Desktop\DESARROLLOSW\BOILERPLATTE E-COMMERCE\node_modules\next\dist\lib\metadata\generate\alternate.js:17:23)
    at T (C:\Users\marti\Desktop\DESARROLLOSW\BOILERPLATTE E-COMMERCE\.next\server\chunks\9065.js:22083:25)
    at Ma (C:\Users\marti\Desktop\DESARROLLOSW\BOILERPLATTE E-COMMERCE\.next\server\chunks\9065.js:22246:33)
    at Array.toJSON (C:\Users\marti\Desktop\DESARROLLOSW\BOILERPLATTE E-COMMERCE\.next\server\chunks\9065.js:22039:32)
    at stringify (<anonymous>)
    at V (C:\Users\marti\Desktop\DESARROLLOSW\BOILERPLATTE E-COMMERCE\.next\server\chunks\9065.js:22338:53)
    at ping (C:\Users\marti\Desktop\DESARROLLOSW\BOILERPLATTE E-COMMERCE\.next\server\chunks\9065.js:22138:43)
TypeError: Cannot convert undefined or null to object
    at Function.entries (<anonymous>)
    at AlternatesMetadata (C:\Users\marti\Desktop\DESARROLLOSW\BOILERPLATTE E-COMMERCE\node_modules\next\dist\lib\metadata\generate\alternate.js:17:23)
    at T (C:\Users\marti\Desktop\DESARROLLOSW\BOILERPLATTE E-COMMERCE\.next\server\chunks\9065.js:22083:25)
    at Ma (C:\Users\marti\Desktop\DESARROLLOSW\BOILERPLATTE E-COMMERCE\.next\server\chunks\9065.js:22246:33)
    at Array.toJSON (C:\Users\marti\Desktop\DESARROLLOSW\BOILERPLATTE E-COMMERCE\.next\server\chunks\9065.js:22039:32)
    at stringify (<anonymous>)
    at V (C:\Users\marti\Desktop\DESARROLLOSW\BOILERPLATTE E-COMMERCE\.next\server\chunks\9065.js:22338:53)
    at ping (C:\Users\marti\Desktop\DESARROLLOSW\BOILERPLATTE E-COMMERCE\.next\server\chunks\9065.js:22138:43)

Error occurred prerendering page "/admin/analytics". Read more: https://nextjs.org/docs/messages/prerender-error
TypeError: Cannot convert undefined or null to object
    at Function.entries (<anonymous>)
    at AlternatesMetadata (C:\Users\marti\Desktop\DESARROLLOSW\BOILERPLATTE E-COMMERCE\node_modules\next\dist\lib\metadata\generate\alternate.js:17:23)
    at T (C:\Users\marti\Desktop\DESARROLLOSW\BOILERPLATTE E-COMMERCE\.next\server\chunks\9065.js:22083:25)
    at Ma (C:\Users\marti\Desktop\DESARROLLOSW\BOILERPLATTE E-COMMERCE\.next\server\chunks\9065.js:22246:33)
    at Array.toJSON (C:\Users\marti\Desktop\DESARROLLOSW\BOILERPLATTE E-COMMERCE\.next\server\chunks\9065.js:22039:32)
    at stringify (<anonymous>)
    at V (C:\Users\marti\Desktop\DESARROLLOSW\BOILERPLATTE E-COMMERCE\.next\server\chunks\9065.js:22338:53)
    at ping (C:\Users\marti\Desktop\DESARROLLOSW\BOILERPLATTE E-COMMERCE\.next\server\chunks\9065.js:22138:43)
TypeError: Cannot convert undefined or null to object
    at Function.entries (<anonymous>)
    at AlternatesMetadata (C:\Users\marti\Desktop\DESARROLLOSW\BOILERPLATTE E-COMMERCE\node_modules\next\dist\lib\metadata\generate\alternate.js:17:23)
    at T (C:\Users\marti\Desktop\DESARROLLOSW\BOILERPLATTE E-COMMERCE\.next\server\chunks\9065.js:22083:25)
    at Ma (C:\Users\marti\Desktop\DESARROLLOSW\BOILERPLATTE E-COMMERCE\.next\server\chunks\9065.js:22246:33)
    at Array.toJSON (C:\Users\marti\Desktop\DESARROLLOSW\BOILERPLATTE E-COMMERCE\.next\server\chunks\9065.js:22039:32)
    at stringify (<anonymous>)
    at V (C:\Users\marti\Desktop\DESARROLLOSW\BOILERPLATTE E-COMMERCE\.next\server\chunks\9065.js:22338:53)
    at ping (C:\Users\marti\Desktop\DESARROLLOSW\BOILERPLATTE E-COMMERCE\.next\server\chunks\9065.js:22138:43)

Error occurred prerendering page "/admin/customers". Read more: https://nextjs.org/docs/messages/prerender-error
TypeError: Cannot convert undefined or null to object
    at Function.entries (<anonymous>)
    at AlternatesMetadata (C:\Users\marti\Desktop\DESARROLLOSW\BOILERPLATTE E-COMMERCE\node_modules\next\dist\lib\metadata\generate\alternate.js:17:23)
    at T (C:\Users\marti\Desktop\DESARROLLOSW\BOILERPLATTE E-COMMERCE\.next\server\chunks\9065.js:22083:25)
    at Ma (C:\Users\marti\Desktop\DESARROLLOSW\BOILERPLATTE E-COMMERCE\.next\server\chunks\9065.js:22246:33)
    at Array.toJSON (C:\Users\marti\Desktop\DESARROLLOSW\BOILERPLATTE E-COMMERCE\.next\server\chunks\9065.js:22039:32)
    at stringify (<anonymous>)
    at V (C:\Users\marti\Desktop\DESARROLLOSW\BOILERPLATTE E-COMMERCE\.next\server\chunks\9065.js:22338:53)
    at ping (C:\Users\marti\Desktop\DESARROLLOSW\BOILERPLATTE E-COMMERCE\.next\server\chunks\9065.js:22138:43)
TypeError: Cannot convert undefined or null to object
    at Function.entries (<anonymous>)
    at AlternatesMetadata (C:\Users\marti\Desktop\DESARROLLOSW\BOILERPLATTE E-COMMERCE\node_modules\next\dist\lib\metadata\generate\alternate.js:17:23)
    at T (C:\Users\marti\Desktop\DESARROLLOSW\BOILERPLATTE E-COMMERCE\.next\server\chunks\9065.js:22083:25)
    at Ma (C:\Users\marti\Desktop\DESARROLLOSW\BOILERPLATTE E-COMMERCE\.next\server\chunks\9065.js:22246:33)
    at Array.toJSON (C:\Users\marti\Desktop\DESARROLLOSW\BOILERPLATTE E-COMMERCE\.next\server\chunks\9065.js:22039:32)
    at stringify (<anonymous>)
    at V (C:\Users\marti\Desktop\DESARROLLOSW\BOILERPLATTE E-COMMERCE\.next\server\chunks\9065.js:22338:53)
    at ping (C:\Users\marti\Desktop\DESARROLLOSW\BOILERPLATTE E-COMMERCE\.next\server\chunks\9065.js:22138:43)

Error occurred prerendering page "/admin/cache-dashboard". Read more: https://nextjs.org/docs/messages/prerender-error
TypeError: Cannot convert undefined or null to object
    at Function.entries (<anonymous>)
    at AlternatesMetadata (C:\Users\marti\Desktop\DESARROLLOSW\BOILERPLATTE E-COMMERCE\node_modules\next\dist\lib\metadata\generate\alternate.js:17:23)
    at T (C:\Users\marti\Desktop\DESARROLLOSW\BOILERPLATTE E-COMMERCE\.next\server\chunks\9065.js:22083:25)
    at Ma (C:\Users\marti\Desktop\DESARROLLOSW\BOILERPLATTE E-COMMERCE\.next\server\chunks\9065.js:22246:33)
    at Array.toJSON (C:\Users\marti\Desktop\DESARROLLOSW\BOILERPLATTE E-COMMERCE\.next\server\chunks\9065.js:22039:32)
    at stringify (<anonymous>)
    at V (C:\Users\marti\Desktop\DESARROLLOSW\BOILERPLATTE E-COMMERCE\.next\server\chunks\9065.js:22338:53)
    at ping (C:\Users\marti\Desktop\DESARROLLOSW\BOILERPLATTE E-COMMERCE\.next\server\chunks\9065.js:22138:43)
TypeError: Cannot convert undefined or null to object
    at Function.entries (<anonymous>)
    at AlternatesMetadata (C:\Users\marti\Desktop\DESARROLLOSW\BOILERPLATTE E-COMMERCE\node_modules\next\dist\lib\metadata\generate\alternate.js:17:23)
    at T (C:\Users\marti\Desktop\DESARROLLOSW\BOILERPLATTE E-COMMERCE\.next\server\chunks\9065.js:22083:25)
    at Ma (C:\Users\marti\Desktop\DESARROLLOSW\BOILERPLATTE E-COMMERCE\.next\server\chunks\9065.js:22246:33)
    at Array.toJSON (C:\Users\marti\Desktop\DESARROLLOSW\BOILERPLATTE E-COMMERCE\.next\server\chunks\9065.js:22039:32)
    at stringify (<anonymous>)
    at V (C:\Users\marti\Desktop\DESARROLLOSW\BOILERPLATTE E-COMMERCE\.next\server\chunks\9065.js:22338:53)
    at ping (C:\Users\marti\Desktop\DESARROLLOSW\BOILERPLATTE E-COMMERCE\.next\server\chunks\9065.js:22138:43)

Error occurred prerendering page "/admin/diagnostics". Read more: https://nextjs.org/docs/messages/prerender-error
TypeError: Cannot convert undefined or null to object
    at Function.entries (<anonymous>)
    at AlternatesMetadata (C:\Users\marti\Desktop\DESARROLLOSW\BOILERPLATTE E-COMMERCE\node_modules\next\dist\lib\metadata\generate\alternate.js:17:23)
    at T (C:\Users\marti\Desktop\DESARROLLOSW\BOILERPLATTE E-COMMERCE\.next\server\chunks\9065.js:22083:25)
    at Ma (C:\Users\marti\Desktop\DESARROLLOSW\BOILERPLATTE E-COMMERCE\.next\server\chunks\9065.js:22246:33)
    at Array.toJSON (C:\Users\marti\Desktop\DESARROLLOSW\BOILERPLATTE E-COMMERCE\.next\server\chunks\9065.js:22039:32)
    at stringify (<anonymous>)
    at V (C:\Users\marti\Desktop\DESARROLLOSW\BOILERPLATTE E-COMMERCE\.next\server\chunks\9065.js:22338:53)
    at ping (C:\Users\marti\Desktop\DESARROLLOSW\BOILERPLATTE E-COMMERCE\.next\server\chunks\9065.js:22138:43)
TypeError: Cannot convert undefined or null to object
    at Function.entries (<anonymous>)
    at AlternatesMetadata (C:\Users\marti\Desktop\DESARROLLOSW\BOILERPLATTE E-COMMERCE\node_modules\next\dist\lib\metadata\generate\alternate.js:17:23)
    at T (C:\Users\marti\Desktop\DESARROLLOSW\BOILERPLATTE E-COMMERCE\.next\server\chunks\9065.js:22083:25)
    at Ma (C:\Users\marti\Desktop\DESARROLLOSW\BOILERPLATTE E-COMMERCE\.next\server\chunks\9065.js:22246:33)
    at Array.toJSON (C:\Users\marti\Desktop\DESARROLLOSW\BOILERPLATTE E-COMMERCE\.next\server\chunks\9065.js:22039:32)
    at stringify (<anonymous>)
    at V (C:\Users\marti\Desktop\DESARROLLOSW\BOILERPLATTE E-COMMERCE\.next\server\chunks\9065.js:22338:53)
    at ping (C:\Users\marti\Desktop\DESARROLLOSW\BOILERPLATTE E-COMMERCE\.next\server\chunks\9065.js:22138:43)

Error occurred prerendering page "/admin/email-test". Read more: https://nextjs.org/docs/messages/prerender-error
TypeError: Cannot convert undefined or null to object
    at Function.entries (<anonymous>)
    at AlternatesMetadata (C:\Users\marti\Desktop\DESARROLLOSW\BOILERPLATTE E-COMMERCE\node_modules\next\dist\lib\metadata\generate\alternate.js:17:23)
    at T (C:\Users\marti\Desktop\DESARROLLOSW\BOILERPLATTE E-COMMERCE\.next\server\chunks\9065.js:22083:25)
    at Ma (C:\Users\marti\Desktop\DESARROLLOSW\BOILERPLATTE E-COMMERCE\.next\server\chunks\9065.js:22246:33)
    at Array.toJSON (C:\Users\marti\Desktop\DESARROLLOSW\BOILERPLATTE E-COMMERCE\.next\server\chunks\9065.js:22039:32)
    at stringify (<anonymous>)
    at V (C:\Users\marti\Desktop\DESARROLLOSW\BOILERPLATTE E-COMMERCE\.next\server\chunks\9065.js:22338:53)
    at ping (C:\Users\marti\Desktop\DESARROLLOSW\BOILERPLATTE E-COMMERCE\.next\server\chunks\9065.js:22138:43)
TypeError: Cannot convert undefined or null to object
    at Function.entries (<anonymous>)
    at AlternatesMetadata (C:\Users\marti\Desktop\DESARROLLOSW\BOILERPLATTE E-COMMERCE\node_modules\next\dist\lib\metadata\generate\alternate.js:17:23)
    at T (C:\Users\marti\Desktop\DESARROLLOSW\BOILERPLATTE E-COMMERCE\.next\server\chunks\9065.js:22083:25)
    at Ma (C:\Users\marti\Desktop\DESARROLLOSW\BOILERPLATTE E-COMMERCE\.next\server\chunks\9065.js:22246:33)
    at Array.toJSON (C:\Users\marti\Desktop\DESARROLLOSW\BOILERPLATTE E-COMMERCE\.next\server\chunks\9065.js:22039:32)
    at stringify (<anonymous>)
    at V (C:\Users\marti\Desktop\DESARROLLOSW\BOILERPLATTE E-COMMERCE\.next\server\chunks\9065.js:22338:53)
    at ping (C:\Users\marti\Desktop\DESARROLLOSW\BOILERPLATTE E-COMMERCE\.next\server\chunks\9065.js:22138:43)

Error occurred prerendering page "/admin/error-monitoring". Read more: https://nextjs.org/docs/messages/prerender-error
TypeError: Cannot convert undefined or null to object
    at Function.entries (<anonymous>)
    at AlternatesMetadata (C:\Users\marti\Desktop\DESARROLLOSW\BOILERPLATTE E-COMMERCE\node_modules\next\dist\lib\metadata\generate\alternate.js:17:23)
    at T (C:\Users\marti\Desktop\DESARROLLOSW\BOILERPLATTE E-COMMERCE\.next\server\chunks\9065.js:22083:25)
    at Ma (C:\Users\marti\Desktop\DESARROLLOSW\BOILERPLATTE E-COMMERCE\.next\server\chunks\9065.js:22246:33)
    at Array.toJSON (C:\Users\marti\Desktop\DESARROLLOSW\BOILERPLATTE E-COMMERCE\.next\server\chunks\9065.js:22039:32)
    at stringify (<anonymous>)
    at V (C:\Users\marti\Desktop\DESARROLLOSW\BOILERPLATTE E-COMMERCE\.next\server\chunks\9065.js:22338:53)
    at ping (C:\Users\marti\Desktop\DESARROLLOSW\BOILERPLATTE E-COMMERCE\.next\server\chunks\9065.js:22138:43)
TypeError: Cannot convert undefined or null to object
    at Function.entries (<anonymous>)
    at AlternatesMetadata (C:\Users\marti\Desktop\DESARROLLOSW\BOILERPLATTE E-COMMERCE\node_modules\next\dist\lib\metadata\generate\alternate.js:17:23)
    at T (C:\Users\marti\Desktop\DESARROLLOSW\BOILERPLATTE E-COMMERCE\.next\server\chunks\9065.js:22083:25)
    at Ma (C:\Users\marti\Desktop\DESARROLLOSW\BOILERPLATTE E-COMMERCE\.next\server\chunks\9065.js:22246:33)
    at Array.toJSON (C:\Users\marti\Desktop\DESARROLLOSW\BOILERPLATTE E-COMMERCE\.next\server\chunks\9065.js:22039:32)
    at stringify (<anonymous>)
    at V (C:\Users\marti\Desktop\DESARROLLOSW\BOILERPLATTE E-COMMERCE\.next\server\chunks\9065.js:22338:53)
    at ping (C:\Users\marti\Desktop\DESARROLLOSW\BOILERPLATTE E-COMMERCE\.next\server\chunks\9065.js:22138:43)

Error occurred prerendering page "/checkout/failure". Read more: https://nextjs.org/docs/messages/prerender-error
TypeError: Cannot convert undefined or null to object
    at Function.entries (<anonymous>)
    at AlternatesMetadata (C:\Users\marti\Desktop\DESARROLLOSW\BOILERPLATTE E-COMMERCE\node_modules\next\dist\lib\metadata\generate\alternate.js:17:23)
    at T (C:\Users\marti\Desktop\DESARROLLOSW\BOILERPLATTE E-COMMERCE\.next\server\chunks\9065.js:22083:25)
    at Ma (C:\Users\marti\Desktop\DESARROLLOSW\BOILERPLATTE E-COMMERCE\.next\server\chunks\9065.js:22246:33)
    at Array.toJSON (C:\Users\marti\Desktop\DESARROLLOSW\BOILERPLATTE E-COMMERCE\.next\server\chunks\9065.js:22039:32)
    at stringify (<anonymous>)
    at V (C:\Users\marti\Desktop\DESARROLLOSW\BOILERPLATTE E-COMMERCE\.next\server\chunks\9065.js:22338:53)
    at ping (C:\Users\marti\Desktop\DESARROLLOSW\BOILERPLATTE E-COMMERCE\.next\server\chunks\9065.js:22138:43)
TypeError: Cannot convert undefined or null to object
    at Function.entries (<anonymous>)
    at AlternatesMetadata (C:\Users\marti\Desktop\DESARROLLOSW\BOILERPLATTE E-COMMERCE\node_modules\next\dist\lib\metadata\generate\alternate.js:17:23)
    at T (C:\Users\marti\Desktop\DESARROLLOSW\BOILERPLATTE E-COMMERCE\.next\server\chunks\9065.js:22083:25)
    at Ma (C:\Users\marti\Desktop\DESARROLLOSW\BOILERPLATTE E-COMMERCE\.next\server\chunks\9065.js:22246:33)
    at Array.toJSON (C:\Users\marti\Desktop\DESARROLLOSW\BOILERPLATTE E-COMMERCE\.next\server\chunks\9065.js:22039:32)
    at stringify (<anonymous>)
    at V (C:\Users\marti\Desktop\DESARROLLOSW\BOILERPLATTE E-COMMERCE\.next\server\chunks\9065.js:22338:53)
    at ping (C:\Users\marti\Desktop\DESARROLLOSW\BOILERPLATTE E-COMMERCE\.next\server\chunks\9065.js:22138:43)

Error occurred prerendering page "/admin/logistics". Read more: https://nextjs.org/docs/messages/prerender-error
TypeError: Cannot convert undefined or null to object
    at Function.entries (<anonymous>)
    at AlternatesMetadata (C:\Users\marti\Desktop\DESARROLLOSW\BOILERPLATTE E-COMMERCE\node_modules\next\dist\lib\metadata\generate\alternate.js:17:23)
    at T (C:\Users\marti\Desktop\DESARROLLOSW\BOILERPLATTE E-COMMERCE\.next\server\chunks\9065.js:22083:25)
    at Ma (C:\Users\marti\Desktop\DESARROLLOSW\BOILERPLATTE E-COMMERCE\.next\server\chunks\9065.js:22246:33)
    at Array.toJSON (C:\Users\marti\Desktop\DESARROLLOSW\BOILERPLATTE E-COMMERCE\.next\server\chunks\9065.js:22039:32)
    at stringify (<anonymous>)
    at V (C:\Users\marti\Desktop\DESARROLLOSW\BOILERPLATTE E-COMMERCE\.next\server\chunks\9065.js:22338:53)
    at ping (C:\Users\marti\Desktop\DESARROLLOSW\BOILERPLATTE E-COMMERCE\.next\server\chunks\9065.js:22138:43)
TypeError: Cannot convert undefined or null to object
    at Function.entries (<anonymous>)
    at AlternatesMetadata (C:\Users\marti\Desktop\DESARROLLOSW\BOILERPLATTE E-COMMERCE\node_modules\next\dist\lib\metadata\generate\alternate.js:17:23)
    at T (C:\Users\marti\Desktop\DESARROLLOSW\BOILERPLATTE E-COMMERCE\.next\server\chunks\9065.js:22083:25)
    at Ma (C:\Users\marti\Desktop\DESARROLLOSW\BOILERPLATTE E-COMMERCE\.next\server\chunks\9065.js:22246:33)
    at Array.toJSON (C:\Users\marti\Desktop\DESARROLLOSW\BOILERPLATTE E-COMMERCE\.next\server\chunks\9065.js:22039:32)
    at stringify (<anonymous>)
    at V (C:\Users\marti\Desktop\DESARROLLOSW\BOILERPLATTE E-COMMERCE\.next\server\chunks\9065.js:22338:53)
    at ping (C:\Users\marti\Desktop\DESARROLLOSW\BOILERPLATTE E-COMMERCE\.next\server\chunks\9065.js:22138:43)

Error occurred prerendering page "/dashboard/activity". Read more: https://nextjs.org/docs/messages/prerender-error
TypeError: Cannot convert undefined or null to object
    at Function.entries (<anonymous>)
    at AlternatesMetadata (C:\Users\marti\Desktop\DESARROLLOSW\BOILERPLATTE E-COMMERCE\node_modules\next\dist\lib\metadata\generate\alternate.js:17:23)
    at T (C:\Users\marti\Desktop\DESARROLLOSW\BOILERPLATTE E-COMMERCE\.next\server\chunks\9065.js:22083:25)
    at Ma (C:\Users\marti\Desktop\DESARROLLOSW\BOILERPLATTE E-COMMERCE\.next\server\chunks\9065.js:22246:33)
    at Array.toJSON (C:\Users\marti\Desktop\DESARROLLOSW\BOILERPLATTE E-COMMERCE\.next\server\chunks\9065.js:22039:32)
    at stringify (<anonymous>)
    at V (C:\Users\marti\Desktop\DESARROLLOSW\BOILERPLATTE E-COMMERCE\.next\server\chunks\9065.js:22338:53)
    at ping (C:\Users\marti\Desktop\DESARROLLOSW\BOILERPLATTE E-COMMERCE\.next\server\chunks\9065.js:22138:43)
TypeError: Cannot convert undefined or null to object
    at Function.entries (<anonymous>)
    at AlternatesMetadata (C:\Users\marti\Desktop\DESARROLLOSW\BOILERPLATTE E-COMMERCE\node_modules\next\dist\lib\metadata\generate\alternate.js:17:23)
    at T (C:\Users\marti\Desktop\DESARROLLOSW\BOILERPLATTE E-COMMERCE\.next\server\chunks\9065.js:22083:25)
    at Ma (C:\Users\marti\Desktop\DESARROLLOSW\BOILERPLATTE E-COMMERCE\.next\server\chunks\9065.js:22246:33)
    at Array.toJSON (C:\Users\marti\Desktop\DESARROLLOSW\BOILERPLATTE E-COMMERCE\.next\server\chunks\9065.js:22039:32)
    at stringify (<anonymous>)
    at V (C:\Users\marti\Desktop\DESARROLLOSW\BOILERPLATTE E-COMMERCE\.next\server\chunks\9065.js:22338:53)
    at ping (C:\Users\marti\Desktop\DESARROLLOSW\BOILERPLATTE E-COMMERCE\.next\server\chunks\9065.js:22138:43)

Error occurred prerendering page "/admin/monitoring/enterprise-dashboard". Read more: https://nextjs.org/docs/messages/prerender-error
TypeError: Cannot convert undefined or null to object
    at Function.entries (<anonymous>)
    at AlternatesMetadata (C:\Users\marti\Desktop\DESARROLLOSW\BOILERPLATTE E-COMMERCE\node_modules\next\dist\lib\metadata\generate\alternate.js:17:23)
    at T (C:\Users\marti\Desktop\DESARROLLOSW\BOILERPLATTE E-COMMERCE\.next\server\chunks\9065.js:22083:25)
    at Ma (C:\Users\marti\Desktop\DESARROLLOSW\BOILERPLATTE E-COMMERCE\.next\server\chunks\9065.js:22246:33)
    at Array.toJSON (C:\Users\marti\Desktop\DESARROLLOSW\BOILERPLATTE E-COMMERCE\.next\server\chunks\9065.js:22039:32)
    at stringify (<anonymous>)
    at V (C:\Users\marti\Desktop\DESARROLLOSW\BOILERPLATTE E-COMMERCE\.next\server\chunks\9065.js:22338:53)
    at ping (C:\Users\marti\Desktop\DESARROLLOSW\BOILERPLATTE E-COMMERCE\.next\server\chunks\9065.js:22138:43)
TypeError: Cannot convert undefined or null to object
    at Function.entries (<anonymous>)
    at AlternatesMetadata (C:\Users\marti\Desktop\DESARROLLOSW\BOILERPLATTE E-COMMERCE\node_modules\next\dist\lib\metadata\generate\alternate.js:17:23)
    at T (C:\Users\marti\Desktop\DESARROLLOSW\BOILERPLATTE E-COMMERCE\.next\server\chunks\9065.js:22083:25)
    at Ma (C:\Users\marti\Desktop\DESARROLLOSW\BOILERPLATTE E-COMMERCE\.next\server\chunks\9065.js:22246:33)
    at Array.toJSON (C:\Users\marti\Desktop\DESARROLLOSW\BOILERPLATTE E-COMMERCE\.next\server\chunks\9065.js:22039:32)
    at stringify (<anonymous>)
    at V (C:\Users\marti\Desktop\DESARROLLOSW\BOILERPLATTE E-COMMERCE\.next\server\chunks\9065.js:22338:53)
    at ping (C:\Users\marti\Desktop\DESARROLLOSW\BOILERPLATTE E-COMMERCE\.next\server\chunks\9065.js:22138:43)

Error occurred prerendering page "/dashboard/security". Read more: https://nextjs.org/docs/messages/prerender-error
TypeError: Cannot convert undefined or null to object
    at Function.entries (<anonymous>)
    at AlternatesMetadata (C:\Users\marti\Desktop\DESARROLLOSW\BOILERPLATTE E-COMMERCE\node_modules\next\dist\lib\metadata\generate\alternate.js:17:23)
    at T (C:\Users\marti\Desktop\DESARROLLOSW\BOILERPLATTE E-COMMERCE\.next\server\chunks\9065.js:22083:25)
    at Ma (C:\Users\marti\Desktop\DESARROLLOSW\BOILERPLATTE E-COMMERCE\.next\server\chunks\9065.js:22246:33)
    at Array.toJSON (C:\Users\marti\Desktop\DESARROLLOSW\BOILERPLATTE E-COMMERCE\.next\server\chunks\9065.js:22039:32)
    at stringify (<anonymous>)
    at V (C:\Users\marti\Desktop\DESARROLLOSW\BOILERPLATTE E-COMMERCE\.next\server\chunks\9065.js:22338:53)
    at ping (C:\Users\marti\Desktop\DESARROLLOSW\BOILERPLATTE E-COMMERCE\.next\server\chunks\9065.js:22138:43)
TypeError: Cannot convert undefined or null to object
    at Function.entries (<anonymous>)
    at AlternatesMetadata (C:\Users\marti\Desktop\DESARROLLOSW\BOILERPLATTE E-COMMERCE\node_modules\next\dist\lib\metadata\generate\alternate.js:17:23)
    at T (C:\Users\marti\Desktop\DESARROLLOSW\BOILERPLATTE E-COMMERCE\.next\server\chunks\9065.js:22083:25)
    at Ma (C:\Users\marti\Desktop\DESARROLLOSW\BOILERPLATTE E-COMMERCE\.next\server\chunks\9065.js:22246:33)
    at Array.toJSON (C:\Users\marti\Desktop\DESARROLLOSW\BOILERPLATTE E-COMMERCE\.next\server\chunks\9065.js:22039:32)
    at stringify (<anonymous>)
    at V (C:\Users\marti\Desktop\DESARROLLOSW\BOILERPLATTE E-COMMERCE\.next\server\chunks\9065.js:22338:53)
    at ping (C:\Users\marti\Desktop\DESARROLLOSW\BOILERPLATTE E-COMMERCE\.next\server\chunks\9065.js:22138:43)

Error occurred prerendering page "/admin/monitoring/enterprise". Read more: https://nextjs.org/docs/messages/prerender-error
TypeError: Cannot convert undefined or null to object
    at Function.entries (<anonymous>)
    at AlternatesMetadata (C:\Users\marti\Desktop\DESARROLLOSW\BOILERPLATTE E-COMMERCE\node_modules\next\dist\lib\metadata\generate\alternate.js:17:23)
    at T (C:\Users\marti\Desktop\DESARROLLOSW\BOILERPLATTE E-COMMERCE\.next\server\chunks\9065.js:22083:25)
    at Ma (C:\Users\marti\Desktop\DESARROLLOSW\BOILERPLATTE E-COMMERCE\.next\server\chunks\9065.js:22246:33)
    at Array.toJSON (C:\Users\marti\Desktop\DESARROLLOSW\BOILERPLATTE E-COMMERCE\.next\server\chunks\9065.js:22039:32)
    at stringify (<anonymous>)
    at V (C:\Users\marti\Desktop\DESARROLLOSW\BOILERPLATTE E-COMMERCE\.next\server\chunks\9065.js:22338:53)
    at ping (C:\Users\marti\Desktop\DESARROLLOSW\BOILERPLATTE E-COMMERCE\.next\server\chunks\9065.js:22138:43)
TypeError: Cannot convert undefined or null to object
    at Function.entries (<anonymous>)
    at AlternatesMetadata (C:\Users\marti\Desktop\DESARROLLOSW\BOILERPLATTE E-COMMERCE\node_modules\next\dist\lib\metadata\generate\alternate.js:17:23)
    at T (C:\Users\marti\Desktop\DESARROLLOSW\BOILERPLATTE E-COMMERCE\.next\server\chunks\9065.js:22083:25)
    at Ma (C:\Users\marti\Desktop\DESARROLLOSW\BOILERPLATTE E-COMMERCE\.next\server\chunks\9065.js:22246:33)
    at Array.toJSON (C:\Users\marti\Desktop\DESARROLLOSW\BOILERPLATTE E-COMMERCE\.next\server\chunks\9065.js:22039:32)
    at stringify (<anonymous>)
    at V (C:\Users\marti\Desktop\DESARROLLOSW\BOILERPLATTE E-COMMERCE\.next\server\chunks\9065.js:22338:53)
    at ping (C:\Users\marti\Desktop\DESARROLLOSW\BOILERPLATTE E-COMMERCE\.next\server\chunks\9065.js:22138:43)

Error occurred prerendering page "/dashboard/sessions". Read more: https://nextjs.org/docs/messages/prerender-error
TypeError: Cannot convert undefined or null to object
    at Function.entries (<anonymous>)
    at AlternatesMetadata (C:\Users\marti\Desktop\DESARROLLOSW\BOILERPLATTE E-COMMERCE\node_modules\next\dist\lib\metadata\generate\alternate.js:17:23)
    at T (C:\Users\marti\Desktop\DESARROLLOSW\BOILERPLATTE E-COMMERCE\.next\server\chunks\9065.js:22083:25)
    at Ma (C:\Users\marti\Desktop\DESARROLLOSW\BOILERPLATTE E-COMMERCE\.next\server\chunks\9065.js:22246:33)
    at Array.toJSON (C:\Users\marti\Desktop\DESARROLLOSW\BOILERPLATTE E-COMMERCE\.next\server\chunks\9065.js:22039:32)
    at stringify (<anonymous>)
    at V (C:\Users\marti\Desktop\DESARROLLOSW\BOILERPLATTE E-COMMERCE\.next\server\chunks\9065.js:22338:53)
    at ping (C:\Users\marti\Desktop\DESARROLLOSW\BOILERPLATTE E-COMMERCE\.next\server\chunks\9065.js:22138:43)
TypeError: Cannot convert undefined or null to object
    at Function.entries (<anonymous>)
    at AlternatesMetadata (C:\Users\marti\Desktop\DESARROLLOSW\BOILERPLATTE E-COMMERCE\node_modules\next\dist\lib\metadata\generate\alternate.js:17:23)
    at T (C:\Users\marti\Desktop\DESARROLLOSW\BOILERPLATTE E-COMMERCE\.next\server\chunks\9065.js:22083:25)
    at Ma (C:\Users\marti\Desktop\DESARROLLOSW\BOILERPLATTE E-COMMERCE\.next\server\chunks\9065.js:22246:33)
    at Array.toJSON (C:\Users\marti\Desktop\DESARROLLOSW\BOILERPLATTE E-COMMERCE\.next\server\chunks\9065.js:22039:32)
    at stringify (<anonymous>)
    at V (C:\Users\marti\Desktop\DESARROLLOSW\BOILERPLATTE E-COMMERCE\.next\server\chunks\9065.js:22338:53)
    at ping (C:\Users\marti\Desktop\DESARROLLOSW\BOILERPLATTE E-COMMERCE\.next\server\chunks\9065.js:22138:43)

Error occurred prerendering page "/dashboard". Read more: https://nextjs.org/docs/messages/prerender-error
TypeError: Cannot convert undefined or null to object
    at Function.entries (<anonymous>)
    at AlternatesMetadata (C:\Users\marti\Desktop\DESARROLLOSW\BOILERPLATTE E-COMMERCE\node_modules\next\dist\lib\metadata\generate\alternate.js:17:23)
    at T (C:\Users\marti\Desktop\DESARROLLOSW\BOILERPLATTE E-COMMERCE\.next\server\chunks\9065.js:22083:25)
    at Ma (C:\Users\marti\Desktop\DESARROLLOSW\BOILERPLATTE E-COMMERCE\.next\server\chunks\9065.js:22246:33)
    at Array.toJSON (C:\Users\marti\Desktop\DESARROLLOSW\BOILERPLATTE E-COMMERCE\.next\server\chunks\9065.js:22039:32)
    at stringify (<anonymous>)
    at V (C:\Users\marti\Desktop\DESARROLLOSW\BOILERPLATTE E-COMMERCE\.next\server\chunks\9065.js:22338:53)
    at ping (C:\Users\marti\Desktop\DESARROLLOSW\BOILERPLATTE E-COMMERCE\.next\server\chunks\9065.js:22138:43)
TypeError: Cannot convert undefined or null to object
    at Function.entries (<anonymous>)
    at AlternatesMetadata (C:\Users\marti\Desktop\DESARROLLOSW\BOILERPLATTE E-COMMERCE\node_modules\next\dist\lib\metadata\generate\alternate.js:17:23)
    at T (C:\Users\marti\Desktop\DESARROLLOSW\BOILERPLATTE E-COMMERCE\.next\server\chunks\9065.js:22083:25)
    at Ma (C:\Users\marti\Desktop\DESARROLLOSW\BOILERPLATTE E-COMMERCE\.next\server\chunks\9065.js:22246:33)
    at Array.toJSON (C:\Users\marti\Desktop\DESARROLLOSW\BOILERPLATTE E-COMMERCE\.next\server\chunks\9065.js:22039:32)
    at stringify (<anonymous>)
    at V (C:\Users\marti\Desktop\DESARROLLOSW\BOILERPLATTE E-COMMERCE\.next\server\chunks\9065.js:22338:53)
    at ping (C:\Users\marti\Desktop\DESARROLLOSW\BOILERPLATTE E-COMMERCE\.next\server\chunks\9065.js:22138:43)

Error occurred prerendering page "/admin/monitoring". Read more: https://nextjs.org/docs/messages/prerender-error
TypeError: Cannot convert undefined or null to object
    at Function.entries (<anonymous>)
    at AlternatesMetadata (C:\Users\marti\Desktop\DESARROLLOSW\BOILERPLATTE E-COMMERCE\node_modules\next\dist\lib\metadata\generate\alternate.js:17:23)
    at T (C:\Users\marti\Desktop\DESARROLLOSW\BOILERPLATTE E-COMMERCE\.next\server\chunks\9065.js:22083:25)
    at Ma (C:\Users\marti\Desktop\DESARROLLOSW\BOILERPLATTE E-COMMERCE\.next\server\chunks\9065.js:22246:33)
    at Array.toJSON (C:\Users\marti\Desktop\DESARROLLOSW\BOILERPLATTE E-COMMERCE\.next\server\chunks\9065.js:22039:32)
    at stringify (<anonymous>)
    at V (C:\Users\marti\Desktop\DESARROLLOSW\BOILERPLATTE E-COMMERCE\.next\server\chunks\9065.js:22338:53)
    at ping (C:\Users\marti\Desktop\DESARROLLOSW\BOILERPLATTE E-COMMERCE\.next\server\chunks\9065.js:22138:43)
TypeError: Cannot convert undefined or null to object
    at Function.entries (<anonymous>)
    at AlternatesMetadata (C:\Users\marti\Desktop\DESARROLLOSW\BOILERPLATTE E-COMMERCE\node_modules\next\dist\lib\metadata\generate\alternate.js:17:23)
    at T (C:\Users\marti\Desktop\DESARROLLOSW\BOILERPLATTE E-COMMERCE\.next\server\chunks\9065.js:22083:25)
    at Ma (C:\Users\marti\Desktop\DESARROLLOSW\BOILERPLATTE E-COMMERCE\.next\server\chunks\9065.js:22246:33)
    at Array.toJSON (C:\Users\marti\Desktop\DESARROLLOSW\BOILERPLATTE E-COMMERCE\.next\server\chunks\9065.js:22039:32)
    at stringify (<anonymous>)
    at V (C:\Users\marti\Desktop\DESARROLLOSW\BOILERPLATTE E-COMMERCE\.next\server\chunks\9065.js:22338:53)
    at ping (C:\Users\marti\Desktop\DESARROLLOSW\BOILERPLATTE E-COMMERCE\.next\server\chunks\9065.js:22138:43)

Error occurred prerendering page "/admin". Read more: https://nextjs.org/docs/messages/prerender-error
TypeError: Cannot convert undefined or null to object
    at Function.entries (<anonymous>)
    at AlternatesMetadata (C:\Users\marti\Desktop\DESARROLLOSW\BOILERPLATTE E-COMMERCE\node_modules\next\dist\lib\metadata\generate\alternate.js:17:23)
    at T (C:\Users\marti\Desktop\DESARROLLOSW\BOILERPLATTE E-COMMERCE\.next\server\chunks\9065.js:22083:25)
    at Ma (C:\Users\marti\Desktop\DESARROLLOSW\BOILERPLATTE E-COMMERCE\.next\server\chunks\9065.js:22246:33)
    at Array.toJSON (C:\Users\marti\Desktop\DESARROLLOSW\BOILERPLATTE E-COMMERCE\.next\server\chunks\9065.js:22039:32)
    at stringify (<anonymous>)
    at V (C:\Users\marti\Desktop\DESARROLLOSW\BOILERPLATTE E-COMMERCE\.next\server\chunks\9065.js:22338:53)
    at ping (C:\Users\marti\Desktop\DESARROLLOSW\BOILERPLATTE E-COMMERCE\.next\server\chunks\9065.js:22138:43)
TypeError: Cannot convert undefined or null to object
    at Function.entries (<anonymous>)
    at AlternatesMetadata (C:\Users\marti\Desktop\DESARROLLOSW\BOILERPLATTE E-COMMERCE\node_modules\next\dist\lib\metadata\generate\alternate.js:17:23)
    at T (C:\Users\marti\Desktop\DESARROLLOSW\BOILERPLATTE E-COMMERCE\.next\server\chunks\9065.js:22083:25)
    at Ma (C:\Users\marti\Desktop\DESARROLLOSW\BOILERPLATTE E-COMMERCE\.next\server\chunks\9065.js:22246:33)
    at Array.toJSON (C:\Users\marti\Desktop\DESARROLLOSW\BOILERPLATTE E-COMMERCE\.next\server\chunks\9065.js:22039:32)
    at stringify (<anonymous>)
    at V (C:\Users\marti\Desktop\DESARROLLOSW\BOILERPLATTE E-COMMERCE\.next\server\chunks\9065.js:22338:53)
    at ping (C:\Users\marti\Desktop\DESARROLLOSW\BOILERPLATTE E-COMMERCE\.next\server\chunks\9065.js:22138:43)

Error occurred prerendering page "/admin/orders-simple". Read more: https://nextjs.org/docs/messages/prerender-error
TypeError: Cannot convert undefined or null to object
    at Function.entries (<anonymous>)
    at AlternatesMetadata (C:\Users\marti\Desktop\DESARROLLOSW\BOILERPLATTE E-COMMERCE\node_modules\next\dist\lib\metadata\generate\alternate.js:17:23)
    at T (C:\Users\marti\Desktop\DESARROLLOSW\BOILERPLATTE E-COMMERCE\.next\server\chunks\9065.js:22083:25)
    at Ma (C:\Users\marti\Desktop\DESARROLLOSW\BOILERPLATTE E-COMMERCE\.next\server\chunks\9065.js:22246:33)
    at Array.toJSON (C:\Users\marti\Desktop\DESARROLLOSW\BOILERPLATTE E-COMMERCE\.next\server\chunks\9065.js:22039:32)
    at stringify (<anonymous>)
    at V (C:\Users\marti\Desktop\DESARROLLOSW\BOILERPLATTE E-COMMERCE\.next\server\chunks\9065.js:22338:53)
    at ping (C:\Users\marti\Desktop\DESARROLLOSW\BOILERPLATTE E-COMMERCE\.next\server\chunks\9065.js:22138:43)
info  - Generating static pages (53/107)
TypeError: Cannot convert undefined or null to object
    at Function.entries (<anonymous>)
    at AlternatesMetadata (C:\Users\marti\Desktop\DESARROLLOSW\BOILERPLATTE E-COMMERCE\node_modules\next\dist\lib\metadata\generate\alternate.js:17:23)
    at T (C:\Users\marti\Desktop\DESARROLLOSW\BOILERPLATTE E-COMMERCE\.next\server\chunks\9065.js:22083:25)
    at Ma (C:\Users\marti\Desktop\DESARROLLOSW\BOILERPLATTE E-COMMERCE\.next\server\chunks\9065.js:22246:33)
    at Array.toJSON (C:\Users\marti\Desktop\DESARROLLOSW\BOILERPLATTE E-COMMERCE\.next\server\chunks\9065.js:22039:32)
    at stringify (<anonymous>)
    at V (C:\Users\marti\Desktop\DESARROLLOSW\BOILERPLATTE E-COMMERCE\.next\server\chunks\9065.js:22338:53)
    at ping (C:\Users\marti\Desktop\DESARROLLOSW\BOILERPLATTE E-COMMERCE\.next\server\chunks\9065.js:22138:43)

Error occurred prerendering page "/cart". Read more: https://nextjs.org/docs/messages/prerender-error
TypeError: Cannot convert undefined or null to object
    at Function.entries (<anonymous>)
    at AlternatesMetadata (C:\Users\marti\Desktop\DESARROLLOSW\BOILERPLATTE E-COMMERCE\node_modules\next\dist\lib\metadata\generate\alternate.js:17:23)
    at T (C:\Users\marti\Desktop\DESARROLLOSW\BOILERPLATTE E-COMMERCE\.next\server\chunks\9065.js:22083:25)
    at Ma (C:\Users\marti\Desktop\DESARROLLOSW\BOILERPLATTE E-COMMERCE\.next\server\chunks\9065.js:22246:33)
    at Array.toJSON (C:\Users\marti\Desktop\DESARROLLOSW\BOILERPLATTE E-COMMERCE\.next\server\chunks\9065.js:22039:32)
    at stringify (<anonymous>)
    at V (C:\Users\marti\Desktop\DESARROLLOSW\BOILERPLATTE E-COMMERCE\.next\server\chunks\9065.js:22338:53)
    at ping (C:\Users\marti\Desktop\DESARROLLOSW\BOILERPLATTE E-COMMERCE\.next\server\chunks\9065.js:22138:43)
TypeError: Cannot convert undefined or null to object
    at Function.entries (<anonymous>)
    at AlternatesMetadata (C:\Users\marti\Desktop\DESARROLLOSW\BOILERPLATTE E-COMMERCE\node_modules\next\dist\lib\metadata\generate\alternate.js:17:23)
    at T (C:\Users\marti\Desktop\DESARROLLOSW\BOILERPLATTE E-COMMERCE\.next\server\chunks\9065.js:22083:25)
    at Ma (C:\Users\marti\Desktop\DESARROLLOSW\BOILERPLATTE E-COMMERCE\.next\server\chunks\9065.js:22246:33)
    at Array.toJSON (C:\Users\marti\Desktop\DESARROLLOSW\BOILERPLATTE E-COMMERCE\.next\server\chunks\9065.js:22039:32)
    at stringify (<anonymous>)
    at V (C:\Users\marti\Desktop\DESARROLLOSW\BOILERPLATTE E-COMMERCE\.next\server\chunks\9065.js:22338:53)
    at ping (C:\Users\marti\Desktop\DESARROLLOSW\BOILERPLATTE E-COMMERCE\.next\server\chunks\9065.js:22138:43)

Error occurred prerendering page "/admin/performance". Read more: https://nextjs.org/docs/messages/prerender-error
TypeError: Cannot convert undefined or null to object
    at Function.entries (<anonymous>)
    at AlternatesMetadata (C:\Users\marti\Desktop\DESARROLLOSW\BOILERPLATTE E-COMMERCE\node_modules\next\dist\lib\metadata\generate\alternate.js:17:23)
    at T (C:\Users\marti\Desktop\DESARROLLOSW\BOILERPLATTE E-COMMERCE\.next\server\chunks\9065.js:22083:25)
    at Ma (C:\Users\marti\Desktop\DESARROLLOSW\BOILERPLATTE E-COMMERCE\.next\server\chunks\9065.js:22246:33)
    at Array.toJSON (C:\Users\marti\Desktop\DESARROLLOSW\BOILERPLATTE E-COMMERCE\.next\server\chunks\9065.js:22039:32)
    at stringify (<anonymous>)
    at V (C:\Users\marti\Desktop\DESARROLLOSW\BOILERPLATTE E-COMMERCE\.next\server\chunks\9065.js:22338:53)
    at ping (C:\Users\marti\Desktop\DESARROLLOSW\BOILERPLATTE E-COMMERCE\.next\server\chunks\9065.js:22138:43)
TypeError: Cannot convert undefined or null to object
    at Function.entries (<anonymous>)
    at AlternatesMetadata (C:\Users\marti\Desktop\DESARROLLOSW\BOILERPLATTE E-COMMERCE\node_modules\next\dist\lib\metadata\generate\alternate.js:17:23)
    at T (C:\Users\marti\Desktop\DESARROLLOSW\BOILERPLATTE E-COMMERCE\.next\server\chunks\9065.js:22083:25)
    at Ma (C:\Users\marti\Desktop\DESARROLLOSW\BOILERPLATTE E-COMMERCE\.next\server\chunks\9065.js:22246:33)
    at Array.toJSON (C:\Users\marti\Desktop\DESARROLLOSW\BOILERPLATTE E-COMMERCE\.next\server\chunks\9065.js:22039:32)
    at stringify (<anonymous>)
    at V (C:\Users\marti\Desktop\DESARROLLOSW\BOILERPLATTE E-COMMERCE\.next\server\chunks\9065.js:22338:53)
    at ping (C:\Users\marti\Desktop\DESARROLLOSW\BOILERPLATTE E-COMMERCE\.next\server\chunks\9065.js:22138:43)

Error occurred prerendering page "/admin/orders-panel". Read more: https://nextjs.org/docs/messages/prerender-error
TypeError: Cannot convert undefined or null to object
    at Function.entries (<anonymous>)
    at AlternatesMetadata (C:\Users\marti\Desktop\DESARROLLOSW\BOILERPLATTE E-COMMERCE\node_modules\next\dist\lib\metadata\generate\alternate.js:17:23)
    at T (C:\Users\marti\Desktop\DESARROLLOSW\BOILERPLATTE E-COMMERCE\.next\server\chunks\9065.js:22083:25)
    at Ma (C:\Users\marti\Desktop\DESARROLLOSW\BOILERPLATTE E-COMMERCE\.next\server\chunks\9065.js:22246:33)
    at Array.toJSON (C:\Users\marti\Desktop\DESARROLLOSW\BOILERPLATTE E-COMMERCE\.next\server\chunks\9065.js:22039:32)
    at stringify (<anonymous>)
    at V (C:\Users\marti\Desktop\DESARROLLOSW\BOILERPLATTE E-COMMERCE\.next\server\chunks\9065.js:22338:53)
    at ping (C:\Users\marti\Desktop\DESARROLLOSW\BOILERPLATTE E-COMMERCE\.next\server\chunks\9065.js:22138:43)
TypeError: Cannot convert undefined or null to object
    at Function.entries (<anonymous>)
    at AlternatesMetadata (C:\Users\marti\Desktop\DESARROLLOSW\BOILERPLATTE E-COMMERCE\node_modules\next\dist\lib\metadata\generate\alternate.js:17:23)
    at T (C:\Users\marti\Desktop\DESARROLLOSW\BOILERPLATTE E-COMMERCE\.next\server\chunks\9065.js:22083:25)
    at Ma (C:\Users\marti\Desktop\DESARROLLOSW\BOILERPLATTE E-COMMERCE\.next\server\chunks\9065.js:22246:33)
    at Array.toJSON (C:\Users\marti\Desktop\DESARROLLOSW\BOILERPLATTE E-COMMERCE\.next\server\chunks\9065.js:22039:32)
    at stringify (<anonymous>)
    at V (C:\Users\marti\Desktop\DESARROLLOSW\BOILERPLATTE E-COMMERCE\.next\server\chunks\9065.js:22338:53)
    at ping (C:\Users\marti\Desktop\DESARROLLOSW\BOILERPLATTE E-COMMERCE\.next\server\chunks\9065.js:22138:43)

Error occurred prerendering page "/admin/products/[id]". Read more: https://nextjs.org/docs/messages/prerender-error
TypeError: Cannot convert undefined or null to object
    at Function.entries (<anonymous>)
    at AlternatesMetadata (C:\Users\marti\Desktop\DESARROLLOSW\BOILERPLATTE E-COMMERCE\node_modules\next\dist\lib\metadata\generate\alternate.js:17:23)
    at T (C:\Users\marti\Desktop\DESARROLLOSW\BOILERPLATTE E-COMMERCE\.next\server\chunks\9065.js:22083:25)
    at Ma (C:\Users\marti\Desktop\DESARROLLOSW\BOILERPLATTE E-COMMERCE\.next\server\chunks\9065.js:22246:33)
    at Array.toJSON (C:\Users\marti\Desktop\DESARROLLOSW\BOILERPLATTE E-COMMERCE\.next\server\chunks\9065.js:22039:32)
    at stringify (<anonymous>)
    at V (C:\Users\marti\Desktop\DESARROLLOSW\BOILERPLATTE E-COMMERCE\.next\server\chunks\9065.js:22338:53)
    at ping (C:\Users\marti\Desktop\DESARROLLOSW\BOILERPLATTE E-COMMERCE\.next\server\chunks\9065.js:22138:43)
TypeError: Cannot convert undefined or null to object
    at Function.entries (<anonymous>)
    at AlternatesMetadata (C:\Users\marti\Desktop\DESARROLLOSW\BOILERPLATTE E-COMMERCE\node_modules\next\dist\lib\metadata\generate\alternate.js:17:23)
    at T (C:\Users\marti\Desktop\DESARROLLOSW\BOILERPLATTE E-COMMERCE\.next\server\chunks\9065.js:22083:25)
    at Ma (C:\Users\marti\Desktop\DESARROLLOSW\BOILERPLATTE E-COMMERCE\.next\server\chunks\9065.js:22246:33)
    at Array.toJSON (C:\Users\marti\Desktop\DESARROLLOSW\BOILERPLATTE E-COMMERCE\.next\server\chunks\9065.js:22039:32)
    at stringify (<anonymous>)
    at V (C:\Users\marti\Desktop\DESARROLLOSW\BOILERPLATTE E-COMMERCE\.next\server\chunks\9065.js:22338:53)
    at ping (C:\Users\marti\Desktop\DESARROLLOSW\BOILERPLATTE E-COMMERCE\.next\server\chunks\9065.js:22138:43)

Error occurred prerendering page "/checkout/success". Read more: https://nextjs.org/docs/messages/prerender-error
TypeError: Cannot convert undefined or null to object
    at Function.entries (<anonymous>)
    at AlternatesMetadata (C:\Users\marti\Desktop\DESARROLLOSW\BOILERPLATTE E-COMMERCE\node_modules\next\dist\lib\metadata\generate\alternate.js:17:23)
    at T (C:\Users\marti\Desktop\DESARROLLOSW\BOILERPLATTE E-COMMERCE\.next\server\chunks\9065.js:22083:25)
    at Ma (C:\Users\marti\Desktop\DESARROLLOSW\BOILERPLATTE E-COMMERCE\.next\server\chunks\9065.js:22246:33)
    at Array.toJSON (C:\Users\marti\Desktop\DESARROLLOSW\BOILERPLATTE E-COMMERCE\.next\server\chunks\9065.js:22039:32)
    at stringify (<anonymous>)
    at V (C:\Users\marti\Desktop\DESARROLLOSW\BOILERPLATTE E-COMMERCE\.next\server\chunks\9065.js:22338:53)
    at ping (C:\Users\marti\Desktop\DESARROLLOSW\BOILERPLATTE E-COMMERCE\.next\server\chunks\9065.js:22138:43)
TypeError: Cannot convert undefined or null to object
    at Function.entries (<anonymous>)
    at AlternatesMetadata (C:\Users\marti\Desktop\DESARROLLOSW\BOILERPLATTE E-COMMERCE\node_modules\next\dist\lib\metadata\generate\alternate.js:17:23)
    at T (C:\Users\marti\Desktop\DESARROLLOSW\BOILERPLATTE E-COMMERCE\.next\server\chunks\9065.js:22083:25)
    at Ma (C:\Users\marti\Desktop\DESARROLLOSW\BOILERPLATTE E-COMMERCE\.next\server\chunks\9065.js:22246:33)
    at Array.toJSON (C:\Users\marti\Desktop\DESARROLLOSW\BOILERPLATTE E-COMMERCE\.next\server\chunks\9065.js:22039:32)
    at stringify (<anonymous>)
    at V (C:\Users\marti\Desktop\DESARROLLOSW\BOILERPLATTE E-COMMERCE\.next\server\chunks\9065.js:22338:53)
    at ping (C:\Users\marti\Desktop\DESARROLLOSW\BOILERPLATTE E-COMMERCE\.next\server\chunks\9065.js:22138:43)

Error occurred prerendering page "/admin/purchase-flow-test". Read more: https://nextjs.org/docs/messages/prerender-error
TypeError: Cannot convert undefined or null to object
    at Function.entries (<anonymous>)
    at AlternatesMetadata (C:\Users\marti\Desktop\DESARROLLOSW\BOILERPLATTE E-COMMERCE\node_modules\next\dist\lib\metadata\generate\alternate.js:17:23)
    at T (C:\Users\marti\Desktop\DESARROLLOSW\BOILERPLATTE E-COMMERCE\.next\server\chunks\9065.js:22083:25)
    at Ma (C:\Users\marti\Desktop\DESARROLLOSW\BOILERPLATTE E-COMMERCE\.next\server\chunks\9065.js:22246:33)
    at Array.toJSON (C:\Users\marti\Desktop\DESARROLLOSW\BOILERPLATTE E-COMMERCE\.next\server\chunks\9065.js:22039:32)
    at stringify (<anonymous>)
    at V (C:\Users\marti\Desktop\DESARROLLOSW\BOILERPLATTE E-COMMERCE\.next\server\chunks\9065.js:22338:53)
    at ping (C:\Users\marti\Desktop\DESARROLLOSW\BOILERPLATTE E-COMMERCE\.next\server\chunks\9065.js:22138:43)
TypeError: Cannot convert undefined or null to object
    at Function.entries (<anonymous>)
    at AlternatesMetadata (C:\Users\marti\Desktop\DESARROLLOSW\BOILERPLATTE E-COMMERCE\node_modules\next\dist\lib\metadata\generate\alternate.js:17:23)
    at T (C:\Users\marti\Desktop\DESARROLLOSW\BOILERPLATTE E-COMMERCE\.next\server\chunks\9065.js:22083:25)
    at Ma (C:\Users\marti\Desktop\DESARROLLOSW\BOILERPLATTE E-COMMERCE\.next\server\chunks\9065.js:22246:33)
    at Array.toJSON (C:\Users\marti\Desktop\DESARROLLOSW\BOILERPLATTE E-COMMERCE\.next\server\chunks\9065.js:22039:32)
    at stringify (<anonymous>)
    at V (C:\Users\marti\Desktop\DESARROLLOSW\BOILERPLATTE E-COMMERCE\.next\server\chunks\9065.js:22338:53)
    at ping (C:\Users\marti\Desktop\DESARROLLOSW\BOILERPLATTE E-COMMERCE\.next\server\chunks\9065.js:22138:43)

Error occurred prerendering page "/admin/orders". Read more: https://nextjs.org/docs/messages/prerender-error
TypeError: Cannot convert undefined or null to object
    at Function.entries (<anonymous>)
    at AlternatesMetadata (C:\Users\marti\Desktop\DESARROLLOSW\BOILERPLATTE E-COMMERCE\node_modules\next\dist\lib\metadata\generate\alternate.js:17:23)
    at T (C:\Users\marti\Desktop\DESARROLLOSW\BOILERPLATTE E-COMMERCE\.next\server\chunks\9065.js:22083:25)
    at Ma (C:\Users\marti\Desktop\DESARROLLOSW\BOILERPLATTE E-COMMERCE\.next\server\chunks\9065.js:22246:33)
    at Array.toJSON (C:\Users\marti\Desktop\DESARROLLOSW\BOILERPLATTE E-COMMERCE\.next\server\chunks\9065.js:22039:32)
    at stringify (<anonymous>)
    at V (C:\Users\marti\Desktop\DESARROLLOSW\BOILERPLATTE E-COMMERCE\.next\server\chunks\9065.js:22338:53)
    at ping (C:\Users\marti\Desktop\DESARROLLOSW\BOILERPLATTE E-COMMERCE\.next\server\chunks\9065.js:22138:43)
TypeError: Cannot convert undefined or null to object
    at Function.entries (<anonymous>)
    at AlternatesMetadata (C:\Users\marti\Desktop\DESARROLLOSW\BOILERPLATTE E-COMMERCE\node_modules\next\dist\lib\metadata\generate\alternate.js:17:23)
    at T (C:\Users\marti\Desktop\DESARROLLOSW\BOILERPLATTE E-COMMERCE\.next\server\chunks\9065.js:22083:25)
    at Ma (C:\Users\marti\Desktop\DESARROLLOSW\BOILERPLATTE E-COMMERCE\.next\server\chunks\9065.js:22246:33)
    at Array.toJSON (C:\Users\marti\Desktop\DESARROLLOSW\BOILERPLATTE E-COMMERCE\.next\server\chunks\9065.js:22039:32)
    at stringify (<anonymous>)
    at V (C:\Users\marti\Desktop\DESARROLLOSW\BOILERPLATTE E-COMMERCE\.next\server\chunks\9065.js:22338:53)
    at ping (C:\Users\marti\Desktop\DESARROLLOSW\BOILERPLATTE E-COMMERCE\.next\server\chunks\9065.js:22138:43)

Error occurred prerendering page "/contact". Read more: https://nextjs.org/docs/messages/prerender-error
TypeError: Cannot convert undefined or null to object
    at Function.entries (<anonymous>)
    at AlternatesMetadata (C:\Users\marti\Desktop\DESARROLLOSW\BOILERPLATTE E-COMMERCE\node_modules\next\dist\lib\metadata\generate\alternate.js:17:23)
    at T (C:\Users\marti\Desktop\DESARROLLOSW\BOILERPLATTE E-COMMERCE\.next\server\chunks\9065.js:22083:25)
    at Ma (C:\Users\marti\Desktop\DESARROLLOSW\BOILERPLATTE E-COMMERCE\.next\server\chunks\9065.js:22246:33)
    at Array.toJSON (C:\Users\marti\Desktop\DESARROLLOSW\BOILERPLATTE E-COMMERCE\.next\server\chunks\9065.js:22039:32)
    at stringify (<anonymous>)
    at V (C:\Users\marti\Desktop\DESARROLLOSW\BOILERPLATTE E-COMMERCE\.next\server\chunks\9065.js:22338:53)
    at ping (C:\Users\marti\Desktop\DESARROLLOSW\BOILERPLATTE E-COMMERCE\.next\server\chunks\9065.js:22138:43)
TypeError: Cannot convert undefined or null to object
    at Function.entries (<anonymous>)
    at AlternatesMetadata (C:\Users\marti\Desktop\DESARROLLOSW\BOILERPLATTE E-COMMERCE\node_modules\next\dist\lib\metadata\generate\alternate.js:17:23)
    at T (C:\Users\marti\Desktop\DESARROLLOSW\BOILERPLATTE E-COMMERCE\.next\server\chunks\9065.js:22083:25)
    at Ma (C:\Users\marti\Desktop\DESARROLLOSW\BOILERPLATTE E-COMMERCE\.next\server\chunks\9065.js:22246:33)
    at Array.toJSON (C:\Users\marti\Desktop\DESARROLLOSW\BOILERPLATTE E-COMMERCE\.next\server\chunks\9065.js:22039:32)
    at stringify (<anonymous>)
    at V (C:\Users\marti\Desktop\DESARROLLOSW\BOILERPLATTE E-COMMERCE\.next\server\chunks\9065.js:22338:53)
    at ping (C:\Users\marti\Desktop\DESARROLLOSW\BOILERPLATTE E-COMMERCE\.next\server\chunks\9065.js:22138:43)

Error occurred prerendering page "/admin/seo-dashboard". Read more: https://nextjs.org/docs/messages/prerender-error
TypeError: Cannot convert undefined or null to object
    at Function.entries (<anonymous>)
    at AlternatesMetadata (C:\Users\marti\Desktop\DESARROLLOSW\BOILERPLATTE E-COMMERCE\node_modules\next\dist\lib\metadata\generate\alternate.js:17:23)
    at T (C:\Users\marti\Desktop\DESARROLLOSW\BOILERPLATTE E-COMMERCE\.next\server\chunks\9065.js:22083:25)
    at Ma (C:\Users\marti\Desktop\DESARROLLOSW\BOILERPLATTE E-COMMERCE\.next\server\chunks\9065.js:22246:33)
    at Array.toJSON (C:\Users\marti\Desktop\DESARROLLOSW\BOILERPLATTE E-COMMERCE\.next\server\chunks\9065.js:22039:32)
    at stringify (<anonymous>)
    at V (C:\Users\marti\Desktop\DESARROLLOSW\BOILERPLATTE E-COMMERCE\.next\server\chunks\9065.js:22338:53)
    at ping (C:\Users\marti\Desktop\DESARROLLOSW\BOILERPLATTE E-COMMERCE\.next\server\chunks\9065.js:22138:43)
TypeError: Cannot convert undefined or null to object
    at Function.entries (<anonymous>)
    at AlternatesMetadata (C:\Users\marti\Desktop\DESARROLLOSW\BOILERPLATTE E-COMMERCE\node_modules\next\dist\lib\metadata\generate\alternate.js:17:23)
    at T (C:\Users\marti\Desktop\DESARROLLOSW\BOILERPLATTE E-COMMERCE\.next\server\chunks\9065.js:22083:25)
    at Ma (C:\Users\marti\Desktop\DESARROLLOSW\BOILERPLATTE E-COMMERCE\.next\server\chunks\9065.js:22246:33)
    at Array.toJSON (C:\Users\marti\Desktop\DESARROLLOSW\BOILERPLATTE E-COMMERCE\.next\server\chunks\9065.js:22039:32)
    at stringify (<anonymous>)
    at V (C:\Users\marti\Desktop\DESARROLLOSW\BOILERPLATTE E-COMMERCE\.next\server\chunks\9065.js:22338:53)
    at ping (C:\Users\marti\Desktop\DESARROLLOSW\BOILERPLATTE E-COMMERCE\.next\server\chunks\9065.js:22138:43)

Error occurred prerendering page "/admin/products". Read more: https://nextjs.org/docs/messages/prerender-error
TypeError: Cannot convert undefined or null to object
    at Function.entries (<anonymous>)
    at AlternatesMetadata (C:\Users\marti\Desktop\DESARROLLOSW\BOILERPLATTE E-COMMERCE\node_modules\next\dist\lib\metadata\generate\alternate.js:17:23)
    at T (C:\Users\marti\Desktop\DESARROLLOSW\BOILERPLATTE E-COMMERCE\.next\server\chunks\9065.js:22083:25)
    at Ma (C:\Users\marti\Desktop\DESARROLLOSW\BOILERPLATTE E-COMMERCE\.next\server\chunks\9065.js:22246:33)
    at Array.toJSON (C:\Users\marti\Desktop\DESARROLLOSW\BOILERPLATTE E-COMMERCE\.next\server\chunks\9065.js:22039:32)
    at stringify (<anonymous>)
    at V (C:\Users\marti\Desktop\DESARROLLOSW\BOILERPLATTE E-COMMERCE\.next\server\chunks\9065.js:22338:53)
    at ping (C:\Users\marti\Desktop\DESARROLLOSW\BOILERPLATTE E-COMMERCE\.next\server\chunks\9065.js:22138:43)
TypeError: Cannot convert undefined or null to object
    at Function.entries (<anonymous>)
    at AlternatesMetadata (C:\Users\marti\Desktop\DESARROLLOSW\BOILERPLATTE E-COMMERCE\node_modules\next\dist\lib\metadata\generate\alternate.js:17:23)
    at T (C:\Users\marti\Desktop\DESARROLLOSW\BOILERPLATTE E-COMMERCE\.next\server\chunks\9065.js:22083:25)
    at Ma (C:\Users\marti\Desktop\DESARROLLOSW\BOILERPLATTE E-COMMERCE\.next\server\chunks\9065.js:22246:33)
    at Array.toJSON (C:\Users\marti\Desktop\DESARROLLOSW\BOILERPLATTE E-COMMERCE\.next\server\chunks\9065.js:22039:32)
    at stringify (<anonymous>)
    at V (C:\Users\marti\Desktop\DESARROLLOSW\BOILERPLATTE E-COMMERCE\.next\server\chunks\9065.js:22338:53)
    at ping (C:\Users\marti\Desktop\DESARROLLOSW\BOILERPLATTE E-COMMERCE\.next\server\chunks\9065.js:22138:43)

Error occurred prerendering page "/admin/products/[id]/edit". Read more: https://nextjs.org/docs/messages/prerender-error
TypeError: Cannot convert undefined or null to object
    at Function.entries (<anonymous>)
    at AlternatesMetadata (C:\Users\marti\Desktop\DESARROLLOSW\BOILERPLATTE E-COMMERCE\node_modules\next\dist\lib\metadata\generate\alternate.js:17:23)
    at T (C:\Users\marti\Desktop\DESARROLLOSW\BOILERPLATTE E-COMMERCE\.next\server\chunks\9065.js:22083:25)
    at Ma (C:\Users\marti\Desktop\DESARROLLOSW\BOILERPLATTE E-COMMERCE\.next\server\chunks\9065.js:22246:33)
    at Array.toJSON (C:\Users\marti\Desktop\DESARROLLOSW\BOILERPLATTE E-COMMERCE\.next\server\chunks\9065.js:22039:32)
    at stringify (<anonymous>)
    at V (C:\Users\marti\Desktop\DESARROLLOSW\BOILERPLATTE E-COMMERCE\.next\server\chunks\9065.js:22338:53)
    at ping (C:\Users\marti\Desktop\DESARROLLOSW\BOILERPLATTE E-COMMERCE\.next\server\chunks\9065.js:22138:43)
TypeError: Cannot convert undefined or null to object
    at Function.entries (<anonymous>)
    at AlternatesMetadata (C:\Users\marti\Desktop\DESARROLLOSW\BOILERPLATTE E-COMMERCE\node_modules\next\dist\lib\metadata\generate\alternate.js:17:23)
    at T (C:\Users\marti\Desktop\DESARROLLOSW\BOILERPLATTE E-COMMERCE\.next\server\chunks\9065.js:22083:25)
    at Ma (C:\Users\marti\Desktop\DESARROLLOSW\BOILERPLATTE E-COMMERCE\.next\server\chunks\9065.js:22246:33)
    at Array.toJSON (C:\Users\marti\Desktop\DESARROLLOSW\BOILERPLATTE E-COMMERCE\.next\server\chunks\9065.js:22039:32)
    at stringify (<anonymous>)
    at V (C:\Users\marti\Desktop\DESARROLLOSW\BOILERPLATTE E-COMMERCE\.next\server\chunks\9065.js:22338:53)
    at ping (C:\Users\marti\Desktop\DESARROLLOSW\BOILERPLATTE E-COMMERCE\.next\server\chunks\9065.js:22138:43)

Error occurred prerendering page "/admin/seo/analytics". Read more: https://nextjs.org/docs/messages/prerender-error
TypeError: Cannot convert undefined or null to object
    at Function.entries (<anonymous>)
    at AlternatesMetadata (C:\Users\marti\Desktop\DESARROLLOSW\BOILERPLATTE E-COMMERCE\node_modules\next\dist\lib\metadata\generate\alternate.js:17:23)
    at T (C:\Users\marti\Desktop\DESARROLLOSW\BOILERPLATTE E-COMMERCE\.next\server\chunks\9065.js:22083:25)
    at Ma (C:\Users\marti\Desktop\DESARROLLOSW\BOILERPLATTE E-COMMERCE\.next\server\chunks\9065.js:22246:33)
    at Array.toJSON (C:\Users\marti\Desktop\DESARROLLOSW\BOILERPLATTE E-COMMERCE\.next\server\chunks\9065.js:22039:32)
    at stringify (<anonymous>)
    at V (C:\Users\marti\Desktop\DESARROLLOSW\BOILERPLATTE E-COMMERCE\.next\server\chunks\9065.js:22338:53)
    at ping (C:\Users\marti\Desktop\DESARROLLOSW\BOILERPLATTE E-COMMERCE\.next\server\chunks\9065.js:22138:43)
TypeError: Cannot convert undefined or null to object
    at Function.entries (<anonymous>)
    at AlternatesMetadata (C:\Users\marti\Desktop\DESARROLLOSW\BOILERPLATTE E-COMMERCE\node_modules\next\dist\lib\metadata\generate\alternate.js:17:23)
    at T (C:\Users\marti\Desktop\DESARROLLOSW\BOILERPLATTE E-COMMERCE\.next\server\chunks\9065.js:22083:25)
    at Ma (C:\Users\marti\Desktop\DESARROLLOSW\BOILERPLATTE E-COMMERCE\.next\server\chunks\9065.js:22246:33)
    at Array.toJSON (C:\Users\marti\Desktop\DESARROLLOSW\BOILERPLATTE E-COMMERCE\.next\server\chunks\9065.js:22039:32)
    at stringify (<anonymous>)
    at V (C:\Users\marti\Desktop\DESARROLLOSW\BOILERPLATTE E-COMMERCE\.next\server\chunks\9065.js:22338:53)
    at ping (C:\Users\marti\Desktop\DESARROLLOSW\BOILERPLATTE E-COMMERCE\.next\server\chunks\9065.js:22138:43)

Error occurred prerendering page "/admin/products/new". Read more: https://nextjs.org/docs/messages/prerender-error
TypeError: Cannot convert undefined or null to object
    at Function.entries (<anonymous>)
    at AlternatesMetadata (C:\Users\marti\Desktop\DESARROLLOSW\BOILERPLATTE E-COMMERCE\node_modules\next\dist\lib\metadata\generate\alternate.js:17:23)
    at T (C:\Users\marti\Desktop\DESARROLLOSW\BOILERPLATTE E-COMMERCE\.next\server\chunks\9065.js:22083:25)
    at Ma (C:\Users\marti\Desktop\DESARROLLOSW\BOILERPLATTE E-COMMERCE\.next\server\chunks\9065.js:22246:33)
    at Array.toJSON (C:\Users\marti\Desktop\DESARROLLOSW\BOILERPLATTE E-COMMERCE\.next\server\chunks\9065.js:22039:32)
    at stringify (<anonymous>)
    at V (C:\Users\marti\Desktop\DESARROLLOSW\BOILERPLATTE E-COMMERCE\.next\server\chunks\9065.js:22338:53)
    at ping (C:\Users\marti\Desktop\DESARROLLOSW\BOILERPLATTE E-COMMERCE\.next\server\chunks\9065.js:22138:43)
TypeError: Cannot convert undefined or null to object
    at Function.entries (<anonymous>)
    at AlternatesMetadata (C:\Users\marti\Desktop\DESARROLLOSW\BOILERPLATTE E-COMMERCE\node_modules\next\dist\lib\metadata\generate\alternate.js:17:23)
    at T (C:\Users\marti\Desktop\DESARROLLOSW\BOILERPLATTE E-COMMERCE\.next\server\chunks\9065.js:22083:25)
    at Ma (C:\Users\marti\Desktop\DESARROLLOSW\BOILERPLATTE E-COMMERCE\.next\server\chunks\9065.js:22246:33)
    at Array.toJSON (C:\Users\marti\Desktop\DESARROLLOSW\BOILERPLATTE E-COMMERCE\.next\server\chunks\9065.js:22039:32)
    at stringify (<anonymous>)
    at V (C:\Users\marti\Desktop\DESARROLLOSW\BOILERPLATTE E-COMMERCE\.next\server\chunks\9065.js:22338:53)
    at ping (C:\Users\marti\Desktop\DESARROLLOSW\BOILERPLATTE E-COMMERCE\.next\server\chunks\9065.js:22138:43)

Error occurred prerendering page "/admin/seo/sitemap". Read more: https://nextjs.org/docs/messages/prerender-error
TypeError: Cannot convert undefined or null to object
    at Function.entries (<anonymous>)
    at AlternatesMetadata (C:\Users\marti\Desktop\DESARROLLOSW\BOILERPLATTE E-COMMERCE\node_modules\next\dist\lib\metadata\generate\alternate.js:17:23)
    at T (C:\Users\marti\Desktop\DESARROLLOSW\BOILERPLATTE E-COMMERCE\.next\server\chunks\9065.js:22083:25)
    at Ma (C:\Users\marti\Desktop\DESARROLLOSW\BOILERPLATTE E-COMMERCE\.next\server\chunks\9065.js:22246:33)
    at Array.toJSON (C:\Users\marti\Desktop\DESARROLLOSW\BOILERPLATTE E-COMMERCE\.next\server\chunks\9065.js:22039:32)
    at stringify (<anonymous>)
    at V (C:\Users\marti\Desktop\DESARROLLOSW\BOILERPLATTE E-COMMERCE\.next\server\chunks\9065.js:22338:53)
    at ping (C:\Users\marti\Desktop\DESARROLLOSW\BOILERPLATTE E-COMMERCE\.next\server\chunks\9065.js:22138:43)
TypeError: Cannot convert undefined or null to object
    at Function.entries (<anonymous>)
    at AlternatesMetadata (C:\Users\marti\Desktop\DESARROLLOSW\BOILERPLATTE E-COMMERCE\node_modules\next\dist\lib\metadata\generate\alternate.js:17:23)
    at T (C:\Users\marti\Desktop\DESARROLLOSW\BOILERPLATTE E-COMMERCE\.next\server\chunks\9065.js:22083:25)
    at Ma (C:\Users\marti\Desktop\DESARROLLOSW\BOILERPLATTE E-COMMERCE\.next\server\chunks\9065.js:22246:33)
    at Array.toJSON (C:\Users\marti\Desktop\DESARROLLOSW\BOILERPLATTE E-COMMERCE\.next\server\chunks\9065.js:22039:32)
    at stringify (<anonymous>)
    at V (C:\Users\marti\Desktop\DESARROLLOSW\BOILERPLATTE E-COMMERCE\.next\server\chunks\9065.js:22338:53)
    at ping (C:\Users\marti\Desktop\DESARROLLOSW\BOILERPLATTE E-COMMERCE\.next\server\chunks\9065.js:22138:43)

Error occurred prerendering page "/admin/settings". Read more: https://nextjs.org/docs/messages/prerender-error
TypeError: Cannot convert undefined or null to object
    at Function.entries (<anonymous>)
    at AlternatesMetadata (C:\Users\marti\Desktop\DESARROLLOSW\BOILERPLATTE E-COMMERCE\node_modules\next\dist\lib\metadata\generate\alternate.js:17:23)
    at T (C:\Users\marti\Desktop\DESARROLLOSW\BOILERPLATTE E-COMMERCE\.next\server\chunks\9065.js:22083:25)
    at Ma (C:\Users\marti\Desktop\DESARROLLOSW\BOILERPLATTE E-COMMERCE\.next\server\chunks\9065.js:22246:33)
    at Array.toJSON (C:\Users\marti\Desktop\DESARROLLOSW\BOILERPLATTE E-COMMERCE\.next\server\chunks\9065.js:22039:32)
    at stringify (<anonymous>)
    at V (C:\Users\marti\Desktop\DESARROLLOSW\BOILERPLATTE E-COMMERCE\.next\server\chunks\9065.js:22338:53)
    at ping (C:\Users\marti\Desktop\DESARROLLOSW\BOILERPLATTE E-COMMERCE\.next\server\chunks\9065.js:22138:43)
TypeError: Cannot convert undefined or null to object
    at Function.entries (<anonymous>)
    at AlternatesMetadata (C:\Users\marti\Desktop\DESARROLLOSW\BOILERPLATTE E-COMMERCE\node_modules\next\dist\lib\metadata\generate\alternate.js:17:23)
    at T (C:\Users\marti\Desktop\DESARROLLOSW\BOILERPLATTE E-COMMERCE\.next\server\chunks\9065.js:22083:25)
    at Ma (C:\Users\marti\Desktop\DESARROLLOSW\BOILERPLATTE E-COMMERCE\.next\server\chunks\9065.js:22246:33)
    at Array.toJSON (C:\Users\marti\Desktop\DESARROLLOSW\BOILERPLATTE E-COMMERCE\.next\server\chunks\9065.js:22039:32)
    at stringify (<anonymous>)
    at V (C:\Users\marti\Desktop\DESARROLLOSW\BOILERPLATTE E-COMMERCE\.next\server\chunks\9065.js:22338:53)
    at ping (C:\Users\marti\Desktop\DESARROLLOSW\BOILERPLATTE E-COMMERCE\.next\server\chunks\9065.js:22138:43)

Error occurred prerendering page "/admin/seo/optimization". Read more: https://nextjs.org/docs/messages/prerender-error
TypeError: Cannot convert undefined or null to object
    at Function.entries (<anonymous>)
    at AlternatesMetadata (C:\Users\marti\Desktop\DESARROLLOSW\BOILERPLATTE E-COMMERCE\node_modules\next\dist\lib\metadata\generate\alternate.js:17:23)
    at T (C:\Users\marti\Desktop\DESARROLLOSW\BOILERPLATTE E-COMMERCE\.next\server\chunks\9065.js:22083:25)
    at Ma (C:\Users\marti\Desktop\DESARROLLOSW\BOILERPLATTE E-COMMERCE\.next\server\chunks\9065.js:22246:33)
    at Array.toJSON (C:\Users\marti\Desktop\DESARROLLOSW\BOILERPLATTE E-COMMERCE\.next\server\chunks\9065.js:22039:32)
    at stringify (<anonymous>)
    at V (C:\Users\marti\Desktop\DESARROLLOSW\BOILERPLATTE E-COMMERCE\.next\server\chunks\9065.js:22338:53)
    at ping (C:\Users\marti\Desktop\DESARROLLOSW\BOILERPLATTE E-COMMERCE\.next\server\chunks\9065.js:22138:43)
TypeError: Cannot convert undefined or null to object
    at Function.entries (<anonymous>)
    at AlternatesMetadata (C:\Users\marti\Desktop\DESARROLLOSW\BOILERPLATTE E-COMMERCE\node_modules\next\dist\lib\metadata\generate\alternate.js:17:23)
    at T (C:\Users\marti\Desktop\DESARROLLOSW\BOILERPLATTE E-COMMERCE\.next\server\chunks\9065.js:22083:25)
    at Ma (C:\Users\marti\Desktop\DESARROLLOSW\BOILERPLATTE E-COMMERCE\.next\server\chunks\9065.js:22246:33)
    at Array.toJSON (C:\Users\marti\Desktop\DESARROLLOSW\BOILERPLATTE E-COMMERCE\.next\server\chunks\9065.js:22039:32)
    at stringify (<anonymous>)
    at V (C:\Users\marti\Desktop\DESARROLLOSW\BOILERPLATTE E-COMMERCE\.next\server\chunks\9065.js:22338:53)
    at ping (C:\Users\marti\Desktop\DESARROLLOSW\BOILERPLATTE E-COMMERCE\.next\server\chunks\9065.js:22138:43)

Error occurred prerendering page "/admin/setup". Read more: https://nextjs.org/docs/messages/prerender-error
TypeError: Cannot convert undefined or null to object
    at Function.entries (<anonymous>)
    at AlternatesMetadata (C:\Users\marti\Desktop\DESARROLLOSW\BOILERPLATTE E-COMMERCE\node_modules\next\dist\lib\metadata\generate\alternate.js:17:23)
    at T (C:\Users\marti\Desktop\DESARROLLOSW\BOILERPLATTE E-COMMERCE\.next\server\chunks\9065.js:22083:25)
    at Ma (C:\Users\marti\Desktop\DESARROLLOSW\BOILERPLATTE E-COMMERCE\.next\server\chunks\9065.js:22246:33)
    at Array.toJSON (C:\Users\marti\Desktop\DESARROLLOSW\BOILERPLATTE E-COMMERCE\.next\server\chunks\9065.js:22039:32)
    at stringify (<anonymous>)
    at V (C:\Users\marti\Desktop\DESARROLLOSW\BOILERPLATTE E-COMMERCE\.next\server\chunks\9065.js:22338:53)
    at ping (C:\Users\marti\Desktop\DESARROLLOSW\BOILERPLATTE E-COMMERCE\.next\server\chunks\9065.js:22138:43)
TypeError: Cannot convert undefined or null to object
    at Function.entries (<anonymous>)
    at AlternatesMetadata (C:\Users\marti\Desktop\DESARROLLOSW\BOILERPLATTE E-COMMERCE\node_modules\next\dist\lib\metadata\generate\alternate.js:17:23)
    at T (C:\Users\marti\Desktop\DESARROLLOSW\BOILERPLATTE E-COMMERCE\.next\server\chunks\9065.js:22083:25)
    at Ma (C:\Users\marti\Desktop\DESARROLLOSW\BOILERPLATTE E-COMMERCE\.next\server\chunks\9065.js:22246:33)
    at Array.toJSON (C:\Users\marti\Desktop\DESARROLLOSW\BOILERPLATTE E-COMMERCE\.next\server\chunks\9065.js:22039:32)
    at stringify (<anonymous>)
    at V (C:\Users\marti\Desktop\DESARROLLOSW\BOILERPLATTE E-COMMERCE\.next\server\chunks\9065.js:22338:53)
    at ping (C:\Users\marti\Desktop\DESARROLLOSW\BOILERPLATTE E-COMMERCE\.next\server\chunks\9065.js:22138:43)

Error occurred prerendering page "/admin/seo". Read more: https://nextjs.org/docs/messages/prerender-error
TypeError: Cannot convert undefined or null to object
    at Function.entries (<anonymous>)
    at AlternatesMetadata (C:\Users\marti\Desktop\DESARROLLOSW\BOILERPLATTE E-COMMERCE\node_modules\next\dist\lib\metadata\generate\alternate.js:17:23)
    at T (C:\Users\marti\Desktop\DESARROLLOSW\BOILERPLATTE E-COMMERCE\.next\server\chunks\9065.js:22083:25)
    at Ma (C:\Users\marti\Desktop\DESARROLLOSW\BOILERPLATTE E-COMMERCE\.next\server\chunks\9065.js:22246:33)
    at Array.toJSON (C:\Users\marti\Desktop\DESARROLLOSW\BOILERPLATTE E-COMMERCE\.next\server\chunks\9065.js:22039:32)
    at stringify (<anonymous>)
    at V (C:\Users\marti\Desktop\DESARROLLOSW\BOILERPLATTE E-COMMERCE\.next\server\chunks\9065.js:22338:53)
    at ping (C:\Users\marti\Desktop\DESARROLLOSW\BOILERPLATTE E-COMMERCE\.next\server\chunks\9065.js:22138:43)
TypeError: Cannot convert undefined or null to object
    at Function.entries (<anonymous>)
    at AlternatesMetadata (C:\Users\marti\Desktop\DESARROLLOSW\BOILERPLATTE E-COMMERCE\node_modules\next\dist\lib\metadata\generate\alternate.js:17:23)
    at T (C:\Users\marti\Desktop\DESARROLLOSW\BOILERPLATTE E-COMMERCE\.next\server\chunks\9065.js:22083:25)
    at Ma (C:\Users\marti\Desktop\DESARROLLOSW\BOILERPLATTE E-COMMERCE\.next\server\chunks\9065.js:22246:33)
    at Array.toJSON (C:\Users\marti\Desktop\DESARROLLOSW\BOILERPLATTE E-COMMERCE\.next\server\chunks\9065.js:22039:32)
    at stringify (<anonymous>)
    at V (C:\Users\marti\Desktop\DESARROLLOSW\BOILERPLATTE E-COMMERCE\.next\server\chunks\9065.js:22338:53)
    at ping (C:\Users\marti\Desktop\DESARROLLOSW\BOILERPLATTE E-COMMERCE\.next\server\chunks\9065.js:22138:43)

Error occurred prerendering page "/auth/error". Read more: https://nextjs.org/docs/messages/prerender-error
TypeError: Cannot convert undefined or null to object
    at Function.entries (<anonymous>)
    at AlternatesMetadata (C:\Users\marti\Desktop\DESARROLLOSW\BOILERPLATTE E-COMMERCE\node_modules\next\dist\lib\metadata\generate\alternate.js:17:23)
    at T (C:\Users\marti\Desktop\DESARROLLOSW\BOILERPLATTE E-COMMERCE\.next\server\chunks\9065.js:22083:25)
    at Ma (C:\Users\marti\Desktop\DESARROLLOSW\BOILERPLATTE E-COMMERCE\.next\server\chunks\9065.js:22246:33)
    at Array.toJSON (C:\Users\marti\Desktop\DESARROLLOSW\BOILERPLATTE E-COMMERCE\.next\server\chunks\9065.js:22039:32)
    at stringify (<anonymous>)
    at V (C:\Users\marti\Desktop\DESARROLLOSW\BOILERPLATTE E-COMMERCE\.next\server\chunks\9065.js:22338:53)
    at ping (C:\Users\marti\Desktop\DESARROLLOSW\BOILERPLATTE E-COMMERCE\.next\server\chunks\9065.js:22138:43)
TypeError: Cannot convert undefined or null to object
    at Function.entries (<anonymous>)
    at AlternatesMetadata (C:\Users\marti\Desktop\DESARROLLOSW\BOILERPLATTE E-COMMERCE\node_modules\next\dist\lib\metadata\generate\alternate.js:17:23)
    at T (C:\Users\marti\Desktop\DESARROLLOSW\BOILERPLATTE E-COMMERCE\.next\server\chunks\9065.js:22083:25)
    at Ma (C:\Users\marti\Desktop\DESARROLLOSW\BOILERPLATTE E-COMMERCE\.next\server\chunks\9065.js:22246:33)
    at Array.toJSON (C:\Users\marti\Desktop\DESARROLLOSW\BOILERPLATTE E-COMMERCE\.next\server\chunks\9065.js:22039:32)
    at stringify (<anonymous>)
    at V (C:\Users\marti\Desktop\DESARROLLOSW\BOILERPLATTE E-COMMERCE\.next\server\chunks\9065.js:22338:53)
    at ping (C:\Users\marti\Desktop\DESARROLLOSW\BOILERPLATTE E-COMMERCE\.next\server\chunks\9065.js:22138:43)

Error occurred prerendering page "/checkout-simple". Read more: https://nextjs.org/docs/messages/prerender-error
TypeError: Cannot convert undefined or null to object
    at Function.entries (<anonymous>)
    at AlternatesMetadata (C:\Users\marti\Desktop\DESARROLLOSW\BOILERPLATTE E-COMMERCE\node_modules\next\dist\lib\metadata\generate\alternate.js:17:23)
    at T (C:\Users\marti\Desktop\DESARROLLOSW\BOILERPLATTE E-COMMERCE\.next\server\chunks\9065.js:22083:25)
    at Ma (C:\Users\marti\Desktop\DESARROLLOSW\BOILERPLATTE E-COMMERCE\.next\server\chunks\9065.js:22246:33)
    at Array.toJSON (C:\Users\marti\Desktop\DESARROLLOSW\BOILERPLATTE E-COMMERCE\.next\server\chunks\9065.js:22039:32)
    at stringify (<anonymous>)
    at V (C:\Users\marti\Desktop\DESARROLLOSW\BOILERPLATTE E-COMMERCE\.next\server\chunks\9065.js:22338:53)
    at ping (C:\Users\marti\Desktop\DESARROLLOSW\BOILERPLATTE E-COMMERCE\.next\server\chunks\9065.js:22138:43)
TypeError: Cannot convert undefined or null to object
    at Function.entries (<anonymous>)
    at AlternatesMetadata (C:\Users\marti\Desktop\DESARROLLOSW\BOILERPLATTE E-COMMERCE\node_modules\next\dist\lib\metadata\generate\alternate.js:17:23)
    at T (C:\Users\marti\Desktop\DESARROLLOSW\BOILERPLATTE E-COMMERCE\.next\server\chunks\9065.js:22083:25)
    at Ma (C:\Users\marti\Desktop\DESARROLLOSW\BOILERPLATTE E-COMMERCE\.next\server\chunks\9065.js:22246:33)
    at Array.toJSON (C:\Users\marti\Desktop\DESARROLLOSW\BOILERPLATTE E-COMMERCE\.next\server\chunks\9065.js:22039:32)
    at stringify (<anonymous>)
    at V (C:\Users\marti\Desktop\DESARROLLOSW\BOILERPLATTE E-COMMERCE\.next\server\chunks\9065.js:22338:53)
    at ping (C:\Users\marti\Desktop\DESARROLLOSW\BOILERPLATTE E-COMMERCE\.next\server\chunks\9065.js:22138:43)

Error occurred prerendering page "/dashboard/profile". Read more: https://nextjs.org/docs/messages/prerender-error
TypeError: Cannot convert undefined or null to object
    at Function.entries (<anonymous>)
    at AlternatesMetadata (C:\Users\marti\Desktop\DESARROLLOSW\BOILERPLATTE E-COMMERCE\node_modules\next\dist\lib\metadata\generate\alternate.js:17:23)
    at T (C:\Users\marti\Desktop\DESARROLLOSW\BOILERPLATTE E-COMMERCE\.next\server\chunks\9065.js:22083:25)
    at Ma (C:\Users\marti\Desktop\DESARROLLOSW\BOILERPLATTE E-COMMERCE\.next\server\chunks\9065.js:22246:33)
    at Array.toJSON (C:\Users\marti\Desktop\DESARROLLOSW\BOILERPLATTE E-COMMERCE\.next\server\chunks\9065.js:22039:32)
    at stringify (<anonymous>)
    at V (C:\Users\marti\Desktop\DESARROLLOSW\BOILERPLATTE E-COMMERCE\.next\server\chunks\9065.js:22338:53)
    at ping (C:\Users\marti\Desktop\DESARROLLOSW\BOILERPLATTE E-COMMERCE\.next\server\chunks\9065.js:22138:43)
TypeError: Cannot convert undefined or null to object
    at Function.entries (<anonymous>)
    at AlternatesMetadata (C:\Users\marti\Desktop\DESARROLLOSW\BOILERPLATTE E-COMMERCE\node_modules\next\dist\lib\metadata\generate\alternate.js:17:23)
    at T (C:\Users\marti\Desktop\DESARROLLOSW\BOILERPLATTE E-COMMERCE\.next\server\chunks\9065.js:22083:25)
    at Ma (C:\Users\marti\Desktop\DESARROLLOSW\BOILERPLATTE E-COMMERCE\.next\server\chunks\9065.js:22246:33)
    at Array.toJSON (C:\Users\marti\Desktop\DESARROLLOSW\BOILERPLATTE E-COMMERCE\.next\server\chunks\9065.js:22039:32)
    at stringify (<anonymous>)
    at V (C:\Users\marti\Desktop\DESARROLLOSW\BOILERPLATTE E-COMMERCE\.next\server\chunks\9065.js:22338:53)
    at ping (C:\Users\marti\Desktop\DESARROLLOSW\BOILERPLATTE E-COMMERCE\.next\server\chunks\9065.js:22138:43)

Error occurred prerendering page "/admin/seo/testing". Read more: https://nextjs.org/docs/messages/prerender-error
TypeError: Cannot convert undefined or null to object
    at Function.entries (<anonymous>)
    at AlternatesMetadata (C:\Users\marti\Desktop\DESARROLLOSW\BOILERPLATTE E-COMMERCE\node_modules\next\dist\lib\metadata\generate\alternate.js:17:23)
    at T (C:\Users\marti\Desktop\DESARROLLOSW\BOILERPLATTE E-COMMERCE\.next\server\chunks\9065.js:22083:25)
    at Ma (C:\Users\marti\Desktop\DESARROLLOSW\BOILERPLATTE E-COMMERCE\.next\server\chunks\9065.js:22246:33)
    at Array.toJSON (C:\Users\marti\Desktop\DESARROLLOSW\BOILERPLATTE E-COMMERCE\.next\server\chunks\9065.js:22039:32)
    at stringify (<anonymous>)
    at V (C:\Users\marti\Desktop\DESARROLLOSW\BOILERPLATTE E-COMMERCE\.next\server\chunks\9065.js:22338:53)
    at ping (C:\Users\marti\Desktop\DESARROLLOSW\BOILERPLATTE E-COMMERCE\.next\server\chunks\9065.js:22138:43)
TypeError: Cannot convert undefined or null to object
    at Function.entries (<anonymous>)
    at AlternatesMetadata (C:\Users\marti\Desktop\DESARROLLOSW\BOILERPLATTE E-COMMERCE\node_modules\next\dist\lib\metadata\generate\alternate.js:17:23)
    at T (C:\Users\marti\Desktop\DESARROLLOSW\BOILERPLATTE E-COMMERCE\.next\server\chunks\9065.js:22083:25)
    at Ma (C:\Users\marti\Desktop\DESARROLLOSW\BOILERPLATTE E-COMMERCE\.next\server\chunks\9065.js:22246:33)
    at Array.toJSON (C:\Users\marti\Desktop\DESARROLLOSW\BOILERPLATTE E-COMMERCE\.next\server\chunks\9065.js:22039:32)
    at stringify (<anonymous>)
    at V (C:\Users\marti\Desktop\DESARROLLOSW\BOILERPLATTE E-COMMERCE\.next\server\chunks\9065.js:22338:53)
    at ping (C:\Users\marti\Desktop\DESARROLLOSW\BOILERPLATTE E-COMMERCE\.next\server\chunks\9065.js:22138:43)

Error occurred prerendering page "/clerk-status". Read more: https://nextjs.org/docs/messages/prerender-error
TypeError: Cannot convert undefined or null to object
    at Function.entries (<anonymous>)
    at AlternatesMetadata (C:\Users\marti\Desktop\DESARROLLOSW\BOILERPLATTE E-COMMERCE\node_modules\next\dist\lib\metadata\generate\alternate.js:17:23)
    at T (C:\Users\marti\Desktop\DESARROLLOSW\BOILERPLATTE E-COMMERCE\.next\server\chunks\9065.js:22083:25)
    at Ma (C:\Users\marti\Desktop\DESARROLLOSW\BOILERPLATTE E-COMMERCE\.next\server\chunks\9065.js:22246:33)
    at Array.toJSON (C:\Users\marti\Desktop\DESARROLLOSW\BOILERPLATTE E-COMMERCE\.next\server\chunks\9065.js:22039:32)
    at stringify (<anonymous>)
    at V (C:\Users\marti\Desktop\DESARROLLOSW\BOILERPLATTE E-COMMERCE\.next\server\chunks\9065.js:22338:53)
    at ping (C:\Users\marti\Desktop\DESARROLLOSW\BOILERPLATTE E-COMMERCE\.next\server\chunks\9065.js:22138:43)
TypeError: Cannot convert undefined or null to object
    at Function.entries (<anonymous>)
    at AlternatesMetadata (C:\Users\marti\Desktop\DESARROLLOSW\BOILERPLATTE E-COMMERCE\node_modules\next\dist\lib\metadata\generate\alternate.js:17:23)
    at T (C:\Users\marti\Desktop\DESARROLLOSW\BOILERPLATTE E-COMMERCE\.next\server\chunks\9065.js:22083:25)
    at Ma (C:\Users\marti\Desktop\DESARROLLOSW\BOILERPLATTE E-COMMERCE\.next\server\chunks\9065.js:22246:33)
    at Array.toJSON (C:\Users\marti\Desktop\DESARROLLOSW\BOILERPLATTE E-COMMERCE\.next\server\chunks\9065.js:22039:32)
    at stringify (<anonymous>)
    at V (C:\Users\marti\Desktop\DESARROLLOSW\BOILERPLATTE E-COMMERCE\.next\server\chunks\9065.js:22338:53)
    at ping (C:\Users\marti\Desktop\DESARROLLOSW\BOILERPLATTE E-COMMERCE\.next\server\chunks\9065.js:22138:43)

Error occurred prerendering page "/admin/test-order-diagnostics". Read more: https://nextjs.org/docs/messages/prerender-error
TypeError: Cannot convert undefined or null to object
    at Function.entries (<anonymous>)
    at AlternatesMetadata (C:\Users\marti\Desktop\DESARROLLOSW\BOILERPLATTE E-COMMERCE\node_modules\next\dist\lib\metadata\generate\alternate.js:17:23)
    at T (C:\Users\marti\Desktop\DESARROLLOSW\BOILERPLATTE E-COMMERCE\.next\server\chunks\9065.js:22083:25)
    at Ma (C:\Users\marti\Desktop\DESARROLLOSW\BOILERPLATTE E-COMMERCE\.next\server\chunks\9065.js:22246:33)
    at Array.toJSON (C:\Users\marti\Desktop\DESARROLLOSW\BOILERPLATTE E-COMMERCE\.next\server\chunks\9065.js:22039:32)
    at stringify (<anonymous>)
    at V (C:\Users\marti\Desktop\DESARROLLOSW\BOILERPLATTE E-COMMERCE\.next\server\chunks\9065.js:22338:53)
    at ping (C:\Users\marti\Desktop\DESARROLLOSW\BOILERPLATTE E-COMMERCE\.next\server\chunks\9065.js:22138:43)
TypeError: Cannot convert undefined or null to object
    at Function.entries (<anonymous>)
    at AlternatesMetadata (C:\Users\marti\Desktop\DESARROLLOSW\BOILERPLATTE E-COMMERCE\node_modules\next\dist\lib\metadata\generate\alternate.js:17:23)
    at T (C:\Users\marti\Desktop\DESARROLLOSW\BOILERPLATTE E-COMMERCE\.next\server\chunks\9065.js:22083:25)
    at Ma (C:\Users\marti\Desktop\DESARROLLOSW\BOILERPLATTE E-COMMERCE\.next\server\chunks\9065.js:22246:33)
    at Array.toJSON (C:\Users\marti\Desktop\DESARROLLOSW\BOILERPLATTE E-COMMERCE\.next\server\chunks\9065.js:22039:32)
    at stringify (<anonymous>)
    at V (C:\Users\marti\Desktop\DESARROLLOSW\BOILERPLATTE E-COMMERCE\.next\server\chunks\9065.js:22338:53)
    at ping (C:\Users\marti\Desktop\DESARROLLOSW\BOILERPLATTE E-COMMERCE\.next\server\chunks\9065.js:22138:43)

Error occurred prerendering page "/auth/signin". Read more: https://nextjs.org/docs/messages/prerender-error
TypeError: Cannot convert undefined or null to object
    at Function.entries (<anonymous>)
    at AlternatesMetadata (C:\Users\marti\Desktop\DESARROLLOSW\BOILERPLATTE E-COMMERCE\node_modules\next\dist\lib\metadata\generate\alternate.js:17:23)
    at T (C:\Users\marti\Desktop\DESARROLLOSW\BOILERPLATTE E-COMMERCE\.next\server\chunks\9065.js:22083:25)
    at Ma (C:\Users\marti\Desktop\DESARROLLOSW\BOILERPLATTE E-COMMERCE\.next\server\chunks\9065.js:22246:33)
    at Array.toJSON (C:\Users\marti\Desktop\DESARROLLOSW\BOILERPLATTE E-COMMERCE\.next\server\chunks\9065.js:22039:32)
    at stringify (<anonymous>)
    at V (C:\Users\marti\Desktop\DESARROLLOSW\BOILERPLATTE E-COMMERCE\.next\server\chunks\9065.js:22338:53)
    at ping (C:\Users\marti\Desktop\DESARROLLOSW\BOILERPLATTE E-COMMERCE\.next\server\chunks\9065.js:22138:43)
TypeError: Cannot convert undefined or null to object
    at Function.entries (<anonymous>)
    at AlternatesMetadata (C:\Users\marti\Desktop\DESARROLLOSW\BOILERPLATTE E-COMMERCE\node_modules\next\dist\lib\metadata\generate\alternate.js:17:23)
    at T (C:\Users\marti\Desktop\DESARROLLOSW\BOILERPLATTE E-COMMERCE\.next\server\chunks\9065.js:22083:25)
    at Ma (C:\Users\marti\Desktop\DESARROLLOSW\BOILERPLATTE E-COMMERCE\.next\server\chunks\9065.js:22246:33)
    at Array.toJSON (C:\Users\marti\Desktop\DESARROLLOSW\BOILERPLATTE E-COMMERCE\.next\server\chunks\9065.js:22039:32)
    at stringify (<anonymous>)
    at V (C:\Users\marti\Desktop\DESARROLLOSW\BOILERPLATTE E-COMMERCE\.next\server\chunks\9065.js:22338:53)
    at ping (C:\Users\marti\Desktop\DESARROLLOSW\BOILERPLATTE E-COMMERCE\.next\server\chunks\9065.js:22138:43)

Error occurred prerendering page "/admin/testing". Read more: https://nextjs.org/docs/messages/prerender-error
TypeError: Cannot convert undefined or null to object
    at Function.entries (<anonymous>)
    at AlternatesMetadata (C:\Users\marti\Desktop\DESARROLLOSW\BOILERPLATTE E-COMMERCE\node_modules\next\dist\lib\metadata\generate\alternate.js:17:23)
    at T (C:\Users\marti\Desktop\DESARROLLOSW\BOILERPLATTE E-COMMERCE\.next\server\chunks\9065.js:22083:25)
    at Ma (C:\Users\marti\Desktop\DESARROLLOSW\BOILERPLATTE E-COMMERCE\.next\server\chunks\9065.js:22246:33)
    at Array.toJSON (C:\Users\marti\Desktop\DESARROLLOSW\BOILERPLATTE E-COMMERCE\.next\server\chunks\9065.js:22039:32)
    at stringify (<anonymous>)
    at V (C:\Users\marti\Desktop\DESARROLLOSW\BOILERPLATTE E-COMMERCE\.next\server\chunks\9065.js:22338:53)
    at ping (C:\Users\marti\Desktop\DESARROLLOSW\BOILERPLATTE E-COMMERCE\.next\server\chunks\9065.js:22138:43)
TypeError: Cannot convert undefined or null to object
    at Function.entries (<anonymous>)
    at AlternatesMetadata (C:\Users\marti\Desktop\DESARROLLOSW\BOILERPLATTE E-COMMERCE\node_modules\next\dist\lib\metadata\generate\alternate.js:17:23)
    at T (C:\Users\marti\Desktop\DESARROLLOSW\BOILERPLATTE E-COMMERCE\.next\server\chunks\9065.js:22083:25)
    at Ma (C:\Users\marti\Desktop\DESARROLLOSW\BOILERPLATTE E-COMMERCE\.next\server\chunks\9065.js:22246:33)
    at Array.toJSON (C:\Users\marti\Desktop\DESARROLLOSW\BOILERPLATTE E-COMMERCE\.next\server\chunks\9065.js:22039:32)
    at stringify (<anonymous>)
    at V (C:\Users\marti\Desktop\DESARROLLOSW\BOILERPLATTE E-COMMERCE\.next\server\chunks\9065.js:22338:53)
    at ping (C:\Users\marti\Desktop\DESARROLLOSW\BOILERPLATTE E-COMMERCE\.next\server\chunks\9065.js:22138:43)

Error occurred prerendering page "/admin/test-flows". Read more: https://nextjs.org/docs/messages/prerender-error
TypeError: Cannot convert undefined or null to object
    at Function.entries (<anonymous>)
    at AlternatesMetadata (C:\Users\marti\Desktop\DESARROLLOSW\BOILERPLATTE E-COMMERCE\node_modules\next\dist\lib\metadata\generate\alternate.js:17:23)
    at T (C:\Users\marti\Desktop\DESARROLLOSW\BOILERPLATTE E-COMMERCE\.next\server\chunks\9065.js:22083:25)
    at Ma (C:\Users\marti\Desktop\DESARROLLOSW\BOILERPLATTE E-COMMERCE\.next\server\chunks\9065.js:22246:33)
    at Array.toJSON (C:\Users\marti\Desktop\DESARROLLOSW\BOILERPLATTE E-COMMERCE\.next\server\chunks\9065.js:22039:32)
    at stringify (<anonymous>)
    at V (C:\Users\marti\Desktop\DESARROLLOSW\BOILERPLATTE E-COMMERCE\.next\server\chunks\9065.js:22338:53)
    at ping (C:\Users\marti\Desktop\DESARROLLOSW\BOILERPLATTE E-COMMERCE\.next\server\chunks\9065.js:22138:43)
info  - Generating static pages (80/107)
TypeError: Cannot convert undefined or null to object
    at Function.entries (<anonymous>)
    at AlternatesMetadata (C:\Users\marti\Desktop\DESARROLLOSW\BOILERPLATTE E-COMMERCE\node_modules\next\dist\lib\metadata\generate\alternate.js:17:23)
    at T (C:\Users\marti\Desktop\DESARROLLOSW\BOILERPLATTE E-COMMERCE\.next\server\chunks\9065.js:22083:25)
    at Ma (C:\Users\marti\Desktop\DESARROLLOSW\BOILERPLATTE E-COMMERCE\.next\server\chunks\9065.js:22246:33)
    at Array.toJSON (C:\Users\marti\Desktop\DESARROLLOSW\BOILERPLATTE E-COMMERCE\.next\server\chunks\9065.js:22039:32)
    at stringify (<anonymous>)
    at V (C:\Users\marti\Desktop\DESARROLLOSW\BOILERPLATTE E-COMMERCE\.next\server\chunks\9065.js:22338:53)
    at ping (C:\Users\marti\Desktop\DESARROLLOSW\BOILERPLATTE E-COMMERCE\.next\server\chunks\9065.js:22138:43)

Error occurred prerendering page "/demo/commercial-product-card". Read more: https://nextjs.org/docs/messages/prerender-error
TypeError: Cannot convert undefined or null to object
    at Function.entries (<anonymous>)
    at AlternatesMetadata (C:\Users\marti\Desktop\DESARROLLOSW\BOILERPLATTE E-COMMERCE\node_modules\next\dist\lib\metadata\generate\alternate.js:17:23)
    at T (C:\Users\marti\Desktop\DESARROLLOSW\BOILERPLATTE E-COMMERCE\.next\server\chunks\9065.js:22083:25)
    at Ma (C:\Users\marti\Desktop\DESARROLLOSW\BOILERPLATTE E-COMMERCE\.next\server\chunks\9065.js:22246:33)
    at Array.toJSON (C:\Users\marti\Desktop\DESARROLLOSW\BOILERPLATTE E-COMMERCE\.next\server\chunks\9065.js:22039:32)
    at stringify (<anonymous>)
    at V (C:\Users\marti\Desktop\DESARROLLOSW\BOILERPLATTE E-COMMERCE\.next\server\chunks\9065.js:22338:53)
    at ping (C:\Users\marti\Desktop\DESARROLLOSW\BOILERPLATTE E-COMMERCE\.next\server\chunks\9065.js:22138:43)
TypeError: Cannot convert undefined or null to object
    at Function.entries (<anonymous>)
    at AlternatesMetadata (C:\Users\marti\Desktop\DESARROLLOSW\BOILERPLATTE E-COMMERCE\node_modules\next\dist\lib\metadata\generate\alternate.js:17:23)
    at T (C:\Users\marti\Desktop\DESARROLLOSW\BOILERPLATTE E-COMMERCE\.next\server\chunks\9065.js:22083:25)
    at Ma (C:\Users\marti\Desktop\DESARROLLOSW\BOILERPLATTE E-COMMERCE\.next\server\chunks\9065.js:22246:33)
    at Array.toJSON (C:\Users\marti\Desktop\DESARROLLOSW\BOILERPLATTE E-COMMERCE\.next\server\chunks\9065.js:22039:32)
    at stringify (<anonymous>)
    at V (C:\Users\marti\Desktop\DESARROLLOSW\BOILERPLATTE E-COMMERCE\.next\server\chunks\9065.js:22338:53)
    at ping (C:\Users\marti\Desktop\DESARROLLOSW\BOILERPLATTE E-COMMERCE\.next\server\chunks\9065.js:22138:43)

Error occurred prerendering page "/demo/enhanced-product-card". Read more: https://nextjs.org/docs/messages/prerender-error
TypeError: Cannot convert undefined or null to object
    at Function.entries (<anonymous>)
    at AlternatesMetadata (C:\Users\marti\Desktop\DESARROLLOSW\BOILERPLATTE E-COMMERCE\node_modules\next\dist\lib\metadata\generate\alternate.js:17:23)
    at T (C:\Users\marti\Desktop\DESARROLLOSW\BOILERPLATTE E-COMMERCE\.next\server\chunks\9065.js:22083:25)
    at Ma (C:\Users\marti\Desktop\DESARROLLOSW\BOILERPLATTE E-COMMERCE\.next\server\chunks\9065.js:22246:33)
    at Array.toJSON (C:\Users\marti\Desktop\DESARROLLOSW\BOILERPLATTE E-COMMERCE\.next\server\chunks\9065.js:22039:32)
    at stringify (<anonymous>)
    at V (C:\Users\marti\Desktop\DESARROLLOSW\BOILERPLATTE E-COMMERCE\.next\server\chunks\9065.js:22338:53)
    at ping (C:\Users\marti\Desktop\DESARROLLOSW\BOILERPLATTE E-COMMERCE\.next\server\chunks\9065.js:22138:43)
TypeError: Cannot convert undefined or null to object
    at Function.entries (<anonymous>)
    at AlternatesMetadata (C:\Users\marti\Desktop\DESARROLLOSW\BOILERPLATTE E-COMMERCE\node_modules\next\dist\lib\metadata\generate\alternate.js:17:23)
    at T (C:\Users\marti\Desktop\DESARROLLOSW\BOILERPLATTE E-COMMERCE\.next\server\chunks\9065.js:22083:25)
    at Ma (C:\Users\marti\Desktop\DESARROLLOSW\BOILERPLATTE E-COMMERCE\.next\server\chunks\9065.js:22246:33)
    at Array.toJSON (C:\Users\marti\Desktop\DESARROLLOSW\BOILERPLATTE E-COMMERCE\.next\server\chunks\9065.js:22039:32)
    at stringify (<anonymous>)
    at V (C:\Users\marti\Desktop\DESARROLLOSW\BOILERPLATTE E-COMMERCE\.next\server\chunks\9065.js:22338:53)
    at ping (C:\Users\marti\Desktop\DESARROLLOSW\BOILERPLATTE E-COMMERCE\.next\server\chunks\9065.js:22138:43)

Error occurred prerendering page "/demo/analytics". Read more: https://nextjs.org/docs/messages/prerender-error
TypeError: Cannot convert undefined or null to object
    at Function.entries (<anonymous>)
    at AlternatesMetadata (C:\Users\marti\Desktop\DESARROLLOSW\BOILERPLATTE E-COMMERCE\node_modules\next\dist\lib\metadata\generate\alternate.js:17:23)
    at T (C:\Users\marti\Desktop\DESARROLLOSW\BOILERPLATTE E-COMMERCE\.next\server\chunks\9065.js:22083:25)
    at Ma (C:\Users\marti\Desktop\DESARROLLOSW\BOILERPLATTE E-COMMERCE\.next\server\chunks\9065.js:22246:33)
    at Array.toJSON (C:\Users\marti\Desktop\DESARROLLOSW\BOILERPLATTE E-COMMERCE\.next\server\chunks\9065.js:22039:32)
    at stringify (<anonymous>)
    at V (C:\Users\marti\Desktop\DESARROLLOSW\BOILERPLATTE E-COMMERCE\.next\server\chunks\9065.js:22338:53)
    at ping (C:\Users\marti\Desktop\DESARROLLOSW\BOILERPLATTE E-COMMERCE\.next\server\chunks\9065.js:22138:43)
TypeError: Cannot convert undefined or null to object
    at Function.entries (<anonymous>)
    at AlternatesMetadata (C:\Users\marti\Desktop\DESARROLLOSW\BOILERPLATTE E-COMMERCE\node_modules\next\dist\lib\metadata\generate\alternate.js:17:23)
    at T (C:\Users\marti\Desktop\DESARROLLOSW\BOILERPLATTE E-COMMERCE\.next\server\chunks\9065.js:22083:25)
    at Ma (C:\Users\marti\Desktop\DESARROLLOSW\BOILERPLATTE E-COMMERCE\.next\server\chunks\9065.js:22246:33)
    at Array.toJSON (C:\Users\marti\Desktop\DESARROLLOSW\BOILERPLATTE E-COMMERCE\.next\server\chunks\9065.js:22039:32)
    at stringify (<anonymous>)
    at V (C:\Users\marti\Desktop\DESARROLLOSW\BOILERPLATTE E-COMMERCE\.next\server\chunks\9065.js:22338:53)
    at ping (C:\Users\marti\Desktop\DESARROLLOSW\BOILERPLATTE E-COMMERCE\.next\server\chunks\9065.js:22138:43)

Error occurred prerendering page "/demo/shipping-badge". Read more: https://nextjs.org/docs/messages/prerender-error
TypeError: Cannot convert undefined or null to object
    at Function.entries (<anonymous>)
    at AlternatesMetadata (C:\Users\marti\Desktop\DESARROLLOSW\BOILERPLATTE E-COMMERCE\node_modules\next\dist\lib\metadata\generate\alternate.js:17:23)
    at T (C:\Users\marti\Desktop\DESARROLLOSW\BOILERPLATTE E-COMMERCE\.next\server\chunks\9065.js:22083:25)
    at Ma (C:\Users\marti\Desktop\DESARROLLOSW\BOILERPLATTE E-COMMERCE\.next\server\chunks\9065.js:22246:33)
    at Array.toJSON (C:\Users\marti\Desktop\DESARROLLOSW\BOILERPLATTE E-COMMERCE\.next\server\chunks\9065.js:22039:32)
    at stringify (<anonymous>)
    at V (C:\Users\marti\Desktop\DESARROLLOSW\BOILERPLATTE E-COMMERCE\.next\server\chunks\9065.js:22338:53)
    at ping (C:\Users\marti\Desktop\DESARROLLOSW\BOILERPLATTE E-COMMERCE\.next\server\chunks\9065.js:22138:43)
TypeError: Cannot convert undefined or null to object
    at Function.entries (<anonymous>)
    at AlternatesMetadata (C:\Users\marti\Desktop\DESARROLLOSW\BOILERPLATTE E-COMMERCE\node_modules\next\dist\lib\metadata\generate\alternate.js:17:23)
    at T (C:\Users\marti\Desktop\DESARROLLOSW\BOILERPLATTE E-COMMERCE\.next\server\chunks\9065.js:22083:25)
    at Ma (C:\Users\marti\Desktop\DESARROLLOSW\BOILERPLATTE E-COMMERCE\.next\server\chunks\9065.js:22246:33)
    at Array.toJSON (C:\Users\marti\Desktop\DESARROLLOSW\BOILERPLATTE E-COMMERCE\.next\server\chunks\9065.js:22039:32)
    at stringify (<anonymous>)
    at V (C:\Users\marti\Desktop\DESARROLLOSW\BOILERPLATTE E-COMMERCE\.next\server\chunks\9065.js:22338:53)
    at ping (C:\Users\marti\Desktop\DESARROLLOSW\BOILERPLATTE E-COMMERCE\.next\server\chunks\9065.js:22138:43)

Error occurred prerendering page "/demo/micro-interactions". Read more: https://nextjs.org/docs/messages/prerender-error
TypeError: Cannot convert undefined or null to object
    at Function.entries (<anonymous>)
    at AlternatesMetadata (C:\Users\marti\Desktop\DESARROLLOSW\BOILERPLATTE E-COMMERCE\node_modules\next\dist\lib\metadata\generate\alternate.js:17:23)
    at T (C:\Users\marti\Desktop\DESARROLLOSW\BOILERPLATTE E-COMMERCE\.next\server\chunks\9065.js:22083:25)
    at Ma (C:\Users\marti\Desktop\DESARROLLOSW\BOILERPLATTE E-COMMERCE\.next\server\chunks\9065.js:22246:33)
    at Array.toJSON (C:\Users\marti\Desktop\DESARROLLOSW\BOILERPLATTE E-COMMERCE\.next\server\chunks\9065.js:22039:32)
    at stringify (<anonymous>)
    at V (C:\Users\marti\Desktop\DESARROLLOSW\BOILERPLATTE E-COMMERCE\.next\server\chunks\9065.js:22338:53)
    at ping (C:\Users\marti\Desktop\DESARROLLOSW\BOILERPLATTE E-COMMERCE\.next\server\chunks\9065.js:22138:43)
TypeError: Cannot convert undefined or null to object
    at Function.entries (<anonymous>)
    at AlternatesMetadata (C:\Users\marti\Desktop\DESARROLLOSW\BOILERPLATTE E-COMMERCE\node_modules\next\dist\lib\metadata\generate\alternate.js:17:23)
    at T (C:\Users\marti\Desktop\DESARROLLOSW\BOILERPLATTE E-COMMERCE\.next\server\chunks\9065.js:22083:25)
    at Ma (C:\Users\marti\Desktop\DESARROLLOSW\BOILERPLATTE E-COMMERCE\.next\server\chunks\9065.js:22246:33)
    at Array.toJSON (C:\Users\marti\Desktop\DESARROLLOSW\BOILERPLATTE E-COMMERCE\.next\server\chunks\9065.js:22039:32)
    at stringify (<anonymous>)
    at V (C:\Users\marti\Desktop\DESARROLLOSW\BOILERPLATTE E-COMMERCE\.next\server\chunks\9065.js:22338:53)
    at ping (C:\Users\marti\Desktop\DESARROLLOSW\BOILERPLATTE E-COMMERCE\.next\server\chunks\9065.js:22138:43)

Error occurred prerendering page "/demo/brand-features". Read more: https://nextjs.org/docs/messages/prerender-error
TypeError: Cannot convert undefined or null to object
    at Function.entries (<anonymous>)
    at AlternatesMetadata (C:\Users\marti\Desktop\DESARROLLOSW\BOILERPLATTE E-COMMERCE\node_modules\next\dist\lib\metadata\generate\alternate.js:17:23)
    at T (C:\Users\marti\Desktop\DESARROLLOSW\BOILERPLATTE E-COMMERCE\.next\server\chunks\9065.js:22083:25)
    at Ma (C:\Users\marti\Desktop\DESARROLLOSW\BOILERPLATTE E-COMMERCE\.next\server\chunks\9065.js:22246:33)
    at Array.toJSON (C:\Users\marti\Desktop\DESARROLLOSW\BOILERPLATTE E-COMMERCE\.next\server\chunks\9065.js:22039:32)
    at stringify (<anonymous>)
    at V (C:\Users\marti\Desktop\DESARROLLOSW\BOILERPLATTE E-COMMERCE\.next\server\chunks\9065.js:22338:53)
    at ping (C:\Users\marti\Desktop\DESARROLLOSW\BOILERPLATTE E-COMMERCE\.next\server\chunks\9065.js:22138:43)
TypeError: Cannot convert undefined or null to object
    at Function.entries (<anonymous>)
    at AlternatesMetadata (C:\Users\marti\Desktop\DESARROLLOSW\BOILERPLATTE E-COMMERCE\node_modules\next\dist\lib\metadata\generate\alternate.js:17:23)
    at T (C:\Users\marti\Desktop\DESARROLLOSW\BOILERPLATTE E-COMMERCE\.next\server\chunks\9065.js:22083:25)
    at Ma (C:\Users\marti\Desktop\DESARROLLOSW\BOILERPLATTE E-COMMERCE\.next\server\chunks\9065.js:22246:33)
    at Array.toJSON (C:\Users\marti\Desktop\DESARROLLOSW\BOILERPLATTE E-COMMERCE\.next\server\chunks\9065.js:22039:32)
    at stringify (<anonymous>)
    at V (C:\Users\marti\Desktop\DESARROLLOSW\BOILERPLATTE E-COMMERCE\.next\server\chunks\9065.js:22338:53)
    at ping (C:\Users\marti\Desktop\DESARROLLOSW\BOILERPLATTE E-COMMERCE\.next\server\chunks\9065.js:22138:43)

Error occurred prerendering page "/demo/ecommerce-components". Read more: https://nextjs.org/docs/messages/prerender-error
TypeError: Cannot convert undefined or null to object
    at Function.entries (<anonymous>)
    at AlternatesMetadata (C:\Users\marti\Desktop\DESARROLLOSW\BOILERPLATTE E-COMMERCE\node_modules\next\dist\lib\metadata\generate\alternate.js:17:23)
    at T (C:\Users\marti\Desktop\DESARROLLOSW\BOILERPLATTE E-COMMERCE\.next\server\chunks\9065.js:22083:25)
    at Ma (C:\Users\marti\Desktop\DESARROLLOSW\BOILERPLATTE E-COMMERCE\.next\server\chunks\9065.js:22246:33)
    at Array.toJSON (C:\Users\marti\Desktop\DESARROLLOSW\BOILERPLATTE E-COMMERCE\.next\server\chunks\9065.js:22039:32)
    at stringify (<anonymous>)
    at V (C:\Users\marti\Desktop\DESARROLLOSW\BOILERPLATTE E-COMMERCE\.next\server\chunks\9065.js:22338:53)
    at ping (C:\Users\marti\Desktop\DESARROLLOSW\BOILERPLATTE E-COMMERCE\.next\server\chunks\9065.js:22138:43)
TypeError: Cannot convert undefined or null to object
    at Function.entries (<anonymous>)
    at AlternatesMetadata (C:\Users\marti\Desktop\DESARROLLOSW\BOILERPLATTE E-COMMERCE\node_modules\next\dist\lib\metadata\generate\alternate.js:17:23)
    at T (C:\Users\marti\Desktop\DESARROLLOSW\BOILERPLATTE E-COMMERCE\.next\server\chunks\9065.js:22083:25)
    at Ma (C:\Users\marti\Desktop\DESARROLLOSW\BOILERPLATTE E-COMMERCE\.next\server\chunks\9065.js:22246:33)
    at Array.toJSON (C:\Users\marti\Desktop\DESARROLLOSW\BOILERPLATTE E-COMMERCE\.next\server\chunks\9065.js:22039:32)
    at stringify (<anonymous>)
    at V (C:\Users\marti\Desktop\DESARROLLOSW\BOILERPLATTE E-COMMERCE\.next\server\chunks\9065.js:22338:53)
    at ping (C:\Users\marti\Desktop\DESARROLLOSW\BOILERPLATTE E-COMMERCE\.next\server\chunks\9065.js:22138:43)

Error occurred prerendering page "/demo/product-card". Read more: https://nextjs.org/docs/messages/prerender-error
TypeError: Cannot convert undefined or null to object
    at Function.entries (<anonymous>)
    at AlternatesMetadata (C:\Users\marti\Desktop\DESARROLLOSW\BOILERPLATTE E-COMMERCE\node_modules\next\dist\lib\metadata\generate\alternate.js:17:23)
    at T (C:\Users\marti\Desktop\DESARROLLOSW\BOILERPLATTE E-COMMERCE\.next\server\chunks\9065.js:22083:25)
    at Ma (C:\Users\marti\Desktop\DESARROLLOSW\BOILERPLATTE E-COMMERCE\.next\server\chunks\9065.js:22246:33)
    at Array.toJSON (C:\Users\marti\Desktop\DESARROLLOSW\BOILERPLATTE E-COMMERCE\.next\server\chunks\9065.js:22039:32)
    at stringify (<anonymous>)
    at V (C:\Users\marti\Desktop\DESARROLLOSW\BOILERPLATTE E-COMMERCE\.next\server\chunks\9065.js:22338:53)
    at ping (C:\Users\marti\Desktop\DESARROLLOSW\BOILERPLATTE E-COMMERCE\.next\server\chunks\9065.js:22138:43)
TypeError: Cannot convert undefined or null to object
    at Function.entries (<anonymous>)
    at AlternatesMetadata (C:\Users\marti\Desktop\DESARROLLOSW\BOILERPLATTE E-COMMERCE\node_modules\next\dist\lib\metadata\generate\alternate.js:17:23)
    at T (C:\Users\marti\Desktop\DESARROLLOSW\BOILERPLATTE E-COMMERCE\.next\server\chunks\9065.js:22083:25)
    at Ma (C:\Users\marti\Desktop\DESARROLLOSW\BOILERPLATTE E-COMMERCE\.next\server\chunks\9065.js:22246:33)
    at Array.toJSON (C:\Users\marti\Desktop\DESARROLLOSW\BOILERPLATTE E-COMMERCE\.next\server\chunks\9065.js:22039:32)
    at stringify (<anonymous>)
    at V (C:\Users\marti\Desktop\DESARROLLOSW\BOILERPLATTE E-COMMERCE\.next\server\chunks\9065.js:22338:53)
    at ping (C:\Users\marti\Desktop\DESARROLLOSW\BOILERPLATTE E-COMMERCE\.next\server\chunks\9065.js:22138:43)

Error occurred prerendering page "/demo/theme-system". Read more: https://nextjs.org/docs/messages/prerender-error
TypeError: Cannot convert undefined or null to object
    at Function.entries (<anonymous>)
    at AlternatesMetadata (C:\Users\marti\Desktop\DESARROLLOSW\BOILERPLATTE E-COMMERCE\node_modules\next\dist\lib\metadata\generate\alternate.js:17:23)
    at T (C:\Users\marti\Desktop\DESARROLLOSW\BOILERPLATTE E-COMMERCE\.next\server\chunks\9065.js:22083:25)
    at Ma (C:\Users\marti\Desktop\DESARROLLOSW\BOILERPLATTE E-COMMERCE\.next\server\chunks\9065.js:22246:33)
    at Array.toJSON (C:\Users\marti\Desktop\DESARROLLOSW\BOILERPLATTE E-COMMERCE\.next\server\chunks\9065.js:22039:32)
    at stringify (<anonymous>)
    at V (C:\Users\marti\Desktop\DESARROLLOSW\BOILERPLATTE E-COMMERCE\.next\server\chunks\9065.js:22338:53)
    at ping (C:\Users\marti\Desktop\DESARROLLOSW\BOILERPLATTE E-COMMERCE\.next\server\chunks\9065.js:22138:43)
TypeError: Cannot convert undefined or null to object
    at Function.entries (<anonymous>)
    at AlternatesMetadata (C:\Users\marti\Desktop\DESARROLLOSW\BOILERPLATTE E-COMMERCE\node_modules\next\dist\lib\metadata\generate\alternate.js:17:23)
    at T (C:\Users\marti\Desktop\DESARROLLOSW\BOILERPLATTE E-COMMERCE\.next\server\chunks\9065.js:22083:25)
    at Ma (C:\Users\marti\Desktop\DESARROLLOSW\BOILERPLATTE E-COMMERCE\.next\server\chunks\9065.js:22246:33)
    at Array.toJSON (C:\Users\marti\Desktop\DESARROLLOSW\BOILERPLATTE E-COMMERCE\.next\server\chunks\9065.js:22039:32)
    at stringify (<anonymous>)
    at V (C:\Users\marti\Desktop\DESARROLLOSW\BOILERPLATTE E-COMMERCE\.next\server\chunks\9065.js:22338:53)
    at ping (C:\Users\marti\Desktop\DESARROLLOSW\BOILERPLATTE E-COMMERCE\.next\server\chunks\9065.js:22138:43)

Error occurred prerendering page "/admin/test-reports". Read more: https://nextjs.org/docs/messages/prerender-error
TypeError: Cannot convert undefined or null to object
    at Function.entries (<anonymous>)
    at AlternatesMetadata (C:\Users\marti\Desktop\DESARROLLOSW\BOILERPLATTE E-COMMERCE\node_modules\next\dist\lib\metadata\generate\alternate.js:17:23)
    at T (C:\Users\marti\Desktop\DESARROLLOSW\BOILERPLATTE E-COMMERCE\.next\server\chunks\9065.js:22083:25)
    at Ma (C:\Users\marti\Desktop\DESARROLLOSW\BOILERPLATTE E-COMMERCE\.next\server\chunks\9065.js:22246:33)
    at Array.toJSON (C:\Users\marti\Desktop\DESARROLLOSW\BOILERPLATTE E-COMMERCE\.next\server\chunks\9065.js:22039:32)
    at stringify (<anonymous>)
    at V (C:\Users\marti\Desktop\DESARROLLOSW\BOILERPLATTE E-COMMERCE\.next\server\chunks\9065.js:22338:53)
    at ping (C:\Users\marti\Desktop\DESARROLLOSW\BOILERPLATTE E-COMMERCE\.next\server\chunks\9065.js:22138:43)
TypeError: Cannot convert undefined or null to object
    at Function.entries (<anonymous>)
    at AlternatesMetadata (C:\Users\marti\Desktop\DESARROLLOSW\BOILERPLATTE E-COMMERCE\node_modules\next\dist\lib\metadata\generate\alternate.js:17:23)
    at T (C:\Users\marti\Desktop\DESARROLLOSW\BOILERPLATTE E-COMMERCE\.next\server\chunks\9065.js:22083:25)
    at Ma (C:\Users\marti\Desktop\DESARROLLOSW\BOILERPLATTE E-COMMERCE\.next\server\chunks\9065.js:22246:33)
    at Array.toJSON (C:\Users\marti\Desktop\DESARROLLOSW\BOILERPLATTE E-COMMERCE\.next\server\chunks\9065.js:22039:32)
    at stringify (<anonymous>)
    at V (C:\Users\marti\Desktop\DESARROLLOSW\BOILERPLATTE E-COMMERCE\.next\server\chunks\9065.js:22338:53)
    at ping (C:\Users\marti\Desktop\DESARROLLOSW\BOILERPLATTE E-COMMERCE\.next\server\chunks\9065.js:22138:43)

Error occurred prerendering page "/driver/login". Read more: https://nextjs.org/docs/messages/prerender-error
TypeError: Cannot convert undefined or null to object
    at Function.entries (<anonymous>)
    at AlternatesMetadata (C:\Users\marti\Desktop\DESARROLLOSW\BOILERPLATTE E-COMMERCE\node_modules\next\dist\lib\metadata\generate\alternate.js:17:23)
    at T (C:\Users\marti\Desktop\DESARROLLOSW\BOILERPLATTE E-COMMERCE\.next\server\chunks\9065.js:22083:25)
    at Ma (C:\Users\marti\Desktop\DESARROLLOSW\BOILERPLATTE E-COMMERCE\.next\server\chunks\9065.js:22246:33)
    at Array.toJSON (C:\Users\marti\Desktop\DESARROLLOSW\BOILERPLATTE E-COMMERCE\.next\server\chunks\9065.js:22039:32)
    at stringify (<anonymous>)
    at V (C:\Users\marti\Desktop\DESARROLLOSW\BOILERPLATTE E-COMMERCE\.next\server\chunks\9065.js:22338:53)
    at ping (C:\Users\marti\Desktop\DESARROLLOSW\BOILERPLATTE E-COMMERCE\.next\server\chunks\9065.js:22138:43)
TypeError: Cannot convert undefined or null to object
    at Function.entries (<anonymous>)
    at AlternatesMetadata (C:\Users\marti\Desktop\DESARROLLOSW\BOILERPLATTE E-COMMERCE\node_modules\next\dist\lib\metadata\generate\alternate.js:17:23)
    at T (C:\Users\marti\Desktop\DESARROLLOSW\BOILERPLATTE E-COMMERCE\.next\server\chunks\9065.js:22083:25)
    at Ma (C:\Users\marti\Desktop\DESARROLLOSW\BOILERPLATTE E-COMMERCE\.next\server\chunks\9065.js:22246:33)
    at Array.toJSON (C:\Users\marti\Desktop\DESARROLLOSW\BOILERPLATTE E-COMMERCE\.next\server\chunks\9065.js:22039:32)
    at stringify (<anonymous>)
    at V (C:\Users\marti\Desktop\DESARROLLOSW\BOILERPLATTE E-COMMERCE\.next\server\chunks\9065.js:22338:53)
    at ping (C:\Users\marti\Desktop\DESARROLLOSW\BOILERPLATTE E-COMMERCE\.next\server\chunks\9065.js:22138:43)

Error occurred prerendering page "/checkout/pending". Read more: https://nextjs.org/docs/messages/prerender-error
TypeError: Cannot convert undefined or null to object
    at Function.entries (<anonymous>)
    at AlternatesMetadata (C:\Users\marti\Desktop\DESARROLLOSW\BOILERPLATTE E-COMMERCE\node_modules\next\dist\lib\metadata\generate\alternate.js:17:23)
    at T (C:\Users\marti\Desktop\DESARROLLOSW\BOILERPLATTE E-COMMERCE\.next\server\chunks\9065.js:22083:25)
    at Ma (C:\Users\marti\Desktop\DESARROLLOSW\BOILERPLATTE E-COMMERCE\.next\server\chunks\9065.js:22246:33)
    at Array.toJSON (C:\Users\marti\Desktop\DESARROLLOSW\BOILERPLATTE E-COMMERCE\.next\server\chunks\9065.js:22039:32)
    at stringify (<anonymous>)
    at V (C:\Users\marti\Desktop\DESARROLLOSW\BOILERPLATTE E-COMMERCE\.next\server\chunks\9065.js:22338:53)
    at ping (C:\Users\marti\Desktop\DESARROLLOSW\BOILERPLATTE E-COMMERCE\.next\server\chunks\9065.js:22138:43)
TypeError: Cannot convert undefined or null to object
    at Function.entries (<anonymous>)
    at AlternatesMetadata (C:\Users\marti\Desktop\DESARROLLOSW\BOILERPLATTE E-COMMERCE\node_modules\next\dist\lib\metadata\generate\alternate.js:17:23)
    at T (C:\Users\marti\Desktop\DESARROLLOSW\BOILERPLATTE E-COMMERCE\.next\server\chunks\9065.js:22083:25)
    at Ma (C:\Users\marti\Desktop\DESARROLLOSW\BOILERPLATTE E-COMMERCE\.next\server\chunks\9065.js:22246:33)
    at Array.toJSON (C:\Users\marti\Desktop\DESARROLLOSW\BOILERPLATTE E-COMMERCE\.next\server\chunks\9065.js:22039:32)
    at stringify (<anonymous>)
    at V (C:\Users\marti\Desktop\DESARROLLOSW\BOILERPLATTE E-COMMERCE\.next\server\chunks\9065.js:22338:53)
    at ping (C:\Users\marti\Desktop\DESARROLLOSW\BOILERPLATTE E-COMMERCE\.next\server\chunks\9065.js:22138:43)

Error occurred prerendering page "/demo". Read more: https://nextjs.org/docs/messages/prerender-error
TypeError: Cannot convert undefined or null to object
    at Function.entries (<anonymous>)
    at AlternatesMetadata (C:\Users\marti\Desktop\DESARROLLOSW\BOILERPLATTE E-COMMERCE\node_modules\next\dist\lib\metadata\generate\alternate.js:17:23)
    at T (C:\Users\marti\Desktop\DESARROLLOSW\BOILERPLATTE E-COMMERCE\.next\server\chunks\9065.js:22083:25)
    at Ma (C:\Users\marti\Desktop\DESARROLLOSW\BOILERPLATTE E-COMMERCE\.next\server\chunks\9065.js:22246:33)
    at Array.toJSON (C:\Users\marti\Desktop\DESARROLLOSW\BOILERPLATTE E-COMMERCE\.next\server\chunks\9065.js:22039:32)
    at stringify (<anonymous>)
    at V (C:\Users\marti\Desktop\DESARROLLOSW\BOILERPLATTE E-COMMERCE\.next\server\chunks\9065.js:22338:53)
    at ping (C:\Users\marti\Desktop\DESARROLLOSW\BOILERPLATTE E-COMMERCE\.next\server\chunks\9065.js:22138:43)
TypeError: Cannot convert undefined or null to object
    at Function.entries (<anonymous>)
    at AlternatesMetadata (C:\Users\marti\Desktop\DESARROLLOSW\BOILERPLATTE E-COMMERCE\node_modules\next\dist\lib\metadata\generate\alternate.js:17:23)
    at T (C:\Users\marti\Desktop\DESARROLLOSW\BOILERPLATTE E-COMMERCE\.next\server\chunks\9065.js:22083:25)
    at Ma (C:\Users\marti\Desktop\DESARROLLOSW\BOILERPLATTE E-COMMERCE\.next\server\chunks\9065.js:22246:33)
    at Array.toJSON (C:\Users\marti\Desktop\DESARROLLOSW\BOILERPLATTE E-COMMERCE\.next\server\chunks\9065.js:22039:32)
    at stringify (<anonymous>)
    at V (C:\Users\marti\Desktop\DESARROLLOSW\BOILERPLATTE E-COMMERCE\.next\server\chunks\9065.js:22338:53)
    at ping (C:\Users\marti\Desktop\DESARROLLOSW\BOILERPLATTE E-COMMERCE\.next\server\chunks\9065.js:22138:43)

Error occurred prerendering page "/driver/routes". Read more: https://nextjs.org/docs/messages/prerender-error
TypeError: Cannot convert undefined or null to object
    at Function.entries (<anonymous>)
    at AlternatesMetadata (C:\Users\marti\Desktop\DESARROLLOSW\BOILERPLATTE E-COMMERCE\node_modules\next\dist\lib\metadata\generate\alternate.js:17:23)
    at T (C:\Users\marti\Desktop\DESARROLLOSW\BOILERPLATTE E-COMMERCE\.next\server\chunks\9065.js:22083:25)
    at Ma (C:\Users\marti\Desktop\DESARROLLOSW\BOILERPLATTE E-COMMERCE\.next\server\chunks\9065.js:22246:33)
    at Array.toJSON (C:\Users\marti\Desktop\DESARROLLOSW\BOILERPLATTE E-COMMERCE\.next\server\chunks\9065.js:22039:32)
    at stringify (<anonymous>)
    at V (C:\Users\marti\Desktop\DESARROLLOSW\BOILERPLATTE E-COMMERCE\.next\server\chunks\9065.js:22338:53)
    at ping (C:\Users\marti\Desktop\DESARROLLOSW\BOILERPLATTE E-COMMERCE\.next\server\chunks\9065.js:22138:43)
TypeError: Cannot convert undefined or null to object
    at Function.entries (<anonymous>)
    at AlternatesMetadata (C:\Users\marti\Desktop\DESARROLLOSW\BOILERPLATTE E-COMMERCE\node_modules\next\dist\lib\metadata\generate\alternate.js:17:23)
    at T (C:\Users\marti\Desktop\DESARROLLOSW\BOILERPLATTE E-COMMERCE\.next\server\chunks\9065.js:22083:25)
    at Ma (C:\Users\marti\Desktop\DESARROLLOSW\BOILERPLATTE E-COMMERCE\.next\server\chunks\9065.js:22246:33)
    at Array.toJSON (C:\Users\marti\Desktop\DESARROLLOSW\BOILERPLATTE E-COMMERCE\.next\server\chunks\9065.js:22039:32)
    at stringify (<anonymous>)
    at V (C:\Users\marti\Desktop\DESARROLLOSW\BOILERPLATTE E-COMMERCE\.next\server\chunks\9065.js:22338:53)
    at ping (C:\Users\marti\Desktop\DESARROLLOSW\BOILERPLATTE E-COMMERCE\.next\server\chunks\9065.js:22138:43)

Error occurred prerendering page "/admin/optimization/bundle-dashboard". Read more: https://nextjs.org/docs/messages/prerender-error
TypeError: Cannot convert undefined or null to object
    at Function.entries (<anonymous>)
    at AlternatesMetadata (C:\Users\marti\Desktop\DESARROLLOSW\BOILERPLATTE E-COMMERCE\node_modules\next\dist\lib\metadata\generate\alternate.js:17:23)
    at T (C:\Users\marti\Desktop\DESARROLLOSW\BOILERPLATTE E-COMMERCE\.next\server\chunks\9065.js:22083:25)
    at Ma (C:\Users\marti\Desktop\DESARROLLOSW\BOILERPLATTE E-COMMERCE\.next\server\chunks\9065.js:22246:33)
    at Array.toJSON (C:\Users\marti\Desktop\DESARROLLOSW\BOILERPLATTE E-COMMERCE\.next\server\chunks\9065.js:22039:32)
    at stringify (<anonymous>)
    at V (C:\Users\marti\Desktop\DESARROLLOSW\BOILERPLATTE E-COMMERCE\.next\server\chunks\9065.js:22338:53)
    at ping (C:\Users\marti\Desktop\DESARROLLOSW\BOILERPLATTE E-COMMERCE\.next\server\chunks\9065.js:22138:43)
TypeError: Cannot convert undefined or null to object
    at Function.entries (<anonymous>)
    at AlternatesMetadata (C:\Users\marti\Desktop\DESARROLLOSW\BOILERPLATTE E-COMMERCE\node_modules\next\dist\lib\metadata\generate\alternate.js:17:23)
    at T (C:\Users\marti\Desktop\DESARROLLOSW\BOILERPLATTE E-COMMERCE\.next\server\chunks\9065.js:22083:25)
    at Ma (C:\Users\marti\Desktop\DESARROLLOSW\BOILERPLATTE E-COMMERCE\.next\server\chunks\9065.js:22246:33)
    at Array.toJSON (C:\Users\marti\Desktop\DESARROLLOSW\BOILERPLATTE E-COMMERCE\.next\server\chunks\9065.js:22039:32)
    at stringify (<anonymous>)
    at V (C:\Users\marti\Desktop\DESARROLLOSW\BOILERPLATTE E-COMMERCE\.next\server\chunks\9065.js:22338:53)
    at ping (C:\Users\marti\Desktop\DESARROLLOSW\BOILERPLATTE E-COMMERCE\.next\server\chunks\9065.js:22138:43)

Error occurred prerendering page "/driver/profile". Read more: https://nextjs.org/docs/messages/prerender-error
TypeError: Cannot convert undefined or null to object
    at Function.entries (<anonymous>)
    at AlternatesMetadata (C:\Users\marti\Desktop\DESARROLLOSW\BOILERPLATTE E-COMMERCE\node_modules\next\dist\lib\metadata\generate\alternate.js:17:23)
    at T (C:\Users\marti\Desktop\DESARROLLOSW\BOILERPLATTE E-COMMERCE\.next\server\chunks\9065.js:22083:25)
    at Ma (C:\Users\marti\Desktop\DESARROLLOSW\BOILERPLATTE E-COMMERCE\.next\server\chunks\9065.js:22246:33)
    at Array.toJSON (C:\Users\marti\Desktop\DESARROLLOSW\BOILERPLATTE E-COMMERCE\.next\server\chunks\9065.js:22039:32)
    at stringify (<anonymous>)
    at V (C:\Users\marti\Desktop\DESARROLLOSW\BOILERPLATTE E-COMMERCE\.next\server\chunks\9065.js:22338:53)
    at ping (C:\Users\marti\Desktop\DESARROLLOSW\BOILERPLATTE E-COMMERCE\.next\server\chunks\9065.js:22138:43)
TypeError: Cannot convert undefined or null to object
    at Function.entries (<anonymous>)
    at AlternatesMetadata (C:\Users\marti\Desktop\DESARROLLOSW\BOILERPLATTE E-COMMERCE\node_modules\next\dist\lib\metadata\generate\alternate.js:17:23)
    at T (C:\Users\marti\Desktop\DESARROLLOSW\BOILERPLATTE E-COMMERCE\.next\server\chunks\9065.js:22083:25)
    at Ma (C:\Users\marti\Desktop\DESARROLLOSW\BOILERPLATTE E-COMMERCE\.next\server\chunks\9065.js:22246:33)
    at Array.toJSON (C:\Users\marti\Desktop\DESARROLLOSW\BOILERPLATTE E-COMMERCE\.next\server\chunks\9065.js:22039:32)
    at stringify (<anonymous>)
    at V (C:\Users\marti\Desktop\DESARROLLOSW\BOILERPLATTE E-COMMERCE\.next\server\chunks\9065.js:22338:53)
    at ping (C:\Users\marti\Desktop\DESARROLLOSW\BOILERPLATTE E-COMMERCE\.next\server\chunks\9065.js:22138:43)

Error occurred prerendering page "/test-admin-protection". Read more: https://nextjs.org/docs/messages/prerender-error
TypeError: Cannot convert undefined or null to object
    at Function.entries (<anonymous>)
    at AlternatesMetadata (C:\Users\marti\Desktop\DESARROLLOSW\BOILERPLATTE E-COMMERCE\node_modules\next\dist\lib\metadata\generate\alternate.js:17:23)
    at T (C:\Users\marti\Desktop\DESARROLLOSW\BOILERPLATTE E-COMMERCE\.next\server\chunks\9065.js:22083:25)
    at Ma (C:\Users\marti\Desktop\DESARROLLOSW\BOILERPLATTE E-COMMERCE\.next\server\chunks\9065.js:22246:33)
    at Array.toJSON (C:\Users\marti\Desktop\DESARROLLOSW\BOILERPLATTE E-COMMERCE\.next\server\chunks\9065.js:22039:32)
    at stringify (<anonymous>)
    at V (C:\Users\marti\Desktop\DESARROLLOSW\BOILERPLATTE E-COMMERCE\.next\server\chunks\9065.js:22338:53)
    at ping (C:\Users\marti\Desktop\DESARROLLOSW\BOILERPLATTE E-COMMERCE\.next\server\chunks\9065.js:22138:43)
TypeError: Cannot convert undefined or null to object
    at Function.entries (<anonymous>)
    at AlternatesMetadata (C:\Users\marti\Desktop\DESARROLLOSW\BOILERPLATTE E-COMMERCE\node_modules\next\dist\lib\metadata\generate\alternate.js:17:23)
    at T (C:\Users\marti\Desktop\DESARROLLOSW\BOILERPLATTE E-COMMERCE\.next\server\chunks\9065.js:22083:25)
    at Ma (C:\Users\marti\Desktop\DESARROLLOSW\BOILERPLATTE E-COMMERCE\.next\server\chunks\9065.js:22246:33)
    at Array.toJSON (C:\Users\marti\Desktop\DESARROLLOSW\BOILERPLATTE E-COMMERCE\.next\server\chunks\9065.js:22039:32)
    at stringify (<anonymous>)
    at V (C:\Users\marti\Desktop\DESARROLLOSW\BOILERPLATTE E-COMMERCE\.next\server\chunks\9065.js:22338:53)
    at ping (C:\Users\marti\Desktop\DESARROLLOSW\BOILERPLATTE E-COMMERCE\.next\server\chunks\9065.js:22138:43)

Error occurred prerendering page "/help". Read more: https://nextjs.org/docs/messages/prerender-error
TypeError: Cannot convert undefined or null to object
    at Function.entries (<anonymous>)
    at AlternatesMetadata (C:\Users\marti\Desktop\DESARROLLOSW\BOILERPLATTE E-COMMERCE\node_modules\next\dist\lib\metadata\generate\alternate.js:17:23)
    at T (C:\Users\marti\Desktop\DESARROLLOSW\BOILERPLATTE E-COMMERCE\.next\server\chunks\9065.js:22083:25)
    at Ma (C:\Users\marti\Desktop\DESARROLLOSW\BOILERPLATTE E-COMMERCE\.next\server\chunks\9065.js:22246:33)
    at Array.toJSON (C:\Users\marti\Desktop\DESARROLLOSW\BOILERPLATTE E-COMMERCE\.next\server\chunks\9065.js:22039:32)
    at stringify (<anonymous>)
    at V (C:\Users\marti\Desktop\DESARROLLOSW\BOILERPLATTE E-COMMERCE\.next\server\chunks\9065.js:22338:53)
    at ping (C:\Users\marti\Desktop\DESARROLLOSW\BOILERPLATTE E-COMMERCE\.next\server\chunks\9065.js:22138:43)
TypeError: Cannot convert undefined or null to object
    at Function.entries (<anonymous>)
    at AlternatesMetadata (C:\Users\marti\Desktop\DESARROLLOSW\BOILERPLATTE E-COMMERCE\node_modules\next\dist\lib\metadata\generate\alternate.js:17:23)
    at T (C:\Users\marti\Desktop\DESARROLLOSW\BOILERPLATTE E-COMMERCE\.next\server\chunks\9065.js:22083:25)
    at Ma (C:\Users\marti\Desktop\DESARROLLOSW\BOILERPLATTE E-COMMERCE\.next\server\chunks\9065.js:22246:33)
    at Array.toJSON (C:\Users\marti\Desktop\DESARROLLOSW\BOILERPLATTE E-COMMERCE\.next\server\chunks\9065.js:22039:32)
    at stringify (<anonymous>)
    at V (C:\Users\marti\Desktop\DESARROLLOSW\BOILERPLATTE E-COMMERCE\.next\server\chunks\9065.js:22338:53)
    at ping (C:\Users\marti\Desktop\DESARROLLOSW\BOILERPLATTE E-COMMERCE\.next\server\chunks\9065.js:22138:43)

Error occurred prerendering page "/driver/deliveries". Read more: https://nextjs.org/docs/messages/prerender-error
TypeError: Cannot convert undefined or null to object
    at Function.entries (<anonymous>)
    at AlternatesMetadata (C:\Users\marti\Desktop\DESARROLLOSW\BOILERPLATTE E-COMMERCE\node_modules\next\dist\lib\metadata\generate\alternate.js:17:23)
    at T (C:\Users\marti\Desktop\DESARROLLOSW\BOILERPLATTE E-COMMERCE\.next\server\chunks\9065.js:22083:25)
    at Ma (C:\Users\marti\Desktop\DESARROLLOSW\BOILERPLATTE E-COMMERCE\.next\server\chunks\9065.js:22246:33)
    at Array.toJSON (C:\Users\marti\Desktop\DESARROLLOSW\BOILERPLATTE E-COMMERCE\.next\server\chunks\9065.js:22039:32)
    at stringify (<anonymous>)
    at V (C:\Users\marti\Desktop\DESARROLLOSW\BOILERPLATTE E-COMMERCE\.next\server\chunks\9065.js:22338:53)
    at ping (C:\Users\marti\Desktop\DESARROLLOSW\BOILERPLATTE E-COMMERCE\.next\server\chunks\9065.js:22138:43)
TypeError: Cannot convert undefined or null to object
    at Function.entries (<anonymous>)
    at AlternatesMetadata (C:\Users\marti\Desktop\DESARROLLOSW\BOILERPLATTE E-COMMERCE\node_modules\next\dist\lib\metadata\generate\alternate.js:17:23)
    at T (C:\Users\marti\Desktop\DESARROLLOSW\BOILERPLATTE E-COMMERCE\.next\server\chunks\9065.js:22083:25)
    at Ma (C:\Users\marti\Desktop\DESARROLLOSW\BOILERPLATTE E-COMMERCE\.next\server\chunks\9065.js:22246:33)
    at Array.toJSON (C:\Users\marti\Desktop\DESARROLLOSW\BOILERPLATTE E-COMMERCE\.next\server\chunks\9065.js:22039:32)
    at stringify (<anonymous>)
    at V (C:\Users\marti\Desktop\DESARROLLOSW\BOILERPLATTE E-COMMERCE\.next\server\chunks\9065.js:22338:53)
    at ping (C:\Users\marti\Desktop\DESARROLLOSW\BOILERPLATTE E-COMMERCE\.next\server\chunks\9065.js:22138:43)

Error occurred prerendering page "/test-reports". Read more: https://nextjs.org/docs/messages/prerender-error
TypeError: Cannot convert undefined or null to object
    at Function.entries (<anonymous>)
    at AlternatesMetadata (C:\Users\marti\Desktop\DESARROLLOSW\BOILERPLATTE E-COMMERCE\node_modules\next\dist\lib\metadata\generate\alternate.js:17:23)
    at T (C:\Users\marti\Desktop\DESARROLLOSW\BOILERPLATTE E-COMMERCE\.next\server\chunks\9065.js:22083:25)
    at Ma (C:\Users\marti\Desktop\DESARROLLOSW\BOILERPLATTE E-COMMERCE\.next\server\chunks\9065.js:22246:33)
    at Array.toJSON (C:\Users\marti\Desktop\DESARROLLOSW\BOILERPLATTE E-COMMERCE\.next\server\chunks\9065.js:22039:32)
    at stringify (<anonymous>)
    at V (C:\Users\marti\Desktop\DESARROLLOSW\BOILERPLATTE E-COMMERCE\.next\server\chunks\9065.js:22338:53)
    at ping (C:\Users\marti\Desktop\DESARROLLOSW\BOILERPLATTE E-COMMERCE\.next\server\chunks\9065.js:22138:43)
TypeError: Cannot convert undefined or null to object
    at Function.entries (<anonymous>)
    at AlternatesMetadata (C:\Users\marti\Desktop\DESARROLLOSW\BOILERPLATTE E-COMMERCE\node_modules\next\dist\lib\metadata\generate\alternate.js:17:23)
    at T (C:\Users\marti\Desktop\DESARROLLOSW\BOILERPLATTE E-COMMERCE\.next\server\chunks\9065.js:22083:25)
    at Ma (C:\Users\marti\Desktop\DESARROLLOSW\BOILERPLATTE E-COMMERCE\.next\server\chunks\9065.js:22246:33)
    at Array.toJSON (C:\Users\marti\Desktop\DESARROLLOSW\BOILERPLATTE E-COMMERCE\.next\server\chunks\9065.js:22039:32)
    at stringify (<anonymous>)
    at V (C:\Users\marti\Desktop\DESARROLLOSW\BOILERPLATTE E-COMMERCE\.next\server\chunks\9065.js:22338:53)
    at ping (C:\Users\marti\Desktop\DESARROLLOSW\BOILERPLATTE E-COMMERCE\.next\server\chunks\9065.js:22138:43)
TypeError: Cannot convert undefined or null to object
    at Function.entries (<anonymous>)
    at AlternatesMetadata (C:\Users\marti\Desktop\DESARROLLOSW\BOILERPLATTE E-COMMERCE\node_modules\next\dist\lib\metadata\generate\alternate.js:17:23)
    at T (C:\Users\marti\Desktop\DESARROLLOSW\BOILERPLATTE E-COMMERCE\.next\server\chunks\9065.js:22083:25)
    at Ma (C:\Users\marti\Desktop\DESARROLLOSW\BOILERPLATTE E-COMMERCE\.next\server\chunks\9065.js:22246:33)
    at Array.toJSON (C:\Users\marti\Desktop\DESARROLLOSW\BOILERPLATTE E-COMMERCE\.next\server\chunks\9065.js:22039:32)
    at stringify (<anonymous>)
    at V (C:\Users\marti\Desktop\DESARROLLOSW\BOILERPLATTE E-COMMERCE\.next\server\chunks\9065.js:22338:53)
    at ping (C:\Users\marti\Desktop\DESARROLLOSW\BOILERPLATTE E-COMMERCE\.next\server\chunks\9065.js:22138:43)
TypeError: Cannot convert undefined or null to object
    at Function.entries (<anonymous>)
    at AlternatesMetadata (C:\Users\marti\Desktop\DESARROLLOSW\BOILERPLATTE E-COMMERCE\node_modules\next\dist\lib\metadata\generate\alternate.js:17:23)
    at T (C:\Users\marti\Desktop\DESARROLLOSW\BOILERPLATTE E-COMMERCE\.next\server\chunks\9065.js:22083:25)
    at Ma (C:\Users\marti\Desktop\DESARROLLOSW\BOILERPLATTE E-COMMERCE\.next\server\chunks\9065.js:22246:33)
    at Array.toJSON (C:\Users\marti\Desktop\DESARROLLOSW\BOILERPLATTE E-COMMERCE\.next\server\chunks\9065.js:22039:32)
    at stringify (<anonymous>)
    at V (C:\Users\marti\Desktop\DESARROLLOSW\BOILERPLATTE E-COMMERCE\.next\server\chunks\9065.js:22338:53)
    at ping (C:\Users\marti\Desktop\DESARROLLOSW\BOILERPLATTE E-COMMERCE\.next\server\chunks\9065.js:22138:43)

Error occurred prerendering page "/driver/dashboard". Read more: https://nextjs.org/docs/messages/prerender-error
TypeError: Cannot convert undefined or null to object
    at Function.entries (<anonymous>)
    at AlternatesMetadata (C:\Users\marti\Desktop\DESARROLLOSW\BOILERPLATTE E-COMMERCE\node_modules\next\dist\lib\metadata\generate\alternate.js:17:23)
    at T (C:\Users\marti\Desktop\DESARROLLOSW\BOILERPLATTE E-COMMERCE\.next\server\chunks\9065.js:22083:25)
    at Ma (C:\Users\marti\Desktop\DESARROLLOSW\BOILERPLATTE E-COMMERCE\.next\server\chunks\9065.js:22246:33)
    at Array.toJSON (C:\Users\marti\Desktop\DESARROLLOSW\BOILERPLATTE E-COMMERCE\.next\server\chunks\9065.js:22039:32)
    at stringify (<anonymous>)
    at V (C:\Users\marti\Desktop\DESARROLLOSW\BOILERPLATTE E-COMMERCE\.next\server\chunks\9065.js:22338:53)
    at ping (C:\Users\marti\Desktop\DESARROLLOSW\BOILERPLATTE E-COMMERCE\.next\server\chunks\9065.js:22138:43)
TypeError: Cannot convert undefined or null to object
    at Function.entries (<anonymous>)
    at AlternatesMetadata (C:\Users\marti\Desktop\DESARROLLOSW\BOILERPLATTE E-COMMERCE\node_modules\next\dist\lib\metadata\generate\alternate.js:17:23)
    at T (C:\Users\marti\Desktop\DESARROLLOSW\BOILERPLATTE E-COMMERCE\.next\server\chunks\9065.js:22083:25)
    at Ma (C:\Users\marti\Desktop\DESARROLLOSW\BOILERPLATTE E-COMMERCE\.next\server\chunks\9065.js:22246:33)
    at Array.toJSON (C:\Users\marti\Desktop\DESARROLLOSW\BOILERPLATTE E-COMMERCE\.next\server\chunks\9065.js:22039:32)
    at stringify (<anonymous>)
    at V (C:\Users\marti\Desktop\DESARROLLOSW\BOILERPLATTE E-COMMERCE\.next\server\chunks\9065.js:22338:53)
    at ping (C:\Users\marti\Desktop\DESARROLLOSW\BOILERPLATTE E-COMMERCE\.next\server\chunks\9065.js:22138:43)

Error occurred prerendering page "/checkout". Read more: https://nextjs.org/docs/messages/prerender-error
TypeError: Cannot convert undefined or null to object
    at Function.entries (<anonymous>)
    at AlternatesMetadata (C:\Users\marti\Desktop\DESARROLLOSW\BOILERPLATTE E-COMMERCE\node_modules\next\dist\lib\metadata\generate\alternate.js:17:23)
    at T (C:\Users\marti\Desktop\DESARROLLOSW\BOILERPLATTE E-COMMERCE\.next\server\chunks\9065.js:22083:25)
    at Ma (C:\Users\marti\Desktop\DESARROLLOSW\BOILERPLATTE E-COMMERCE\.next\server\chunks\9065.js:22246:33)
    at Array.toJSON (C:\Users\marti\Desktop\DESARROLLOSW\BOILERPLATTE E-COMMERCE\.next\server\chunks\9065.js:22039:32)
    at stringify (<anonymous>)
    at V (C:\Users\marti\Desktop\DESARROLLOSW\BOILERPLATTE E-COMMERCE\.next\server\chunks\9065.js:22338:53)
    at ping (C:\Users\marti\Desktop\DESARROLLOSW\BOILERPLATTE E-COMMERCE\.next\server\chunks\9065.js:22138:43)

Error occurred prerendering page "/addresses". Read more: https://nextjs.org/docs/messages/prerender-error
TypeError: Cannot convert undefined or null to object
    at Function.entries (<anonymous>)
    at AlternatesMetadata (C:\Users\marti\Desktop\DESARROLLOSW\BOILERPLATTE E-COMMERCE\node_modules\next\dist\lib\metadata\generate\alternate.js:17:23)
    at T (C:\Users\marti\Desktop\DESARROLLOSW\BOILERPLATTE E-COMMERCE\.next\server\chunks\9065.js:22083:25)
    at Ma (C:\Users\marti\Desktop\DESARROLLOSW\BOILERPLATTE E-COMMERCE\.next\server\chunks\9065.js:22246:33)
    at Array.toJSON (C:\Users\marti\Desktop\DESARROLLOSW\BOILERPLATTE E-COMMERCE\.next\server\chunks\9065.js:22039:32)
    at stringify (<anonymous>)
    at V (C:\Users\marti\Desktop\DESARROLLOSW\BOILERPLATTE E-COMMERCE\.next\server\chunks\9065.js:22338:53)
    at ping (C:\Users\marti\Desktop\DESARROLLOSW\BOILERPLATTE E-COMMERCE\.next\server\chunks\9065.js:22138:43)

Error occurred prerendering page "/driver/route/[id]". Read more: https://nextjs.org/docs/messages/prerender-error
TypeError: Cannot convert undefined or null to object
    at Function.entries (<anonymous>)
    at AlternatesMetadata (C:\Users\marti\Desktop\DESARROLLOSW\BOILERPLATTE E-COMMERCE\node_modules\next\dist\lib\metadata\generate\alternate.js:17:23)
    at T (C:\Users\marti\Desktop\DESARROLLOSW\BOILERPLATTE E-COMMERCE\.next\server\chunks\9065.js:22083:25)
    at Ma (C:\Users\marti\Desktop\DESARROLLOSW\BOILERPLATTE E-COMMERCE\.next\server\chunks\9065.js:22246:33)
    at Array.toJSON (C:\Users\marti\Desktop\DESARROLLOSW\BOILERPLATTE E-COMMERCE\.next\server\chunks\9065.js:22039:32)
    at stringify (<anonymous>)
    at V (C:\Users\marti\Desktop\DESARROLLOSW\BOILERPLATTE E-COMMERCE\.next\server\chunks\9065.js:22338:53)
    at ping (C:\Users\marti\Desktop\DESARROLLOSW\BOILERPLATTE E-COMMERCE\.next\server\chunks\9065.js:22138:43)
TypeError: Cannot convert undefined or null to object
    at Function.entries (<anonymous>)
    at AlternatesMetadata (C:\Users\marti\Desktop\DESARROLLOSW\BOILERPLATTE E-COMMERCE\node_modules\next\dist\lib\metadata\generate\alternate.js:17:23)
    at T (C:\Users\marti\Desktop\DESARROLLOSW\BOILERPLATTE E-COMMERCE\.next\server\chunks\9065.js:22083:25)
    at Ma (C:\Users\marti\Desktop\DESARROLLOSW\BOILERPLATTE E-COMMERCE\.next\server\chunks\9065.js:22246:33)
    at Array.toJSON (C:\Users\marti\Desktop\DESARROLLOSW\BOILERPLATTE E-COMMERCE\.next\server\chunks\9065.js:22039:32)
    at stringify (<anonymous>)
    at V (C:\Users\marti\Desktop\DESARROLLOSW\BOILERPLATTE E-COMMERCE\.next\server\chunks\9065.js:22338:53)
    at ping (C:\Users\marti\Desktop\DESARROLLOSW\BOILERPLATTE E-COMMERCE\.next\server\chunks\9065.js:22138:43)

Error occurred prerendering page "/search". Read more: https://nextjs.org/docs/messages/prerender-error
TypeError: Cannot convert undefined or null to object
    at Function.entries (<anonymous>)
    at AlternatesMetadata (C:\Users\marti\Desktop\DESARROLLOSW\BOILERPLATTE E-COMMERCE\node_modules\next\dist\lib\metadata\generate\alternate.js:17:23)
    at T (C:\Users\marti\Desktop\DESARROLLOSW\BOILERPLATTE E-COMMERCE\.next\server\chunks\9065.js:22083:25)
    at Ma (C:\Users\marti\Desktop\DESARROLLOSW\BOILERPLATTE E-COMMERCE\.next\server\chunks\9065.js:22246:33)
    at Array.toJSON (C:\Users\marti\Desktop\DESARROLLOSW\BOILERPLATTE E-COMMERCE\.next\server\chunks\9065.js:22039:32)
    at stringify (<anonymous>)
    at V (C:\Users\marti\Desktop\DESARROLLOSW\BOILERPLATTE E-COMMERCE\.next\server\chunks\9065.js:22338:53)
    at ping (C:\Users\marti\Desktop\DESARROLLOSW\BOILERPLATTE E-COMMERCE\.next\server\chunks\9065.js:22138:43)
info  - Generating static pages (107/107)

> Build error occurred
Error: Export encountered errors on following paths:
	/(site)/(pages)/addresses/page: /addresses
	/(site)/(pages)/cart/page: /cart
	/(site)/(pages)/checkout-simple/page: /checkout-simple
	/(site)/(pages)/checkout/failure/page: /checkout/failure
	/(site)/(pages)/checkout/page: /checkout
	/(site)/(pages)/checkout/pending/page: /checkout/pending
	/(site)/(pages)/checkout/success/page: /checkout/success
	/(site)/(pages)/contact/page: /contact
	/(site)/(pages)/dashboard/activity/page: /dashboard/activity
	/(site)/(pages)/dashboard/page: /dashboard
	/(site)/(pages)/dashboard/preferences/page: /dashboard/preferences
	/(site)/(pages)/dashboard/profile/page: /dashboard/profile
	/(site)/(pages)/dashboard/security/page: /dashboard/security
	/(site)/(pages)/dashboard/sessions/page: /dashboard/sessions
	/(site)/(pages)/error/page: /error
	/(site)/(pages)/mail-success/page: /mail-success
	/(site)/(pages)/mock/mercadopago/checkout/page: /mock/mercadopago/checkout
	/(site)/(pages)/orders/page: /orders
	/(site)/(pages)/profile/page: /profile
	/(site)/(pages)/shop-details/[id]/page: /shop-details/[id]
	/(site)/(pages)/shop-details/page: /shop-details
	/(site)/(pages)/shop-test/page: /shop-test
	/(site)/(pages)/shop-with-sidebar/page: /shop-with-sidebar
	/(site)/(pages)/shop-without-sidebar/page: /shop-without-sidebar
	/(site)/(pages)/shop/page: /shop
	/(site)/(pages)/test-address/page: /test-address
	/(site)/(pages)/wishlist/page: /wishlist
	/(site)/blogs/blog-details-with-sidebar/page: /blogs/blog-details-with-sidebar
	/(site)/blogs/blog-details/page: /blogs/blog-details
	/(site)/blogs/blog-grid-with-sidebar/page: /blogs/blog-grid-with-sidebar
	/(site)/blogs/blog-grid/page: /blogs/blog-grid
	/(site)/calculator/page: /calculator
	/(site)/demo/header/page: /demo/header
	/(site)/menu/page: /menu
	/(site)/page: /
	/_disabled/admin-bypass/page: /_disabled/admin-bypass
	/_disabled/debug-auth/page: /_disabled/debug-auth
	/_disabled/debug-clerk/page: /_disabled/debug-clerk
	/_disabled/debug-products/page: /_disabled/debug-products
	/_disabled/debug-redirect/page: /_disabled/debug-redirect
	/_disabled/refresh-session/page: /_disabled/refresh-session
	/_disabled/test-admin-access/page: /_disabled/test-admin-access
	/_disabled/test-admin-simple/page: /_disabled/test-admin-simple
	/_disabled/test-admin/page: /_disabled/test-admin
	/_disabled/test-auth-status/page: /_disabled/test-auth-status
	/_disabled/test-dashboard/page: /_disabled/test-dashboard
	/about/page: /about
	/access-denied/page: /access-denied
	/admin-simple/page: /admin-simple
	/admin/analytics/page: /admin/analytics
	/admin/cache-dashboard/page: /admin/cache-dashboard
	/admin/customers/page: /admin/customers
	/admin/diagnostics/page: /admin/diagnostics
	/admin/email-test/page: /admin/email-test
	/admin/error-monitoring/page: /admin/error-monitoring
	/admin/logistics/page: /admin/logistics
	/admin/monitoring/enterprise-dashboard/page: /admin/monitoring/enterprise-dashboard
	/admin/monitoring/enterprise/page: /admin/monitoring/enterprise
	/admin/monitoring/page: /admin/monitoring
	/admin/optimization/bundle-dashboard/page: /admin/optimization/bundle-dashboard
	/admin/orders-panel/page: /admin/orders-panel
	/admin/orders-simple/page: /admin/orders-simple
	/admin/orders/page: /admin/orders
	/admin/page: /admin
	/admin/performance/page: /admin/performance
	/admin/products/[id]/edit/page: /admin/products/[id]/edit
	/admin/products/[id]/page: /admin/products/[id]
	/admin/products/new/page: /admin/products/new
	/admin/products/page: /admin/products
	/admin/purchase-flow-test/page: /admin/purchase-flow-test
	/admin/seo-dashboard/page: /admin/seo-dashboard
	/admin/seo/analytics/page: /admin/seo/analytics
	/admin/seo/optimization/page: /admin/seo/optimization
	/admin/seo/page: /admin/seo
	/admin/seo/sitemap/page: /admin/seo/sitemap
	/admin/seo/testing/page: /admin/seo/testing
	/admin/settings/page: /admin/settings
	/admin/setup/page: /admin/setup
	/admin/test-flows/page: /admin/test-flows
	/admin/test-order-diagnostics/page: /admin/test-order-diagnostics
	/admin/test-reports/page: /admin/test-reports
	/admin/testing/page: /admin/testing
	/auth/error/page: /auth/error
	/auth/signin/page: /auth/signin
	/clerk-status/page: /clerk-status
	/demo/analytics/page: /demo/analytics
	/demo/brand-features/page: /demo/brand-features
	/demo/commercial-product-card/page: /demo/commercial-product-card
	/demo/ecommerce-components/page: /demo/ecommerce-components
	/demo/enhanced-product-card/page: /demo/enhanced-product-card
	/demo/micro-interactions/page: /demo/micro-interactions
	/demo/page: /demo
	/demo/product-card/page: /demo/product-card
	/demo/shipping-badge/page: /demo/shipping-badge
	/demo/theme-system/page: /demo/theme-system
	/driver/dashboard/page: /driver/dashboard
	/driver/deliveries/page: /driver/deliveries
	/driver/login/page: /driver/login
	/driver/profile/page: /driver/profile
	/driver/route/[id]/page: /driver/route/[id]
	/driver/routes/page: /driver/routes
	/help/page: /help
	/search/page: /search
	/test-admin-protection/page: /test-admin-protection
	/test-reports/page: /test-reports
    at C:\Users\marti\Desktop\DESARROLLOSW\BOILERPLATTE E-COMMERCE\node_modules\next\dist\export\index.js:415:19
    at process.processTicksAndRejections (node:internal/process/task_queues:95:5)
    at async Span.traceAsyncFn (C:\Users\marti\Desktop\DESARROLLOSW\BOILERPLATTE E-COMMERCE\node_modules\next\dist\trace\trace.js:79:20)
    at async C:\Users\marti\Desktop\DESARROLLOSW\BOILERPLATTE E-COMMERCE\node_modules\next\dist\build\index.js:1400:21
    at async Span.traceAsyncFn (C:\Users\marti\Desktop\DESARROLLOSW\BOILERPLATTE E-COMMERCE\node_modules\next\dist\trace\trace.js:79:20)
    at async C:\Users\marti\Desktop\DESARROLLOSW\BOILERPLATTE E-COMMERCE\node_modules\next\dist\build\index.js:1259:17
    at async Span.traceAsyncFn (C:\Users\marti\Desktop\DESARROLLOSW\BOILERPLATTE E-COMMERCE\node_modules\next\dist\trace\trace.js:79:20)
    at async Object.build [as default] (C:\Users\marti\Desktop\DESARROLLOSW\BOILERPLATTE E-COMMERCE\node_modules\next\dist\build\index.js:66:29)
